22:12:17  INFO   ================================================================
22:12:17  INFO   Learnability-driven morphology evolution
22:12:17  INFO     population=24  generations=5  metric=auc  eval_seeds=3
22:12:17  INFO     inner: algo=ppo  lifetime_steps=500000  eval_every=5000  horizon=2500
22:12:17  INFO     workers=8  seed=0  out=experiments/run15
22:12:17  INFO   ================================================================
22:12:17  INFO   gen 0: evaluating 24/24 individuals (8 workers)
22:31:17  DEBUG    id=0    fitness=    0.068 limbs= 2 depth=2 metrics={'auc': 0.5682509708089694, 'final': -9.514980001522124, 'steps_to_threshold': 5000.0, 'reached_threshold': 1.0, 'num_actuators': 1, 'complexity_penalty': 0.5}
22:31:17  DEBUG    id=1    fitness=   -1.133 limbs=10 depth=4 metrics={'auc': 3.3668080866215866, 'final': -7.442036752984429, 'steps_to_threshold': 8333.333333333334, 'reached_threshold': 1.0, 'num_actuators': 9, 'complexity_penalty': 4.5}
22:31:17  DEBUG    id=2    fitness=   -0.936 limbs= 3 depth=3 metrics={'auc': 0.06419684142469412, 'final': -10.69183961293323, 'steps_to_threshold': 70000.0, 'reached_threshold': 1.0, 'num_actuators': 2, 'complexity_penalty': 1.0}
22:31:17  DEBUG    id=3    fitness=   -3.437 limbs= 9 depth=5 metrics={'auc': 0.5626831430788733, 'final': -9.643929494540577, 'steps_to_threshold': 16666.666666666668, 'reached_threshold': 1.0, 'num_actuators': 8, 'complexity_penalty': 4.0}
22:31:17  DEBUG    id=4    fitness=   -1.328 limbs= 4 depth=3 metrics={'auc': 0.17249301942051876, 'final': -9.977003250058546, 'steps_to_threshold': 16666.666666666668, 'reached_threshold': 1.0, 'num_actuators': 3, 'complexity_penalty': 1.5}
22:31:17  DEBUG    id=5    fitness=   -1.587 limbs= 5 depth=4 metrics={'auc': 0.41296016272026453, 'final': -24.601680823829614, 'steps_to_threshold': 73333.33333333333, 'reached_threshold': 1.0, 'num_actuators': 4, 'complexity_penalty': 2.0}
22:31:17  DEBUG    id=6    fitness=    1.292 limbs=10 depth=4 metrics={'auc': 5.792080274366897, 'final': -4.363841682358422, 'steps_to_threshold': 8333.333333333334, 'reached_threshold': 1.0, 'num_actuators': 9, 'complexity_penalty': 4.5}
22:31:17  DEBUG    id=7    fitness=   -2.811 limbs= 9 depth=4 metrics={'auc': 1.189290349499266, 'final': -8.972109125740513, 'steps_to_threshold': 10000.0, 'reached_threshold': 1.0, 'num_actuators': 8, 'complexity_penalty': 4.0}
22:31:17  DEBUG    id=8    fitness=   -0.952 limbs=11 depth=5 metrics={'auc': 4.048361573477785, 'final': -5.6337246413288495, 'steps_to_threshold': 10000.0, 'reached_threshold': 1.0, 'num_actuators': 10, 'complexity_penalty': 5.0}
22:31:17  DEBUG    id=9    fitness=   -2.843 limbs=10 depth=5 metrics={'auc': 1.6570315802376037, 'final': -9.105493724604973, 'steps_to_threshold': 13333.333333333334, 'reached_threshold': 1.0, 'num_actuators': 9, 'complexity_penalty': 4.5}
22:31:17  DEBUG    id=10   fitness=    0.138 limbs= 6 depth=4 metrics={'auc': 2.6380666631363847, 'final': -2.8294219297260867, 'steps_to_threshold': 8333.333333333334, 'reached_threshold': 1.0, 'num_actuators': 5, 'complexity_penalty': 2.5}
22:31:17  DEBUG    id=11   fitness=   -3.119 limbs= 9 depth=4 metrics={'auc': 0.8807260832507384, 'final': -9.444327220457083, 'steps_to_threshold': 13333.333333333334, 'reached_threshold': 1.0, 'num_actuators': 8, 'complexity_penalty': 4.0}
22:31:17  DEBUG    id=12   fitness=   -2.449 limbs= 6 depth=4 metrics={'auc': 0.05099311095479619, 'final': -10.328997598576757, 'steps_to_threshold': 10000.0, 'reached_threshold': 1.0, 'num_actuators': 5, 'complexity_penalty': 2.5}
22:31:17  DEBUG    id=13   fitness=   -3.833 limbs=12 depth=5 metrics={'auc': 1.6670340987194392, 'final': -9.1047362884164, 'steps_to_threshold': 13333.333333333334, 'reached_threshold': 1.0, 'num_actuators': 11, 'complexity_penalty': 5.5}
22:31:17  DEBUG    id=14   fitness=   -2.138 limbs= 9 depth=4 metrics={'auc': 1.8615718770645344, 'final': -8.232732694301644, 'steps_to_threshold': 11666.666666666666, 'reached_threshold': 1.0, 'num_actuators': 8, 'complexity_penalty': 4.0}
22:31:17  DEBUG    id=15   fitness=   -1.793 limbs= 5 depth=4 metrics={'auc': 0.20692264679555808, 'final': -10.571031334885804, 'steps_to_threshold': 18333.333333333332, 'reached_threshold': 1.0, 'num_actuators': 4, 'complexity_penalty': 2.0}
22:31:17  DEBUG    id=16   fitness=   -2.937 limbs=10 depth=5 metrics={'auc': 1.563449753469636, 'final': -9.113001966793556, 'steps_to_threshold': 5000.0, 'reached_threshold': 1.0, 'num_actuators': 9, 'complexity_penalty': 4.5}
22:31:17  DEBUG    id=17   fitness=   -0.500 limbs= 2 depth=2 metrics={'auc': 0.00036392895494399125, 'final': -10.395430396641968, 'steps_to_threshold': 28333.333333333332, 'reached_threshold': 1.0, 'num_actuators': 1, 'complexity_penalty': 0.5}
22:31:17  DEBUG    id=18   fitness=   -1.543 limbs= 5 depth=3 metrics={'auc': 0.4571140915365776, 'final': -10.484636720359473, 'steps_to_threshold': 23333.333333333332, 'reached_threshold': 1.0, 'num_actuators': 4, 'complexity_penalty': 2.0}
22:31:17  DEBUG    id=19   fitness=   -1.695 limbs= 8 depth=4 metrics={'auc': 1.8047343315117732, 'final': -14.203923855386806, 'steps_to_threshold': 21666.666666666668, 'reached_threshold': 1.0, 'num_actuators': 7, 'complexity_penalty': 3.5}
22:31:17  DEBUG    id=20   fitness=   -0.521 limbs= 5 depth=3 metrics={'auc': 1.4786811368777515, 'final': -8.611333459709234, 'steps_to_threshold': 5000.0, 'reached_threshold': 1.0, 'num_actuators': 4, 'complexity_penalty': 2.0}
22:31:17  DEBUG    id=21   fitness=    0.352 limbs= 6 depth=4 metrics={'auc': 2.852133714102415, 'final': -9.407080772403559, 'steps_to_threshold': 8333.333333333334, 'reached_threshold': 1.0, 'num_actuators': 5, 'complexity_penalty': 2.5}
22:31:17  DEBUG    id=22   fitness=   -2.944 limbs= 9 depth=4 metrics={'auc': 1.056220964033843, 'final': -9.589565417327814, 'steps_to_threshold': 13333.333333333334, 'reached_threshold': 1.0, 'num_actuators': 8, 'complexity_penalty': 4.0}
22:31:17  DEBUG    id=23   fitness=   -4.393 limbs=12 depth=5 metrics={'auc': 1.1066799372006473, 'final': -9.28886266253357, 'steps_to_threshold': 11666.666666666666, 'reached_threshold': 1.0, 'num_actuators': 11, 'complexity_penalty': 5.5}
22:31:17  INFO   gen 0 done | best 1.292 (id=6, 10 limbs) | mean -1.710 | worst -4.393 | invalid 0 | 1140.7s
22:31:17  INFO     ~19.0 min/gen, est. 76.0 min remaining
22:31:17  INFO   gen 1: evaluating 22/24 individuals (8 workers)
22:50:55  DEBUG    id=24   fitness=   -1.122 limbs=10 depth=4 metrics={'auc': 3.3784591231088164, 'final': -7.443878910531744, 'steps_to_threshold': 5000.0, 'reached_threshold': 1.0, 'num_actuators': 9, 'complexity_penalty': 4.5}
22:50:55  DEBUG    id=25   fitness=    0.110 limbs= 2 depth=2 metrics={'auc': 0.6102975418863775, 'final': -9.469560395177718, 'steps_to_threshold': 5000.0, 'reached_threshold': 1.0, 'num_actuators': 1, 'complexity_penalty': 0.5}
22:50:55  DEBUG    id=26   fitness=   -0.663 limbs=10 depth=4 metrics={'auc': 3.836738182593823, 'final': -7.184472335860209, 'steps_to_threshold': 10000.0, 'reached_threshold': 1.0, 'num_actuators': 9, 'complexity_penalty': 4.5}
22:50:55  DEBUG    id=27   fitness=    0.533 limbs= 6 depth=4 metrics={'auc': 3.0334040340574013, 'final': -3.0723824888895344, 'steps_to_threshold': 5000.0, 'reached_threshold': 1.0, 'num_actuators': 5, 'complexity_penalty': 2.5}
22:50:55  DEBUG    id=28   fitness=   -0.927 limbs= 6 depth=4 metrics={'auc': 1.5732059860040017, 'final': -6.505325841166083, 'steps_to_threshold': 10000.0, 'reached_threshold': 1.0, 'num_actuators': 5, 'complexity_penalty': 2.5}
22:50:55  DEBUG    id=29   fitness=   -1.107 limbs= 5 depth=4 metrics={'auc': 0.8930125988599952, 'final': -9.005489230355467, 'steps_to_threshold': 5000.0, 'reached_threshold': 1.0, 'num_actuators': 4, 'complexity_penalty': 2.0}
22:50:55  DEBUG    id=30   fitness=    1.264 limbs=10 depth=4 metrics={'auc': 5.763660069945334, 'final': -4.619706685397875, 'steps_to_threshold': 10000.0, 'reached_threshold': 1.0, 'num_actuators': 9, 'complexity_penalty': 4.5}
22:50:55  DEBUG    id=31   fitness=    1.315 limbs=10 depth=4 metrics={'auc': 5.815066397295112, 'final': -4.381450693969891, 'steps_to_threshold': 8333.333333333334, 'reached_threshold': 1.0, 'num_actuators': 9, 'complexity_penalty': 4.5}
22:50:55  DEBUG    id=32   fitness=   -2.863 limbs=10 depth=5 metrics={'auc': 1.6367731465883528, 'final': -9.128801970327595, 'steps_to_threshold': 15000.0, 'reached_threshold': 1.0, 'num_actuators': 9, 'complexity_penalty': 4.5}
22:50:55  DEBUG    id=33   fitness=    0.227 limbs= 6 depth=4 metrics={'auc': 2.7269951082755397, 'final': -9.565774339459868, 'steps_to_threshold': 10000.0, 'reached_threshold': 1.0, 'num_actuators': 5, 'complexity_penalty': 2.5}
22:50:55  DEBUG    id=34   fitness=   -0.500 limbs= 2 depth=2 metrics={'auc': 1.8157262105121426e-05, 'final': -10.39533296641388, 'steps_to_threshold': 43333.333333333336, 'reached_threshold': 1.0, 'num_actuators': 1, 'complexity_penalty': 0.5}
22:50:55  DEBUG    id=35   fitness=     -inf limbs= 1 depth=1 metrics={'invalid': 'no_actuators'}
22:50:55  DEBUG    id=36   fitness=   -1.304 limbs=10 depth=4 metrics={'auc': 3.196259380357837, 'final': -7.509347811392015, 'steps_to_threshold': 6666.666666666667, 'reached_threshold': 1.0, 'num_actuators': 9, 'complexity_penalty': 4.5}
22:50:55  DEBUG    id=37   fitness=    0.183 limbs=10 depth=4 metrics={'auc': 4.682942153675839, 'final': -5.702988660842199, 'steps_to_threshold': 5000.0, 'reached_threshold': 1.0, 'num_actuators': 9, 'complexity_penalty': 4.5}
22:50:55  DEBUG    id=38   fitness=     -inf limbs= 1 depth=1 metrics={'invalid': 'no_actuators'}
22:50:55  DEBUG    id=39   fitness=   -3.192 limbs=10 depth=4 metrics={'auc': 1.3079333142294824, 'final': -8.844904852338992, 'steps_to_threshold': 5000.0, 'reached_threshold': 1.0, 'num_actuators': 9, 'complexity_penalty': 4.5}
22:50:55  DEBUG    id=40   fitness=   -2.134 limbs= 9 depth=4 metrics={'auc': 1.8656782566060628, 'final': -8.240839872034293, 'steps_to_threshold': 8333.333333333334, 'reached_threshold': 1.0, 'num_actuators': 8, 'complexity_penalty': 4.0}
22:50:55  DEBUG    id=41   fitness=   -1.321 limbs= 4 depth=3 metrics={'auc': 0.178717466187195, 'final': -9.976327195215633, 'steps_to_threshold': 11666.666666666666, 'reached_threshold': 1.0, 'num_actuators': 3, 'complexity_penalty': 1.5}
22:50:55  DEBUG    id=42   fitness=   -1.566 limbs= 9 depth=4 metrics={'auc': 2.4338414826643793, 'final': -7.6730880965769686, 'steps_to_threshold': 5000.0, 'reached_threshold': 1.0, 'num_actuators': 8, 'complexity_penalty': 4.0}
22:50:55  DEBUG    id=43   fitness=   -0.785 limbs=11 depth=5 metrics={'auc': 4.215393734441343, 'final': -5.380024227038132, 'steps_to_threshold': 13333.333333333334, 'reached_threshold': 1.0, 'num_actuators': 10, 'complexity_penalty': 5.0}
22:50:55  DEBUG    id=44   fitness=   -0.846 limbs= 5 depth=3 metrics={'auc': 1.154342731785708, 'final': -8.939426436184768, 'steps_to_threshold': 5000.0, 'reached_threshold': 1.0, 'num_actuators': 4, 'complexity_penalty': 2.0}
22:50:55  DEBUG    id=45   fitness=   -0.979 limbs= 3 depth=2 metrics={'auc': 0.020508094167261234, 'final': -10.174259522450546, 'steps_to_threshold': 10000.0, 'reached_threshold': 1.0, 'num_actuators': 2, 'complexity_penalty': 1.0}
22:50:55  INFO   gen 1 done | best 1.315 (id=31, 10 limbs) | mean -0.703 | worst -3.192 | invalid 2 | 1177.2s
22:50:55  INFO     ~19.3 min/gen, est. 57.9 min remaining
22:50:55  INFO   gen 2: evaluating 22/24 individuals (8 workers)
23:12:14  DEBUG    id=46   fitness=    0.259 limbs= 6 depth=4 metrics={'auc': 2.7593595964933186, 'final': -9.649719841471573, 'steps_to_threshold': 8333.333333333334, 'reached_threshold': 1.0, 'num_actuators': 5, 'complexity_penalty': 2.5}
23:12:14  DEBUG    id=47   fitness=    0.145 limbs= 2 depth=2 metrics={'auc': 0.6445252154830673, 'final': -9.446501258672832, 'steps_to_threshold': 5000.0, 'reached_threshold': 1.0, 'num_actuators': 1, 'complexity_penalty': 0.5}
23:12:14  DEBUG    id=48   fitness=   -0.260 limbs= 5 depth=3 metrics={'auc': 1.7401054814155792, 'final': -8.368398482666372, 'steps_to_threshold': 5000.0, 'reached_threshold': 1.0, 'num_actuators': 4, 'complexity_penalty': 2.0}
23:12:14  DEBUG    id=49   fitness=    1.565 limbs= 6 depth=4 metrics={'auc': 4.06456307462967, 'final': -8.31159648335672, 'steps_to_threshold': 10000.0, 'reached_threshold': 1.0, 'num_actuators': 5, 'complexity_penalty': 2.5}
23:12:14  DEBUG    id=50   fitness=   -0.475 limbs= 6 depth=4 metrics={'auc': 2.025428722298424, 'final': -4.485896077217591, 'steps_to_threshold': 10000.0, 'reached_threshold': 1.0, 'num_actuators': 5, 'complexity_penalty': 2.5}
23:12:14  DEBUG    id=51   fitness=    1.277 limbs=10 depth=4 metrics={'auc': 5.776699374010422, 'final': -4.660568551084197, 'steps_to_threshold': 6666.666666666667, 'reached_threshold': 1.0, 'num_actuators': 9, 'complexity_penalty': 4.5}
23:12:14  DEBUG    id=52   fitness=     -inf limbs= 1 depth=1 metrics={'invalid': 'no_actuators'}
23:12:14  DEBUG    id=53   fitness=   -0.920 limbs= 6 depth=4 metrics={'auc': 1.5795907795214426, 'final': -6.5324218151765985, 'steps_to_threshold': 10000.0, 'reached_threshold': 1.0, 'num_actuators': 5, 'complexity_penalty': 2.5}
23:12:14  DEBUG    id=54   fitness=    0.629 limbs=10 depth=4 metrics={'auc': 5.12903392146922, 'final': -5.160388165999343, 'steps_to_threshold': 8333.333333333334, 'reached_threshold': 1.0, 'num_actuators': 9, 'complexity_penalty': 4.5}
23:12:14  DEBUG    id=55   fitness=    0.665 limbs= 6 depth=4 metrics={'auc': 3.1649874692480395, 'final': -3.0016900151702424, 'steps_to_threshold': 5000.0, 'reached_threshold': 1.0, 'num_actuators': 5, 'complexity_penalty': 2.5}
23:12:14  DEBUG    id=56   fitness=   -1.063 limbs=11 depth=5 metrics={'auc': 3.936923459572077, 'final': -5.639675903785975, 'steps_to_threshold': 10000.0, 'reached_threshold': 1.0, 'num_actuators': 10, 'complexity_penalty': 5.0}
23:12:14  DEBUG    id=57   fitness=    0.388 limbs= 2 depth=2 metrics={'auc': 0.8879028807172012, 'final': -9.196788998615867, 'steps_to_threshold': 5000.0, 'reached_threshold': 1.0, 'num_actuators': 1, 'complexity_penalty': 0.5}
23:12:14  DEBUG    id=58   fitness=   -1.073 limbs= 5 depth=4 metrics={'auc': 0.9269648891659713, 'final': -8.999976242652826, 'steps_to_threshold': 5000.0, 'reached_threshold': 1.0, 'num_actuators': 4, 'complexity_penalty': 2.0}
23:12:14  DEBUG    id=59   fitness=    0.549 limbs=11 depth=4 metrics={'auc': 5.5491880081936555, 'final': -4.631885923679395, 'steps_to_threshold': 11666.666666666666, 'reached_threshold': 1.0, 'num_actuators': 10, 'complexity_penalty': 5.0}
23:12:14  DEBUG    id=60   fitness=    0.927 limbs= 6 depth=4 metrics={'auc': 3.4266740494447654, 'final': -2.8246588348037314, 'steps_to_threshold': 5000.0, 'reached_threshold': 1.0, 'num_actuators': 5, 'complexity_penalty': 2.5}
23:12:14  DEBUG    id=61   fitness=    1.333 limbs= 6 depth=4 metrics={'auc': 3.833001752513294, 'final': -2.573761138711711, 'steps_to_threshold': 5000.0, 'reached_threshold': 1.0, 'num_actuators': 5, 'complexity_penalty': 2.5}
23:12:14  DEBUG    id=62   fitness=    1.998 limbs= 9 depth=4 metrics={'auc': 5.997756201232825, 'final': -4.131930076698151, 'steps_to_threshold': 10000.0, 'reached_threshold': 1.0, 'num_actuators': 8, 'complexity_penalty': 4.0}
23:12:14  DEBUG    id=63   fitness=   -2.197 limbs= 6 depth=3 metrics={'auc': 0.30321354679333323, 'final': -9.839899514914785, 'steps_to_threshold': 8333.333333333334, 'reached_threshold': 1.0, 'num_actuators': 5, 'complexity_penalty': 2.5}
23:12:14  DEBUG    id=64   fitness=    0.287 limbs=10 depth=4 metrics={'auc': 4.786739001146716, 'final': -5.5481028575540146, 'steps_to_threshold': 10000.0, 'reached_threshold': 1.0, 'num_actuators': 9, 'complexity_penalty': 4.5}
23:12:14  DEBUG    id=65   fitness=    0.638 limbs= 2 depth=2 metrics={'auc': 1.1379586413399396, 'final': -8.925176244792075, 'steps_to_threshold': 5000.0, 'reached_threshold': 1.0, 'num_actuators': 1, 'complexity_penalty': 0.5}
23:12:14  DEBUG    id=66   fitness=    0.017 limbs= 2 depth=2 metrics={'auc': 0.5172642516030559, 'final': -9.695196370948182, 'steps_to_threshold': 6666.666666666667, 'reached_threshold': 1.0, 'num_actuators': 1, 'complexity_penalty': 0.5}
23:12:14  DEBUG    id=67   fitness=   -0.874 limbs= 5 depth=3 metrics={'auc': 1.126116672201799, 'final': -8.991034288787814, 'steps_to_threshold': 5000.0, 'reached_threshold': 1.0, 'num_actuators': 4, 'complexity_penalty': 2.0}
23:12:14  INFO   gen 2 done | best 1.998 (id=62, 9 limbs) | mean 0.180 | worst -2.197 | invalid 1 | 1279.6s
23:12:14  INFO     ~20.0 min/gen, est. 40.0 min remaining
23:12:14  INFO   gen 3: evaluating 22/24 individuals (8 workers)
23:38:45  DEBUG    id=68   fitness=    1.645 limbs= 5 depth=4 metrics={'auc': 3.6449544872134285, 'final': -2.558748943490606, 'steps_to_threshold': 8333.333333333334, 'reached_threshold': 1.0, 'num_actuators': 4, 'complexity_penalty': 2.0}
23:38:45  DEBUG    id=69   fitness=   -0.102 limbs= 6 depth=4 metrics={'auc': 2.398175130066974, 'final': -3.688335520876769, 'steps_to_threshold': 8333.333333333334, 'reached_threshold': 1.0, 'num_actuators': 5, 'complexity_penalty': 2.5}
23:38:45  DEBUG    id=70   fitness=    0.393 limbs= 2 depth=2 metrics={'auc': 0.8925189218152512, 'final': -9.170499538632273, 'steps_to_threshold': 5000.0, 'reached_threshold': 1.0, 'num_actuators': 1, 'complexity_penalty': 0.5}
23:38:45  DEBUG    id=71   fitness=    0.791 limbs= 6 depth=4 metrics={'auc': 3.291121524370593, 'final': -8.66190409013146, 'steps_to_threshold': 11666.666666666666, 'reached_threshold': 1.0, 'num_actuators': 5, 'complexity_penalty': 2.5}
23:38:45  DEBUG    id=72   fitness=   -0.441 limbs= 7 depth=4 metrics={'auc': 2.559084485943845, 'final': -3.612419628665167, 'steps_to_threshold': 6666.666666666667, 'reached_threshold': 1.0, 'num_actuators': 6, 'complexity_penalty': 3.0}
23:38:45  DEBUG    id=73   fitness=    0.714 limbs= 2 depth=2 metrics={'auc': 1.2144672481643006, 'final': -8.835871883884359, 'steps_to_threshold': 5000.0, 'reached_threshold': 1.0, 'num_actuators': 1, 'complexity_penalty': 0.5}
23:38:45  DEBUG    id=74   fitness=    1.587 limbs= 6 depth=4 metrics={'auc': 4.0872678774974425, 'final': -8.277770124157136, 'steps_to_threshold': 10000.0, 'reached_threshold': 1.0, 'num_actuators': 5, 'complexity_penalty': 2.5}
23:38:45  DEBUG    id=75   fitness=    0.912 limbs= 7 depth=4 metrics={'auc': 3.9116493523659783, 'final': -8.684363914336371, 'steps_to_threshold': 13333.333333333334, 'reached_threshold': 1.0, 'num_actuators': 6, 'complexity_penalty': 3.0}
23:38:45  DEBUG    id=76   fitness=    0.588 limbs= 7 depth=4 metrics={'auc': 3.5876835511716743, 'final': -2.3997883024143163, 'steps_to_threshold': 5000.0, 'reached_threshold': 1.0, 'num_actuators': 6, 'complexity_penalty': 3.0}
23:38:45  DEBUG    id=77   fitness=   -1.001 limbs= 3 depth=3 metrics={'auc': -0.0013298361842081234, 'final': -10.65487831831651, 'steps_to_threshold': 25000.0, 'reached_threshold': 1.0, 'num_actuators': 2, 'complexity_penalty': 1.0}
23:38:45  DEBUG    id=78   fitness=    1.309 limbs=10 depth=4 metrics={'auc': 5.808804830342319, 'final': -4.611875738852543, 'steps_to_threshold': 6666.666666666667, 'reached_threshold': 1.0, 'num_actuators': 9, 'complexity_penalty': 4.5}
23:38:45  DEBUG    id=79   fitness=    1.203 limbs= 6 depth=4 metrics={'auc': 3.7027332061425873, 'final': -2.628926091509229, 'steps_to_threshold': 10000.0, 'reached_threshold': 1.0, 'num_actuators': 5, 'complexity_penalty': 2.5}
23:38:45  DEBUG    id=80   fitness=    1.570 limbs=10 depth=4 metrics={'auc': 6.07027153536733, 'final': -4.014157289842984, 'steps_to_threshold': 10000.0, 'reached_threshold': 1.0, 'num_actuators': 9, 'complexity_penalty': 4.5}
23:38:45  DEBUG    id=81   fitness=   15.313 limbs= 7 depth=4 metrics={'auc': 18.312784554719045, 'final': 12.405746415934102, 'steps_to_threshold': 65000.0, 'reached_threshold': 1.0, 'num_actuators': 6, 'complexity_penalty': 3.0}
23:38:45  DEBUG    id=82   fitness=    0.154 limbs= 6 depth=4 metrics={'auc': 2.654430933167827, 'final': -3.564215818695994, 'steps_to_threshold': 8333.333333333334, 'reached_threshold': 1.0, 'num_actuators': 5, 'complexity_penalty': 2.5}
23:38:45  DEBUG    id=83   fitness=    1.797 limbs= 6 depth=4 metrics={'auc': 4.297269647811707, 'final': -8.336313273301924, 'steps_to_threshold': 11666.666666666666, 'reached_threshold': 1.0, 'num_actuators': 5, 'complexity_penalty': 2.5}
23:38:45  DEBUG    id=84   fitness=    1.977 limbs= 9 depth=4 metrics={'auc': 5.976523086050238, 'final': -4.149120866591911, 'steps_to_threshold': 10000.0, 'reached_threshold': 1.0, 'num_actuators': 8, 'complexity_penalty': 4.0}
23:38:45  DEBUG    id=85   fitness=   -0.274 limbs= 7 depth=4 metrics={'auc': 2.726343440430957, 'final': -8.90262157773519, 'steps_to_threshold': 13333.333333333334, 'reached_threshold': 1.0, 'num_actuators': 6, 'complexity_penalty': 3.0}
23:38:45  DEBUG    id=86   fitness=   -0.028 limbs=12 depth=4 metrics={'auc': 5.471517876898445, 'final': -4.628807758955474, 'steps_to_threshold': 10000.0, 'reached_threshold': 1.0, 'num_actuators': 11, 'complexity_penalty': 5.5}
23:38:45  DEBUG    id=87   fitness=   -0.421 limbs= 5 depth=3 metrics={'auc': 1.5791287566646337, 'final': -8.523789034566915, 'steps_to_threshold': 5000.0, 'reached_threshold': 1.0, 'num_actuators': 4, 'complexity_penalty': 2.0}
23:38:45  DEBUG    id=88   fitness=    1.790 limbs= 9 depth=4 metrics={'auc': 5.789894223107598, 'final': -4.327361099980936, 'steps_to_threshold': 10000.0, 'reached_threshold': 1.0, 'num_actuators': 8, 'complexity_penalty': 4.0}
23:38:45  DEBUG    id=89   fitness=    0.845 limbs= 9 depth=4 metrics={'auc': 4.844993977691396, 'final': -5.213395455776753, 'steps_to_threshold': 11666.666666666666, 'reached_threshold': 1.0, 'num_actuators': 8, 'complexity_penalty': 4.0}
23:38:45  INFO   gen 3 done | best 15.313 (id=81, 7 limbs) | mean 1.412 | worst -1.001 | invalid 0 | 1590.8s
23:38:45  INFO     ~21.6 min/gen, est. 21.6 min remaining
23:38:45  INFO   gen 4: evaluating 22/24 individuals (8 workers)
00:07:30  DEBUG    id=90   fitness=   -0.990 limbs= 3 depth=3 metrics={'auc': 0.009836655572846601, 'final': -10.64188901453452, 'steps_to_threshold': 25000.0, 'reached_threshold': 1.0, 'num_actuators': 2, 'complexity_penalty': 1.0}
00:07:30  DEBUG    id=91   fitness=    1.725 limbs= 6 depth=4 metrics={'auc': 4.225476399506269, 'final': -8.342113285114166, 'steps_to_threshold': 8333.333333333334, 'reached_threshold': 1.0, 'num_actuators': 5, 'complexity_penalty': 2.5}
00:07:30  DEBUG    id=92   fitness=    0.586 limbs= 7 depth=4 metrics={'auc': 3.586130318535241, 'final': -2.4613683271879374, 'steps_to_threshold': 5000.0, 'reached_threshold': 1.0, 'num_actuators': 6, 'complexity_penalty': 3.0}
00:07:30  DEBUG    id=93   fitness=   -0.567 limbs= 4 depth=3 metrics={'auc': 0.9333542535907874, 'final': -9.180191186505589, 'steps_to_threshold': 5000.0, 'reached_threshold': 1.0, 'num_actuators': 3, 'complexity_penalty': 1.5}
00:07:30  DEBUG    id=94   fitness=    1.211 limbs= 5 depth=4 metrics={'auc': 3.2111898363746483, 'final': -4.166192843700203, 'steps_to_threshold': 5000.0, 'reached_threshold': 1.0, 'num_actuators': 4, 'complexity_penalty': 2.0}
00:07:30  DEBUG    id=95   fitness=    2.339 limbs= 9 depth=4 metrics={'auc': 6.338728836645385, 'final': -3.7127382225898145, 'steps_to_threshold': 10000.0, 'reached_threshold': 1.0, 'num_actuators': 8, 'complexity_penalty': 4.0}
00:07:30  DEBUG    id=96   fitness=   -0.676 limbs= 8 depth=4 metrics={'auc': 2.824457502257142, 'final': -3.535000392721361, 'steps_to_threshold': 5000.0, 'reached_threshold': 1.0, 'num_actuators': 7, 'complexity_penalty': 3.5}
00:07:30  DEBUG    id=97   fitness=    1.767 limbs= 5 depth=4 metrics={'auc': 3.7670359429203173, 'final': -2.5416114260387626, 'steps_to_threshold': 6666.666666666667, 'reached_threshold': 1.0, 'num_actuators': 4, 'complexity_penalty': 2.0}
00:07:30  DEBUG    id=98   fitness=     -inf limbs= 1 depth=1 metrics={'invalid': 'no_actuators'}
00:07:30  DEBUG    id=99   fitness=   -0.539 limbs= 5 depth=4 metrics={'auc': 1.4606138732379053, 'final': -9.05575025647917, 'steps_to_threshold': 6666.666666666667, 'reached_threshold': 1.0, 'num_actuators': 4, 'complexity_penalty': 2.0}
00:07:30  DEBUG    id=100  fitness=   -1.476 limbs= 9 depth=4 metrics={'auc': 2.523708679649133, 'final': -7.638686541666737, 'steps_to_threshold': 8333.333333333334, 'reached_threshold': 1.0, 'num_actuators': 8, 'complexity_penalty': 4.0}
00:07:30  DEBUG    id=101  fitness=   -0.049 limbs= 3 depth=3 metrics={'auc': 0.9505274591149354, 'final': -9.182617676389405, 'steps_to_threshold': 5000.0, 'reached_threshold': 1.0, 'num_actuators': 2, 'complexity_penalty': 1.0}
00:07:30  DEBUG    id=102  fitness=    0.999 limbs= 9 depth=4 metrics={'auc': 4.998884506047056, 'final': -5.534274251405468, 'steps_to_threshold': 11666.666666666666, 'reached_threshold': 1.0, 'num_actuators': 8, 'complexity_penalty': 4.0}
00:07:30  DEBUG    id=103  fitness=   -0.089 limbs= 6 depth=4 metrics={'auc': 2.4112131506819865, 'final': -3.698437229141387, 'steps_to_threshold': 6666.666666666667, 'reached_threshold': 1.0, 'num_actuators': 5, 'complexity_penalty': 2.5}
00:07:30  DEBUG    id=104  fitness=   15.755 limbs= 7 depth=4 metrics={'auc': 18.75499546275894, 'final': 11.617969254334758, 'steps_to_threshold': 58333.333333333336, 'reached_threshold': 1.0, 'num_actuators': 6, 'complexity_penalty': 3.0}
00:07:30  DEBUG    id=105  fitness=    4.917 limbs= 8 depth=4 metrics={'auc': 8.417364260916129, 'final': 2.0833252962979674, 'steps_to_threshold': 10000.0, 'reached_threshold': 1.0, 'num_actuators': 7, 'complexity_penalty': 3.5}
00:07:30  DEBUG    id=106  fitness=    0.508 limbs=10 depth=4 metrics={'auc': 5.007969655387324, 'final': -5.2209674266026775, 'steps_to_threshold': 11666.666666666666, 'reached_threshold': 1.0, 'num_actuators': 9, 'complexity_penalty': 4.5}
00:07:30  DEBUG    id=107  fitness=    3.459 limbs= 9 depth=4 metrics={'auc': 7.45873314830538, 'final': -2.9971167194372925, 'steps_to_threshold': 8333.333333333334, 'reached_threshold': 1.0, 'num_actuators': 8, 'complexity_penalty': 4.0}
00:07:30  DEBUG    id=108  fitness=    0.351 limbs=11 depth=4 metrics={'auc': 5.351382220381165, 'final': -4.9635213698492, 'steps_to_threshold': 11666.666666666666, 'reached_threshold': 1.0, 'num_actuators': 10, 'complexity_penalty': 5.0}
00:07:30  DEBUG    id=109  fitness=   -0.035 limbs=12 depth=4 metrics={'auc': 5.46514896840278, 'final': -4.594066507755701, 'steps_to_threshold': 11666.666666666666, 'reached_threshold': 1.0, 'num_actuators': 11, 'complexity_penalty': 5.5}
00:07:30  DEBUG    id=110  fitness=    2.147 limbs= 5 depth=4 metrics={'auc': 4.146777356001736, 'final': -8.165624997080235, 'steps_to_threshold': 10000.0, 'reached_threshold': 1.0, 'num_actuators': 4, 'complexity_penalty': 2.0}
00:07:30  DEBUG    id=111  fitness=   11.246 limbs= 8 depth=4 metrics={'auc': 14.74550072758442, 'final': 8.44060988343115, 'steps_to_threshold': 11666.666666666666, 'reached_threshold': 1.0, 'num_actuators': 7, 'complexity_penalty': 3.5}
00:07:30  INFO   gen 4 done | best 15.755 (id=104, 7 limbs) | mean 2.596 | worst -1.476 | invalid 1 | 1725.0s
00:07:31  INFO   ================================================================
00:07:31  INFO   Finished 5 generations in 115.2 min. Best fitness 15.755 (7 limbs).
00:07:31  INFO   Artifacts: run.log, generation_stats.csv, history.json, and per generation gen*_best.xml + gen*_best_genome.pkl + gen*_best_policy.zip in experiments/run15
