03:53:47  INFO   ================================================================
03:53:47  INFO   Learnability-driven morphology evolution
03:53:47  INFO     population=24  generations=10  metric=auc  eval_seeds=3
03:53:47  INFO     inner: algo=ppo  lifetime_steps=500000  eval_every=5000  horizon=2500
03:53:47  INFO     workers=8  seed=0  out=experiments/run22
03:53:47  INFO   ================================================================
03:53:47  INFO   gen 0: evaluating 24/24 individuals (8 workers)
04:14:40  DEBUG    id=0    fitness=    2.736 limbs= 2 depth=2 metrics={'auc': 3.9858868676365717, 'final': -7.830937148707033, 'steps_to_threshold': 5000.0, 'reached_threshold': 1.0, 'num_actuators': 1, 'complexity_penalty': 1.25}
04:14:40  DEBUG    id=1    fitness=   -0.558 limbs= 7 depth=3 metrics={'auc': 6.941672383137963, 'final': -6.021928367122965, 'steps_to_threshold': 5000.0, 'reached_threshold': 1.0, 'num_actuators': 6, 'complexity_penalty': 7.5}
04:14:40  DEBUG    id=2    fitness=    4.859 limbs= 6 depth=3 metrics={'auc': 11.108515916144798, 'final': -1.6478332199054797, 'steps_to_threshold': 10000.0, 'reached_threshold': 1.0, 'num_actuators': 5, 'complexity_penalty': 6.25}
04:14:40  DEBUG    id=3    fitness=   -8.861 limbs=11 depth=3 metrics={'auc': 3.639285673492975, 'final': -10.485589313889887, 'steps_to_threshold': 45000.0, 'reached_threshold': 1.0, 'num_actuators': 10, 'complexity_penalty': 12.5}
04:14:40  DEBUG    id=4    fitness=  -11.306 limbs=11 depth=3 metrics={'auc': 1.1940048198726054, 'final': -11.651533495620813, 'steps_to_threshold': 36666.666666666664, 'reached_threshold': 1.0, 'num_actuators': 10, 'complexity_penalty': 12.5}
04:14:40  DEBUG    id=5    fitness=  -12.422 limbs=12 depth=3 metrics={'auc': 1.3283325827763168, 'final': -11.628552668295725, 'steps_to_threshold': 20000.0, 'reached_threshold': 1.0, 'num_actuators': 11, 'complexity_penalty': 13.75}
04:14:40  DEBUG    id=6    fitness=   -8.995 limbs=12 depth=3 metrics={'auc': 4.755014071053278, 'final': -7.855217509170852, 'steps_to_threshold': 18333.333333333332, 'reached_threshold': 1.0, 'num_actuators': 11, 'complexity_penalty': 13.75}
04:14:40  DEBUG    id=7    fitness=   -2.139 limbs= 3 depth=3 metrics={'auc': 0.360956337344593, 'final': -12.029791387328807, 'steps_to_threshold': 10000.0, 'reached_threshold': 1.0, 'num_actuators': 2, 'complexity_penalty': 2.5}
04:14:40  DEBUG    id=8    fitness=   -0.710 limbs= 4 depth=3 metrics={'auc': 3.0396416287644534, 'final': -10.209374241880186, 'steps_to_threshold': 5000.0, 'reached_threshold': 1.0, 'num_actuators': 3, 'complexity_penalty': 3.75}
04:14:40  DEBUG    id=9    fitness=   -6.129 limbs= 8 depth=3 metrics={'auc': 2.6205280911062983, 'final': -9.489732115662003, 'steps_to_threshold': 10000.0, 'reached_threshold': 1.0, 'num_actuators': 7, 'complexity_penalty': 8.75}
04:14:40  DEBUG    id=10   fitness=   -1.536 limbs= 3 depth=3 metrics={'auc': 0.963639519404699, 'final': -10.972734768868627, 'steps_to_threshold': 10000.0, 'reached_threshold': 1.0, 'num_actuators': 2, 'complexity_penalty': 2.5}
04:14:40  DEBUG    id=11   fitness=   -7.822 limbs=11 depth=3 metrics={'auc': 4.678339137638932, 'final': -8.017746184854667, 'steps_to_threshold': 21666.666666666668, 'reached_threshold': 1.0, 'num_actuators': 10, 'complexity_penalty': 12.5}
04:14:40  DEBUG    id=12   fitness=   -2.173 limbs= 3 depth=3 metrics={'auc': 0.3270271275289993, 'final': -11.8599773436291, 'steps_to_threshold': 6666.666666666667, 'reached_threshold': 1.0, 'num_actuators': 2, 'complexity_penalty': 2.5}
04:14:40  DEBUG    id=13   fitness=   -3.354 limbs= 7 depth=3 metrics={'auc': 4.146300140448979, 'final': -9.158361368634148, 'steps_to_threshold': 23333.333333333332, 'reached_threshold': 1.0, 'num_actuators': 6, 'complexity_penalty': 7.5}
04:14:40  DEBUG    id=14   fitness=   -2.917 limbs= 4 depth=3 metrics={'auc': 0.8325925749009978, 'final': -12.285589209640785, 'steps_to_threshold': 16666.666666666668, 'reached_threshold': 1.0, 'num_actuators': 3, 'complexity_penalty': 3.75}
04:14:40  DEBUG    id=15   fitness=   -5.420 limbs= 8 depth=3 metrics={'auc': 3.3298148414305815, 'final': -9.476714482875828, 'steps_to_threshold': 15000.0, 'reached_threshold': 1.0, 'num_actuators': 7, 'complexity_penalty': 8.75}
04:14:40  DEBUG    id=16   fitness=   -7.015 limbs= 9 depth=3 metrics={'auc': 2.984724790309727, 'final': -9.948234328559655, 'steps_to_threshold': 15000.0, 'reached_threshold': 1.0, 'num_actuators': 8, 'complexity_penalty': 10.0}
04:14:40  DEBUG    id=17   fitness=   -3.586 limbs= 4 depth=2 metrics={'auc': 0.1636430461424093, 'final': -12.737629992386097, 'steps_to_threshold': 11666.666666666666, 'reached_threshold': 1.0, 'num_actuators': 3, 'complexity_penalty': 3.75}
04:14:40  DEBUG    id=18   fitness=   -4.273 limbs= 5 depth=3 metrics={'auc': 0.7269918129813243, 'final': -10.807353378378785, 'steps_to_threshold': 6666.666666666667, 'reached_threshold': 1.0, 'num_actuators': 4, 'complexity_penalty': 5.0}
04:14:40  DEBUG    id=19   fitness=   -3.763 limbs= 7 depth=3 metrics={'auc': 3.7372845972391566, 'final': -9.10309681591388, 'steps_to_threshold': 5000.0, 'reached_threshold': 1.0, 'num_actuators': 6, 'complexity_penalty': 7.5}
04:14:40  DEBUG    id=20   fitness=    2.336 limbs= 3 depth=3 metrics={'auc': 4.836112846048395, 'final': -13.391250855101696, 'steps_to_threshold': 6666.666666666667, 'reached_threshold': 1.0, 'num_actuators': 2, 'complexity_penalty': 2.5}
04:14:40  DEBUG    id=21   fitness=   -8.277 limbs=11 depth=3 metrics={'auc': 4.22261649150638, 'final': -8.96797302133217, 'steps_to_threshold': 10000.0, 'reached_threshold': 1.0, 'num_actuators': 10, 'complexity_penalty': 12.5}
04:14:40  DEBUG    id=22   fitness=   -2.715 limbs= 6 depth=3 metrics={'auc': 3.534702019606478, 'final': -9.470842486085894, 'steps_to_threshold': 5000.0, 'reached_threshold': 1.0, 'num_actuators': 5, 'complexity_penalty': 6.25}
04:14:40  DEBUG    id=23   fitness=   -0.909 limbs= 7 depth=3 metrics={'auc': 6.591098169320464, 'final': -3.4243896227464923, 'steps_to_threshold': 20000.0, 'reached_threshold': 1.0, 'num_actuators': 6, 'complexity_penalty': 7.5}
04:14:40  INFO   gen 0 done | best 4.859 (id=2, 6 limbs) | mean -3.956 | worst -12.422 | invalid 0 | 1253.4s
04:14:40  INFO     ~20.9 min/gen, est. 188.0 min remaining
04:14:40  INFO   gen 1: evaluating 22/24 individuals (8 workers)
04:32:55  DEBUG    id=24   fitness=   -1.812 limbs= 7 depth=3 metrics={'auc': 5.687997447944427, 'final': -8.034817925933577, 'steps_to_threshold': 23333.333333333332, 'reached_threshold': 1.0, 'num_actuators': 6, 'complexity_penalty': 7.5}
04:32:55  DEBUG    id=25   fitness=    2.462 limbs= 5 depth=3 metrics={'auc': 7.461564381529236, 'final': -6.535481895910867, 'steps_to_threshold': 10000.0, 'reached_threshold': 1.0, 'num_actuators': 4, 'complexity_penalty': 5.0}
04:32:55  DEBUG    id=26   fitness=   -0.964 limbs= 3 depth=3 metrics={'auc': 1.5355848766478968, 'final': -9.919670017715184, 'steps_to_threshold': 5000.0, 'reached_threshold': 1.0, 'num_actuators': 2, 'complexity_penalty': 2.5}
04:32:55  DEBUG    id=27   fitness=   -2.225 limbs= 3 depth=2 metrics={'auc': 0.2746721469140863, 'final': -13.005838137931066, 'steps_to_threshold': 8333.333333333334, 'reached_threshold': 1.0, 'num_actuators': 2, 'complexity_penalty': 2.5}
04:32:55  DEBUG    id=28   fitness=     -inf limbs= 1 depth=1 metrics={'invalid': 'no_actuators'}
04:32:55  DEBUG    id=29   fitness=    2.185 limbs= 4 depth=3 metrics={'auc': 5.934815180327824, 'final': -12.392792243050314, 'steps_to_threshold': 16666.666666666668, 'reached_threshold': 1.0, 'num_actuators': 3, 'complexity_penalty': 3.75}
04:32:55  DEBUG    id=30   fitness=   -0.597 limbs= 7 depth=3 metrics={'auc': 6.903422657884936, 'final': -6.058617569470987, 'steps_to_threshold': 5000.0, 'reached_threshold': 1.0, 'num_actuators': 6, 'complexity_penalty': 7.5}
04:32:55  DEBUG    id=31   fitness=   -0.843 limbs= 4 depth=3 metrics={'auc': 2.907375778789268, 'final': -9.204180275820967, 'steps_to_threshold': 5000.0, 'reached_threshold': 1.0, 'num_actuators': 3, 'complexity_penalty': 3.75}
04:32:55  DEBUG    id=32   fitness=    5.286 limbs= 6 depth=3 metrics={'auc': 11.536133214048801, 'final': -2.3400485236068818, 'steps_to_threshold': 13333.333333333334, 'reached_threshold': 1.0, 'num_actuators': 5, 'complexity_penalty': 6.25}
04:32:55  DEBUG    id=33   fitness=   13.995 limbs= 6 depth=3 metrics={'auc': 20.244568390433088, 'final': 4.892359094335963, 'steps_to_threshold': 13333.333333333334, 'reached_threshold': 1.0, 'num_actuators': 5, 'complexity_penalty': 6.25}
04:32:55  DEBUG    id=34   fitness=   -3.585 limbs= 4 depth=2 metrics={'auc': 0.16507045121627154, 'final': -12.733225799029265, 'steps_to_threshold': 18333.333333333332, 'reached_threshold': 1.0, 'num_actuators': 3, 'complexity_penalty': 3.75}
04:32:55  DEBUG    id=35   fitness=    5.172 limbs= 6 depth=3 metrics={'auc': 11.422117306149657, 'final': -1.4290435898696747, 'steps_to_threshold': 10000.0, 'reached_threshold': 1.0, 'num_actuators': 5, 'complexity_penalty': 6.25}
04:32:55  DEBUG    id=36   fitness=   -2.257 limbs= 3 depth=3 metrics={'auc': 0.2430118732916208, 'final': -13.234712598059133, 'steps_to_threshold': 11666.666666666666, 'reached_threshold': 1.0, 'num_actuators': 2, 'complexity_penalty': 2.5}
04:32:55  DEBUG    id=37   fitness=   -2.191 limbs= 3 depth=3 metrics={'auc': 0.30876548171962753, 'final': -11.886545622845576, 'steps_to_threshold': 10000.0, 'reached_threshold': 1.0, 'num_actuators': 2, 'complexity_penalty': 2.5}
04:32:55  DEBUG    id=38   fitness=   -1.151 limbs= 5 depth=3 metrics={'auc': 3.8493060685547, 'final': -1.3787357589030405, 'steps_to_threshold': 66666.66666666667, 'reached_threshold': 1.0, 'num_actuators': 4, 'complexity_penalty': 5.0}
04:32:55  DEBUG    id=39   fitness=   -1.377 limbs= 6 depth=3 metrics={'auc': 4.872717850209139, 'final': -6.517787180038936, 'steps_to_threshold': 6666.666666666667, 'reached_threshold': 1.0, 'num_actuators': 5, 'complexity_penalty': 6.25}
04:32:55  DEBUG    id=40   fitness=    1.175 limbs= 8 depth=3 metrics={'auc': 9.924789074590679, 'final': -2.595902041815617, 'steps_to_threshold': 13333.333333333334, 'reached_threshold': 1.0, 'num_actuators': 7, 'complexity_penalty': 8.75}
04:32:55  DEBUG    id=41   fitness=    1.979 limbs= 6 depth=3 metrics={'auc': 8.229102115997165, 'final': -4.663240161942379, 'steps_to_threshold': 11666.666666666666, 'reached_threshold': 1.0, 'num_actuators': 5, 'complexity_penalty': 6.25}
04:32:55  DEBUG    id=42   fitness=    2.590 limbs= 8 depth=3 metrics={'auc': 11.339523010627312, 'final': -1.6748167233031914, 'steps_to_threshold': 5000.0, 'reached_threshold': 1.0, 'num_actuators': 7, 'complexity_penalty': 8.75}
04:32:55  DEBUG    id=43   fitness=   -1.814 limbs= 4 depth=3 metrics={'auc': 1.936065574323571, 'final': -9.933733029448149, 'steps_to_threshold': 5000.0, 'reached_threshold': 1.0, 'num_actuators': 3, 'complexity_penalty': 3.75}
04:32:55  DEBUG    id=44   fitness=   -1.555 limbs= 3 depth=3 metrics={'auc': 0.9453351392607573, 'final': -10.947547600721256, 'steps_to_threshold': 18333.333333333332, 'reached_threshold': 1.0, 'num_actuators': 2, 'complexity_penalty': 2.5}
04:32:55  DEBUG    id=45   fitness=   -3.398 limbs= 5 depth=3 metrics={'auc': 1.602168284436873, 'final': -10.501169575726232, 'steps_to_threshold': 18333.333333333332, 'reached_threshold': 1.0, 'num_actuators': 4, 'complexity_penalty': 5.0}
04:32:55  INFO   gen 1 done | best 13.995 (id=33, 6 limbs) | mean 0.812 | worst -3.585 | invalid 1 | 1095.2s
04:32:55  INFO     ~19.6 min/gen, est. 156.6 min remaining
04:32:55  INFO   gen 2: evaluating 22/24 individuals (8 workers)
04:51:35  DEBUG    id=46   fitness=    0.703 limbs= 6 depth=3 metrics={'auc': 6.952948516106645, 'final': -5.85173823919047, 'steps_to_threshold': 13333.333333333334, 'reached_threshold': 1.0, 'num_actuators': 5, 'complexity_penalty': 6.25}
04:51:35  DEBUG    id=47   fitness=    9.426 limbs= 7 depth=3 metrics={'auc': 16.925884505420395, 'final': 13.639266922827325, 'steps_to_threshold': 26666.666666666668, 'reached_threshold': 1.0, 'num_actuators': 6, 'complexity_penalty': 7.5}
04:51:35  DEBUG    id=48   fitness=   -2.384 limbs= 7 depth=3 metrics={'auc': 5.116134382653454, 'final': -0.6627864348301853, 'steps_to_threshold': 50000.0, 'reached_threshold': 1.0, 'num_actuators': 6, 'complexity_penalty': 7.5}
04:51:35  DEBUG    id=49   fitness=   -0.681 limbs= 4 depth=3 metrics={'auc': 3.0689138926067394, 'final': -9.287888520830569, 'steps_to_threshold': 6666.666666666667, 'reached_threshold': 1.0, 'num_actuators': 3, 'complexity_penalty': 3.75}
04:51:35  DEBUG    id=50   fitness=   10.427 limbs= 4 depth=3 metrics={'auc': 14.177222907705529, 'final': 2.203082346452114, 'steps_to_threshold': 8333.333333333334, 'reached_threshold': 1.0, 'num_actuators': 3, 'complexity_penalty': 3.75}
04:51:35  DEBUG    id=51   fitness=     -inf limbs= 1 depth=1 metrics={'invalid': 'no_actuators'}
04:51:35  DEBUG    id=52   fitness=    2.922 limbs= 8 depth=3 metrics={'auc': 11.672169711360317, 'final': -1.7046530784640652, 'steps_to_threshold': 13333.333333333334, 'reached_threshold': 1.0, 'num_actuators': 7, 'complexity_penalty': 8.75}
04:51:35  DEBUG    id=53   fitness=    4.093 limbs= 6 depth=3 metrics={'auc': 10.342590280620131, 'final': -2.3700321473705848, 'steps_to_threshold': 10000.0, 'reached_threshold': 1.0, 'num_actuators': 5, 'complexity_penalty': 6.25}
04:51:35  DEBUG    id=54   fitness=    2.177 limbs= 8 depth=3 metrics={'auc': 10.927186505217426, 'final': -2.0836105941097762, 'steps_to_threshold': 6666.666666666667, 'reached_threshold': 1.0, 'num_actuators': 7, 'complexity_penalty': 8.75}
04:51:35  DEBUG    id=55   fitness=    4.830 limbs= 6 depth=3 metrics={'auc': 11.080414862685473, 'final': -1.7847712392655948, 'steps_to_threshold': 11666.666666666666, 'reached_threshold': 1.0, 'num_actuators': 5, 'complexity_penalty': 6.25}
04:51:35  DEBUG    id=56   fitness=    2.742 limbs= 2 depth=2 metrics={'auc': 3.991631204421959, 'final': -7.830274421322101, 'steps_to_threshold': 5000.0, 'reached_threshold': 1.0, 'num_actuators': 1, 'complexity_penalty': 1.25}
04:51:35  DEBUG    id=57   fitness=   50.921 limbs= 7 depth=3 metrics={'auc': 58.42147013028829, 'final': 64.81247609831388, 'steps_to_threshold': 120000.0, 'reached_threshold': 1.0, 'num_actuators': 6, 'complexity_penalty': 7.5}
04:51:35  DEBUG    id=58   fitness=   15.688 limbs= 8 depth=3 metrics={'auc': 24.437546637476885, 'final': 10.199314138992756, 'steps_to_threshold': 33333.333333333336, 'reached_threshold': 1.0, 'num_actuators': 7, 'complexity_penalty': 8.75}
04:51:35  DEBUG    id=59   fitness=    4.711 limbs= 6 depth=3 metrics={'auc': 10.961329438337499, 'final': -0.736340892137413, 'steps_to_threshold': 10000.0, 'reached_threshold': 1.0, 'num_actuators': 5, 'complexity_penalty': 6.25}
04:51:35  DEBUG    id=60   fitness=   -1.668 limbs= 5 depth=3 metrics={'auc': 3.3323806515522705, 'final': -14.909892782743094, 'steps_to_threshold': 16666.666666666668, 'reached_threshold': 1.0, 'num_actuators': 4, 'complexity_penalty': 5.0}
04:51:35  DEBUG    id=61   fitness=    6.677 limbs= 7 depth=3 metrics={'auc': 14.176552314507825, 'final': 1.3672037104944217, 'steps_to_threshold': 15000.0, 'reached_threshold': 1.0, 'num_actuators': 6, 'complexity_penalty': 7.5}
04:51:35  DEBUG    id=62   fitness=    3.521 limbs= 7 depth=3 metrics={'auc': 11.020788478290948, 'final': -1.7500149985357947, 'steps_to_threshold': 8333.333333333334, 'reached_threshold': 1.0, 'num_actuators': 6, 'complexity_penalty': 7.5}
04:51:35  DEBUG    id=63   fitness=   -1.493 limbs= 3 depth=2 metrics={'auc': 1.0067328208820265, 'final': -10.744500999603515, 'steps_to_threshold': 10000.0, 'reached_threshold': 1.0, 'num_actuators': 2, 'complexity_penalty': 2.5}
04:51:35  DEBUG    id=64   fitness=   -0.136 limbs= 7 depth=3 metrics={'auc': 7.364410006257131, 'final': -5.360285812856568, 'steps_to_threshold': 6666.666666666667, 'reached_threshold': 1.0, 'num_actuators': 6, 'complexity_penalty': 7.5}
04:51:35  DEBUG    id=65   fitness=   -3.532 limbs= 4 depth=2 metrics={'auc': 0.21768864239155608, 'final': -13.016010943697244, 'steps_to_threshold': 18333.333333333332, 'reached_threshold': 1.0, 'num_actuators': 3, 'complexity_penalty': 3.75}
04:51:35  DEBUG    id=66   fitness=   -0.629 limbs= 4 depth=3 metrics={'auc': 3.1206181052064585, 'final': -8.462359863058806, 'steps_to_threshold': 8333.333333333334, 'reached_threshold': 1.0, 'num_actuators': 3, 'complexity_penalty': 3.75}
04:51:35  DEBUG    id=67   fitness=   12.391 limbs= 6 depth=3 metrics={'auc': 18.640804328092283, 'final': 2.994040456250094, 'steps_to_threshold': 15000.0, 'reached_threshold': 1.0, 'num_actuators': 5, 'complexity_penalty': 6.25}
04:51:35  INFO   gen 2 done | best 50.921 (id=57, 7 limbs) | mean 5.975 | worst -3.532 | invalid 1 | 1119.6s
04:51:35  INFO     ~19.3 min/gen, est. 134.9 min remaining
04:51:35  INFO   gen 3: evaluating 22/24 individuals (8 workers)
05:10:40  DEBUG    id=68   fitness=    8.365 limbs= 4 depth=3 metrics={'auc': 12.114873846200299, 'final': 0.21368541731921428, 'steps_to_threshold': 6666.666666666667, 'reached_threshold': 1.0, 'num_actuators': 3, 'complexity_penalty': 3.75}
05:10:40  DEBUG    id=69   fitness=   21.012 limbs= 8 depth=3 metrics={'auc': 29.76161788861948, 'final': 23.086566236304495, 'steps_to_threshold': 63333.333333333336, 'reached_threshold': 1.0, 'num_actuators': 7, 'complexity_penalty': 8.75}
05:10:40  DEBUG    id=70   fitness=   -6.331 limbs= 8 depth=3 metrics={'auc': 2.4186166376310836, 'final': -10.35941491168016, 'steps_to_threshold': 35000.0, 'reached_threshold': 1.0, 'num_actuators': 7, 'complexity_penalty': 8.75}
05:10:40  DEBUG    id=71   fitness=    2.256 limbs= 7 depth=3 metrics={'auc': 9.755809306145574, 'final': -3.321291843014439, 'steps_to_threshold': 10000.0, 'reached_threshold': 1.0, 'num_actuators': 6, 'complexity_penalty': 7.5}
05:10:40  DEBUG    id=72   fitness=    0.912 limbs= 3 depth=2 metrics={'auc': 3.4115965481337285, 'final': -8.489834168691113, 'steps_to_threshold': 5000.0, 'reached_threshold': 1.0, 'num_actuators': 2, 'complexity_penalty': 2.5}
05:10:40  DEBUG    id=73   fitness=    2.756 limbs= 2 depth=2 metrics={'auc': 4.0056631657948225, 'final': -7.819166930986198, 'steps_to_threshold': 5000.0, 'reached_threshold': 1.0, 'num_actuators': 1, 'complexity_penalty': 1.25}
05:10:40  DEBUG    id=74   fitness=   12.449 limbs= 4 depth=3 metrics={'auc': 16.199220694904405, 'final': -2.1721529623731812, 'steps_to_threshold': 10000.0, 'reached_threshold': 1.0, 'num_actuators': 3, 'complexity_penalty': 3.75}
05:10:40  DEBUG    id=75   fitness=    1.464 limbs= 2 depth=2 metrics={'auc': 2.7135892830382353, 'final': -9.016518295089776, 'steps_to_threshold': 5000.0, 'reached_threshold': 1.0, 'num_actuators': 1, 'complexity_penalty': 1.25}
05:10:40  DEBUG    id=76   fitness=   64.128 limbs= 7 depth=3 metrics={'auc': 71.62800001929872, 'final': 84.02388915000363, 'steps_to_threshold': 115000.0, 'reached_threshold': 1.0, 'num_actuators': 6, 'complexity_penalty': 7.5}
05:10:40  DEBUG    id=77   fitness=   34.997 limbs= 9 depth=3 metrics={'auc': 44.99722677712251, 'final': 21.04001230618212, 'steps_to_threshold': 95000.0, 'reached_threshold': 1.0, 'num_actuators': 8, 'complexity_penalty': 10.0}
05:10:40  DEBUG    id=78   fitness=   24.786 limbs= 8 depth=3 metrics={'auc': 33.53561478400974, 'final': 38.539540107150806, 'steps_to_threshold': 230000.0, 'reached_threshold': 1.0, 'num_actuators': 7, 'complexity_penalty': 8.75}
05:10:40  DEBUG    id=79   fitness=    0.591 limbs= 5 depth=3 metrics={'auc': 5.59125819249054, 'final': -7.126532358155051, 'steps_to_threshold': 41666.666666666664, 'reached_threshold': 1.0, 'num_actuators': 4, 'complexity_penalty': 5.0}
05:10:40  DEBUG    id=80   fitness=   13.037 limbs= 6 depth=3 metrics={'auc': 19.286553912385866, 'final': 4.475000393479337, 'steps_to_threshold': 13333.333333333334, 'reached_threshold': 1.0, 'num_actuators': 5, 'complexity_penalty': 6.25}
05:10:40  DEBUG    id=81   fitness=   27.864 limbs=10 depth=3 metrics={'auc': 39.11367739262065, 'final': 34.10818080794363, 'steps_to_threshold': 141666.66666666666, 'reached_threshold': 1.0, 'num_actuators': 9, 'complexity_penalty': 11.25}
05:10:40  DEBUG    id=82   fitness=   13.180 limbs= 8 depth=3 metrics={'auc': 21.930430858750782, 'final': 17.59415071868174, 'steps_to_threshold': 51666.666666666664, 'reached_threshold': 1.0, 'num_actuators': 7, 'complexity_penalty': 8.75}
05:10:40  DEBUG    id=83   fitness=   13.171 limbs= 8 depth=3 metrics={'auc': 21.92148479169413, 'final': 5.5866908951363285, 'steps_to_threshold': 18333.333333333332, 'reached_threshold': 1.0, 'num_actuators': 7, 'complexity_penalty': 8.75}
05:10:40  DEBUG    id=84   fitness=   -1.997 limbs=10 depth=3 metrics={'auc': 9.252869259023067, 'final': -3.5893295896611863, 'steps_to_threshold': 10000.0, 'reached_threshold': 1.0, 'num_actuators': 9, 'complexity_penalty': 11.25}
05:10:40  DEBUG    id=85   fitness=   10.848 limbs= 4 depth=3 metrics={'auc': 14.598083711520678, 'final': 2.674805426951522, 'steps_to_threshold': 8333.333333333334, 'reached_threshold': 1.0, 'num_actuators': 3, 'complexity_penalty': 3.75}
05:10:40  DEBUG    id=86   fitness=   56.775 limbs= 7 depth=3 metrics={'auc': 64.27533278087714, 'final': 75.91189226192158, 'steps_to_threshold': 136666.66666666666, 'reached_threshold': 1.0, 'num_actuators': 6, 'complexity_penalty': 7.5}
05:10:40  DEBUG    id=87   fitness=    9.667 limbs=10 depth=3 metrics={'auc': 20.916601081381813, 'final': 7.16896626160128, 'steps_to_threshold': 30000.0, 'reached_threshold': 1.0, 'num_actuators': 9, 'complexity_penalty': 11.25}
05:10:40  DEBUG    id=88   fitness=    2.676 limbs= 6 depth=3 metrics={'auc': 8.92596324803829, 'final': -3.3882085447423216, 'steps_to_threshold': 11666.666666666666, 'reached_threshold': 1.0, 'num_actuators': 5, 'complexity_penalty': 6.25}
05:10:40  DEBUG    id=89   fitness=     -inf limbs= 1 depth=1 metrics={'invalid': 'no_actuators'}
05:10:40  INFO   gen 3 done | best 64.128 (id=76, 7 limbs) | mean 16.488 | worst -6.331 | invalid 1 | 1145.0s
05:10:40  INFO     ~19.2 min/gen, est. 115.3 min remaining
05:10:40  INFO   gen 4: evaluating 22/24 individuals (8 workers)
05:30:34  DEBUG    id=90   fitness=    9.123 limbs= 8 depth=3 metrics={'auc': 17.872561313289367, 'final': 4.95148624893053, 'steps_to_threshold': 85000.0, 'reached_threshold': 1.0, 'num_actuators': 7, 'complexity_penalty': 8.75}
05:30:34  DEBUG    id=91   fitness=    8.087 limbs= 4 depth=3 metrics={'auc': 11.836511650755241, 'final': -0.05687843632596539, 'steps_to_threshold': 8333.333333333334, 'reached_threshold': 1.0, 'num_actuators': 3, 'complexity_penalty': 3.75}
05:30:34  DEBUG    id=92   fitness=    1.626 limbs= 2 depth=2 metrics={'auc': 2.8759585670144774, 'final': -9.226736891449322, 'steps_to_threshold': 5000.0, 'reached_threshold': 1.0, 'num_actuators': 1, 'complexity_penalty': 1.25}
05:30:34  DEBUG    id=93   fitness=   25.358 limbs= 6 depth=3 metrics={'auc': 31.607888600266573, 'final': 26.983479104200953, 'steps_to_threshold': 101666.66666666667, 'reached_threshold': 1.0, 'num_actuators': 5, 'complexity_penalty': 6.25}
05:30:34  DEBUG    id=94   fitness=    5.817 limbs= 6 depth=3 metrics={'auc': 12.06688488426468, 'final': 0.43212732276349936, 'steps_to_threshold': 11666.666666666666, 'reached_threshold': 1.0, 'num_actuators': 5, 'complexity_penalty': 6.25}
05:30:34  DEBUG    id=95   fitness=   12.991 limbs= 4 depth=3 metrics={'auc': 16.7407792349978, 'final': -1.471614916987466, 'steps_to_threshold': 15000.0, 'reached_threshold': 1.0, 'num_actuators': 3, 'complexity_penalty': 3.75}
05:30:34  DEBUG    id=96   fitness=   51.201 limbs= 8 depth=3 metrics={'auc': 59.95077878363045, 'final': 64.29447835039905, 'steps_to_threshold': 118333.33333333333, 'reached_threshold': 1.0, 'num_actuators': 7, 'complexity_penalty': 8.75}
05:30:34  DEBUG    id=97   fitness=   34.245 limbs= 9 depth=3 metrics={'auc': 44.24545326269808, 'final': 38.86682833414357, 'steps_to_threshold': 85000.0, 'reached_threshold': 1.0, 'num_actuators': 8, 'complexity_penalty': 10.0}
05:30:34  DEBUG    id=98   fitness=   39.591 limbs= 9 depth=3 metrics={'auc': 49.59064319879203, 'final': 54.61987577812048, 'steps_to_threshold': 100000.0, 'reached_threshold': 1.0, 'num_actuators': 8, 'complexity_penalty': 10.0}
05:30:34  DEBUG    id=99   fitness=   28.143 limbs= 7 depth=3 metrics={'auc': 35.643396856128184, 'final': 20.91262026822169, 'steps_to_threshold': 21666.666666666668, 'reached_threshold': 1.0, 'num_actuators': 6, 'complexity_penalty': 7.5}
05:30:34  DEBUG    id=100  fitness=   44.031 limbs= 8 depth=3 metrics={'auc': 52.78128020454991, 'final': 50.91243038609358, 'steps_to_threshold': 81666.66666666667, 'reached_threshold': 1.0, 'num_actuators': 7, 'complexity_penalty': 8.75}
05:30:34  DEBUG    id=101  fitness=   30.815 limbs= 9 depth=3 metrics={'auc': 40.814578900533654, 'final': 40.56727624980052, 'steps_to_threshold': 145000.0, 'reached_threshold': 1.0, 'num_actuators': 8, 'complexity_penalty': 10.0}
05:30:34  DEBUG    id=102  fitness=   21.713 limbs= 8 depth=3 metrics={'auc': 30.462757854043648, 'final': 23.69415009599443, 'steps_to_threshold': 36666.666666666664, 'reached_threshold': 1.0, 'num_actuators': 7, 'complexity_penalty': 8.75}
05:30:34  DEBUG    id=103  fitness=   49.772 limbs= 7 depth=3 metrics={'auc': 57.272239763454344, 'final': 68.82420181679761, 'steps_to_threshold': 191666.66666666666, 'reached_threshold': 1.0, 'num_actuators': 6, 'complexity_penalty': 7.5}
05:30:34  DEBUG    id=104  fitness=    5.023 limbs= 6 depth=3 metrics={'auc': 11.273481299565894, 'final': -0.29787881081128, 'steps_to_threshold': 13333.333333333334, 'reached_threshold': 1.0, 'num_actuators': 5, 'complexity_penalty': 6.25}
05:30:34  DEBUG    id=105  fitness=    0.366 limbs= 4 depth=2 metrics={'auc': 4.116244678859034, 'final': -7.699094875402924, 'steps_to_threshold': 5000.0, 'reached_threshold': 1.0, 'num_actuators': 3, 'complexity_penalty': 3.75}
05:30:34  DEBUG    id=106  fitness=   52.536 limbs= 7 depth=3 metrics={'auc': 60.03550331282677, 'final': 61.3397119199679, 'steps_to_threshold': 108333.33333333333, 'reached_threshold': 1.0, 'num_actuators': 6, 'complexity_penalty': 7.5}
05:30:34  DEBUG    id=107  fitness=   39.653 limbs= 7 depth=3 metrics={'auc': 47.15269676899526, 'final': 36.99151908473167, 'steps_to_threshold': 163333.33333333334, 'reached_threshold': 1.0, 'num_actuators': 6, 'complexity_penalty': 7.5}
05:30:34  DEBUG    id=108  fitness=   49.765 limbs= 7 depth=3 metrics={'auc': 57.26465543341175, 'final': 55.54789184712851, 'steps_to_threshold': 85000.0, 'reached_threshold': 1.0, 'num_actuators': 6, 'complexity_penalty': 7.5}
05:30:34  DEBUG    id=109  fitness=   41.642 limbs= 9 depth=3 metrics={'auc': 51.6423970116355, 'final': 88.58442776021026, 'steps_to_threshold': 196666.66666666666, 'reached_threshold': 1.0, 'num_actuators': 8, 'complexity_penalty': 10.0}
05:30:34  DEBUG    id=110  fitness=   18.478 limbs= 8 depth=3 metrics={'auc': 27.227927115477836, 'final': 16.949895793171226, 'steps_to_threshold': 43333.333333333336, 'reached_threshold': 1.0, 'num_actuators': 7, 'complexity_penalty': 8.75}
05:30:34  DEBUG    id=111  fitness=   14.993 limbs= 7 depth=3 metrics={'auc': 22.49251899154076, 'final': 20.39715409323676, 'steps_to_threshold': 193333.33333333334, 'reached_threshold': 1.0, 'num_actuators': 6, 'complexity_penalty': 7.5}
05:30:34  INFO   gen 4 done | best 64.128 (id=76, 7 limbs) | mean 29.411 | worst 0.366 | invalid 0 | 1194.1s
05:30:34  INFO     ~19.4 min/gen, est. 96.8 min remaining
05:30:34  INFO   gen 5: evaluating 22/24 individuals (8 workers)
05:50:10  DEBUG    id=112  fitness=    8.237 limbs= 9 depth=3 metrics={'auc': 18.236604770735834, 'final': 4.376311121163899, 'steps_to_threshold': 16666.666666666668, 'reached_threshold': 1.0, 'num_actuators': 8, 'complexity_penalty': 10.0}
05:50:10  DEBUG    id=113  fitness=   21.770 limbs= 6 depth=3 metrics={'auc': 28.019790197230154, 'final': 23.667150635449683, 'steps_to_threshold': 133333.33333333334, 'reached_threshold': 1.0, 'num_actuators': 5, 'complexity_penalty': 6.25}
05:50:10  DEBUG    id=114  fitness=   46.702 limbs= 7 depth=3 metrics={'auc': 54.20233422093836, 'final': 54.41225442941438, 'steps_to_threshold': 93333.33333333333, 'reached_threshold': 1.0, 'num_actuators': 6, 'complexity_penalty': 7.5}
05:50:10  DEBUG    id=115  fitness=   60.156 limbs= 8 depth=3 metrics={'auc': 68.90572561533092, 'final': 73.21123707088185, 'steps_to_threshold': 220000.0, 'reached_threshold': 1.0, 'num_actuators': 7, 'complexity_penalty': 8.75}
05:50:10  DEBUG    id=116  fitness=   63.203 limbs= 8 depth=3 metrics={'auc': 71.95268640674213, 'final': 70.18073404079543, 'steps_to_threshold': 136666.66666666666, 'reached_threshold': 1.0, 'num_actuators': 7, 'complexity_penalty': 8.75}
05:50:10  DEBUG    id=117  fitness=   62.745 limbs= 8 depth=3 metrics={'auc': 71.49525586946498, 'final': 86.31128481530529, 'steps_to_threshold': 155000.0, 'reached_threshold': 1.0, 'num_actuators': 7, 'complexity_penalty': 8.75}
05:50:10  DEBUG    id=118  fitness=   73.929 limbs= 8 depth=3 metrics={'auc': 82.67858433609155, 'final': 87.44544245777287, 'steps_to_threshold': 105000.0, 'reached_threshold': 1.0, 'num_actuators': 7, 'complexity_penalty': 8.75}
05:50:10  DEBUG    id=119  fitness=    4.433 limbs= 8 depth=3 metrics={'auc': 13.182508599621109, 'final': 0.49051806805942144, 'steps_to_threshold': 18333.333333333332, 'reached_threshold': 1.0, 'num_actuators': 7, 'complexity_penalty': 8.75}
05:50:10  DEBUG    id=120  fitness=   12.628 limbs= 7 depth=3 metrics={'auc': 20.127737940124135, 'final': 6.7432981761547195, 'steps_to_threshold': 11666.666666666666, 'reached_threshold': 1.0, 'num_actuators': 6, 'complexity_penalty': 7.5}
05:50:10  DEBUG    id=121  fitness=   38.823 limbs= 7 depth=3 metrics={'auc': 46.32256462228207, 'final': 42.6913011242998, 'steps_to_threshold': 113333.33333333333, 'reached_threshold': 1.0, 'num_actuators': 6, 'complexity_penalty': 7.5}
05:50:10  DEBUG    id=122  fitness=   40.399 limbs= 6 depth=3 metrics={'auc': 46.649135970624314, 'final': 39.09681042480647, 'steps_to_threshold': 50000.0, 'reached_threshold': 1.0, 'num_actuators': 5, 'complexity_penalty': 6.25}
05:50:10  DEBUG    id=123  fitness=   33.710 limbs= 7 depth=3 metrics={'auc': 41.210103283794155, 'final': 34.89717481236325, 'steps_to_threshold': 88333.33333333333, 'reached_threshold': 1.0, 'num_actuators': 6, 'complexity_penalty': 7.5}
05:50:10  DEBUG    id=124  fitness=   69.204 limbs= 7 depth=3 metrics={'auc': 76.70350712440444, 'final': 98.86625498013632, 'steps_to_threshold': 145000.0, 'reached_threshold': 1.0, 'num_actuators': 6, 'complexity_penalty': 7.5}
05:50:10  DEBUG    id=125  fitness=   34.111 limbs= 9 depth=3 metrics={'auc': 44.1114574463321, 'final': 40.55429893834084, 'steps_to_threshold': 88333.33333333333, 'reached_threshold': 1.0, 'num_actuators': 8, 'complexity_penalty': 10.0}
05:50:10  DEBUG    id=126  fitness=   28.114 limbs= 7 depth=3 metrics={'auc': 35.61434617745132, 'final': 21.564869952187408, 'steps_to_threshold': 20000.0, 'reached_threshold': 1.0, 'num_actuators': 6, 'complexity_penalty': 7.5}
05:50:10  DEBUG    id=127  fitness=   33.817 limbs= 8 depth=3 metrics={'auc': 42.56683619266531, 'final': 37.90566237321284, 'steps_to_threshold': 100000.0, 'reached_threshold': 1.0, 'num_actuators': 7, 'complexity_penalty': 8.75}
05:50:10  DEBUG    id=128  fitness=   17.670 limbs= 7 depth=3 metrics={'auc': 25.17028187140777, 'final': 10.532474600102931, 'steps_to_threshold': 18333.333333333332, 'reached_threshold': 1.0, 'num_actuators': 6, 'complexity_penalty': 7.5}
05:50:10  DEBUG    id=129  fitness=   35.084 limbs=10 depth=3 metrics={'auc': 46.33381622074694, 'final': 42.928996176625866, 'steps_to_threshold': 65000.0, 'reached_threshold': 1.0, 'num_actuators': 9, 'complexity_penalty': 11.25}
05:50:10  DEBUG    id=130  fitness=   15.640 limbs= 9 depth=3 metrics={'auc': 25.63976418137729, 'final': 12.7314932660385, 'steps_to_threshold': 20000.0, 'reached_threshold': 1.0, 'num_actuators': 8, 'complexity_penalty': 10.0}
05:50:10  DEBUG    id=131  fitness=   40.451 limbs=10 depth=3 metrics={'auc': 51.70083847014134, 'final': 60.00231266708317, 'steps_to_threshold': 100000.0, 'reached_threshold': 1.0, 'num_actuators': 9, 'complexity_penalty': 11.25}
05:50:10  DEBUG    id=132  fitness=   57.800 limbs= 7 depth=3 metrics={'auc': 65.30016882979992, 'final': 74.61577983658076, 'steps_to_threshold': 123333.33333333333, 'reached_threshold': 1.0, 'num_actuators': 6, 'complexity_penalty': 7.5}
05:50:10  DEBUG    id=133  fitness=   58.060 limbs= 7 depth=3 metrics={'auc': 65.55951219076586, 'final': 82.81122035128652, 'steps_to_threshold': 151666.66666666666, 'reached_threshold': 1.0, 'num_actuators': 6, 'complexity_penalty': 7.5}
05:50:10  INFO   gen 5 done | best 73.929 (id=118, 8 limbs) | mean 39.564 | worst 4.433 | invalid 0 | 1175.9s
05:50:10  INFO     ~19.4 min/gen, est. 77.6 min remaining
05:50:10  INFO   gen 6: evaluating 22/24 individuals (8 workers)
06:11:10  DEBUG    id=134  fitness=   46.786 limbs= 9 depth=3 metrics={'auc': 56.78599628227499, 'final': 70.91259326586481, 'steps_to_threshold': 226666.66666666666, 'reached_threshold': 1.0, 'num_actuators': 8, 'complexity_penalty': 10.0}
06:11:10  DEBUG    id=135  fitness=   38.439 limbs=11 depth=3 metrics={'auc': 50.93851114749955, 'final': 42.906898669802814, 'steps_to_threshold': 55000.0, 'reached_threshold': 1.0, 'num_actuators': 10, 'complexity_penalty': 12.5}
06:11:10  DEBUG    id=136  fitness=   43.931 limbs= 7 depth=3 metrics={'auc': 51.430934100656934, 'final': 54.25999333781775, 'steps_to_threshold': 91666.66666666667, 'reached_threshold': 1.0, 'num_actuators': 6, 'complexity_penalty': 7.5}
06:11:10  DEBUG    id=137  fitness=   58.740 limbs=11 depth=3 metrics={'auc': 71.23998404082944, 'final': 101.39899754359818, 'steps_to_threshold': 245000.0, 'reached_threshold': 1.0, 'num_actuators': 10, 'complexity_penalty': 12.5}
06:11:10  DEBUG    id=138  fitness=   25.619 limbs= 8 depth=3 metrics={'auc': 34.36872512353997, 'final': 28.389640543863337, 'steps_to_threshold': 73333.33333333333, 'reached_threshold': 1.0, 'num_actuators': 7, 'complexity_penalty': 8.75}
06:11:10  DEBUG    id=139  fitness=   29.301 limbs= 9 depth=3 metrics={'auc': 39.30139902207554, 'final': 40.98811155564263, 'steps_to_threshold': 158333.33333333334, 'reached_threshold': 1.0, 'num_actuators': 8, 'complexity_penalty': 10.0}
06:11:10  DEBUG    id=140  fitness=   49.499 limbs= 9 depth=3 metrics={'auc': 59.49918066768038, 'final': 46.21567309047021, 'steps_to_threshold': 148333.33333333334, 'reached_threshold': 1.0, 'num_actuators': 8, 'complexity_penalty': 10.0}
06:11:10  DEBUG    id=141  fitness=   54.584 limbs= 9 depth=3 metrics={'auc': 64.58425866688015, 'final': 66.18036065466413, 'steps_to_threshold': 160000.0, 'reached_threshold': 1.0, 'num_actuators': 8, 'complexity_penalty': 10.0}
06:11:10  DEBUG    id=142  fitness=   59.858 limbs= 7 depth=3 metrics={'auc': 67.35830821532134, 'final': 82.69725282986803, 'steps_to_threshold': 146666.66666666666, 'reached_threshold': 1.0, 'num_actuators': 6, 'complexity_penalty': 7.5}
06:11:10  DEBUG    id=143  fitness=   31.496 limbs= 9 depth=3 metrics={'auc': 41.49581812155507, 'final': 41.34680871481435, 'steps_to_threshold': 108333.33333333333, 'reached_threshold': 1.0, 'num_actuators': 8, 'complexity_penalty': 10.0}
06:11:10  DEBUG    id=144  fitness=   43.797 limbs=10 depth=3 metrics={'auc': 55.04689827461604, 'final': 63.909806399925884, 'steps_to_threshold': 125000.0, 'reached_threshold': 1.0, 'num_actuators': 9, 'complexity_penalty': 11.25}
06:11:10  DEBUG    id=145  fitness=   65.476 limbs= 8 depth=3 metrics={'auc': 74.22588979308905, 'final': 91.47376108167764, 'steps_to_threshold': 178333.33333333334, 'reached_threshold': 1.0, 'num_actuators': 7, 'complexity_penalty': 8.75}
06:11:10  DEBUG    id=146  fitness=   53.374 limbs= 8 depth=3 metrics={'auc': 62.123897106763536, 'final': 68.02729719119978, 'steps_to_threshold': 125000.0, 'reached_threshold': 1.0, 'num_actuators': 7, 'complexity_penalty': 8.75}
06:11:10  DEBUG    id=147  fitness=   34.496 limbs= 8 depth=3 metrics={'auc': 43.24599110864182, 'final': 39.67398887623758, 'steps_to_threshold': 91666.66666666667, 'reached_threshold': 1.0, 'num_actuators': 7, 'complexity_penalty': 8.75}
06:11:10  DEBUG    id=148  fitness=   39.083 limbs= 7 depth=3 metrics={'auc': 46.58280044037408, 'final': 37.480600791269616, 'steps_to_threshold': 50000.0, 'reached_threshold': 1.0, 'num_actuators': 6, 'complexity_penalty': 7.5}
06:11:10  DEBUG    id=149  fitness=   20.344 limbs= 7 depth=3 metrics={'auc': 27.8441198363721, 'final': 19.914456663485463, 'steps_to_threshold': 35000.0, 'reached_threshold': 1.0, 'num_actuators': 6, 'complexity_penalty': 7.5}
06:11:10  DEBUG    id=150  fitness=    1.110 limbs= 8 depth=3 metrics={'auc': 9.860410288752375, 'final': -1.8567820083760607, 'steps_to_threshold': 13333.333333333334, 'reached_threshold': 1.0, 'num_actuators': 7, 'complexity_penalty': 8.75}
06:11:10  DEBUG    id=151  fitness=  201.511 limbs= 8 depth=3 metrics={'auc': 210.2610268858701, 'final': 750.6361608758607, 'steps_to_threshold': 316666.6666666667, 'reached_threshold': 1.0, 'num_actuators': 7, 'complexity_penalty': 8.75}
06:11:10  DEBUG    id=152  fitness=   10.844 limbs= 7 depth=3 metrics={'auc': 18.34379434024223, 'final': 4.653917168607634, 'steps_to_threshold': 18333.333333333332, 'reached_threshold': 1.0, 'num_actuators': 6, 'complexity_penalty': 7.5}
06:11:10  DEBUG    id=153  fitness=   44.588 limbs= 9 depth=3 metrics={'auc': 54.58779509008468, 'final': 53.37996857498658, 'steps_to_threshold': 86666.66666666667, 'reached_threshold': 1.0, 'num_actuators': 8, 'complexity_penalty': 10.0}
06:11:10  DEBUG    id=154  fitness=    3.199 limbs= 6 depth=3 metrics={'auc': 9.449454702497102, 'final': -1.7262745174836445, 'steps_to_threshold': 15000.0, 'reached_threshold': 1.0, 'num_actuators': 5, 'complexity_penalty': 6.25}
06:11:10  DEBUG    id=155  fitness=   38.007 limbs= 7 depth=3 metrics={'auc': 45.50657577840192, 'final': 41.27977165349474, 'steps_to_threshold': 83333.33333333333, 'reached_threshold': 1.0, 'num_actuators': 6, 'complexity_penalty': 7.5}
06:11:10  INFO   gen 6 done | best 201.511 (id=151, 8 limbs) | mean 46.937 | worst 1.110 | invalid 0 | 1260.1s
06:11:10  INFO     ~19.6 min/gen, est. 58.9 min remaining
06:11:10  INFO   gen 7: evaluating 22/24 individuals (8 workers)
06:31:26  DEBUG    id=156  fitness=   54.069 limbs= 9 depth=3 metrics={'auc': 64.06899420043847, 'final': 74.83194744506498, 'steps_to_threshold': 163333.33333333334, 'reached_threshold': 1.0, 'num_actuators': 8, 'complexity_penalty': 10.0}
06:31:26  DEBUG    id=157  fitness=   38.405 limbs=10 depth=3 metrics={'auc': 49.655271511766664, 'final': 50.04957637704516, 'steps_to_threshold': 91666.66666666667, 'reached_threshold': 1.0, 'num_actuators': 9, 'complexity_penalty': 11.25}
06:31:26  DEBUG    id=158  fitness=   47.205 limbs= 7 depth=3 metrics={'auc': 54.70512234535187, 'final': 54.39658161277234, 'steps_to_threshold': 91666.66666666667, 'reached_threshold': 1.0, 'num_actuators': 6, 'complexity_penalty': 7.5}
06:31:26  DEBUG    id=159  fitness=   33.587 limbs=10 depth=3 metrics={'auc': 44.8367838360748, 'final': 34.83346538545112, 'steps_to_threshold': 60000.0, 'reached_threshold': 1.0, 'num_actuators': 9, 'complexity_penalty': 11.25}
06:31:26  DEBUG    id=160  fitness=   47.514 limbs= 9 depth=3 metrics={'auc': 57.51422449911744, 'final': 65.96284783962325, 'steps_to_threshold': 140000.0, 'reached_threshold': 1.0, 'num_actuators': 8, 'complexity_penalty': 10.0}
06:31:26  DEBUG    id=161  fitness=   14.395 limbs= 9 depth=3 metrics={'auc': 24.394763932211635, 'final': 12.066300111847049, 'steps_to_threshold': 15000.0, 'reached_threshold': 1.0, 'num_actuators': 8, 'complexity_penalty': 10.0}
06:31:26  DEBUG    id=162  fitness=  105.987 limbs= 8 depth=3 metrics={'auc': 114.73679802138831, 'final': 161.88014711345693, 'steps_to_threshold': 181666.66666666666, 'reached_threshold': 1.0, 'num_actuators': 7, 'complexity_penalty': 8.75}
06:31:26  DEBUG    id=163  fitness=   40.521 limbs=12 depth=3 metrics={'auc': 54.27143884752656, 'final': 73.16927306696594, 'steps_to_threshold': 146666.66666666666, 'reached_threshold': 1.0, 'num_actuators': 11, 'complexity_penalty': 13.75}
06:31:26  DEBUG    id=164  fitness=   53.071 limbs= 8 depth=3 metrics={'auc': 61.821360643999505, 'final': 68.107896308142, 'steps_to_threshold': 108333.33333333333, 'reached_threshold': 1.0, 'num_actuators': 7, 'complexity_penalty': 8.75}
06:31:26  DEBUG    id=165  fitness=   62.440 limbs= 8 depth=3 metrics={'auc': 71.18961444133303, 'final': 77.3996228852962, 'steps_to_threshold': 158333.33333333334, 'reached_threshold': 1.0, 'num_actuators': 7, 'complexity_penalty': 8.75}
06:31:26  DEBUG    id=166  fitness=   63.669 limbs= 7 depth=3 metrics={'auc': 71.1686186138763, 'final': 76.38203652404572, 'steps_to_threshold': 118333.33333333333, 'reached_threshold': 1.0, 'num_actuators': 6, 'complexity_penalty': 7.5}
06:31:26  DEBUG    id=167  fitness=  279.317 limbs= 8 depth=3 metrics={'auc': 288.0668470316086, 'final': 777.1801628902646, 'steps_to_threshold': 360000.0, 'reached_threshold': 1.0, 'num_actuators': 7, 'complexity_penalty': 8.75}
06:31:26  DEBUG    id=168  fitness=   25.173 limbs=11 depth=3 metrics={'auc': 37.67330157233365, 'final': 44.460017602698116, 'steps_to_threshold': 115000.0, 'reached_threshold': 1.0, 'num_actuators': 10, 'complexity_penalty': 12.5}
06:31:26  DEBUG    id=169  fitness=   -3.692 limbs= 5 depth=3 metrics={'auc': 1.3081386042740055, 'final': -13.080346729460956, 'steps_to_threshold': 63333.333333333336, 'reached_threshold': 1.0, 'num_actuators': 4, 'complexity_penalty': 5.0}
06:31:26  DEBUG    id=170  fitness=    4.639 limbs= 7 depth=3 metrics={'auc': 12.13881109007223, 'final': 2.132550314978823, 'steps_to_threshold': 96666.66666666667, 'reached_threshold': 1.0, 'num_actuators': 6, 'complexity_penalty': 7.5}
06:31:26  DEBUG    id=171  fitness=  308.119 limbs= 8 depth=3 metrics={'auc': 316.86883739562614, 'final': 703.0275478307825, 'steps_to_threshold': 250000.0, 'reached_threshold': 1.0, 'num_actuators': 7, 'complexity_penalty': 8.75}
06:31:26  DEBUG    id=172  fitness=    4.691 limbs= 5 depth=3 metrics={'auc': 9.691147928617697, 'final': -6.041511017654685, 'steps_to_threshold': 16666.666666666668, 'reached_threshold': 1.0, 'num_actuators': 4, 'complexity_penalty': 5.0}
06:31:26  DEBUG    id=173  fitness=   62.329 limbs= 9 depth=3 metrics={'auc': 72.32859010194478, 'final': 115.23472914002299, 'steps_to_threshold': 150000.0, 'reached_threshold': 1.0, 'num_actuators': 8, 'complexity_penalty': 10.0}
06:31:26  DEBUG    id=174  fitness=   72.690 limbs= 8 depth=3 metrics={'auc': 81.43985979461822, 'final': 347.87184618608825, 'steps_to_threshold': 288333.3333333333, 'reached_threshold': 1.0, 'num_actuators': 7, 'complexity_penalty': 8.75}
06:31:26  DEBUG    id=175  fitness=  -11.218 limbs=11 depth=3 metrics={'auc': 1.2821063506963222, 'final': -10.455245749661858, 'steps_to_threshold': 25000.0, 'reached_threshold': 1.0, 'num_actuators': 10, 'complexity_penalty': 12.5}
06:31:26  DEBUG    id=176  fitness=   42.883 limbs= 9 depth=3 metrics={'auc': 52.883042047566256, 'final': 49.41679374995635, 'steps_to_threshold': 61666.666666666664, 'reached_threshold': 1.0, 'num_actuators': 8, 'complexity_penalty': 10.0}
06:31:26  DEBUG    id=177  fitness=   43.768 limbs=10 depth=3 metrics={'auc': 55.01780149018459, 'final': 86.8209750220987, 'steps_to_threshold': 391666.6666666667, 'reached_threshold': 1.0, 'num_actuators': 9, 'complexity_penalty': 11.25}
06:31:26  INFO   gen 7 done | best 308.119 (id=171, 8 limbs) | mean 69.023 | worst -11.218 | invalid 0 | 1216.5s
06:31:26  INFO     ~19.7 min/gen, est. 39.4 min remaining
06:31:26  INFO   gen 8: evaluating 22/24 individuals (8 workers)
06:52:44  DEBUG    id=178  fitness=  151.469 limbs= 8 depth=3 metrics={'auc': 160.21887701462762, 'final': 635.2826394425047, 'steps_to_threshold': 396666.6666666667, 'reached_threshold': 1.0, 'num_actuators': 7, 'complexity_penalty': 8.75}
06:52:44  DEBUG    id=179  fitness=   79.306 limbs= 8 depth=3 metrics={'auc': 88.05567724374886, 'final': 123.04488612390166, 'steps_to_threshold': 163333.33333333334, 'reached_threshold': 1.0, 'num_actuators': 7, 'complexity_penalty': 8.75}
06:52:44  DEBUG    id=180  fitness=  125.549 limbs= 8 depth=3 metrics={'auc': 134.29880814955894, 'final': 229.58766763409608, 'steps_to_threshold': 238333.33333333334, 'reached_threshold': 1.0, 'num_actuators': 7, 'complexity_penalty': 8.75}
06:52:44  DEBUG    id=181  fitness=   26.325 limbs=11 depth=3 metrics={'auc': 38.82470975720749, 'final': 36.490564810161445, 'steps_to_threshold': 111666.66666666667, 'reached_threshold': 1.0, 'num_actuators': 10, 'complexity_penalty': 12.5}
06:52:44  DEBUG    id=182  fitness=    8.773 limbs= 9 depth=3 metrics={'auc': 18.77263364615408, 'final': 14.437859353884319, 'steps_to_threshold': 146666.66666666666, 'reached_threshold': 1.0, 'num_actuators': 8, 'complexity_penalty': 10.0}
06:52:44  DEBUG    id=183  fitness=  113.730 limbs= 9 depth=3 metrics={'auc': 123.729500136901, 'final': 671.7998600400421, 'steps_to_threshold': 421666.6666666667, 'reached_threshold': 1.0, 'num_actuators': 8, 'complexity_penalty': 10.0}
06:52:44  DEBUG    id=184  fitness=   32.485 limbs= 9 depth=3 metrics={'auc': 42.48457166889065, 'final': 50.14483280737927, 'steps_to_threshold': 146666.66666666666, 'reached_threshold': 1.0, 'num_actuators': 8, 'complexity_penalty': 10.0}
06:52:44  DEBUG    id=185  fitness=   59.578 limbs= 9 depth=3 metrics={'auc': 69.57754198669777, 'final': 75.16164057297833, 'steps_to_threshold': 126666.66666666667, 'reached_threshold': 1.0, 'num_actuators': 8, 'complexity_penalty': 10.0}
06:52:44  DEBUG    id=186  fitness=   80.311 limbs= 7 depth=3 metrics={'auc': 87.81070839802089, 'final': 114.26422430405557, 'steps_to_threshold': 325000.0, 'reached_threshold': 1.0, 'num_actuators': 6, 'complexity_penalty': 7.5}
06:52:44  DEBUG    id=187  fitness=   64.971 limbs= 9 depth=3 metrics={'auc': 74.97117674413995, 'final': 99.56933086338638, 'steps_to_threshold': 136666.66666666666, 'reached_threshold': 1.0, 'num_actuators': 8, 'complexity_penalty': 10.0}
06:52:44  DEBUG    id=188  fitness=   88.742 limbs= 7 depth=3 metrics={'auc': 96.2421997188671, 'final': 125.00503213320275, 'steps_to_threshold': 295000.0, 'reached_threshold': 1.0, 'num_actuators': 6, 'complexity_penalty': 7.5}
06:52:44  DEBUG    id=189  fitness=   23.926 limbs=11 depth=3 metrics={'auc': 36.42636984605179, 'final': 41.71735646650411, 'steps_to_threshold': 98333.33333333333, 'reached_threshold': 1.0, 'num_actuators': 10, 'complexity_penalty': 12.5}
06:52:44  DEBUG    id=190  fitness=   46.062 limbs= 9 depth=3 metrics={'auc': 56.06178359191467, 'final': 60.89226430680018, 'steps_to_threshold': 133333.33333333334, 'reached_threshold': 1.0, 'num_actuators': 8, 'complexity_penalty': 10.0}
06:52:44  DEBUG    id=191  fitness=   67.048 limbs= 9 depth=3 metrics={'auc': 77.04827074474832, 'final': 104.55852038207553, 'steps_to_threshold': 200000.0, 'reached_threshold': 1.0, 'num_actuators': 8, 'complexity_penalty': 10.0}
06:52:44  DEBUG    id=192  fitness=   96.605 limbs= 8 depth=3 metrics={'auc': 105.35538392555418, 'final': 144.09528588583245, 'steps_to_threshold': 185000.0, 'reached_threshold': 1.0, 'num_actuators': 7, 'complexity_penalty': 8.75}
06:52:44  DEBUG    id=193  fitness=   45.310 limbs= 9 depth=3 metrics={'auc': 55.30969644730539, 'final': 54.26455617602675, 'steps_to_threshold': 21666.666666666668, 'reached_threshold': 1.0, 'num_actuators': 8, 'complexity_penalty': 10.0}
06:52:44  DEBUG    id=194  fitness=  153.405 limbs= 8 depth=3 metrics={'auc': 162.15479799908442, 'final': 502.47776957200404, 'steps_to_threshold': 378333.3333333333, 'reached_threshold': 1.0, 'num_actuators': 7, 'complexity_penalty': 8.75}
06:52:44  DEBUG    id=195  fitness=   64.957 limbs= 8 depth=3 metrics={'auc': 73.70657851095356, 'final': 77.94748273405331, 'steps_to_threshold': 168333.33333333334, 'reached_threshold': 1.0, 'num_actuators': 7, 'complexity_penalty': 8.75}
06:52:44  DEBUG    id=196  fitness=   41.422 limbs=10 depth=3 metrics={'auc': 52.67219456816728, 'final': 50.16036818760386, 'steps_to_threshold': 65000.0, 'reached_threshold': 1.0, 'num_actuators': 9, 'complexity_penalty': 11.25}
06:52:44  DEBUG    id=197  fitness=  114.840 limbs= 9 depth=3 metrics={'auc': 124.83973120076524, 'final': 236.01679728798126, 'steps_to_threshold': 328333.3333333333, 'reached_threshold': 1.0, 'num_actuators': 8, 'complexity_penalty': 10.0}
06:52:44  DEBUG    id=198  fitness=    2.126 limbs= 9 depth=3 metrics={'auc': 12.12576642839376, 'final': 3.314580931710983, 'steps_to_threshold': 58333.333333333336, 'reached_threshold': 1.0, 'num_actuators': 8, 'complexity_penalty': 10.0}
06:52:44  DEBUG    id=199  fitness=   41.383 limbs= 7 depth=3 metrics={'auc': 48.88305952178002, 'final': 47.30394682605523, 'steps_to_threshold': 61666.666666666664, 'reached_threshold': 1.0, 'num_actuators': 6, 'complexity_penalty': 7.5}
06:52:44  INFO   gen 8 done | best 308.119 (id=171, 8 limbs) | mean 84.915 | worst 2.126 | invalid 0 | 1277.7s
06:52:44  INFO     ~19.9 min/gen, est. 19.9 min remaining
06:52:44  INFO   gen 9: evaluating 22/24 individuals (8 workers)
07:31:36  DEBUG    id=200  fitness=  159.446 limbs= 7 depth=3 metrics={'auc': 166.94589591767365, 'final': 215.83259820418164, 'steps_to_threshold': 196666.66666666666, 'reached_threshold': 1.0, 'num_actuators': 6, 'complexity_penalty': 7.5}
07:31:36  DEBUG    id=201  fitness=   74.292 limbs=10 depth=3 metrics={'auc': 85.54162063110363, 'final': 125.7484494817467, 'steps_to_threshold': 330000.0, 'reached_threshold': 1.0, 'num_actuators': 9, 'complexity_penalty': 11.25}
07:31:36  DEBUG    id=202  fitness=  105.815 limbs= 8 depth=3 metrics={'auc': 114.56511848261334, 'final': 147.24183811660856, 'steps_to_threshold': 178333.33333333334, 'reached_threshold': 1.0, 'num_actuators': 7, 'complexity_penalty': 8.75}
07:31:36  DEBUG    id=203  fitness=   59.303 limbs= 7 depth=3 metrics={'auc': 66.80268538564695, 'final': 91.53488266601614, 'steps_to_threshold': 228333.33333333334, 'reached_threshold': 1.0, 'num_actuators': 6, 'complexity_penalty': 7.5}
07:31:36  DEBUG    id=204  fitness=    4.089 limbs= 7 depth=3 metrics={'auc': 11.58888999294446, 'final': 0.08168817137404755, 'steps_to_threshold': 10000.0, 'reached_threshold': 1.0, 'num_actuators': 6, 'complexity_penalty': 7.5}
07:31:36  DEBUG    id=205  fitness=    5.300 limbs= 8 depth=3 metrics={'auc': 14.050007909700012, 'final': 2.669410874202233, 'steps_to_threshold': 15000.0, 'reached_threshold': 1.0, 'num_actuators': 7, 'complexity_penalty': 8.75}
07:31:36  DEBUG    id=206  fitness=   -2.677 limbs= 7 depth=3 metrics={'auc': 4.822571821147011, 'final': -7.226796025088482, 'steps_to_threshold': 5000.0, 'reached_threshold': 1.0, 'num_actuators': 6, 'complexity_penalty': 7.5}
07:31:36  DEBUG    id=207  fitness=   74.393 limbs= 8 depth=3 metrics={'auc': 83.1428163536122, 'final': 102.04574550555856, 'steps_to_threshold': 301666.6666666667, 'reached_threshold': 1.0, 'num_actuators': 7, 'complexity_penalty': 8.75}
07:31:36  DEBUG    id=208  fitness=   -5.674 limbs= 8 depth=3 metrics={'auc': 3.075698385365809, 'final': -9.121142060071904, 'steps_to_threshold': 8333.333333333334, 'reached_threshold': 1.0, 'num_actuators': 7, 'complexity_penalty': 8.75}
07:31:36  DEBUG    id=209  fitness=  315.486 limbs= 8 depth=3 metrics={'auc': 324.2355086595931, 'final': 658.6464906301215, 'steps_to_threshold': 321666.6666666667, 'reached_threshold': 1.0, 'num_actuators': 7, 'complexity_penalty': 8.75}
07:31:36  DEBUG    id=210  fitness=   21.674 limbs= 8 depth=3 metrics={'auc': 30.424371739356687, 'final': 31.005994804604878, 'steps_to_threshold': 233333.33333333334, 'reached_threshold': 1.0, 'num_actuators': 7, 'complexity_penalty': 8.75}
07:31:36  DEBUG    id=211  fitness=   70.113 limbs= 7 depth=3 metrics={'auc': 77.61302707158069, 'final': 274.9789963612657, 'steps_to_threshold': 146666.66666666666, 'reached_threshold': 1.0, 'num_actuators': 6, 'complexity_penalty': 7.5}
07:31:36  DEBUG    id=212  fitness=    1.202 limbs= 6 depth=3 metrics={'auc': 7.451877624939441, 'final': 0.225618782559159, 'steps_to_threshold': 123333.33333333333, 'reached_threshold': 1.0, 'num_actuators': 5, 'complexity_penalty': 6.25}
07:31:36  DEBUG    id=213  fitness=    4.079 limbs= 5 depth=3 metrics={'auc': 9.07920635203275, 'final': -2.4125102057274392, 'steps_to_threshold': 11666.666666666666, 'reached_threshold': 1.0, 'num_actuators': 4, 'complexity_penalty': 5.0}
07:31:36  DEBUG    id=214  fitness=   10.785 limbs= 7 depth=3 metrics={'auc': 18.284925622515562, 'final': 9.467464687796628, 'steps_to_threshold': 18333.333333333332, 'reached_threshold': 1.0, 'num_actuators': 6, 'complexity_penalty': 7.5}
07:31:36  DEBUG    id=215  fitness=  246.714 limbs= 8 depth=3 metrics={'auc': 255.46350130443295, 'final': 860.3568825108468, 'steps_to_threshold': 355000.0, 'reached_threshold': 1.0, 'num_actuators': 7, 'complexity_penalty': 8.75}
07:31:36  DEBUG    id=216  fitness=   49.332 limbs= 8 depth=3 metrics={'auc': 58.0820944056307, 'final': 58.12343683230833, 'steps_to_threshold': 123333.33333333333, 'reached_threshold': 1.0, 'num_actuators': 7, 'complexity_penalty': 8.75}
07:31:36  DEBUG    id=217  fitness=  801.062 limbs= 8 depth=3 metrics={'auc': 809.8115746231857, 'final': 102.14165845653649, 'steps_to_threshold': 5000.0, 'reached_threshold': 1.0, 'num_actuators': 7, 'complexity_penalty': 8.75}
07:31:36  DEBUG    id=218  fitness=  315.447 limbs= 8 depth=3 metrics={'auc': 324.1967441838288, 'final': 701.9248294275243, 'steps_to_threshold': 326666.6666666667, 'reached_threshold': 1.0, 'num_actuators': 7, 'complexity_penalty': 8.75}
07:31:36  DEBUG    id=219  fitness=  139.133 limbs= 8 depth=3 metrics={'auc': 147.88302833885322, 'final': 273.0234005673908, 'steps_to_threshold': 361666.6666666667, 'reached_threshold': 1.0, 'num_actuators': 7, 'complexity_penalty': 8.75}
07:31:36  DEBUG    id=220  fitness=   64.890 limbs= 9 depth=3 metrics={'auc': 74.88981184598242, 'final': 82.17054588147464, 'steps_to_threshold': 110000.0, 'reached_threshold': 1.0, 'num_actuators': 8, 'complexity_penalty': 10.0}
07:31:36  DEBUG    id=221  fitness=  213.303 limbs= 8 depth=3 metrics={'auc': 222.0531026015908, 'final': 681.2165386544208, 'steps_to_threshold': 356666.6666666667, 'reached_threshold': 1.0, 'num_actuators': 7, 'complexity_penalty': 8.75}
07:31:36  INFO   gen 9 done | best 801.062 (id=217, 8 limbs) | mean 134.881 | worst -5.674 | invalid 0 | 2332.0s
07:31:37  INFO   ================================================================
07:31:37  INFO   Finished 10 generations in 217.8 min. Best fitness 801.062 (8 limbs).
07:31:37  INFO   Artifacts: run.log, generation_stats.csv, history.json, and per generation gen*_best.xml + gen*_best_genome.pkl + gen*_best_policy.zip in experiments/run22
