23:11:34  INFO   ================================================================
23:11:34  INFO   Learnability-driven morphology evolution
23:11:34  INFO     population=24  generations=5  metric=auc  eval_seeds=3
23:11:34  INFO     inner: algo=ppo  lifetime_steps=500000  eval_every=5000  horizon=2500
23:11:34  INFO     workers=8  seed=0  out=experiments/run21
23:11:34  INFO   ================================================================
23:11:34  INFO   gen 0: evaluating 24/24 individuals (8 workers)
23:33:59  DEBUG    id=0    fitness=    2.736 limbs= 2 depth=2 metrics={'auc': 3.9858868676365717, 'final': -7.830937148707033, 'steps_to_threshold': 5000.0, 'reached_threshold': 1.0, 'num_actuators': 1, 'complexity_penalty': 1.25}
23:33:59  DEBUG    id=1    fitness=   -0.558 limbs= 7 depth=3 metrics={'auc': 6.941672383137963, 'final': -6.021928367122965, 'steps_to_threshold': 5000.0, 'reached_threshold': 1.0, 'num_actuators': 6, 'complexity_penalty': 7.5}
23:33:59  DEBUG    id=2    fitness=    4.859 limbs= 6 depth=3 metrics={'auc': 11.108515916144798, 'final': -1.6478332199054797, 'steps_to_threshold': 10000.0, 'reached_threshold': 1.0, 'num_actuators': 5, 'complexity_penalty': 6.25}
23:33:59  DEBUG    id=3    fitness=   -8.861 limbs=11 depth=3 metrics={'auc': 3.639285673492975, 'final': -10.485589313889887, 'steps_to_threshold': 45000.0, 'reached_threshold': 1.0, 'num_actuators': 10, 'complexity_penalty': 12.5}
23:33:59  DEBUG    id=4    fitness=  -11.306 limbs=11 depth=3 metrics={'auc': 1.1940048198726054, 'final': -11.651533495620813, 'steps_to_threshold': 36666.666666666664, 'reached_threshold': 1.0, 'num_actuators': 10, 'complexity_penalty': 12.5}
23:33:59  DEBUG    id=5    fitness=  -12.422 limbs=12 depth=3 metrics={'auc': 1.3283325827763168, 'final': -11.628552668295725, 'steps_to_threshold': 20000.0, 'reached_threshold': 1.0, 'num_actuators': 11, 'complexity_penalty': 13.75}
23:33:59  DEBUG    id=6    fitness=   -8.995 limbs=12 depth=3 metrics={'auc': 4.755014071053278, 'final': -7.855217509170852, 'steps_to_threshold': 18333.333333333332, 'reached_threshold': 1.0, 'num_actuators': 11, 'complexity_penalty': 13.75}
23:33:59  DEBUG    id=7    fitness=   -2.139 limbs= 3 depth=3 metrics={'auc': 0.360956337344593, 'final': -12.029791387328807, 'steps_to_threshold': 10000.0, 'reached_threshold': 1.0, 'num_actuators': 2, 'complexity_penalty': 2.5}
23:33:59  DEBUG    id=8    fitness=   -0.710 limbs= 4 depth=3 metrics={'auc': 3.0396416287644534, 'final': -10.209374241880186, 'steps_to_threshold': 5000.0, 'reached_threshold': 1.0, 'num_actuators': 3, 'complexity_penalty': 3.75}
23:33:59  DEBUG    id=9    fitness=   -6.129 limbs= 8 depth=3 metrics={'auc': 2.6205280911062983, 'final': -9.489732115662003, 'steps_to_threshold': 10000.0, 'reached_threshold': 1.0, 'num_actuators': 7, 'complexity_penalty': 8.75}
23:33:59  DEBUG    id=10   fitness=   -1.536 limbs= 3 depth=3 metrics={'auc': 0.963639519404699, 'final': -10.972734768868627, 'steps_to_threshold': 10000.0, 'reached_threshold': 1.0, 'num_actuators': 2, 'complexity_penalty': 2.5}
23:33:59  DEBUG    id=11   fitness=   -7.822 limbs=11 depth=3 metrics={'auc': 4.678339137638932, 'final': -8.017746184854667, 'steps_to_threshold': 21666.666666666668, 'reached_threshold': 1.0, 'num_actuators': 10, 'complexity_penalty': 12.5}
23:33:59  DEBUG    id=12   fitness=   -2.173 limbs= 3 depth=3 metrics={'auc': 0.3270271275289993, 'final': -11.8599773436291, 'steps_to_threshold': 6666.666666666667, 'reached_threshold': 1.0, 'num_actuators': 2, 'complexity_penalty': 2.5}
23:33:59  DEBUG    id=13   fitness=   -3.354 limbs= 7 depth=3 metrics={'auc': 4.146300140448979, 'final': -9.158361368634148, 'steps_to_threshold': 23333.333333333332, 'reached_threshold': 1.0, 'num_actuators': 6, 'complexity_penalty': 7.5}
23:33:59  DEBUG    id=14   fitness=   -2.917 limbs= 4 depth=3 metrics={'auc': 0.8325925749009978, 'final': -12.285589209640785, 'steps_to_threshold': 16666.666666666668, 'reached_threshold': 1.0, 'num_actuators': 3, 'complexity_penalty': 3.75}
23:33:59  DEBUG    id=15   fitness=   -5.420 limbs= 8 depth=3 metrics={'auc': 3.3298148414305815, 'final': -9.476714482875828, 'steps_to_threshold': 15000.0, 'reached_threshold': 1.0, 'num_actuators': 7, 'complexity_penalty': 8.75}
23:33:59  DEBUG    id=16   fitness=   -7.015 limbs= 9 depth=3 metrics={'auc': 2.984724790309727, 'final': -9.948234328559655, 'steps_to_threshold': 15000.0, 'reached_threshold': 1.0, 'num_actuators': 8, 'complexity_penalty': 10.0}
23:33:59  DEBUG    id=17   fitness=   -3.586 limbs= 4 depth=2 metrics={'auc': 0.1636430461424093, 'final': -12.737629992386097, 'steps_to_threshold': 11666.666666666666, 'reached_threshold': 1.0, 'num_actuators': 3, 'complexity_penalty': 3.75}
23:33:59  DEBUG    id=18   fitness=   -4.273 limbs= 5 depth=3 metrics={'auc': 0.7269918129813243, 'final': -10.807353378378785, 'steps_to_threshold': 6666.666666666667, 'reached_threshold': 1.0, 'num_actuators': 4, 'complexity_penalty': 5.0}
23:33:59  DEBUG    id=19   fitness=   -3.763 limbs= 7 depth=3 metrics={'auc': 3.7372845972391566, 'final': -9.10309681591388, 'steps_to_threshold': 5000.0, 'reached_threshold': 1.0, 'num_actuators': 6, 'complexity_penalty': 7.5}
23:33:59  DEBUG    id=20   fitness=    2.336 limbs= 3 depth=3 metrics={'auc': 4.836112846048395, 'final': -13.391250855101696, 'steps_to_threshold': 6666.666666666667, 'reached_threshold': 1.0, 'num_actuators': 2, 'complexity_penalty': 2.5}
23:33:59  DEBUG    id=21   fitness=   -8.277 limbs=11 depth=3 metrics={'auc': 4.22261649150638, 'final': -8.96797302133217, 'steps_to_threshold': 10000.0, 'reached_threshold': 1.0, 'num_actuators': 10, 'complexity_penalty': 12.5}
23:33:59  DEBUG    id=22   fitness=   -2.715 limbs= 6 depth=3 metrics={'auc': 3.534702019606478, 'final': -9.470842486085894, 'steps_to_threshold': 5000.0, 'reached_threshold': 1.0, 'num_actuators': 5, 'complexity_penalty': 6.25}
23:33:59  DEBUG    id=23   fitness=   -0.909 limbs= 7 depth=3 metrics={'auc': 6.591098169320464, 'final': -3.4243896227464923, 'steps_to_threshold': 20000.0, 'reached_threshold': 1.0, 'num_actuators': 6, 'complexity_penalty': 7.5}
23:33:59  INFO   gen 0 done | best 4.859 (id=2, 6 limbs) | mean -3.956 | worst -12.422 | invalid 0 | 1345.5s
23:33:59  INFO     ~22.4 min/gen, est. 89.7 min remaining
23:33:59  INFO   gen 1: evaluating 22/24 individuals (8 workers)
23:54:18  DEBUG    id=24   fitness=   -1.812 limbs= 7 depth=3 metrics={'auc': 5.687997447944427, 'final': -8.034817925933577, 'steps_to_threshold': 23333.333333333332, 'reached_threshold': 1.0, 'num_actuators': 6, 'complexity_penalty': 7.5}
23:54:18  DEBUG    id=25   fitness=    2.462 limbs= 5 depth=3 metrics={'auc': 7.461564381529236, 'final': -6.535481895910867, 'steps_to_threshold': 10000.0, 'reached_threshold': 1.0, 'num_actuators': 4, 'complexity_penalty': 5.0}
23:54:18  DEBUG    id=26   fitness=   -0.964 limbs= 3 depth=3 metrics={'auc': 1.5355848766478968, 'final': -9.919670017715184, 'steps_to_threshold': 5000.0, 'reached_threshold': 1.0, 'num_actuators': 2, 'complexity_penalty': 2.5}
23:54:18  DEBUG    id=27   fitness=   -2.225 limbs= 3 depth=2 metrics={'auc': 0.2746721469140863, 'final': -13.005838137931066, 'steps_to_threshold': 8333.333333333334, 'reached_threshold': 1.0, 'num_actuators': 2, 'complexity_penalty': 2.5}
23:54:18  DEBUG    id=28   fitness=     -inf limbs= 1 depth=1 metrics={'invalid': 'no_actuators'}
23:54:18  DEBUG    id=29   fitness=    2.185 limbs= 4 depth=3 metrics={'auc': 5.934815180327824, 'final': -12.392792243050314, 'steps_to_threshold': 16666.666666666668, 'reached_threshold': 1.0, 'num_actuators': 3, 'complexity_penalty': 3.75}
23:54:18  DEBUG    id=30   fitness=   -0.597 limbs= 7 depth=3 metrics={'auc': 6.903422657884936, 'final': -6.058617569470987, 'steps_to_threshold': 5000.0, 'reached_threshold': 1.0, 'num_actuators': 6, 'complexity_penalty': 7.5}
23:54:18  DEBUG    id=31   fitness=   -0.843 limbs= 4 depth=3 metrics={'auc': 2.907375778789268, 'final': -9.204180275820967, 'steps_to_threshold': 5000.0, 'reached_threshold': 1.0, 'num_actuators': 3, 'complexity_penalty': 3.75}
23:54:18  DEBUG    id=32   fitness=    5.286 limbs= 6 depth=3 metrics={'auc': 11.536133214048801, 'final': -2.3400485236068818, 'steps_to_threshold': 13333.333333333334, 'reached_threshold': 1.0, 'num_actuators': 5, 'complexity_penalty': 6.25}
23:54:18  DEBUG    id=33   fitness=   13.995 limbs= 6 depth=3 metrics={'auc': 20.244568390433088, 'final': 4.892359094335963, 'steps_to_threshold': 13333.333333333334, 'reached_threshold': 1.0, 'num_actuators': 5, 'complexity_penalty': 6.25}
23:54:18  DEBUG    id=34   fitness=   -3.585 limbs= 4 depth=2 metrics={'auc': 0.16507045121627154, 'final': -12.733225799029265, 'steps_to_threshold': 18333.333333333332, 'reached_threshold': 1.0, 'num_actuators': 3, 'complexity_penalty': 3.75}
23:54:18  DEBUG    id=35   fitness=    5.172 limbs= 6 depth=3 metrics={'auc': 11.422117306149657, 'final': -1.4290435898696747, 'steps_to_threshold': 10000.0, 'reached_threshold': 1.0, 'num_actuators': 5, 'complexity_penalty': 6.25}
23:54:18  DEBUG    id=36   fitness=   -2.257 limbs= 3 depth=3 metrics={'auc': 0.2430118732916208, 'final': -13.234712598059133, 'steps_to_threshold': 11666.666666666666, 'reached_threshold': 1.0, 'num_actuators': 2, 'complexity_penalty': 2.5}
23:54:18  DEBUG    id=37   fitness=   -2.191 limbs= 3 depth=3 metrics={'auc': 0.30876548171962753, 'final': -11.886545622845576, 'steps_to_threshold': 10000.0, 'reached_threshold': 1.0, 'num_actuators': 2, 'complexity_penalty': 2.5}
23:54:18  DEBUG    id=38   fitness=   -1.151 limbs= 5 depth=3 metrics={'auc': 3.8493060685547, 'final': -1.3787357589030405, 'steps_to_threshold': 66666.66666666667, 'reached_threshold': 1.0, 'num_actuators': 4, 'complexity_penalty': 5.0}
23:54:18  DEBUG    id=39   fitness=   -1.377 limbs= 6 depth=3 metrics={'auc': 4.872717850209139, 'final': -6.517787180038936, 'steps_to_threshold': 6666.666666666667, 'reached_threshold': 1.0, 'num_actuators': 5, 'complexity_penalty': 6.25}
23:54:18  DEBUG    id=40   fitness=    1.175 limbs= 8 depth=3 metrics={'auc': 9.924789074590679, 'final': -2.595902041815617, 'steps_to_threshold': 13333.333333333334, 'reached_threshold': 1.0, 'num_actuators': 7, 'complexity_penalty': 8.75}
23:54:18  DEBUG    id=41   fitness=    1.979 limbs= 6 depth=3 metrics={'auc': 8.229102115997165, 'final': -4.663240161942379, 'steps_to_threshold': 11666.666666666666, 'reached_threshold': 1.0, 'num_actuators': 5, 'complexity_penalty': 6.25}
23:54:18  DEBUG    id=42   fitness=    2.590 limbs= 8 depth=3 metrics={'auc': 11.339523010627312, 'final': -1.6748167233031914, 'steps_to_threshold': 5000.0, 'reached_threshold': 1.0, 'num_actuators': 7, 'complexity_penalty': 8.75}
23:54:18  DEBUG    id=43   fitness=   -1.814 limbs= 4 depth=3 metrics={'auc': 1.936065574323571, 'final': -9.933733029448149, 'steps_to_threshold': 5000.0, 'reached_threshold': 1.0, 'num_actuators': 3, 'complexity_penalty': 3.75}
23:54:18  DEBUG    id=44   fitness=   -1.555 limbs= 3 depth=3 metrics={'auc': 0.9453351392607573, 'final': -10.947547600721256, 'steps_to_threshold': 18333.333333333332, 'reached_threshold': 1.0, 'num_actuators': 2, 'complexity_penalty': 2.5}
23:54:18  DEBUG    id=45   fitness=   -3.398 limbs= 5 depth=3 metrics={'auc': 1.602168284436873, 'final': -10.501169575726232, 'steps_to_threshold': 18333.333333333332, 'reached_threshold': 1.0, 'num_actuators': 4, 'complexity_penalty': 5.0}
23:54:18  INFO   gen 1 done | best 13.995 (id=33, 6 limbs) | mean 0.812 | worst -3.585 | invalid 1 | 1218.3s
23:54:18  INFO     ~21.4 min/gen, est. 64.1 min remaining
23:54:18  INFO   gen 2: evaluating 22/24 individuals (8 workers)
00:14:27  DEBUG    id=46   fitness=    0.703 limbs= 6 depth=3 metrics={'auc': 6.952948516106645, 'final': -5.85173823919047, 'steps_to_threshold': 13333.333333333334, 'reached_threshold': 1.0, 'num_actuators': 5, 'complexity_penalty': 6.25}
00:14:27  DEBUG    id=47   fitness=    9.426 limbs= 7 depth=3 metrics={'auc': 16.925884505420395, 'final': 13.639266922827325, 'steps_to_threshold': 26666.666666666668, 'reached_threshold': 1.0, 'num_actuators': 6, 'complexity_penalty': 7.5}
00:14:27  DEBUG    id=48   fitness=   -2.384 limbs= 7 depth=3 metrics={'auc': 5.116134382653454, 'final': -0.6627864348301853, 'steps_to_threshold': 50000.0, 'reached_threshold': 1.0, 'num_actuators': 6, 'complexity_penalty': 7.5}
00:14:27  DEBUG    id=49   fitness=   -0.681 limbs= 4 depth=3 metrics={'auc': 3.0689138926067394, 'final': -9.287888520830569, 'steps_to_threshold': 6666.666666666667, 'reached_threshold': 1.0, 'num_actuators': 3, 'complexity_penalty': 3.75}
00:14:27  DEBUG    id=50   fitness=   10.427 limbs= 4 depth=3 metrics={'auc': 14.177222907705529, 'final': 2.203082346452114, 'steps_to_threshold': 8333.333333333334, 'reached_threshold': 1.0, 'num_actuators': 3, 'complexity_penalty': 3.75}
00:14:27  DEBUG    id=51   fitness=     -inf limbs= 1 depth=1 metrics={'invalid': 'no_actuators'}
00:14:27  DEBUG    id=52   fitness=    2.922 limbs= 8 depth=3 metrics={'auc': 11.672169711360317, 'final': -1.7046530784640652, 'steps_to_threshold': 13333.333333333334, 'reached_threshold': 1.0, 'num_actuators': 7, 'complexity_penalty': 8.75}
00:14:27  DEBUG    id=53   fitness=    4.093 limbs= 6 depth=3 metrics={'auc': 10.342590280620131, 'final': -2.3700321473705848, 'steps_to_threshold': 10000.0, 'reached_threshold': 1.0, 'num_actuators': 5, 'complexity_penalty': 6.25}
00:14:27  DEBUG    id=54   fitness=    2.177 limbs= 8 depth=3 metrics={'auc': 10.927186505217426, 'final': -2.0836105941097762, 'steps_to_threshold': 6666.666666666667, 'reached_threshold': 1.0, 'num_actuators': 7, 'complexity_penalty': 8.75}
00:14:27  DEBUG    id=55   fitness=    4.830 limbs= 6 depth=3 metrics={'auc': 11.080414862685473, 'final': -1.7847712392655948, 'steps_to_threshold': 11666.666666666666, 'reached_threshold': 1.0, 'num_actuators': 5, 'complexity_penalty': 6.25}
00:14:27  DEBUG    id=56   fitness=    2.742 limbs= 2 depth=2 metrics={'auc': 3.991631204421959, 'final': -7.830274421322101, 'steps_to_threshold': 5000.0, 'reached_threshold': 1.0, 'num_actuators': 1, 'complexity_penalty': 1.25}
00:14:27  DEBUG    id=57   fitness=   50.921 limbs= 7 depth=3 metrics={'auc': 58.42147013028829, 'final': 64.81247609831388, 'steps_to_threshold': 120000.0, 'reached_threshold': 1.0, 'num_actuators': 6, 'complexity_penalty': 7.5}
00:14:27  DEBUG    id=58   fitness=   15.688 limbs= 8 depth=3 metrics={'auc': 24.437546637476885, 'final': 10.199314138992756, 'steps_to_threshold': 33333.333333333336, 'reached_threshold': 1.0, 'num_actuators': 7, 'complexity_penalty': 8.75}
00:14:27  DEBUG    id=59   fitness=    4.711 limbs= 6 depth=3 metrics={'auc': 10.961329438337499, 'final': -0.736340892137413, 'steps_to_threshold': 10000.0, 'reached_threshold': 1.0, 'num_actuators': 5, 'complexity_penalty': 6.25}
00:14:27  DEBUG    id=60   fitness=   -1.668 limbs= 5 depth=3 metrics={'auc': 3.3323806515522705, 'final': -14.909892782743094, 'steps_to_threshold': 16666.666666666668, 'reached_threshold': 1.0, 'num_actuators': 4, 'complexity_penalty': 5.0}
00:14:27  DEBUG    id=61   fitness=    6.677 limbs= 7 depth=3 metrics={'auc': 14.176552314507825, 'final': 1.3672037104944217, 'steps_to_threshold': 15000.0, 'reached_threshold': 1.0, 'num_actuators': 6, 'complexity_penalty': 7.5}
00:14:27  DEBUG    id=62   fitness=    3.521 limbs= 7 depth=3 metrics={'auc': 11.020788478290948, 'final': -1.7500149985357947, 'steps_to_threshold': 8333.333333333334, 'reached_threshold': 1.0, 'num_actuators': 6, 'complexity_penalty': 7.5}
00:14:27  DEBUG    id=63   fitness=   -1.493 limbs= 3 depth=2 metrics={'auc': 1.0067328208820265, 'final': -10.744500999603515, 'steps_to_threshold': 10000.0, 'reached_threshold': 1.0, 'num_actuators': 2, 'complexity_penalty': 2.5}
00:14:27  DEBUG    id=64   fitness=   -0.136 limbs= 7 depth=3 metrics={'auc': 7.364410006257131, 'final': -5.360285812856568, 'steps_to_threshold': 6666.666666666667, 'reached_threshold': 1.0, 'num_actuators': 6, 'complexity_penalty': 7.5}
00:14:27  DEBUG    id=65   fitness=   -3.532 limbs= 4 depth=2 metrics={'auc': 0.21768864239155608, 'final': -13.016010943697244, 'steps_to_threshold': 18333.333333333332, 'reached_threshold': 1.0, 'num_actuators': 3, 'complexity_penalty': 3.75}
00:14:27  DEBUG    id=66   fitness=   -0.629 limbs= 4 depth=3 metrics={'auc': 3.1206181052064585, 'final': -8.462359863058806, 'steps_to_threshold': 8333.333333333334, 'reached_threshold': 1.0, 'num_actuators': 3, 'complexity_penalty': 3.75}
00:14:27  DEBUG    id=67   fitness=   12.391 limbs= 6 depth=3 metrics={'auc': 18.640804328092283, 'final': 2.994040456250094, 'steps_to_threshold': 15000.0, 'reached_threshold': 1.0, 'num_actuators': 5, 'complexity_penalty': 6.25}
00:14:27  INFO   gen 2 done | best 50.921 (id=57, 7 limbs) | mean 5.975 | worst -3.532 | invalid 1 | 1209.4s
00:14:27  INFO     ~21.0 min/gen, est. 41.9 min remaining
00:14:27  INFO   gen 3: evaluating 22/24 individuals (8 workers)
00:35:39  DEBUG    id=68   fitness=    8.365 limbs= 4 depth=3 metrics={'auc': 12.114873846200299, 'final': 0.21368541731921428, 'steps_to_threshold': 6666.666666666667, 'reached_threshold': 1.0, 'num_actuators': 3, 'complexity_penalty': 3.75}
00:35:39  DEBUG    id=69   fitness=   21.012 limbs= 8 depth=3 metrics={'auc': 29.76161788861948, 'final': 23.086566236304495, 'steps_to_threshold': 63333.333333333336, 'reached_threshold': 1.0, 'num_actuators': 7, 'complexity_penalty': 8.75}
00:35:39  DEBUG    id=70   fitness=   -6.331 limbs= 8 depth=3 metrics={'auc': 2.4186166376310836, 'final': -10.35941491168016, 'steps_to_threshold': 35000.0, 'reached_threshold': 1.0, 'num_actuators': 7, 'complexity_penalty': 8.75}
00:35:39  DEBUG    id=71   fitness=    2.256 limbs= 7 depth=3 metrics={'auc': 9.755809306145574, 'final': -3.321291843014439, 'steps_to_threshold': 10000.0, 'reached_threshold': 1.0, 'num_actuators': 6, 'complexity_penalty': 7.5}
00:35:39  DEBUG    id=72   fitness=    0.912 limbs= 3 depth=2 metrics={'auc': 3.4115965481337285, 'final': -8.489834168691113, 'steps_to_threshold': 5000.0, 'reached_threshold': 1.0, 'num_actuators': 2, 'complexity_penalty': 2.5}
00:35:39  DEBUG    id=73   fitness=    2.756 limbs= 2 depth=2 metrics={'auc': 4.0056631657948225, 'final': -7.819166930986198, 'steps_to_threshold': 5000.0, 'reached_threshold': 1.0, 'num_actuators': 1, 'complexity_penalty': 1.25}
00:35:39  DEBUG    id=74   fitness=   12.449 limbs= 4 depth=3 metrics={'auc': 16.199220694904405, 'final': -2.1721529623731812, 'steps_to_threshold': 10000.0, 'reached_threshold': 1.0, 'num_actuators': 3, 'complexity_penalty': 3.75}
00:35:39  DEBUG    id=75   fitness=    1.464 limbs= 2 depth=2 metrics={'auc': 2.7135892830382353, 'final': -9.016518295089776, 'steps_to_threshold': 5000.0, 'reached_threshold': 1.0, 'num_actuators': 1, 'complexity_penalty': 1.25}
00:35:39  DEBUG    id=76   fitness=   64.128 limbs= 7 depth=3 metrics={'auc': 71.62800001929872, 'final': 84.02388915000363, 'steps_to_threshold': 115000.0, 'reached_threshold': 1.0, 'num_actuators': 6, 'complexity_penalty': 7.5}
00:35:39  DEBUG    id=77   fitness=   34.997 limbs= 9 depth=3 metrics={'auc': 44.99722677712251, 'final': 21.04001230618212, 'steps_to_threshold': 95000.0, 'reached_threshold': 1.0, 'num_actuators': 8, 'complexity_penalty': 10.0}
00:35:39  DEBUG    id=78   fitness=   24.786 limbs= 8 depth=3 metrics={'auc': 33.53561478400974, 'final': 38.539540107150806, 'steps_to_threshold': 230000.0, 'reached_threshold': 1.0, 'num_actuators': 7, 'complexity_penalty': 8.75}
00:35:39  DEBUG    id=79   fitness=    0.591 limbs= 5 depth=3 metrics={'auc': 5.59125819249054, 'final': -7.126532358155051, 'steps_to_threshold': 41666.666666666664, 'reached_threshold': 1.0, 'num_actuators': 4, 'complexity_penalty': 5.0}
00:35:39  DEBUG    id=80   fitness=   13.037 limbs= 6 depth=3 metrics={'auc': 19.286553912385866, 'final': 4.475000393479337, 'steps_to_threshold': 13333.333333333334, 'reached_threshold': 1.0, 'num_actuators': 5, 'complexity_penalty': 6.25}
00:35:39  DEBUG    id=81   fitness=   27.864 limbs=10 depth=3 metrics={'auc': 39.11367739262065, 'final': 34.10818080794363, 'steps_to_threshold': 141666.66666666666, 'reached_threshold': 1.0, 'num_actuators': 9, 'complexity_penalty': 11.25}
00:35:39  DEBUG    id=82   fitness=   13.180 limbs= 8 depth=3 metrics={'auc': 21.930430858750782, 'final': 17.59415071868174, 'steps_to_threshold': 51666.666666666664, 'reached_threshold': 1.0, 'num_actuators': 7, 'complexity_penalty': 8.75}
00:35:39  DEBUG    id=83   fitness=   13.171 limbs= 8 depth=3 metrics={'auc': 21.92148479169413, 'final': 5.5866908951363285, 'steps_to_threshold': 18333.333333333332, 'reached_threshold': 1.0, 'num_actuators': 7, 'complexity_penalty': 8.75}
00:35:39  DEBUG    id=84   fitness=   -1.997 limbs=10 depth=3 metrics={'auc': 9.252869259023067, 'final': -3.5893295896611863, 'steps_to_threshold': 10000.0, 'reached_threshold': 1.0, 'num_actuators': 9, 'complexity_penalty': 11.25}
00:35:39  DEBUG    id=85   fitness=   10.848 limbs= 4 depth=3 metrics={'auc': 14.598083711520678, 'final': 2.674805426951522, 'steps_to_threshold': 8333.333333333334, 'reached_threshold': 1.0, 'num_actuators': 3, 'complexity_penalty': 3.75}
00:35:39  DEBUG    id=86   fitness=   56.775 limbs= 7 depth=3 metrics={'auc': 64.27533278087714, 'final': 75.91189226192158, 'steps_to_threshold': 136666.66666666666, 'reached_threshold': 1.0, 'num_actuators': 6, 'complexity_penalty': 7.5}
00:35:39  DEBUG    id=87   fitness=    9.667 limbs=10 depth=3 metrics={'auc': 20.916601081381813, 'final': 7.16896626160128, 'steps_to_threshold': 30000.0, 'reached_threshold': 1.0, 'num_actuators': 9, 'complexity_penalty': 11.25}
00:35:39  DEBUG    id=88   fitness=    2.676 limbs= 6 depth=3 metrics={'auc': 8.92596324803829, 'final': -3.3882085447423216, 'steps_to_threshold': 11666.666666666666, 'reached_threshold': 1.0, 'num_actuators': 5, 'complexity_penalty': 6.25}
00:35:39  DEBUG    id=89   fitness=     -inf limbs= 1 depth=1 metrics={'invalid': 'no_actuators'}
00:35:39  INFO   gen 3 done | best 64.128 (id=76, 7 limbs) | mean 16.488 | worst -6.331 | invalid 1 | 1272.5s
00:35:39  INFO     ~21.0 min/gen, est. 21.0 min remaining
00:35:39  INFO   gen 4: evaluating 22/24 individuals (8 workers)
00:56:18  DEBUG    id=90   fitness=    9.123 limbs= 8 depth=3 metrics={'auc': 17.872561313289367, 'final': 4.95148624893053, 'steps_to_threshold': 85000.0, 'reached_threshold': 1.0, 'num_actuators': 7, 'complexity_penalty': 8.75}
00:56:18  DEBUG    id=91   fitness=    8.087 limbs= 4 depth=3 metrics={'auc': 11.836511650755241, 'final': -0.05687843632596539, 'steps_to_threshold': 8333.333333333334, 'reached_threshold': 1.0, 'num_actuators': 3, 'complexity_penalty': 3.75}
00:56:18  DEBUG    id=92   fitness=    1.626 limbs= 2 depth=2 metrics={'auc': 2.8759585670144774, 'final': -9.226736891449322, 'steps_to_threshold': 5000.0, 'reached_threshold': 1.0, 'num_actuators': 1, 'complexity_penalty': 1.25}
00:56:18  DEBUG    id=93   fitness=   25.358 limbs= 6 depth=3 metrics={'auc': 31.607888600266573, 'final': 26.983479104200953, 'steps_to_threshold': 101666.66666666667, 'reached_threshold': 1.0, 'num_actuators': 5, 'complexity_penalty': 6.25}
00:56:18  DEBUG    id=94   fitness=    5.817 limbs= 6 depth=3 metrics={'auc': 12.06688488426468, 'final': 0.43212732276349936, 'steps_to_threshold': 11666.666666666666, 'reached_threshold': 1.0, 'num_actuators': 5, 'complexity_penalty': 6.25}
00:56:18  DEBUG    id=95   fitness=   12.991 limbs= 4 depth=3 metrics={'auc': 16.7407792349978, 'final': -1.471614916987466, 'steps_to_threshold': 15000.0, 'reached_threshold': 1.0, 'num_actuators': 3, 'complexity_penalty': 3.75}
00:56:18  DEBUG    id=96   fitness=   51.201 limbs= 8 depth=3 metrics={'auc': 59.95077878363045, 'final': 64.29447835039905, 'steps_to_threshold': 118333.33333333333, 'reached_threshold': 1.0, 'num_actuators': 7, 'complexity_penalty': 8.75}
00:56:18  DEBUG    id=97   fitness=   34.245 limbs= 9 depth=3 metrics={'auc': 44.24545326269808, 'final': 38.86682833414357, 'steps_to_threshold': 85000.0, 'reached_threshold': 1.0, 'num_actuators': 8, 'complexity_penalty': 10.0}
00:56:18  DEBUG    id=98   fitness=   39.591 limbs= 9 depth=3 metrics={'auc': 49.59064319879203, 'final': 54.61987577812048, 'steps_to_threshold': 100000.0, 'reached_threshold': 1.0, 'num_actuators': 8, 'complexity_penalty': 10.0}
00:56:18  DEBUG    id=99   fitness=   28.143 limbs= 7 depth=3 metrics={'auc': 35.643396856128184, 'final': 20.91262026822169, 'steps_to_threshold': 21666.666666666668, 'reached_threshold': 1.0, 'num_actuators': 6, 'complexity_penalty': 7.5}
00:56:18  DEBUG    id=100  fitness=   44.031 limbs= 8 depth=3 metrics={'auc': 52.78128020454991, 'final': 50.91243038609358, 'steps_to_threshold': 81666.66666666667, 'reached_threshold': 1.0, 'num_actuators': 7, 'complexity_penalty': 8.75}
00:56:18  DEBUG    id=101  fitness=   30.815 limbs= 9 depth=3 metrics={'auc': 40.814578900533654, 'final': 40.56727624980052, 'steps_to_threshold': 145000.0, 'reached_threshold': 1.0, 'num_actuators': 8, 'complexity_penalty': 10.0}
00:56:18  DEBUG    id=102  fitness=   21.713 limbs= 8 depth=3 metrics={'auc': 30.462757854043648, 'final': 23.69415009599443, 'steps_to_threshold': 36666.666666666664, 'reached_threshold': 1.0, 'num_actuators': 7, 'complexity_penalty': 8.75}
00:56:18  DEBUG    id=103  fitness=   49.772 limbs= 7 depth=3 metrics={'auc': 57.272239763454344, 'final': 68.82420181679761, 'steps_to_threshold': 191666.66666666666, 'reached_threshold': 1.0, 'num_actuators': 6, 'complexity_penalty': 7.5}
00:56:18  DEBUG    id=104  fitness=    5.023 limbs= 6 depth=3 metrics={'auc': 11.273481299565894, 'final': -0.29787881081128, 'steps_to_threshold': 13333.333333333334, 'reached_threshold': 1.0, 'num_actuators': 5, 'complexity_penalty': 6.25}
00:56:18  DEBUG    id=105  fitness=    0.366 limbs= 4 depth=2 metrics={'auc': 4.116244678859034, 'final': -7.699094875402924, 'steps_to_threshold': 5000.0, 'reached_threshold': 1.0, 'num_actuators': 3, 'complexity_penalty': 3.75}
00:56:18  DEBUG    id=106  fitness=   52.536 limbs= 7 depth=3 metrics={'auc': 60.03550331282677, 'final': 61.3397119199679, 'steps_to_threshold': 108333.33333333333, 'reached_threshold': 1.0, 'num_actuators': 6, 'complexity_penalty': 7.5}
00:56:18  DEBUG    id=107  fitness=   39.653 limbs= 7 depth=3 metrics={'auc': 47.15269676899526, 'final': 36.99151908473167, 'steps_to_threshold': 163333.33333333334, 'reached_threshold': 1.0, 'num_actuators': 6, 'complexity_penalty': 7.5}
00:56:18  DEBUG    id=108  fitness=   49.765 limbs= 7 depth=3 metrics={'auc': 57.26465543341175, 'final': 55.54789184712851, 'steps_to_threshold': 85000.0, 'reached_threshold': 1.0, 'num_actuators': 6, 'complexity_penalty': 7.5}
00:56:18  DEBUG    id=109  fitness=   41.642 limbs= 9 depth=3 metrics={'auc': 51.6423970116355, 'final': 88.58442776021026, 'steps_to_threshold': 196666.66666666666, 'reached_threshold': 1.0, 'num_actuators': 8, 'complexity_penalty': 10.0}
00:56:18  DEBUG    id=110  fitness=   18.478 limbs= 8 depth=3 metrics={'auc': 27.227927115477836, 'final': 16.949895793171226, 'steps_to_threshold': 43333.333333333336, 'reached_threshold': 1.0, 'num_actuators': 7, 'complexity_penalty': 8.75}
00:56:18  DEBUG    id=111  fitness=   14.993 limbs= 7 depth=3 metrics={'auc': 22.49251899154076, 'final': 20.39715409323676, 'steps_to_threshold': 193333.33333333334, 'reached_threshold': 1.0, 'num_actuators': 6, 'complexity_penalty': 7.5}
00:56:18  INFO   gen 4 done | best 64.128 (id=76, 7 limbs) | mean 29.411 | worst 0.366 | invalid 0 | 1238.4s
00:56:18  INFO   ================================================================
00:56:18  INFO   Finished 5 generations in 104.7 min. Best fitness 64.128 (7 limbs).
00:56:18  INFO   Artifacts: run.log, generation_stats.csv, history.json, and per generation gen*_best.xml + gen*_best_genome.pkl + gen*_best_policy.zip in experiments/run21
