12:06:59  INFO   ================================================================
12:06:59  INFO   Learnability-driven morphology evolution
12:06:59  INFO     population=24  generations=5  metric=auc  eval_seeds=3
12:06:59  INFO     inner: algo=ppo  lifetime_steps=500000  eval_every=5000  horizon=2500
12:06:59  INFO     workers=8  seed=0  out=experiments/run17
12:06:59  INFO   ================================================================
12:06:59  INFO   gen 0: evaluating 24/24 individuals (8 workers)
12:26:48  DEBUG    id=0    fitness=    0.034 limbs= 2 depth=2 metrics={'auc': 0.5339486010244839, 'final': -11.395513970365059, 'steps_to_threshold': 5000.0, 'reached_threshold': 1.0, 'num_actuators': 1, 'complexity_penalty': 0.5}
12:26:48  DEBUG    id=1    fitness=    2.693 limbs=10 depth=3 metrics={'auc': 7.192792635186936, 'final': -5.975650837207231, 'steps_to_threshold': 8333.333333333334, 'reached_threshold': 1.0, 'num_actuators': 9, 'complexity_penalty': 4.5}
12:26:48  DEBUG    id=2    fitness=   -0.755 limbs= 3 depth=3 metrics={'auc': 0.24508245558634556, 'final': -12.463215407162707, 'steps_to_threshold': 20000.0, 'reached_threshold': 1.0, 'num_actuators': 2, 'complexity_penalty': 1.0}
12:26:48  DEBUG    id=3    fitness=   -3.006 limbs= 9 depth=3 metrics={'auc': 0.9943039749392844, 'final': -10.901981756374125, 'steps_to_threshold': 25000.0, 'reached_threshold': 1.0, 'num_actuators': 8, 'complexity_penalty': 4.0}
12:26:48  DEBUG    id=4    fitness=   -2.668 limbs= 7 depth=3 metrics={'auc': 0.3323284415634888, 'final': -11.883306330428844, 'steps_to_threshold': 16666.666666666668, 'reached_threshold': 1.0, 'num_actuators': 6, 'complexity_penalty': 3.0}
12:26:48  DEBUG    id=5    fitness=    0.035 limbs=12 depth=3 metrics={'auc': 5.534853572613606, 'final': -7.428558568284529, 'steps_to_threshold': 15000.0, 'reached_threshold': 1.0, 'num_actuators': 11, 'complexity_penalty': 5.5}
12:26:48  DEBUG    id=6    fitness=    0.661 limbs= 5 depth=3 metrics={'auc': 2.661389425984188, 'final': -9.405645588371081, 'steps_to_threshold': 13333.333333333334, 'reached_threshold': 1.0, 'num_actuators': 4, 'complexity_penalty': 2.0}
12:26:48  DEBUG    id=7    fitness=   -0.599 limbs= 2 depth=2 metrics={'auc': -0.0994010336933769, 'final': -13.855790082375878, 'steps_to_threshold': 1666.6666666666667, 'reached_threshold': 1.0, 'num_actuators': 1, 'complexity_penalty': 0.5}
12:26:48  DEBUG    id=8    fitness=   20.308 limbs=11 depth=3 metrics={'auc': 25.307784617104687, 'final': 9.93240933198468, 'steps_to_threshold': 66666.66666666667, 'reached_threshold': 1.0, 'num_actuators': 10, 'complexity_penalty': 5.0}
12:26:48  DEBUG    id=9    fitness=   -0.527 limbs= 9 depth=3 metrics={'auc': 3.4725813033452155, 'final': -9.70503973222614, 'steps_to_threshold': 5000.0, 'reached_threshold': 1.0, 'num_actuators': 8, 'complexity_penalty': 4.0}
12:26:48  DEBUG    id=10   fitness=   -0.539 limbs= 4 depth=3 metrics={'auc': 0.9611170233909273, 'final': -11.062401818768995, 'steps_to_threshold': 6666.666666666667, 'reached_threshold': 1.0, 'num_actuators': 3, 'complexity_penalty': 1.5}
12:26:48  DEBUG    id=11   fitness=    1.022 limbs= 4 depth=3 metrics={'auc': 2.52228047099134, 'final': -10.2588175368468, 'steps_to_threshold': 5000.0, 'reached_threshold': 1.0, 'num_actuators': 3, 'complexity_penalty': 1.5}
12:26:48  DEBUG    id=12   fitness=    3.985 limbs= 8 depth=3 metrics={'auc': 7.48531548502724, 'final': -1.8842651284394771, 'steps_to_threshold': 11666.666666666666, 'reached_threshold': 1.0, 'num_actuators': 7, 'complexity_penalty': 3.5}
12:26:48  DEBUG    id=13   fitness=   -1.400 limbs=10 depth=3 metrics={'auc': 3.1001463317905578, 'final': -10.145508257173182, 'steps_to_threshold': 11666.666666666666, 'reached_threshold': 1.0, 'num_actuators': 9, 'complexity_penalty': 4.5}
12:26:48  DEBUG    id=14   fitness=   -2.696 limbs= 9 depth=3 metrics={'auc': 1.3042068332267274, 'final': -12.318872461061238, 'steps_to_threshold': 11666.666666666666, 'reached_threshold': 1.0, 'num_actuators': 8, 'complexity_penalty': 4.0}
12:26:48  DEBUG    id=15   fitness=    1.579 limbs= 3 depth=2 metrics={'auc': 2.578751039939352, 'final': -10.914765019633208, 'steps_to_threshold': 5000.0, 'reached_threshold': 1.0, 'num_actuators': 2, 'complexity_penalty': 1.0}
12:26:48  DEBUG    id=16   fitness=    1.617 limbs= 5 depth=3 metrics={'auc': 3.6167189349916544, 'final': -7.049890592076679, 'steps_to_threshold': 8333.333333333334, 'reached_threshold': 1.0, 'num_actuators': 4, 'complexity_penalty': 2.0}
12:26:48  DEBUG    id=17   fitness=    0.717 limbs= 5 depth=3 metrics={'auc': 2.717193792378534, 'final': -10.146769913334408, 'steps_to_threshold': 11666.666666666666, 'reached_threshold': 1.0, 'num_actuators': 4, 'complexity_penalty': 2.0}
12:26:48  DEBUG    id=18   fitness=   -0.382 limbs= 2 depth=2 metrics={'auc': 0.1175511144388925, 'final': -13.086497641427128, 'steps_to_threshold': 30000.0, 'reached_threshold': 1.0, 'num_actuators': 1, 'complexity_penalty': 0.5}
12:26:48  DEBUG    id=19   fitness=   -2.444 limbs= 8 depth=3 metrics={'auc': 1.056292411362996, 'final': -11.993030197239287, 'steps_to_threshold': 15000.0, 'reached_threshold': 1.0, 'num_actuators': 7, 'complexity_penalty': 3.5}
12:26:48  DEBUG    id=20   fitness=   -1.619 limbs= 5 depth=3 metrics={'auc': 0.38117836428361707, 'final': -11.789432124031928, 'steps_to_threshold': 10000.0, 'reached_threshold': 1.0, 'num_actuators': 4, 'complexity_penalty': 2.0}
12:26:48  DEBUG    id=21   fitness=   -1.053 limbs= 9 depth=3 metrics={'auc': 2.946721986458302, 'final': -11.436425410490267, 'steps_to_threshold': 25000.0, 'reached_threshold': 1.0, 'num_actuators': 8, 'complexity_penalty': 4.0}
12:26:48  DEBUG    id=22   fitness=   -0.107 limbs= 2 depth=2 metrics={'auc': 0.3930329045996917, 'final': -11.763555436277437, 'steps_to_threshold': 6666.666666666667, 'reached_threshold': 1.0, 'num_actuators': 1, 'complexity_penalty': 0.5}
12:26:48  DEBUG    id=23   fitness=   -1.108 limbs= 7 depth=3 metrics={'auc': 1.8921535441082202, 'final': -10.48372735868876, 'steps_to_threshold': 15000.0, 'reached_threshold': 1.0, 'num_actuators': 6, 'complexity_penalty': 3.0}
12:26:48  INFO   gen 0 done | best 20.308 (id=8, 11 limbs) | mean 0.573 | worst -3.006 | invalid 0 | 1188.1s
12:26:48  INFO     ~19.8 min/gen, est. 79.2 min remaining
12:26:48  INFO   gen 1: evaluating 22/24 individuals (8 workers)
12:46:24  DEBUG    id=24   fitness=   -0.092 limbs= 2 depth=2 metrics={'auc': 0.4078515067461069, 'final': -11.745921241107267, 'steps_to_threshold': 5000.0, 'reached_threshold': 1.0, 'num_actuators': 1, 'complexity_penalty': 0.5}
12:46:24  DEBUG    id=25   fitness=    0.857 limbs= 4 depth=3 metrics={'auc': 2.356799685196039, 'final': -10.41573587482619, 'steps_to_threshold': 5000.0, 'reached_threshold': 1.0, 'num_actuators': 3, 'complexity_penalty': 1.5}
12:46:24  DEBUG    id=26   fitness=    1.286 limbs= 3 depth=2 metrics={'auc': 2.2860333116020186, 'final': -11.256413452283288, 'steps_to_threshold': 5000.0, 'reached_threshold': 1.0, 'num_actuators': 2, 'complexity_penalty': 1.0}
12:46:24  DEBUG    id=27   fitness=    3.442 limbs= 9 depth=3 metrics={'auc': 7.4415001847481514, 'final': -5.813481394534432, 'steps_to_threshold': 10000.0, 'reached_threshold': 1.0, 'num_actuators': 8, 'complexity_penalty': 4.0}
12:46:24  DEBUG    id=28   fitness=   -2.243 limbs= 6 depth=3 metrics={'auc': 0.25668366939302345, 'final': -11.951900403976403, 'steps_to_threshold': 18333.333333333332, 'reached_threshold': 1.0, 'num_actuators': 5, 'complexity_penalty': 2.5}
12:46:24  DEBUG    id=29   fitness=    1.075 limbs= 5 depth=3 metrics={'auc': 3.0753759077247067, 'final': -10.064905846491717, 'steps_to_threshold': 5000.0, 'reached_threshold': 1.0, 'num_actuators': 4, 'complexity_penalty': 2.0}
12:46:24  DEBUG    id=30   fitness=    1.411 limbs= 4 depth=3 metrics={'auc': 2.911241468573527, 'final': -8.688786939864036, 'steps_to_threshold': 5000.0, 'reached_threshold': 1.0, 'num_actuators': 3, 'complexity_penalty': 1.5}
12:46:24  DEBUG    id=31   fitness=    2.758 limbs= 3 depth=3 metrics={'auc': 3.7583993419055814, 'final': -9.076685588106635, 'steps_to_threshold': 8333.333333333334, 'reached_threshold': 1.0, 'num_actuators': 2, 'complexity_penalty': 1.0}
12:46:24  DEBUG    id=32   fitness=   -0.003 limbs= 3 depth=2 metrics={'auc': 0.99707781744138, 'final': -10.868450302268734, 'steps_to_threshold': 6666.666666666667, 'reached_threshold': 1.0, 'num_actuators': 2, 'complexity_penalty': 1.0}
12:46:24  DEBUG    id=33   fitness=    2.667 limbs=10 depth=3 metrics={'auc': 7.166978515070812, 'final': -5.984654387061422, 'steps_to_threshold': 6666.666666666667, 'reached_threshold': 1.0, 'num_actuators': 9, 'complexity_penalty': 4.5}
12:46:24  DEBUG    id=34   fitness=    4.072 limbs= 8 depth=3 metrics={'auc': 7.572086251605961, 'final': -1.8132744242363283, 'steps_to_threshold': 13333.333333333334, 'reached_threshold': 1.0, 'num_actuators': 7, 'complexity_penalty': 3.5}
12:46:24  DEBUG    id=35   fitness=    7.529 limbs= 7 depth=3 metrics={'auc': 10.52944951699923, 'final': 4.707959134074566, 'steps_to_threshold': 15000.0, 'reached_threshold': 1.0, 'num_actuators': 6, 'complexity_penalty': 3.0}
12:46:24  DEBUG    id=36   fitness=    0.294 limbs=12 depth=3 metrics={'auc': 5.7944057775292945, 'final': -7.138473592988309, 'steps_to_threshold': 16666.666666666668, 'reached_threshold': 1.0, 'num_actuators': 11, 'complexity_penalty': 5.5}
12:46:24  DEBUG    id=37   fitness=    1.718 limbs= 5 depth=3 metrics={'auc': 3.7178496604584272, 'final': -7.193824025816235, 'steps_to_threshold': 6666.666666666667, 'reached_threshold': 1.0, 'num_actuators': 4, 'complexity_penalty': 2.0}
12:46:24  DEBUG    id=38   fitness=    1.878 limbs= 5 depth=3 metrics={'auc': 3.8783166039394135, 'final': -7.480721569429058, 'steps_to_threshold': 6666.666666666667, 'reached_threshold': 1.0, 'num_actuators': 4, 'complexity_penalty': 2.0}
12:46:24  DEBUG    id=39   fitness=    3.415 limbs= 5 depth=3 metrics={'auc': 5.41477555199743, 'final': -6.310467139456609, 'steps_to_threshold': 6666.666666666667, 'reached_threshold': 1.0, 'num_actuators': 4, 'complexity_penalty': 2.0}
12:46:24  DEBUG    id=40   fitness=    1.920 limbs= 4 depth=3 metrics={'auc': 3.4201749840288245, 'final': -9.227229183825541, 'steps_to_threshold': 6666.666666666667, 'reached_threshold': 1.0, 'num_actuators': 3, 'complexity_penalty': 1.5}
12:46:24  DEBUG    id=41   fitness=    4.495 limbs= 8 depth=3 metrics={'auc': 7.994718017938662, 'final': -5.732715019216869, 'steps_to_threshold': 11666.666666666666, 'reached_threshold': 1.0, 'num_actuators': 7, 'complexity_penalty': 3.5}
12:46:24  DEBUG    id=42   fitness=    4.118 limbs= 8 depth=3 metrics={'auc': 7.617809559774404, 'final': -5.573567662069785, 'steps_to_threshold': 8333.333333333334, 'reached_threshold': 1.0, 'num_actuators': 7, 'complexity_penalty': 3.5}
12:46:24  DEBUG    id=43   fitness=    1.650 limbs= 5 depth=3 metrics={'auc': 3.650276716448742, 'final': -7.240598981156606, 'steps_to_threshold': 5000.0, 'reached_threshold': 1.0, 'num_actuators': 4, 'complexity_penalty': 2.0}
12:46:24  DEBUG    id=44   fitness=   20.723 limbs=11 depth=3 metrics={'auc': 25.72251973245807, 'final': 12.009020740339428, 'steps_to_threshold': 93333.33333333333, 'reached_threshold': 1.0, 'num_actuators': 10, 'complexity_penalty': 5.0}
12:46:24  DEBUG    id=45   fitness=    9.474 limbs=11 depth=3 metrics={'auc': 14.474363394804513, 'final': -9.901527687847159, 'steps_to_threshold': 15000.0, 'reached_threshold': 1.0, 'num_actuators': 10, 'complexity_penalty': 5.0}
12:46:24  INFO   gen 1 done | best 20.723 (id=44, 11 limbs) | mean 4.031 | worst -2.243 | invalid 0 | 1176.4s
12:46:24  INFO     ~19.7 min/gen, est. 59.1 min remaining
12:46:24  INFO   gen 2: evaluating 22/24 individuals (8 workers)
13:06:30  DEBUG    id=46   fitness=   21.613 limbs=11 depth=3 metrics={'auc': 26.613359927977893, 'final': 11.992272452258945, 'steps_to_threshold': 78333.33333333333, 'reached_threshold': 1.0, 'num_actuators': 10, 'complexity_penalty': 5.0}
13:06:30  DEBUG    id=47   fitness=    3.501 limbs= 5 depth=3 metrics={'auc': 5.500739168034304, 'final': -6.093935007314587, 'steps_to_threshold': 8333.333333333334, 'reached_threshold': 1.0, 'num_actuators': 4, 'complexity_penalty': 2.0}
13:06:30  DEBUG    id=48   fitness=    0.875 limbs=11 depth=3 metrics={'auc': 5.874924397301747, 'final': -16.299394706876942, 'steps_to_threshold': 36666.666666666664, 'reached_threshold': 1.0, 'num_actuators': 10, 'complexity_penalty': 5.0}
13:06:30  DEBUG    id=49   fitness=   14.975 limbs= 8 depth=3 metrics={'auc': 18.475017401622498, 'final': 11.599924777461508, 'steps_to_threshold': 15000.0, 'reached_threshold': 1.0, 'num_actuators': 7, 'complexity_penalty': 3.5}
13:06:30  DEBUG    id=50   fitness=    2.047 limbs= 3 depth=3 metrics={'auc': 3.0474768443457, 'final': -9.325074737460913, 'steps_to_threshold': 5000.0, 'reached_threshold': 1.0, 'num_actuators': 2, 'complexity_penalty': 1.0}
13:06:30  DEBUG    id=51   fitness=    2.874 limbs= 7 depth=3 metrics={'auc': 5.874016335179056, 'final': -2.427606520152525, 'steps_to_threshold': 10000.0, 'reached_threshold': 1.0, 'num_actuators': 6, 'complexity_penalty': 3.0}
13:06:30  DEBUG    id=52   fitness=   23.988 limbs=10 depth=3 metrics={'auc': 28.488428120349866, 'final': 13.92044146012008, 'steps_to_threshold': 65000.0, 'reached_threshold': 1.0, 'num_actuators': 9, 'complexity_penalty': 4.5}
13:06:30  DEBUG    id=53   fitness=    1.758 limbs= 4 depth=3 metrics={'auc': 3.258157337350749, 'final': -9.46143425440464, 'steps_to_threshold': 6666.666666666667, 'reached_threshold': 1.0, 'num_actuators': 3, 'complexity_penalty': 1.5}
13:06:30  DEBUG    id=54   fitness=    4.833 limbs= 8 depth=3 metrics={'auc': 8.333005064470287, 'final': -4.770729288142074, 'steps_to_threshold': 10000.0, 'reached_threshold': 1.0, 'num_actuators': 7, 'complexity_penalty': 3.5}
13:06:30  DEBUG    id=55   fitness=    3.981 limbs= 8 depth=3 metrics={'auc': 7.4812185648810585, 'final': -1.8122787653046413, 'steps_to_threshold': 13333.333333333334, 'reached_threshold': 1.0, 'num_actuators': 7, 'complexity_penalty': 3.5}
13:06:30  DEBUG    id=56   fitness=   -0.365 limbs= 9 depth=3 metrics={'auc': 3.635482833359999, 'final': -9.021104293118064, 'steps_to_threshold': 15000.0, 'reached_threshold': 1.0, 'num_actuators': 8, 'complexity_penalty': 4.0}
13:06:30  DEBUG    id=57   fitness=    3.661 limbs= 9 depth=3 metrics={'auc': 7.661488057239097, 'final': -5.644676716772596, 'steps_to_threshold': 10000.0, 'reached_threshold': 1.0, 'num_actuators': 8, 'complexity_penalty': 4.0}
13:06:30  DEBUG    id=58   fitness=    3.564 limbs=11 depth=3 metrics={'auc': 8.564465494005463, 'final': -10.61890297382642, 'steps_to_threshold': 90000.0, 'reached_threshold': 1.0, 'num_actuators': 10, 'complexity_penalty': 5.0}
13:06:30  DEBUG    id=59   fitness=    4.495 limbs= 8 depth=3 metrics={'auc': 7.9954697785841224, 'final': -5.789994866077674, 'steps_to_threshold': 10000.0, 'reached_threshold': 1.0, 'num_actuators': 7, 'complexity_penalty': 3.5}
13:06:30  DEBUG    id=60   fitness=    5.469 limbs=11 depth=3 metrics={'auc': 10.468912001730956, 'final': -12.626277893519182, 'steps_to_threshold': 25000.0, 'reached_threshold': 1.0, 'num_actuators': 10, 'complexity_penalty': 5.0}
13:06:30  DEBUG    id=61   fitness=   22.869 limbs=11 depth=3 metrics={'auc': 27.868647117061446, 'final': 12.514516545954498, 'steps_to_threshold': 56666.666666666664, 'reached_threshold': 1.0, 'num_actuators': 10, 'complexity_penalty': 5.0}
13:06:30  DEBUG    id=62   fitness=   19.876 limbs=11 depth=3 metrics={'auc': 24.876449623913143, 'final': 10.161608778054571, 'steps_to_threshold': 76666.66666666667, 'reached_threshold': 1.0, 'num_actuators': 10, 'complexity_penalty': 5.0}
13:06:30  DEBUG    id=63   fitness=    5.652 limbs= 7 depth=3 metrics={'auc': 8.65209824343195, 'final': -13.984581541109767, 'steps_to_threshold': 20000.0, 'reached_threshold': 1.0, 'num_actuators': 6, 'complexity_penalty': 3.0}
13:06:30  DEBUG    id=64   fitness=    7.594 limbs=11 depth=3 metrics={'auc': 12.594069014911922, 'final': -10.120845862763973, 'steps_to_threshold': 15000.0, 'reached_threshold': 1.0, 'num_actuators': 10, 'complexity_penalty': 5.0}
13:06:30  DEBUG    id=65   fitness=    3.398 limbs= 9 depth=3 metrics={'auc': 7.398215960730538, 'final': -5.86800185112114, 'steps_to_threshold': 8333.333333333334, 'reached_threshold': 1.0, 'num_actuators': 8, 'complexity_penalty': 4.0}
13:06:30  DEBUG    id=66   fitness=    1.492 limbs=10 depth=3 metrics={'auc': 5.992058946199599, 'final': -6.241267312227847, 'steps_to_threshold': 10000.0, 'reached_threshold': 1.0, 'num_actuators': 9, 'complexity_penalty': 4.5}
13:06:30  DEBUG    id=67   fitness=   46.014 limbs= 8 depth=3 metrics={'auc': 49.51392393767538, 'final': -7.191343214735483, 'steps_to_threshold': 15000.0, 'reached_threshold': 1.0, 'num_actuators': 7, 'complexity_penalty': 3.5}
13:06:30  INFO   gen 2 done | best 46.014 (id=67, 8 limbs) | mean 9.684 | worst -0.365 | invalid 0 | 1206.0s
13:06:30  INFO     ~19.8 min/gen, est. 39.7 min remaining
13:06:30  INFO   gen 3: evaluating 22/24 individuals (8 workers)
13:26:32  DEBUG    id=68   fitness=   13.836 limbs=11 depth=3 metrics={'auc': 18.83612396163198, 'final': 30.434455738224443, 'steps_to_threshold': 156666.66666666666, 'reached_threshold': 1.0, 'num_actuators': 10, 'complexity_penalty': 5.0}
13:26:32  DEBUG    id=69   fitness=   15.081 limbs= 8 depth=3 metrics={'auc': 18.580718425916867, 'final': 11.503098973200329, 'steps_to_threshold': 16666.666666666668, 'reached_threshold': 1.0, 'num_actuators': 7, 'complexity_penalty': 3.5}
13:26:32  DEBUG    id=70   fitness=    3.675 limbs= 9 depth=3 metrics={'auc': 7.674524578880515, 'final': -5.68089902501156, 'steps_to_threshold': 10000.0, 'reached_threshold': 1.0, 'num_actuators': 8, 'complexity_penalty': 4.0}
13:26:32  DEBUG    id=71   fitness=   20.190 limbs=11 depth=3 metrics={'auc': 25.189847606184497, 'final': 15.967307469984759, 'steps_to_threshold': 58333.333333333336, 'reached_threshold': 1.0, 'num_actuators': 10, 'complexity_penalty': 5.0}
13:26:32  DEBUG    id=72   fitness=    6.794 limbs=11 depth=3 metrics={'auc': 11.793686597491565, 'final': -11.176231002417373, 'steps_to_threshold': 23333.333333333332, 'reached_threshold': 1.0, 'num_actuators': 10, 'complexity_penalty': 5.0}
13:26:32  DEBUG    id=73   fitness=    5.565 limbs= 7 depth=3 metrics={'auc': 8.565311487323575, 'final': -13.956476349597041, 'steps_to_threshold': 23333.333333333332, 'reached_threshold': 1.0, 'num_actuators': 6, 'complexity_penalty': 3.0}
13:26:32  DEBUG    id=74   fitness=    1.518 limbs= 4 depth=3 metrics={'auc': 3.0176846814046097, 'final': -9.276923864154845, 'steps_to_threshold': 5000.0, 'reached_threshold': 1.0, 'num_actuators': 3, 'complexity_penalty': 1.5}
13:26:32  DEBUG    id=75   fitness=    6.176 limbs=10 depth=3 metrics={'auc': 10.676339813320245, 'final': 5.7129176188476025, 'steps_to_threshold': 66666.66666666667, 'reached_threshold': 1.0, 'num_actuators': 9, 'complexity_penalty': 4.5}
13:26:32  DEBUG    id=76   fitness=   10.301 limbs=10 depth=3 metrics={'auc': 14.800780244247262, 'final': 3.389445962754435, 'steps_to_threshold': 16666.666666666668, 'reached_threshold': 1.0, 'num_actuators': 9, 'complexity_penalty': 4.5}
13:26:32  DEBUG    id=77   fitness=   25.365 limbs= 7 depth=3 metrics={'auc': 28.364578669824336, 'final': -12.66626319725679, 'steps_to_threshold': 11666.666666666666, 'reached_threshold': 1.0, 'num_actuators': 6, 'complexity_penalty': 3.0}
13:26:32  DEBUG    id=78   fitness=   17.008 limbs= 7 depth=3 metrics={'auc': 20.007673867515916, 'final': -3.9533300085908842, 'steps_to_threshold': 18333.333333333332, 'reached_threshold': 1.0, 'num_actuators': 6, 'complexity_penalty': 3.0}
13:26:32  DEBUG    id=79   fitness=   14.858 limbs=11 depth=3 metrics={'auc': 19.858353285930935, 'final': 7.618494773104493, 'steps_to_threshold': 190000.0, 'reached_threshold': 1.0, 'num_actuators': 10, 'complexity_penalty': 5.0}
13:26:32  DEBUG    id=80   fitness=   -0.764 limbs= 9 depth=3 metrics={'auc': 3.2358422424150746, 'final': -10.540118067705889, 'steps_to_threshold': 15000.0, 'reached_threshold': 1.0, 'num_actuators': 8, 'complexity_penalty': 4.0}
13:26:32  DEBUG    id=81   fitness=   24.993 limbs= 9 depth=3 metrics={'auc': 28.993173735815734, 'final': -14.50954329766166, 'steps_to_threshold': 18333.333333333332, 'reached_threshold': 1.0, 'num_actuators': 8, 'complexity_penalty': 4.0}
13:26:32  DEBUG    id=82   fitness=   69.096 limbs= 8 depth=3 metrics={'auc': 72.59649135212182, 'final': 30.347240806844212, 'steps_to_threshold': 56666.666666666664, 'reached_threshold': 1.0, 'num_actuators': 7, 'complexity_penalty': 3.5}
13:26:32  DEBUG    id=83   fitness=    7.974 limbs= 8 depth=3 metrics={'auc': 11.474353601952407, 'final': -12.350088689492281, 'steps_to_threshold': 25000.0, 'reached_threshold': 1.0, 'num_actuators': 7, 'complexity_penalty': 3.5}
13:26:32  DEBUG    id=84   fitness=   21.914 limbs=11 depth=3 metrics={'auc': 26.91440045439336, 'final': 12.090784684804037, 'steps_to_threshold': 71666.66666666667, 'reached_threshold': 1.0, 'num_actuators': 10, 'complexity_penalty': 5.0}
13:26:32  DEBUG    id=85   fitness=    2.948 limbs= 8 depth=3 metrics={'auc': 6.44758305525221, 'final': -2.9846052216512167, 'steps_to_threshold': 11666.666666666666, 'reached_threshold': 1.0, 'num_actuators': 7, 'complexity_penalty': 3.5}
13:26:32  DEBUG    id=86   fitness=   16.036 limbs= 6 depth=3 metrics={'auc': 18.53593381302356, 'final': 12.695650383954094, 'steps_to_threshold': 15000.0, 'reached_threshold': 1.0, 'num_actuators': 5, 'complexity_penalty': 2.5}
13:26:32  DEBUG    id=87   fitness=    3.513 limbs= 8 depth=3 metrics={'auc': 7.012888312022068, 'final': -6.146954946828374, 'steps_to_threshold': 8333.333333333334, 'reached_threshold': 1.0, 'num_actuators': 7, 'complexity_penalty': 3.5}
13:26:32  DEBUG    id=88   fitness=    5.557 limbs= 8 depth=3 metrics={'auc': 9.057260953883116, 'final': -4.111501423757407, 'steps_to_threshold': 8333.333333333334, 'reached_threshold': 1.0, 'num_actuators': 7, 'complexity_penalty': 3.5}
13:26:32  DEBUG    id=89   fitness=   23.671 limbs=10 depth=3 metrics={'auc': 28.17093089171152, 'final': 14.040076222226404, 'steps_to_threshold': 68333.33333333333, 'reached_threshold': 1.0, 'num_actuators': 9, 'complexity_penalty': 4.5}
13:26:32  INFO   gen 3 done | best 69.096 (id=82, 8 limbs) | mean 16.054 | worst -0.764 | invalid 0 | 1201.9s
13:26:32  INFO     ~19.9 min/gen, est. 19.9 min remaining
13:26:32  INFO   gen 4: evaluating 22/24 individuals (8 workers)
13:46:24  DEBUG    id=90   fitness=   37.439 limbs= 9 depth=3 metrics={'auc': 41.43867018389921, 'final': -8.714910430722602, 'steps_to_threshold': 8333.333333333334, 'reached_threshold': 1.0, 'num_actuators': 8, 'complexity_penalty': 4.0}
13:46:24  DEBUG    id=91   fitness=   19.362 limbs= 8 depth=3 metrics={'auc': 22.86194228166258, 'final': 16.742431808831604, 'steps_to_threshold': 30000.0, 'reached_threshold': 1.0, 'num_actuators': 7, 'complexity_penalty': 3.5}
13:46:24  DEBUG    id=92   fitness=   27.225 limbs= 9 depth=3 metrics={'auc': 31.2253453275322, 'final': -15.745555100728978, 'steps_to_threshold': 16666.666666666668, 'reached_threshold': 1.0, 'num_actuators': 8, 'complexity_penalty': 4.0}
13:46:24  DEBUG    id=93   fitness=   15.996 limbs= 4 depth=3 metrics={'auc': 17.496361000729205, 'final': -15.951593586850086, 'steps_to_threshold': 15000.0, 'reached_threshold': 1.0, 'num_actuators': 3, 'complexity_penalty': 1.5}
13:46:24  DEBUG    id=94   fitness=   10.378 limbs=10 depth=3 metrics={'auc': 14.878335500997302, 'final': 3.2788839683258613, 'steps_to_threshold': 18333.333333333332, 'reached_threshold': 1.0, 'num_actuators': 9, 'complexity_penalty': 4.5}
13:46:24  DEBUG    id=95   fitness=   68.437 limbs= 8 depth=3 metrics={'auc': 71.93698762154457, 'final': 30.785817084991734, 'steps_to_threshold': 51666.666666666664, 'reached_threshold': 1.0, 'num_actuators': 7, 'complexity_penalty': 3.5}
13:46:24  DEBUG    id=96   fitness=   11.077 limbs= 7 depth=3 metrics={'auc': 14.07740128785791, 'final': -1.0278061443818587, 'steps_to_threshold': 35000.0, 'reached_threshold': 1.0, 'num_actuators': 6, 'complexity_penalty': 3.0}
13:46:24  DEBUG    id=97   fitness=   18.643 limbs=11 depth=3 metrics={'auc': 23.642636040876578, 'final': 11.576857111730861, 'steps_to_threshold': 146666.66666666666, 'reached_threshold': 1.0, 'num_actuators': 10, 'complexity_penalty': 5.0}
13:46:24  DEBUG    id=98   fitness=   14.644 limbs=10 depth=3 metrics={'auc': 19.144473974752206, 'final': 27.348982618475077, 'steps_to_threshold': 50000.0, 'reached_threshold': 1.0, 'num_actuators': 9, 'complexity_penalty': 4.5}
13:46:24  DEBUG    id=99   fitness=   22.453 limbs= 7 depth=3 metrics={'auc': 25.452706966402804, 'final': 14.821850330131431, 'steps_to_threshold': 71666.66666666667, 'reached_threshold': 1.0, 'num_actuators': 6, 'complexity_penalty': 3.0}
13:46:24  DEBUG    id=100  fitness=   18.243 limbs= 8 depth=3 metrics={'auc': 21.742505714909864, 'final': 5.793346227436534, 'steps_to_threshold': 15000.0, 'reached_threshold': 1.0, 'num_actuators': 7, 'complexity_penalty': 3.5}
13:46:24  DEBUG    id=101  fitness=   15.654 limbs= 4 depth=3 metrics={'auc': 17.153678465874886, 'final': -16.095145437638095, 'steps_to_threshold': 16666.666666666668, 'reached_threshold': 1.0, 'num_actuators': 3, 'complexity_penalty': 1.5}
13:46:24  DEBUG    id=102  fitness=   -0.441 limbs=10 depth=3 metrics={'auc': 4.059433813472656, 'final': -9.525347298336634, 'steps_to_threshold': 16666.666666666668, 'reached_threshold': 1.0, 'num_actuators': 9, 'complexity_penalty': 4.5}
13:46:24  DEBUG    id=103  fitness=   23.697 limbs= 9 depth=3 metrics={'auc': 27.696742123909672, 'final': -10.282653289966811, 'steps_to_threshold': 25000.0, 'reached_threshold': 1.0, 'num_actuators': 8, 'complexity_penalty': 4.0}
13:46:24  DEBUG    id=104  fitness=   13.745 limbs=10 depth=3 metrics={'auc': 18.244858680741796, 'final': -8.098420401708808, 'steps_to_threshold': 16666.666666666668, 'reached_threshold': 1.0, 'num_actuators': 9, 'complexity_penalty': 4.5}
13:46:24  DEBUG    id=105  fitness=   26.651 limbs= 7 depth=3 metrics={'auc': 29.651291319567473, 'final': -13.194922876611871, 'steps_to_threshold': 11666.666666666666, 'reached_threshold': 1.0, 'num_actuators': 6, 'complexity_penalty': 3.0}
13:46:24  DEBUG    id=106  fitness=   13.413 limbs= 7 depth=3 metrics={'auc': 16.41336883340909, 'final': -12.35776658681177, 'steps_to_threshold': 5000.0, 'reached_threshold': 1.0, 'num_actuators': 6, 'complexity_penalty': 3.0}
13:46:24  DEBUG    id=107  fitness=    1.237 limbs= 7 depth=3 metrics={'auc': 4.237109372821277, 'final': -8.5370080884906, 'steps_to_threshold': 11666.666666666666, 'reached_threshold': 1.0, 'num_actuators': 6, 'complexity_penalty': 3.0}
13:46:24  DEBUG    id=108  fitness=   25.060 limbs=10 depth=3 metrics={'auc': 29.559850636453763, 'final': 13.796314400533937, 'steps_to_threshold': 58333.333333333336, 'reached_threshold': 1.0, 'num_actuators': 9, 'complexity_penalty': 4.5}
13:46:24  DEBUG    id=109  fitness=    5.528 limbs= 7 depth=3 metrics={'auc': 8.528086612257885, 'final': -13.98809592170049, 'steps_to_threshold': 20000.0, 'reached_threshold': 1.0, 'num_actuators': 6, 'complexity_penalty': 3.0}
13:46:24  DEBUG    id=110  fitness=    6.508 limbs= 7 depth=3 metrics={'auc': 9.508179986463672, 'final': -12.692804027886908, 'steps_to_threshold': 23333.333333333332, 'reached_threshold': 1.0, 'num_actuators': 6, 'complexity_penalty': 3.0}
13:46:24  DEBUG    id=111  fitness=   -1.151 limbs= 6 depth=3 metrics={'auc': 1.3493687048459175, 'final': -11.482004085003773, 'steps_to_threshold': 18333.333333333332, 'reached_threshold': 1.0, 'num_actuators': 5, 'complexity_penalty': 2.5}
13:46:24  INFO   gen 4 done | best 69.096 (id=82, 8 limbs) | mean 20.344 | worst -1.151 | invalid 0 | 1191.8s
13:46:24  INFO   ================================================================
13:46:24  INFO   Finished 5 generations in 99.4 min. Best fitness 69.096 (8 limbs).
13:46:24  INFO   Artifacts: run.log, generation_stats.csv, history.json, and per generation gen*_best.xml + gen*_best_genome.pkl + gen*_best_policy.zip in experiments/run17
