16:25:11  INFO   ================================================================
16:25:11  INFO   Learnability-driven morphology evolution
16:25:11  INFO     population=24  generations=10  metric=auc  eval_seeds=3
16:25:11  INFO     inner: algo=ppo  lifetime_steps=500000  eval_every=5000  horizon=2500
16:25:11  INFO     workers=8  seed=0  out=experiments/run14
16:25:11  INFO   ================================================================
16:25:11  INFO   gen 0: evaluating 24/24 individuals (8 workers)
16:44:47  DEBUG    id=0    fitness=  -10.038 limbs= 2 depth=2 metrics={'auc': -9.538126424816697, 'final': -9.514980001522124, 'steps_to_threshold': 500000.0, 'reached_threshold': 0.0, 'num_actuators': 1, 'complexity_penalty': 0.5}
16:44:47  DEBUG    id=1    fitness=  -12.158 limbs=10 depth=4 metrics={'auc': -7.657964843786786, 'final': -7.442036752984429, 'steps_to_threshold': 500000.0, 'reached_threshold': 0.0, 'num_actuators': 9, 'complexity_penalty': 4.5}
16:44:47  DEBUG    id=2    fitness=  -11.708 limbs= 3 depth=3 metrics={'auc': -10.707841217125022, 'final': -10.69183961293323, 'steps_to_threshold': 500000.0, 'reached_threshold': 0.0, 'num_actuators': 2, 'complexity_penalty': 1.0}
16:44:47  DEBUG    id=3    fitness=  -13.723 limbs= 9 depth=5 metrics={'auc': -9.722834184071873, 'final': -9.643929494540577, 'steps_to_threshold': 500000.0, 'reached_threshold': 0.0, 'num_actuators': 8, 'complexity_penalty': 4.0}
16:44:47  DEBUG    id=4    fitness=  -11.493 limbs= 4 depth=3 metrics={'auc': -9.99292456526159, 'final': -9.977003250058546, 'steps_to_threshold': 500000.0, 'reached_threshold': 0.0, 'num_actuators': 3, 'complexity_penalty': 1.5}
16:44:47  DEBUG    id=5    fitness=  -26.624 limbs= 5 depth=4 metrics={'auc': -24.623581183531318, 'final': -24.601680823829614, 'steps_to_threshold': 500000.0, 'reached_threshold': 0.0, 'num_actuators': 4, 'complexity_penalty': 2.0}
16:44:47  DEBUG    id=6    fitness=   -9.208 limbs=10 depth=4 metrics={'auc': -4.70770236531017, 'final': -4.363841682358422, 'steps_to_threshold': 500000.0, 'reached_threshold': 0.0, 'num_actuators': 9, 'complexity_penalty': 4.5}
16:44:47  DEBUG    id=7    fitness=  -13.061 limbs= 9 depth=4 metrics={'auc': -9.061123327131094, 'final': -8.972109125740513, 'steps_to_threshold': 500000.0, 'reached_threshold': 0.0, 'num_actuators': 8, 'complexity_penalty': 4.0}
16:44:47  DEBUG    id=8    fitness=  -11.036 limbs=11 depth=5 metrics={'auc': -6.0355905505537315, 'final': -5.6337246413288495, 'steps_to_threshold': 500000.0, 'reached_threshold': 0.0, 'num_actuators': 10, 'complexity_penalty': 5.0}
16:44:47  DEBUG    id=9    fitness=  -13.794 limbs=10 depth=5 metrics={'auc': -9.293594290081508, 'final': -9.105493724604973, 'steps_to_threshold': 500000.0, 'reached_threshold': 0.0, 'num_actuators': 9, 'complexity_penalty': 4.5}
16:44:47  DEBUG    id=10   fitness=   -5.507 limbs= 6 depth=4 metrics={'auc': -3.0067599421719335, 'final': -2.8294219297260867, 'steps_to_threshold': 500000.0, 'reached_threshold': 0.0, 'num_actuators': 5, 'complexity_penalty': 2.5}
16:44:47  DEBUG    id=11   fitness=  -13.543 limbs= 9 depth=4 metrics={'auc': -9.542841297383706, 'final': -9.444327220457083, 'steps_to_threshold': 500000.0, 'reached_threshold': 0.0, 'num_actuators': 8, 'complexity_penalty': 4.0}
16:44:47  DEBUG    id=12   fitness=  -12.834 limbs= 6 depth=4 metrics={'auc': -10.333626148067294, 'final': -10.328997598576757, 'steps_to_threshold': 500000.0, 'reached_threshold': 0.0, 'num_actuators': 5, 'complexity_penalty': 2.5}
16:44:47  DEBUG    id=13   fitness=  -14.727 limbs=12 depth=5 metrics={'auc': -9.227016817914192, 'final': -9.1047362884164, 'steps_to_threshold': 500000.0, 'reached_threshold': 0.0, 'num_actuators': 11, 'complexity_penalty': 5.5}
16:44:47  DEBUG    id=14   fitness=  -12.381 limbs= 9 depth=4 metrics={'auc': -8.38129288657927, 'final': -8.232732694301644, 'steps_to_threshold': 500000.0, 'reached_threshold': 0.0, 'num_actuators': 8, 'complexity_penalty': 4.0}
16:44:47  DEBUG    id=15   fitness=  -12.594 limbs= 5 depth=4 metrics={'auc': -10.593592477470976, 'final': -10.571031334885804, 'steps_to_threshold': 500000.0, 'reached_threshold': 0.0, 'num_actuators': 4, 'complexity_penalty': 2.0}
16:44:47  DEBUG    id=16   fitness=  -13.725 limbs=10 depth=5 metrics={'auc': -9.225419668073146, 'final': -9.113001966793556, 'steps_to_threshold': 500000.0, 'reached_threshold': 0.0, 'num_actuators': 9, 'complexity_penalty': 4.5}
16:44:47  DEBUG    id=17   fitness=  -10.896 limbs= 2 depth=2 metrics={'auc': -10.39550375957994, 'final': -10.395430396641968, 'steps_to_threshold': 500000.0, 'reached_threshold': 0.0, 'num_actuators': 1, 'complexity_penalty': 0.5}
16:44:47  DEBUG    id=18   fitness=  -12.540 limbs= 5 depth=3 metrics={'auc': -10.540262798377087, 'final': -10.484636720359473, 'steps_to_threshold': 500000.0, 'reached_threshold': 0.0, 'num_actuators': 4, 'complexity_penalty': 2.0}
16:44:47  DEBUG    id=19   fitness=  -17.964 limbs= 8 depth=4 metrics={'auc': -14.46393925517839, 'final': -14.203923855386806, 'steps_to_threshold': 500000.0, 'reached_threshold': 0.0, 'num_actuators': 7, 'complexity_penalty': 3.5}
16:44:47  DEBUG    id=20   fitness=  -10.694 limbs= 5 depth=3 metrics={'auc': -8.693925615228146, 'final': -8.611333459709234, 'steps_to_threshold': 500000.0, 'reached_threshold': 0.0, 'num_actuators': 4, 'complexity_penalty': 2.0}
16:44:47  DEBUG    id=21   fitness=  -12.062 limbs= 6 depth=4 metrics={'auc': -9.562262544013226, 'final': -9.407080772403559, 'steps_to_threshold': 500000.0, 'reached_threshold': 0.0, 'num_actuators': 5, 'complexity_penalty': 2.5}
16:44:47  DEBUG    id=22   fitness=  -13.709 limbs= 9 depth=4 metrics={'auc': -9.70909560998099, 'final': -9.589565417327814, 'steps_to_threshold': 500000.0, 'reached_threshold': 0.0, 'num_actuators': 8, 'complexity_penalty': 4.0}
16:44:47  DEBUG    id=23   fitness=  -14.946 limbs=12 depth=5 metrics={'auc': -9.445635304551415, 'final': -9.28886266253357, 'steps_to_threshold': 500000.0, 'reached_threshold': 0.0, 'num_actuators': 11, 'complexity_penalty': 5.5}
16:44:47  INFO   gen 0 done | best -5.507 (id=10, 6 limbs) | mean -12.957 | worst -26.624 | invalid 0 | 1175.6s
16:44:47  INFO     ~19.6 min/gen, est. 176.3 min remaining
16:44:47  INFO   gen 1: evaluating 22/24 individuals (8 workers)
17:04:05  DEBUG    id=24   fitness=  -12.045 limbs= 6 depth=4 metrics={'auc': -9.544649042505766, 'final': -9.386620307708133, 'steps_to_threshold': 500000.0, 'reached_threshold': 0.0, 'num_actuators': 5, 'complexity_penalty': 2.5}
17:04:05  DEBUG    id=25   fitness=  -10.039 limbs= 4 depth=3 metrics={'auc': -8.539417182385876, 'final': -8.496987923638656, 'steps_to_threshold': 500000.0, 'reached_threshold': 0.0, 'num_actuators': 3, 'complexity_penalty': 1.5}
17:04:05  DEBUG    id=26   fitness=   -9.316 limbs=10 depth=4 metrics={'auc': -4.815550718236661, 'final': -4.498057226073853, 'steps_to_threshold': 500000.0, 'reached_threshold': 0.0, 'num_actuators': 9, 'complexity_penalty': 4.5}
17:04:05  DEBUG    id=27   fitness=   -5.870 limbs= 6 depth=4 metrics={'auc': -3.369807683188142, 'final': -3.0723824888895344, 'steps_to_threshold': 500000.0, 'reached_threshold': 0.0, 'num_actuators': 5, 'complexity_penalty': 2.5}
17:04:05  DEBUG    id=28   fitness=   -9.843 limbs= 2 depth=2 metrics={'auc': -9.34300073781186, 'final': -9.307714310277428, 'steps_to_threshold': 500000.0, 'reached_threshold': 0.0, 'num_actuators': 1, 'complexity_penalty': 0.5}
17:04:05  DEBUG    id=29   fitness=   -1.809 limbs= 6 depth=4 metrics={'auc': 0.6913766102580765, 'final': 0.9658043982166261, 'steps_to_threshold': 168333.33333333334, 'reached_threshold': 1.0, 'num_actuators': 5, 'complexity_penalty': 2.5}
17:04:05  DEBUG    id=30   fitness=   -6.725 limbs= 6 depth=4 metrics={'auc': -4.224742335869886, 'final': -3.9653862133940785, 'steps_to_threshold': 500000.0, 'reached_threshold': 0.0, 'num_actuators': 5, 'complexity_penalty': 2.5}
17:04:05  DEBUG    id=31   fitness=   -5.476 limbs= 6 depth=4 metrics={'auc': -2.9760110498297734, 'final': -2.783980254720106, 'steps_to_threshold': 500000.0, 'reached_threshold': 0.0, 'num_actuators': 5, 'complexity_penalty': 2.5}
17:04:05  DEBUG    id=32   fitness=  -12.186 limbs=10 depth=4 metrics={'auc': -7.685703301926574, 'final': -7.4484658983071155, 'steps_to_threshold': 500000.0, 'reached_threshold': 0.0, 'num_actuators': 9, 'complexity_penalty': 4.5}
17:04:05  DEBUG    id=33   fitness=  -10.274 limbs= 2 depth=2 metrics={'auc': -9.773528957277733, 'final': -9.758751254581549, 'steps_to_threshold': 500000.0, 'reached_threshold': 0.0, 'num_actuators': 1, 'complexity_penalty': 0.5}
17:04:05  DEBUG    id=34   fitness=     -inf limbs= 1 depth=1 metrics={'invalid': 'no_actuators'}
17:04:05  DEBUG    id=35   fitness=   -5.432 limbs= 6 depth=4 metrics={'auc': -2.9315916126271175, 'final': -2.7544349069099052, 'steps_to_threshold': 500000.0, 'reached_threshold': 0.0, 'num_actuators': 5, 'complexity_penalty': 2.5}
17:04:05  DEBUG    id=36   fitness=  -11.818 limbs= 9 depth=4 metrics={'auc': -7.817516097631447, 'final': -7.600641983430368, 'steps_to_threshold': 500000.0, 'reached_threshold': 0.0, 'num_actuators': 8, 'complexity_penalty': 4.0}
17:04:05  DEBUG    id=37   fitness=  -13.744 limbs=10 depth=4 metrics={'auc': -9.243654290653332, 'final': -9.044658269036196, 'steps_to_threshold': 500000.0, 'reached_threshold': 0.0, 'num_actuators': 9, 'complexity_penalty': 4.5}
17:04:05  DEBUG    id=38   fitness=  -13.120 limbs= 9 depth=4 metrics={'auc': -9.11964620342228, 'final': -9.022430370377974, 'steps_to_threshold': 500000.0, 'reached_threshold': 0.0, 'num_actuators': 8, 'complexity_penalty': 4.0}
17:04:05  DEBUG    id=39   fitness=  -12.169 limbs=10 depth=4 metrics={'auc': -7.669094057595193, 'final': -7.446261115388547, 'steps_to_threshold': 500000.0, 'reached_threshold': 0.0, 'num_actuators': 9, 'complexity_penalty': 4.5}
17:04:05  DEBUG    id=40   fitness=  -13.107 limbs= 9 depth=4 metrics={'auc': -9.106703589262253, 'final': -9.000589346618751, 'steps_to_threshold': 500000.0, 'reached_threshold': 0.0, 'num_actuators': 8, 'complexity_penalty': 4.0}
17:04:05  DEBUG    id=41   fitness=  -11.592 limbs= 3 depth=3 metrics={'auc': -10.592008371763995, 'final': -10.57451491740122, 'steps_to_threshold': 500000.0, 'reached_threshold': 0.0, 'num_actuators': 2, 'complexity_penalty': 1.0}
17:04:05  DEBUG    id=42   fitness=  -11.098 limbs=11 depth=5 metrics={'auc': -6.0978429143014266, 'final': -5.70038905353917, 'steps_to_threshold': 500000.0, 'reached_threshold': 0.0, 'num_actuators': 10, 'complexity_penalty': 5.0}
17:04:05  DEBUG    id=43   fitness=  -10.190 limbs= 5 depth=4 metrics={'auc': -8.189573308357152, 'final': -8.11529572077747, 'steps_to_threshold': 500000.0, 'reached_threshold': 0.0, 'num_actuators': 4, 'complexity_penalty': 2.0}
17:04:05  DEBUG    id=44   fitness=  -10.530 limbs= 5 depth=3 metrics={'auc': -8.53006407578461, 'final': -8.454836958645823, 'steps_to_threshold': 500000.0, 'reached_threshold': 0.0, 'num_actuators': 4, 'complexity_penalty': 2.0}
17:04:05  DEBUG    id=45   fitness=  -10.892 limbs= 2 depth=2 metrics={'auc': -10.391875596242665, 'final': -10.391031336341301, 'steps_to_threshold': 500000.0, 'reached_threshold': 0.0, 'num_actuators': 1, 'complexity_penalty': 0.5}
17:04:05  INFO   gen 1 done | best -1.809 (id=29, 6 limbs) | mean -9.688 | worst -13.744 | invalid 1 | 1158.1s
17:04:05  INFO     ~19.4 min/gen, est. 155.6 min remaining
17:04:05  INFO   gen 2: evaluating 22/24 individuals (8 workers)
17:22:31  DEBUG    id=46   fitness=  -10.970 limbs= 3 depth=3 metrics={'auc': -9.970322193668958, 'final': -9.960029259013886, 'steps_to_threshold': 500000.0, 'reached_threshold': 0.0, 'num_actuators': 2, 'complexity_penalty': 1.0}
17:22:31  DEBUG    id=47   fitness=   -9.042 limbs=10 depth=4 metrics={'auc': -4.541569414393186, 'final': -4.206295680166817, 'steps_to_threshold': 500000.0, 'reached_threshold': 0.0, 'num_actuators': 9, 'complexity_penalty': 4.5}
17:22:31  DEBUG    id=48   fitness=     -inf limbs= 1 depth=1 metrics={'invalid': 'no_actuators'}
17:22:31  DEBUG    id=49   fitness=  -10.040 limbs= 4 depth=3 metrics={'auc': -8.539886231970955, 'final': -8.496954082263386, 'steps_to_threshold': 500000.0, 'reached_threshold': 0.0, 'num_actuators': 3, 'complexity_penalty': 1.5}
17:22:31  DEBUG    id=50   fitness=  -10.268 limbs= 2 depth=2 metrics={'auc': -9.76839275942201, 'final': -9.74459369162983, 'steps_to_threshold': 500000.0, 'reached_threshold': 0.0, 'num_actuators': 1, 'complexity_penalty': 0.5}
17:22:31  DEBUG    id=51   fitness=   -2.584 limbs= 5 depth=4 metrics={'auc': -0.5842423503855433, 'final': -0.3805410227333595, 'steps_to_threshold': 500000.0, 'reached_threshold': 0.0, 'num_actuators': 4, 'complexity_penalty': 2.0}
17:22:31  DEBUG    id=52   fitness=   -7.606 limbs= 9 depth=3 metrics={'auc': -3.6060007296596965, 'final': -3.2503292563738584, 'steps_to_threshold': 500000.0, 'reached_threshold': 0.0, 'num_actuators': 8, 'complexity_penalty': 4.0}
17:22:31  DEBUG    id=53   fitness=   -5.807 limbs= 6 depth=4 metrics={'auc': -3.30667034553586, 'final': -3.0263356528617216, 'steps_to_threshold': 500000.0, 'reached_threshold': 0.0, 'num_actuators': 5, 'complexity_penalty': 2.5}
17:22:31  DEBUG    id=54   fitness=  -10.251 limbs= 3 depth=2 metrics={'auc': -9.251242515010043, 'final': -9.20781881216494, 'steps_to_threshold': 500000.0, 'reached_threshold': 0.0, 'num_actuators': 2, 'complexity_penalty': 1.0}
17:22:31  DEBUG    id=55   fitness=  -12.015 limbs=10 depth=4 metrics={'auc': -7.515243520363801, 'final': -7.279593736217843, 'steps_to_threshold': 500000.0, 'reached_threshold': 0.0, 'num_actuators': 9, 'complexity_penalty': 4.5}
17:22:31  DEBUG    id=56   fitness=  -12.459 limbs=10 depth=4 metrics={'auc': -7.958699111524662, 'final': -7.693771497253913, 'steps_to_threshold': 500000.0, 'reached_threshold': 0.0, 'num_actuators': 9, 'complexity_penalty': 4.5}
17:22:31  DEBUG    id=57   fitness=     -inf limbs= 1 depth=1 metrics={'invalid': 'no_actuators'}
17:22:31  DEBUG    id=58   fitness=  -10.923 limbs= 6 depth=4 metrics={'auc': -8.422972388695493, 'final': -8.359644558267865, 'steps_to_threshold': 500000.0, 'reached_threshold': 0.0, 'num_actuators': 5, 'complexity_penalty': 2.5}
17:22:31  DEBUG    id=59   fitness=   -8.741 limbs= 5 depth=3 metrics={'auc': -6.741396247029106, 'final': -6.4716096256050974, 'steps_to_threshold': 500000.0, 'reached_threshold': 0.0, 'num_actuators': 4, 'complexity_penalty': 2.0}
17:22:31  DEBUG    id=60   fitness=  -10.284 limbs= 2 depth=2 metrics={'auc': -9.783978320533478, 'final': -9.767056187320984, 'steps_to_threshold': 500000.0, 'reached_threshold': 0.0, 'num_actuators': 1, 'complexity_penalty': 0.5}
17:22:31  DEBUG    id=61   fitness=     -inf limbs= 1 depth=1 metrics={'invalid': 'no_actuators'}
17:22:31  DEBUG    id=62   fitness=     -inf limbs= 1 depth=1 metrics={'invalid': 'no_actuators'}
17:22:31  DEBUG    id=63   fitness=  -10.000 limbs= 4 depth=3 metrics={'auc': -8.499694766986764, 'final': -8.451110280762496, 'steps_to_threshold': 500000.0, 'reached_threshold': 0.0, 'num_actuators': 3, 'complexity_penalty': 1.5}
17:22:31  DEBUG    id=64   fitness=   -6.485 limbs= 9 depth=4 metrics={'auc': -2.4849827116276058, 'final': -2.220875580278931, 'steps_to_threshold': 500000.0, 'reached_threshold': 0.0, 'num_actuators': 8, 'complexity_penalty': 4.0}
17:22:31  DEBUG    id=65   fitness=   -7.366 limbs= 6 depth=4 metrics={'auc': -4.865829376991848, 'final': -4.6847960553675545, 'steps_to_threshold': 500000.0, 'reached_threshold': 0.0, 'num_actuators': 5, 'complexity_penalty': 2.5}
17:22:31  DEBUG    id=66   fitness=  -10.502 limbs= 4 depth=3 metrics={'auc': -9.002304614407501, 'final': -8.92656588787363, 'steps_to_threshold': 500000.0, 'reached_threshold': 0.0, 'num_actuators': 3, 'complexity_penalty': 1.5}
17:22:31  DEBUG    id=67   fitness=  -10.252 limbs= 2 depth=2 metrics={'auc': -9.752041908187353, 'final': -9.730045619195058, 'steps_to_threshold': 500000.0, 'reached_threshold': 0.0, 'num_actuators': 1, 'complexity_penalty': 0.5}
17:22:31  INFO   gen 2 done | best -1.809 (id=29, 6 limbs) | mean -8.836 | worst -12.459 | invalid 4 | 1106.0s
17:22:31  INFO     ~19.1 min/gen, est. 133.8 min remaining
17:22:31  INFO   gen 3: evaluating 22/24 individuals (8 workers)
17:42:26  DEBUG    id=68   fitness=    4.413 limbs= 7 depth=4 metrics={'auc': 7.413179853694676, 'final': 8.311097955291679, 'steps_to_threshold': 41666.666666666664, 'reached_threshold': 1.0, 'num_actuators': 6, 'complexity_penalty': 3.0}
17:42:26  DEBUG    id=69   fitness=  -10.464 limbs= 2 depth=2 metrics={'auc': -9.963802750260458, 'final': -9.952425688272958, 'steps_to_threshold': 500000.0, 'reached_threshold': 0.0, 'num_actuators': 1, 'complexity_penalty': 0.5}
17:42:26  DEBUG    id=70   fitness=   -7.728 limbs= 9 depth=3 metrics={'auc': -3.727690756847572, 'final': -3.337336049910247, 'steps_to_threshold': 500000.0, 'reached_threshold': 0.0, 'num_actuators': 8, 'complexity_penalty': 4.0}
17:42:26  DEBUG    id=71   fitness=   -9.677 limbs=11 depth=4 metrics={'auc': -4.677070362898891, 'final': -4.318654615868219, 'steps_to_threshold': 500000.0, 'reached_threshold': 0.0, 'num_actuators': 10, 'complexity_penalty': 5.0}
17:42:26  DEBUG    id=72   fitness=   -7.685 limbs= 9 depth=3 metrics={'auc': -3.68459141499169, 'final': -3.3368337764507827, 'steps_to_threshold': 500000.0, 'reached_threshold': 0.0, 'num_actuators': 8, 'complexity_penalty': 4.0}
17:42:26  DEBUG    id=73   fitness=   -2.570 limbs= 6 depth=4 metrics={'auc': -0.07008123130686418, 'final': 0.15446943434059376, 'steps_to_threshold': 296666.6666666667, 'reached_threshold': 1.0, 'num_actuators': 5, 'complexity_penalty': 2.5}
17:42:26  DEBUG    id=74   fitness=    4.193 limbs= 5 depth=4 metrics={'auc': 6.193235698874841, 'final': 6.770479005875387, 'steps_to_threshold': 11666.666666666666, 'reached_threshold': 1.0, 'num_actuators': 4, 'complexity_penalty': 2.0}
17:42:26  DEBUG    id=75   fitness=  -11.045 limbs= 6 depth=4 metrics={'auc': -8.544765106999346, 'final': -8.457350145023268, 'steps_to_threshold': 500000.0, 'reached_threshold': 0.0, 'num_actuators': 5, 'complexity_penalty': 2.5}
17:42:26  DEBUG    id=76   fitness=     -inf limbs= 1 depth=1 metrics={'invalid': 'no_actuators'}
17:42:26  DEBUG    id=77   fitness=    3.564 limbs= 5 depth=4 metrics={'auc': 5.563993186209662, 'final': 5.950364614673922, 'steps_to_threshold': 10000.0, 'reached_threshold': 1.0, 'num_actuators': 4, 'complexity_penalty': 2.0}
17:42:26  DEBUG    id=78   fitness=     -inf limbs= 1 depth=1 metrics={'invalid': 'no_actuators'}
17:42:26  DEBUG    id=79   fitness=   -7.401 limbs= 6 depth=4 metrics={'auc': -4.900600824077614, 'final': -4.677806156818668, 'steps_to_threshold': 500000.0, 'reached_threshold': 0.0, 'num_actuators': 5, 'complexity_penalty': 2.5}
17:42:26  DEBUG    id=80   fitness=    3.519 limbs= 5 depth=4 metrics={'auc': 5.518625649352976, 'final': 5.970639582606114, 'steps_to_threshold': 8333.333333333334, 'reached_threshold': 1.0, 'num_actuators': 4, 'complexity_penalty': 2.0}
17:42:26  DEBUG    id=81   fitness=   -3.937 limbs= 5 depth=4 metrics={'auc': -1.9366467786195347, 'final': -1.7522437978608865, 'steps_to_threshold': 500000.0, 'reached_threshold': 0.0, 'num_actuators': 4, 'complexity_penalty': 2.0}
17:42:26  DEBUG    id=82   fitness=   -6.466 limbs= 9 depth=4 metrics={'auc': -2.4657255575585637, 'final': -2.2437139129695027, 'steps_to_threshold': 500000.0, 'reached_threshold': 0.0, 'num_actuators': 8, 'complexity_penalty': 4.0}
17:42:26  DEBUG    id=83   fitness=   -2.722 limbs= 5 depth=4 metrics={'auc': -0.7222936437972631, 'final': -0.4201071202925984, 'steps_to_threshold': 500000.0, 'reached_threshold': 0.0, 'num_actuators': 4, 'complexity_penalty': 2.0}
17:42:26  DEBUG    id=84   fitness=   -9.758 limbs= 2 depth=2 metrics={'auc': -9.258042259254427, 'final': -9.223125004955598, 'steps_to_threshold': 500000.0, 'reached_threshold': 0.0, 'num_actuators': 1, 'complexity_penalty': 0.5}
17:42:26  DEBUG    id=85   fitness=   -2.718 limbs= 5 depth=4 metrics={'auc': -0.7176788612742747, 'final': -0.4841582972446458, 'steps_to_threshold': 500000.0, 'reached_threshold': 0.0, 'num_actuators': 4, 'complexity_penalty': 2.0}
17:42:26  DEBUG    id=86   fitness=   -5.934 limbs= 6 depth=4 metrics={'auc': -3.433751425232296, 'final': -3.188685933768941, 'steps_to_threshold': 500000.0, 'reached_threshold': 0.0, 'num_actuators': 5, 'complexity_penalty': 2.5}
17:42:26  DEBUG    id=87   fitness=   -9.336 limbs= 6 depth=4 metrics={'auc': -6.836120545076337, 'final': -6.620639654685643, 'steps_to_threshold': 500000.0, 'reached_threshold': 0.0, 'num_actuators': 5, 'complexity_penalty': 2.5}
17:42:26  DEBUG    id=88   fitness=   -9.379 limbs=10 depth=4 metrics={'auc': -4.8787721718293655, 'final': -4.571945371780885, 'steps_to_threshold': 500000.0, 'reached_threshold': 0.0, 'num_actuators': 9, 'complexity_penalty': 4.5}
17:42:26  DEBUG    id=89   fitness=   -7.316 limbs= 6 depth=4 metrics={'auc': -4.816291484274165, 'final': -4.610743803432311, 'steps_to_threshold': 500000.0, 'reached_threshold': 0.0, 'num_actuators': 5, 'complexity_penalty': 2.5}
17:42:26  INFO   gen 3 done | best 4.413 (id=68, 7 limbs) | mean -4.674 | worst -11.045 | invalid 2 | 1195.4s
17:42:26  INFO     ~19.3 min/gen, est. 115.9 min remaining
17:42:26  INFO   gen 4: evaluating 22/24 individuals (8 workers)
18:01:08  DEBUG    id=90   fitness=   -7.704 limbs= 9 depth=3 metrics={'auc': -3.7043920406886603, 'final': -3.3592981523451777, 'steps_to_threshold': 500000.0, 'reached_threshold': 0.0, 'num_actuators': 8, 'complexity_penalty': 4.0}
18:01:08  DEBUG    id=91   fitness=  -10.789 limbs= 4 depth=3 metrics={'auc': -9.289217348032173, 'final': -9.243658103752745, 'steps_to_threshold': 500000.0, 'reached_threshold': 0.0, 'num_actuators': 3, 'complexity_penalty': 1.5}
18:01:08  DEBUG    id=92   fitness=    1.667 limbs= 6 depth=4 metrics={'auc': 4.1667475518941615, 'final': 4.532843961029861, 'steps_to_threshold': 10000.0, 'reached_threshold': 1.0, 'num_actuators': 5, 'complexity_penalty': 2.5}
18:01:08  DEBUG    id=93   fitness=   10.223 limbs= 5 depth=4 metrics={'auc': 12.22331634482093, 'final': 12.965499977914718, 'steps_to_threshold': 6666.666666666667, 'reached_threshold': 1.0, 'num_actuators': 4, 'complexity_penalty': 2.0}
18:01:08  DEBUG    id=94   fitness=   -7.931 limbs=10 depth=3 metrics={'auc': -3.4309636860729866, 'final': -3.0830323228256797, 'steps_to_threshold': 500000.0, 'reached_threshold': 0.0, 'num_actuators': 9, 'complexity_penalty': 4.5}
18:01:08  DEBUG    id=95   fitness=   -1.875 limbs= 6 depth=4 metrics={'auc': 0.6247960844447578, 'final': 0.8606871310384981, 'steps_to_threshold': 155000.0, 'reached_threshold': 1.0, 'num_actuators': 5, 'complexity_penalty': 2.5}
18:01:08  DEBUG    id=96   fitness=     -inf limbs= 1 depth=1 metrics={'invalid': 'no_actuators'}
18:01:08  DEBUG    id=97   fitness=   -4.823 limbs= 4 depth=3 metrics={'auc': -3.3230925996320426, 'final': -3.194104618913228, 'steps_to_threshold': 500000.0, 'reached_threshold': 0.0, 'num_actuators': 3, 'complexity_penalty': 1.5}
18:01:08  DEBUG    id=98   fitness=    9.655 limbs= 5 depth=4 metrics={'auc': 11.654681679242742, 'final': 12.431486158545745, 'steps_to_threshold': 5000.0, 'reached_threshold': 1.0, 'num_actuators': 4, 'complexity_penalty': 2.0}
18:01:08  DEBUG    id=99   fitness=  -10.121 limbs= 3 depth=3 metrics={'auc': -9.120540978165982, 'final': -9.060424063415715, 'steps_to_threshold': 500000.0, 'reached_threshold': 0.0, 'num_actuators': 2, 'complexity_penalty': 1.0}
18:01:08  DEBUG    id=100  fitness=   -8.945 limbs= 6 depth=4 metrics={'auc': -6.444655424593311, 'final': -6.295298016904577, 'steps_to_threshold': 500000.0, 'reached_threshold': 0.0, 'num_actuators': 5, 'complexity_penalty': 2.5}
18:01:08  DEBUG    id=101  fitness=  -10.463 limbs= 2 depth=2 metrics={'auc': -9.962923435303656, 'final': -9.952749427330986, 'steps_to_threshold': 500000.0, 'reached_threshold': 0.0, 'num_actuators': 1, 'complexity_penalty': 0.5}
18:01:08  DEBUG    id=102  fitness=   14.103 limbs= 7 depth=4 metrics={'auc': 17.10298791708182, 'final': 19.23538121538277, 'steps_to_threshold': 38333.333333333336, 'reached_threshold': 1.0, 'num_actuators': 6, 'complexity_penalty': 3.0}
18:01:08  DEBUG    id=103  fitness=    5.333 limbs= 8 depth=4 metrics={'auc': 8.833318199585301, 'final': 14.57048137330959, 'steps_to_threshold': 211666.66666666666, 'reached_threshold': 1.0, 'num_actuators': 7, 'complexity_penalty': 3.5}
18:01:08  DEBUG    id=104  fitness=    5.187 limbs= 6 depth=4 metrics={'auc': 7.68730853410652, 'final': 8.081610329479245, 'steps_to_threshold': 5000.0, 'reached_threshold': 1.0, 'num_actuators': 5, 'complexity_penalty': 2.5}
18:01:08  DEBUG    id=105  fitness=   -2.050 limbs= 6 depth=4 metrics={'auc': 0.449799126546488, 'final': 0.7445956054181991, 'steps_to_threshold': 186666.66666666666, 'reached_threshold': 1.0, 'num_actuators': 5, 'complexity_penalty': 2.5}
18:01:08  DEBUG    id=106  fitness=   -4.639 limbs= 6 depth=4 metrics={'auc': -2.1391385924165096, 'final': -1.9580385717209092, 'steps_to_threshold': 500000.0, 'reached_threshold': 0.0, 'num_actuators': 5, 'complexity_penalty': 2.5}
18:01:08  DEBUG    id=107  fitness=   -7.820 limbs= 8 depth=4 metrics={'auc': -4.3196629965288595, 'final': -4.091765633331626, 'steps_to_threshold': 500000.0, 'reached_threshold': 0.0, 'num_actuators': 7, 'complexity_penalty': 3.5}
18:01:08  DEBUG    id=108  fitness=   -7.218 limbs= 6 depth=4 metrics={'auc': -4.718310544468736, 'final': -4.574685276278182, 'steps_to_threshold': 500000.0, 'reached_threshold': 0.0, 'num_actuators': 5, 'complexity_penalty': 2.5}
18:01:08  DEBUG    id=109  fitness=  -11.463 limbs= 6 depth=4 metrics={'auc': -8.962996755957727, 'final': -8.89589990786383, 'steps_to_threshold': 500000.0, 'reached_threshold': 0.0, 'num_actuators': 5, 'complexity_penalty': 2.5}
18:01:08  DEBUG    id=110  fitness=    6.282 limbs= 6 depth=4 metrics={'auc': 8.78175393512963, 'final': 9.374903266715497, 'steps_to_threshold': 5000.0, 'reached_threshold': 1.0, 'num_actuators': 5, 'complexity_penalty': 2.5}
18:01:08  DEBUG    id=111  fitness=    5.516 limbs= 5 depth=4 metrics={'auc': 7.516012192458196, 'final': 7.968786835376029, 'steps_to_threshold': 6666.666666666667, 'reached_threshold': 1.0, 'num_actuators': 4, 'complexity_penalty': 2.0}
18:01:08  INFO   gen 4 done | best 14.103 (id=102, 7 limbs) | mean -1.273 | worst -11.463 | invalid 1 | 1121.5s
18:01:08  INFO     ~19.2 min/gen, est. 95.9 min remaining
18:01:08  INFO   gen 5: evaluating 22/24 individuals (8 workers)
18:20:33  DEBUG    id=112  fitness=    3.064 limbs= 6 depth=4 metrics={'auc': 5.5636429032426955, 'final': 5.960913772128573, 'steps_to_threshold': 6666.666666666667, 'reached_threshold': 1.0, 'num_actuators': 5, 'complexity_penalty': 2.5}
18:20:33  DEBUG    id=113  fitness=   -2.172 limbs= 6 depth=4 metrics={'auc': 0.32798077339743387, 'final': 0.6347657565498547, 'steps_to_threshold': 205000.0, 'reached_threshold': 1.0, 'num_actuators': 5, 'complexity_penalty': 2.5}
18:20:33  DEBUG    id=114  fitness=  -10.255 limbs= 7 depth=4 metrics={'auc': -7.2550790887303656, 'final': -7.118004330783214, 'steps_to_threshold': 500000.0, 'reached_threshold': 0.0, 'num_actuators': 6, 'complexity_penalty': 3.0}
18:20:33  DEBUG    id=115  fitness=  -54.084 limbs= 8 depth=4 metrics={'auc': -50.584119736342984, 'final': -43.273143637707015, 'steps_to_threshold': 26666.666666666668, 'reached_threshold': 1.0, 'num_actuators': 7, 'complexity_penalty': 3.5}
18:20:33  DEBUG    id=116  fitness=   -4.817 limbs= 4 depth=3 metrics={'auc': -3.3174622981068222, 'final': -3.1916520194724733, 'steps_to_threshold': 500000.0, 'reached_threshold': 0.0, 'num_actuators': 3, 'complexity_penalty': 1.5}
18:20:33  DEBUG    id=117  fitness=  -10.414 limbs= 2 depth=2 metrics={'auc': -9.914173444054006, 'final': -9.900352438427573, 'steps_to_threshold': 500000.0, 'reached_threshold': 0.0, 'num_actuators': 1, 'complexity_penalty': 0.5}
18:20:33  DEBUG    id=118  fitness=    7.428 limbs= 5 depth=4 metrics={'auc': 9.427767834268769, 'final': 9.80276588317881, 'steps_to_threshold': 0.0, 'reached_threshold': 1.0, 'num_actuators': 4, 'complexity_penalty': 2.0}
18:20:33  DEBUG    id=119  fitness=    3.393 limbs= 6 depth=4 metrics={'auc': 5.892505285194837, 'final': 6.426313214426499, 'steps_to_threshold': 6666.666666666667, 'reached_threshold': 1.0, 'num_actuators': 5, 'complexity_penalty': 2.5}
18:20:33  DEBUG    id=120  fitness=   10.147 limbs= 5 depth=4 metrics={'auc': 12.147166709764926, 'final': 12.857724175084927, 'steps_to_threshold': 10000.0, 'reached_threshold': 1.0, 'num_actuators': 4, 'complexity_penalty': 2.0}
18:20:33  DEBUG    id=121  fitness=   20.994 limbs= 4 depth=4 metrics={'auc': 22.49435032656527, 'final': 23.1409469202104, 'steps_to_threshold': 0.0, 'reached_threshold': 1.0, 'num_actuators': 3, 'complexity_penalty': 1.5}
18:20:33  DEBUG    id=122  fitness=   13.406 limbs= 5 depth=4 metrics={'auc': 15.40646306295661, 'final': 15.990656398572085, 'steps_to_threshold': 0.0, 'reached_threshold': 1.0, 'num_actuators': 4, 'complexity_penalty': 2.0}
18:20:33  DEBUG    id=123  fitness=   20.243 limbs= 8 depth=4 metrics={'auc': 23.743479626323445, 'final': 68.98269056745153, 'steps_to_threshold': 203333.33333333334, 'reached_threshold': 1.0, 'num_actuators': 7, 'complexity_penalty': 3.5}
18:20:33  DEBUG    id=124  fitness=   -1.986 limbs= 6 depth=4 metrics={'auc': 0.5138177652349277, 'final': 0.7676796890939843, 'steps_to_threshold': 168333.33333333334, 'reached_threshold': 1.0, 'num_actuators': 5, 'complexity_penalty': 2.5}
18:20:33  DEBUG    id=125  fitness=    5.848 limbs= 7 depth=4 metrics={'auc': 8.847575556596004, 'final': 10.113081700287704, 'steps_to_threshold': 48333.333333333336, 'reached_threshold': 1.0, 'num_actuators': 6, 'complexity_penalty': 3.0}
18:20:33  DEBUG    id=126  fitness=    8.957 limbs= 4 depth=4 metrics={'auc': 10.457126369739496, 'final': 11.065545838355655, 'steps_to_threshold': 5000.0, 'reached_threshold': 1.0, 'num_actuators': 3, 'complexity_penalty': 1.5}
18:20:33  DEBUG    id=127  fitness=  -10.428 limbs= 3 depth=3 metrics={'auc': -9.427612907985038, 'final': -9.385993605607839, 'steps_to_threshold': 500000.0, 'reached_threshold': 0.0, 'num_actuators': 2, 'complexity_penalty': 1.0}
18:20:33  DEBUG    id=128  fitness=    3.514 limbs= 6 depth=4 metrics={'auc': 6.013829314480745, 'final': 6.353456605647804, 'steps_to_threshold': 5000.0, 'reached_threshold': 1.0, 'num_actuators': 5, 'complexity_penalty': 2.5}
18:20:33  DEBUG    id=129  fitness=    6.573 limbs= 6 depth=4 metrics={'auc': 9.073291575152696, 'final': 9.735321013717614, 'steps_to_threshold': 5000.0, 'reached_threshold': 1.0, 'num_actuators': 5, 'complexity_penalty': 2.5}
18:20:33  DEBUG    id=130  fitness=    2.179 limbs= 4 depth=3 metrics={'auc': 3.678632872175483, 'final': 3.912771862925275, 'steps_to_threshold': 8333.333333333334, 'reached_threshold': 1.0, 'num_actuators': 3, 'complexity_penalty': 1.5}
18:20:33  DEBUG    id=131  fitness=  -10.841 limbs= 4 depth=4 metrics={'auc': -9.341299914422105, 'final': -9.299300674772867, 'steps_to_threshold': 500000.0, 'reached_threshold': 0.0, 'num_actuators': 3, 'complexity_penalty': 1.5}
18:20:33  DEBUG    id=132  fitness=   -4.853 limbs= 7 depth=4 metrics={'auc': -1.8533399511028679, 'final': -1.6307180841151183, 'steps_to_threshold': 500000.0, 'reached_threshold': 0.0, 'num_actuators': 6, 'complexity_penalty': 3.0}
18:20:33  DEBUG    id=133  fitness=   -5.369 limbs= 5 depth=3 metrics={'auc': -3.3694886012815335, 'final': -3.044641163894628, 'steps_to_threshold': 500000.0, 'reached_threshold': 0.0, 'num_actuators': 4, 'complexity_penalty': 2.0}
18:20:33  INFO   gen 5 done | best 20.994 (id=121, 4 limbs) | mean 0.619 | worst -54.084 | invalid 0 | 1165.3s
18:20:33  INFO     ~19.2 min/gen, est. 76.9 min remaining
18:20:33  INFO   gen 6: evaluating 22/24 individuals (8 workers)
18:40:14  DEBUG    id=134  fitness=    4.458 limbs= 5 depth=4 metrics={'auc': 6.457900083563261, 'final': 7.0455822231420155, 'steps_to_threshold': 10000.0, 'reached_threshold': 1.0, 'num_actuators': 4, 'complexity_penalty': 2.0}
18:40:14  DEBUG    id=135  fitness=   -6.740 limbs= 7 depth=4 metrics={'auc': -3.7397702113608893, 'final': -3.5433410231183724, 'steps_to_threshold': 500000.0, 'reached_threshold': 0.0, 'num_actuators': 6, 'complexity_penalty': 3.0}
18:40:14  DEBUG    id=136  fitness=    6.017 limbs= 5 depth=4 metrics={'auc': 8.016553530428709, 'final': 8.884633279707998, 'steps_to_threshold': 20000.0, 'reached_threshold': 1.0, 'num_actuators': 4, 'complexity_penalty': 2.0}
18:40:14  DEBUG    id=137  fitness=   13.201 limbs= 5 depth=4 metrics={'auc': 15.20074620731769, 'final': 15.71113710633382, 'steps_to_threshold': 5000.0, 'reached_threshold': 1.0, 'num_actuators': 4, 'complexity_penalty': 2.0}
18:40:14  DEBUG    id=138  fitness=    9.307 limbs= 5 depth=4 metrics={'auc': 11.30683413455423, 'final': 12.022651802684434, 'steps_to_threshold': 8333.333333333334, 'reached_threshold': 1.0, 'num_actuators': 4, 'complexity_penalty': 2.0}
18:40:14  DEBUG    id=139  fitness=   12.156 limbs= 5 depth=4 metrics={'auc': 14.155903074342369, 'final': 14.59130633267545, 'steps_to_threshold': 0.0, 'reached_threshold': 1.0, 'num_actuators': 4, 'complexity_penalty': 2.0}
18:40:14  DEBUG    id=140  fitness=   -6.298 limbs= 6 depth=4 metrics={'auc': -3.797656045424816, 'final': -3.5597460837343835, 'steps_to_threshold': 500000.0, 'reached_threshold': 0.0, 'num_actuators': 5, 'complexity_penalty': 2.5}
18:40:14  DEBUG    id=141  fitness=    6.689 limbs= 5 depth=4 metrics={'auc': 8.68909551729701, 'final': 9.186835267316724, 'steps_to_threshold': 8333.333333333334, 'reached_threshold': 1.0, 'num_actuators': 4, 'complexity_penalty': 2.0}
18:40:14  DEBUG    id=142  fitness=   -4.738 limbs= 4 depth=3 metrics={'auc': -3.23837100397899, 'final': -3.1024541423622645, 'steps_to_threshold': 500000.0, 'reached_threshold': 0.0, 'num_actuators': 3, 'complexity_penalty': 1.5}
18:40:14  DEBUG    id=143  fitness=    9.323 limbs= 4 depth=4 metrics={'auc': 10.823264600728976, 'final': 11.667601385324204, 'steps_to_threshold': 10000.0, 'reached_threshold': 1.0, 'num_actuators': 3, 'complexity_penalty': 1.5}
18:40:14  DEBUG    id=144  fitness=    0.152 limbs= 6 depth=4 metrics={'auc': 2.6521036005525134, 'final': 2.8785561461316935, 'steps_to_threshold': 10000.0, 'reached_threshold': 1.0, 'num_actuators': 5, 'complexity_penalty': 2.5}
18:40:14  DEBUG    id=145  fitness=   15.087 limbs= 5 depth=4 metrics={'auc': 17.087161937321433, 'final': 17.7747491505703, 'steps_to_threshold': 0.0, 'reached_threshold': 1.0, 'num_actuators': 4, 'complexity_penalty': 2.0}
18:40:14  DEBUG    id=146  fitness=    4.208 limbs= 8 depth=4 metrics={'auc': 7.70847189490117, 'final': 15.778683488439393, 'steps_to_threshold': 121666.66666666667, 'reached_threshold': 1.0, 'num_actuators': 7, 'complexity_penalty': 3.5}
18:40:14  DEBUG    id=147  fitness=   15.466 limbs= 7 depth=4 metrics={'auc': 18.46637804154273, 'final': 20.165296292235094, 'steps_to_threshold': 33333.333333333336, 'reached_threshold': 1.0, 'num_actuators': 6, 'complexity_penalty': 3.0}
18:40:14  DEBUG    id=148  fitness=   11.313 limbs= 5 depth=4 metrics={'auc': 13.313299388962989, 'final': 13.899708170712913, 'steps_to_threshold': 3333.3333333333335, 'reached_threshold': 1.0, 'num_actuators': 4, 'complexity_penalty': 2.0}
18:40:14  DEBUG    id=149  fitness=    6.507 limbs= 6 depth=4 metrics={'auc': 9.006505371143149, 'final': 9.589520073077342, 'steps_to_threshold': 8333.333333333334, 'reached_threshold': 1.0, 'num_actuators': 5, 'complexity_penalty': 2.5}
18:40:14  DEBUG    id=150  fitness=    9.937 limbs= 5 depth=4 metrics={'auc': 11.937187716689982, 'final': 12.694420902132281, 'steps_to_threshold': 8333.333333333334, 'reached_threshold': 1.0, 'num_actuators': 4, 'complexity_penalty': 2.0}
18:40:14  DEBUG    id=151  fitness=   44.282 limbs= 5 depth=4 metrics={'auc': 46.281680625957826, 'final': 46.669954209707164, 'steps_to_threshold': 0.0, 'reached_threshold': 1.0, 'num_actuators': 4, 'complexity_penalty': 2.0}
18:40:14  DEBUG    id=152  fitness=   -9.811 limbs= 2 depth=2 metrics={'auc': -9.310844565458353, 'final': -9.273375084628226, 'steps_to_threshold': 500000.0, 'reached_threshold': 0.0, 'num_actuators': 1, 'complexity_penalty': 0.5}
18:40:14  DEBUG    id=153  fitness=     -inf limbs= 1 depth=1 metrics={'invalid': 'no_actuators'}
18:40:14  DEBUG    id=154  fitness=     -inf limbs= 1 depth=1 metrics={'invalid': 'no_actuators'}
18:40:14  DEBUG    id=155  fitness=   11.026 limbs= 4 depth=4 metrics={'auc': 12.525770161155814, 'final': 13.306971957811937, 'steps_to_threshold': 16666.666666666668, 'reached_threshold': 1.0, 'num_actuators': 3, 'complexity_penalty': 1.5}
18:40:14  INFO   gen 6 done | best 44.282 (id=151, 5 limbs) | mean 8.763 | worst -9.811 | invalid 2 | 1180.8s
18:40:14  INFO     ~19.3 min/gen, est. 57.9 min remaining
18:40:14  INFO   gen 7: evaluating 22/24 individuals (8 workers)
18:59:49  DEBUG    id=156  fitness=   15.639 limbs= 5 depth=4 metrics={'auc': 17.639239533795465, 'final': 21.072569072079546, 'steps_to_threshold': 0.0, 'reached_threshold': 1.0, 'num_actuators': 4, 'complexity_penalty': 2.0}
18:59:49  DEBUG    id=157  fitness=   42.034 limbs= 6 depth=4 metrics={'auc': 44.53350858132819, 'final': 45.058142733288484, 'steps_to_threshold': 0.0, 'reached_threshold': 1.0, 'num_actuators': 5, 'complexity_penalty': 2.5}
18:59:49  DEBUG    id=158  fitness=    2.075 limbs= 5 depth=4 metrics={'auc': 4.07493197696214, 'final': 4.475465012307241, 'steps_to_threshold': 13333.333333333334, 'reached_threshold': 1.0, 'num_actuators': 4, 'complexity_penalty': 2.0}
18:59:49  DEBUG    id=159  fitness=   -0.544 limbs= 6 depth=4 metrics={'auc': 1.9557065022823295, 'final': 2.5441759770707066, 'steps_to_threshold': 103333.33333333333, 'reached_threshold': 1.0, 'num_actuators': 5, 'complexity_penalty': 2.5}
18:59:49  DEBUG    id=160  fitness=   23.541 limbs= 8 depth=4 metrics={'auc': 27.0408476959561, 'final': 32.207767669398145, 'steps_to_threshold': 68333.33333333333, 'reached_threshold': 1.0, 'num_actuators': 7, 'complexity_penalty': 3.5}
18:59:49  DEBUG    id=161  fitness=    7.330 limbs= 6 depth=4 metrics={'auc': 9.830098989823489, 'final': 10.244711248338428, 'steps_to_threshold': 0.0, 'reached_threshold': 1.0, 'num_actuators': 5, 'complexity_penalty': 2.5}
18:59:49  DEBUG    id=162  fitness=   14.731 limbs= 5 depth=4 metrics={'auc': 16.731035775821226, 'final': 17.358196142160736, 'steps_to_threshold': 5000.0, 'reached_threshold': 1.0, 'num_actuators': 4, 'complexity_penalty': 2.0}
18:59:49  DEBUG    id=163  fitness=     -inf limbs= 1 depth=1 metrics={'invalid': 'no_actuators'}
18:59:49  DEBUG    id=164  fitness=   23.898 limbs= 8 depth=4 metrics={'auc': 27.398425155149372, 'final': 33.669586781918554, 'steps_to_threshold': 71666.66666666667, 'reached_threshold': 1.0, 'num_actuators': 7, 'complexity_penalty': 3.5}
18:59:49  DEBUG    id=165  fitness=  -10.394 limbs= 3 depth=2 metrics={'auc': -9.394054114518601, 'final': -9.350025187837502, 'steps_to_threshold': 500000.0, 'reached_threshold': 0.0, 'num_actuators': 2, 'complexity_penalty': 1.0}
18:59:49  DEBUG    id=166  fitness=    5.314 limbs= 5 depth=4 metrics={'auc': 7.314290244179685, 'final': 8.038193972412296, 'steps_to_threshold': 10000.0, 'reached_threshold': 1.0, 'num_actuators': 4, 'complexity_penalty': 2.0}
18:59:49  DEBUG    id=167  fitness=    4.483 limbs= 4 depth=4 metrics={'auc': 5.982725888725213, 'final': 6.566245855065493, 'steps_to_threshold': 10000.0, 'reached_threshold': 1.0, 'num_actuators': 3, 'complexity_penalty': 1.5}
18:59:49  DEBUG    id=168  fitness=   -4.255 limbs= 5 depth=4 metrics={'auc': -2.2549246232571836, 'final': -1.9542151318268413, 'steps_to_threshold': 500000.0, 'reached_threshold': 0.0, 'num_actuators': 4, 'complexity_penalty': 2.0}
18:59:49  DEBUG    id=169  fitness=    2.818 limbs= 4 depth=4 metrics={'auc': 4.3183606695906525, 'final': 4.454494256208847, 'steps_to_threshold': 0.0, 'reached_threshold': 1.0, 'num_actuators': 3, 'complexity_penalty': 1.5}
18:59:49  DEBUG    id=170  fitness=   14.482 limbs= 8 depth=4 metrics={'auc': 17.98151419788494, 'final': -3.170063530591333, 'steps_to_threshold': 71666.66666666667, 'reached_threshold': 1.0, 'num_actuators': 7, 'complexity_penalty': 3.5}
18:59:49  DEBUG    id=171  fitness=   20.425 limbs= 4 depth=4 metrics={'auc': 21.92478797370188, 'final': 22.567910257785954, 'steps_to_threshold': 0.0, 'reached_threshold': 1.0, 'num_actuators': 3, 'complexity_penalty': 1.5}
18:59:49  DEBUG    id=172  fitness=   -1.525 limbs= 7 depth=4 metrics={'auc': 1.474896064522376, 'final': 2.204197287387522, 'steps_to_threshold': 106666.66666666667, 'reached_threshold': 1.0, 'num_actuators': 6, 'complexity_penalty': 3.0}
18:59:49  DEBUG    id=173  fitness=    3.347 limbs= 5 depth=4 metrics={'auc': 5.346843663711874, 'final': 6.092670209360371, 'steps_to_threshold': 15000.0, 'reached_threshold': 1.0, 'num_actuators': 4, 'complexity_penalty': 2.0}
18:59:49  DEBUG    id=174  fitness=   41.309 limbs= 5 depth=4 metrics={'auc': 43.30918142378054, 'final': 43.86385670906736, 'steps_to_threshold': 0.0, 'reached_threshold': 1.0, 'num_actuators': 4, 'complexity_penalty': 2.0}
18:59:49  DEBUG    id=175  fitness=    4.607 limbs= 5 depth=4 metrics={'auc': 6.606839436425684, 'final': 7.293564352992862, 'steps_to_threshold': 16666.666666666668, 'reached_threshold': 1.0, 'num_actuators': 4, 'complexity_penalty': 2.0}
18:59:49  DEBUG    id=176  fitness=    3.934 limbs= 5 depth=4 metrics={'auc': 5.9342707260903955, 'final': 6.477181679434831, 'steps_to_threshold': 8333.333333333334, 'reached_threshold': 1.0, 'num_actuators': 4, 'complexity_penalty': 2.0}
18:59:49  DEBUG    id=177  fitness=   -1.732 limbs= 7 depth=4 metrics={'auc': 1.2678778171257659, 'final': 1.4987061415308787, 'steps_to_threshold': 11666.666666666666, 'reached_threshold': 1.0, 'num_actuators': 6, 'complexity_penalty': 3.0}
18:59:49  INFO   gen 7 done | best 44.282 (id=151, 5 limbs) | mean 12.002 | worst -10.394 | invalid 1 | 1174.9s
18:59:49  INFO     ~19.3 min/gen, est. 38.7 min remaining
18:59:49  INFO   gen 8: evaluating 22/24 individuals (8 workers)
19:20:35  DEBUG    id=178  fitness=    5.961 limbs= 5 depth=3 metrics={'auc': 7.961271787969715, 'final': 8.039477683832043, 'steps_to_threshold': 0.0, 'reached_threshold': 1.0, 'num_actuators': 4, 'complexity_penalty': 2.0}
19:20:35  DEBUG    id=179  fitness=   41.916 limbs= 3 depth=3 metrics={'auc': 42.916263957807324, 'final': 43.106278172598785, 'steps_to_threshold': 0.0, 'reached_threshold': 1.0, 'num_actuators': 2, 'complexity_penalty': 1.0}
19:20:35  DEBUG    id=180  fitness=   17.499 limbs= 4 depth=4 metrics={'auc': 18.998927224714205, 'final': 19.78485898758541, 'steps_to_threshold': 6666.666666666667, 'reached_threshold': 1.0, 'num_actuators': 3, 'complexity_penalty': 1.5}
19:20:35  DEBUG    id=181  fitness=    3.917 limbs= 8 depth=4 metrics={'auc': 7.416795148894907, 'final': 9.930852537105581, 'steps_to_threshold': 70000.0, 'reached_threshold': 1.0, 'num_actuators': 7, 'complexity_penalty': 3.5}
19:20:35  DEBUG    id=182  fitness=   20.451 limbs= 4 depth=4 metrics={'auc': 21.950760322540543, 'final': 22.576508328998525, 'steps_to_threshold': 0.0, 'reached_threshold': 1.0, 'num_actuators': 3, 'complexity_penalty': 1.5}
19:20:35  DEBUG    id=183  fitness=   16.631 limbs= 7 depth=4 metrics={'auc': 19.63129349935219, 'final': 20.607056462672816, 'steps_to_threshold': 5000.0, 'reached_threshold': 1.0, 'num_actuators': 6, 'complexity_penalty': 3.0}
19:20:35  DEBUG    id=184  fitness=   30.762 limbs= 8 depth=4 metrics={'auc': 34.26180498142815, 'final': 39.41075924343059, 'steps_to_threshold': 31666.666666666668, 'reached_threshold': 1.0, 'num_actuators': 7, 'complexity_penalty': 3.5}
19:20:35  DEBUG    id=185  fitness=   41.341 limbs= 5 depth=4 metrics={'auc': 43.34095909219511, 'final': 43.90908084846911, 'steps_to_threshold': 0.0, 'reached_threshold': 1.0, 'num_actuators': 4, 'complexity_penalty': 2.0}
19:20:35  DEBUG    id=186  fitness=    9.389 limbs= 5 depth=4 metrics={'auc': 11.389009266884955, 'final': 11.51133165351425, 'steps_to_threshold': 0.0, 'reached_threshold': 1.0, 'num_actuators': 4, 'complexity_penalty': 2.0}
19:20:35  DEBUG    id=187  fitness=   14.766 limbs= 5 depth=4 metrics={'auc': 16.766348283678756, 'final': 17.465101187188164, 'steps_to_threshold': 6666.666666666667, 'reached_threshold': 1.0, 'num_actuators': 4, 'complexity_penalty': 2.0}
19:20:35  DEBUG    id=188  fitness=   -3.909 limbs= 7 depth=4 metrics={'auc': -0.9093650494377444, 'final': -0.31266510604294256, 'steps_to_threshold': 500000.0, 'reached_threshold': 0.0, 'num_actuators': 6, 'complexity_penalty': 3.0}
19:20:35  DEBUG    id=189  fitness=   10.017 limbs= 4 depth=4 metrics={'auc': 11.517132080047489, 'final': 11.96214258142133, 'steps_to_threshold': 0.0, 'reached_threshold': 1.0, 'num_actuators': 3, 'complexity_penalty': 1.5}
19:20:35  DEBUG    id=190  fitness=   23.530 limbs= 7 depth=4 metrics={'auc': 26.53035030000089, 'final': 34.55868161148513, 'steps_to_threshold': 65000.0, 'reached_threshold': 1.0, 'num_actuators': 6, 'complexity_penalty': 3.0}
19:20:35  DEBUG    id=191  fitness=   47.642 limbs= 4 depth=4 metrics={'auc': 49.14230131340361, 'final': 49.56513593265107, 'steps_to_threshold': 0.0, 'reached_threshold': 1.0, 'num_actuators': 3, 'complexity_penalty': 1.5}
19:20:35  DEBUG    id=192  fitness=   39.527 limbs= 4 depth=4 metrics={'auc': 41.02743175613162, 'final': 43.568912896120366, 'steps_to_threshold': 13333.333333333334, 'reached_threshold': 1.0, 'num_actuators': 3, 'complexity_penalty': 1.5}
19:20:35  DEBUG    id=193  fitness=   -2.156 limbs= 9 depth=4 metrics={'auc': 1.8439845083416468, 'final': 9.837657812349304, 'steps_to_threshold': 121666.66666666667, 'reached_threshold': 1.0, 'num_actuators': 8, 'complexity_penalty': 4.0}
19:20:35  DEBUG    id=194  fitness=   24.584 limbs= 7 depth=4 metrics={'auc': 27.58393187284024, 'final': 30.046000387541056, 'steps_to_threshold': 15000.0, 'reached_threshold': 1.0, 'num_actuators': 6, 'complexity_penalty': 3.0}
19:20:35  DEBUG    id=195  fitness=   38.832 limbs= 5 depth=4 metrics={'auc': 40.83225521958284, 'final': 43.55355890783509, 'steps_to_threshold': 0.0, 'reached_threshold': 1.0, 'num_actuators': 4, 'complexity_penalty': 2.0}
19:20:35  DEBUG    id=196  fitness=    5.272 limbs= 5 depth=4 metrics={'auc': 7.272335051011285, 'final': 7.89283325518096, 'steps_to_threshold': 10000.0, 'reached_threshold': 1.0, 'num_actuators': 4, 'complexity_penalty': 2.0}
19:20:35  DEBUG    id=197  fitness=    5.179 limbs= 5 depth=4 metrics={'auc': 7.179026916203935, 'final': 8.01771695307589, 'steps_to_threshold': 8333.333333333334, 'reached_threshold': 1.0, 'num_actuators': 4, 'complexity_penalty': 2.0}
19:20:35  DEBUG    id=198  fitness=   -1.653 limbs= 8 depth=4 metrics={'auc': 1.8469840313389876, 'final': 2.0860370802892256, 'steps_to_threshold': 15000.0, 'reached_threshold': 1.0, 'num_actuators': 7, 'complexity_penalty': 3.5}
19:20:35  DEBUG    id=199  fitness=   53.447 limbs= 5 depth=4 metrics={'auc': 55.44661682815016, 'final': 55.93989035128996, 'steps_to_threshold': 0.0, 'reached_threshold': 1.0, 'num_actuators': 4, 'complexity_penalty': 2.0}
19:20:35  INFO   gen 8 done | best 53.447 (id=199, 5 limbs) | mean 21.051 | worst -3.909 | invalid 0 | 1245.5s
19:20:35  INFO     ~19.5 min/gen, est. 19.5 min remaining
19:20:35  INFO   gen 9: evaluating 22/24 individuals (8 workers)
19:42:14  DEBUG    id=200  fitness=   -6.751 limbs= 5 depth=4 metrics={'auc': -4.751202843603735, 'final': -4.65631638686428, 'steps_to_threshold': 500000.0, 'reached_threshold': 0.0, 'num_actuators': 4, 'complexity_penalty': 2.0}
19:42:14  DEBUG    id=201  fitness=    7.758 limbs= 5 depth=4 metrics={'auc': 9.75825238470525, 'final': 10.449678809814701, 'steps_to_threshold': 5000.0, 'reached_threshold': 1.0, 'num_actuators': 4, 'complexity_penalty': 2.0}
19:42:14  DEBUG    id=202  fitness=   -9.154 limbs= 4 depth=4 metrics={'auc': -7.653628439188931, 'final': -7.5786482211424895, 'steps_to_threshold': 500000.0, 'reached_threshold': 0.0, 'num_actuators': 3, 'complexity_penalty': 1.5}
19:42:14  DEBUG    id=203  fitness=   53.759 limbs= 5 depth=4 metrics={'auc': 55.75878011423297, 'final': 56.40180481026753, 'steps_to_threshold': 0.0, 'reached_threshold': 1.0, 'num_actuators': 4, 'complexity_penalty': 2.0}
19:42:14  DEBUG    id=204  fitness=   47.818 limbs= 4 depth=4 metrics={'auc': 49.318175239282745, 'final': 49.502187854006195, 'steps_to_threshold': 0.0, 'reached_threshold': 1.0, 'num_actuators': 3, 'complexity_penalty': 1.5}
19:42:14  DEBUG    id=205  fitness=   -0.762 limbs= 6 depth=4 metrics={'auc': 1.7377000742085134, 'final': 1.909110008300539, 'steps_to_threshold': 10000.0, 'reached_threshold': 1.0, 'num_actuators': 5, 'complexity_penalty': 2.5}
19:42:14  DEBUG    id=206  fitness=  -13.781 limbs= 6 depth=4 metrics={'auc': -11.280953823447073, 'final': -11.110990915815611, 'steps_to_threshold': 500000.0, 'reached_threshold': 0.0, 'num_actuators': 5, 'complexity_penalty': 2.5}
19:42:14  DEBUG    id=207  fitness=    9.430 limbs= 8 depth=4 metrics={'auc': 12.930397126860255, 'final': -17.086687587454833, 'steps_to_threshold': 108333.33333333333, 'reached_threshold': 1.0, 'num_actuators': 7, 'complexity_penalty': 3.5}
19:42:14  DEBUG    id=208  fitness=    7.100 limbs= 4 depth=4 metrics={'auc': 8.599893022263851, 'final': 17.769774053568486, 'steps_to_threshold': 91666.66666666667, 'reached_threshold': 1.0, 'num_actuators': 3, 'complexity_penalty': 1.5}
19:42:14  DEBUG    id=209  fitness=   39.827 limbs= 5 depth=4 metrics={'auc': 41.82688781257456, 'final': 43.290785175151996, 'steps_to_threshold': 5000.0, 'reached_threshold': 1.0, 'num_actuators': 4, 'complexity_penalty': 2.0}
19:42:14  DEBUG    id=210  fitness=  -10.402 limbs= 3 depth=3 metrics={'auc': -9.401580661007687, 'final': -9.37096783041273, 'steps_to_threshold': 500000.0, 'reached_threshold': 0.0, 'num_actuators': 2, 'complexity_penalty': 1.0}
19:42:14  DEBUG    id=211  fitness=   11.392 limbs= 5 depth=4 metrics={'auc': 13.391567228567558, 'final': 13.987813244061373, 'steps_to_threshold': 0.0, 'reached_threshold': 1.0, 'num_actuators': 4, 'complexity_penalty': 2.0}
19:42:14  DEBUG    id=212  fitness=   41.491 limbs= 7 depth=4 metrics={'auc': 44.49115549129372, 'final': 113.68149466941651, 'steps_to_threshold': 276666.6666666667, 'reached_threshold': 0.6666666666666666, 'num_actuators': 6, 'complexity_penalty': 3.0}
19:42:14  DEBUG    id=213  fitness=   19.609 limbs= 6 depth=4 metrics={'auc': 22.108919457754464, 'final': 22.76044368618238, 'steps_to_threshold': 0.0, 'reached_threshold': 1.0, 'num_actuators': 5, 'complexity_penalty': 2.5}
19:42:14  DEBUG    id=214  fitness=    1.392 limbs= 5 depth=4 metrics={'auc': 3.3917534220101984, 'final': 3.8075882647074706, 'steps_to_threshold': 35000.0, 'reached_threshold': 1.0, 'num_actuators': 4, 'complexity_penalty': 2.0}
19:42:14  DEBUG    id=215  fitness=   27.287 limbs= 4 depth=4 metrics={'auc': 28.786579563536588, 'final': 29.54476269247343, 'steps_to_threshold': 0.0, 'reached_threshold': 1.0, 'num_actuators': 3, 'complexity_penalty': 1.5}
19:42:14  DEBUG    id=216  fitness=   41.148 limbs= 5 depth=4 metrics={'auc': 43.14810831083784, 'final': 43.69978805312479, 'steps_to_threshold': 0.0, 'reached_threshold': 1.0, 'num_actuators': 4, 'complexity_penalty': 2.0}
19:42:14  DEBUG    id=217  fitness=   41.335 limbs= 5 depth=4 metrics={'auc': 43.335307566424525, 'final': 43.954673937311846, 'steps_to_threshold': 0.0, 'reached_threshold': 1.0, 'num_actuators': 4, 'complexity_penalty': 2.0}
19:42:14  DEBUG    id=218  fitness=  -12.025 limbs= 6 depth=4 metrics={'auc': -9.525494659990919, 'final': -9.299732802499406, 'steps_to_threshold': 500000.0, 'reached_threshold': 0.0, 'num_actuators': 5, 'complexity_penalty': 2.5}
19:42:14  DEBUG    id=219  fitness=   38.202 limbs= 3 depth=3 metrics={'auc': 39.20244819289814, 'final': 39.382824808772405, 'steps_to_threshold': 0.0, 'reached_threshold': 1.0, 'num_actuators': 2, 'complexity_penalty': 1.0}
19:42:14  DEBUG    id=220  fitness=   34.512 limbs= 4 depth=4 metrics={'auc': 36.01185318492481, 'final': 40.63541414939082, 'steps_to_threshold': 10000.0, 'reached_threshold': 1.0, 'num_actuators': 3, 'complexity_penalty': 1.5}
19:42:14  DEBUG    id=221  fitness=    2.230 limbs= 9 depth=4 metrics={'auc': 6.230361418967969, 'final': 25.364434790037908, 'steps_to_threshold': 153333.33333333334, 'reached_threshold': 1.0, 'num_actuators': 8, 'complexity_penalty': 4.0}
19:42:14  INFO   gen 9 done | best 53.759 (id=203, 5 limbs) | mean 19.207 | worst -13.781 | invalid 0 | 1299.1s
19:42:14  INFO   ================================================================
19:42:14  INFO   Finished 10 generations in 197.0 min. Best fitness 53.759 (5 limbs).
19:42:14  INFO   Artifacts: run.log, generation_stats.csv, history.json, and per generation gen*_best.xml + gen*_best_genome.pkl + gen*_best_policy.zip in experiments/run14
