12:44:01  INFO   ================================================================
12:44:01  INFO   Learnability-driven morphology evolution
12:44:01  INFO     population=24  generations=10  metric=auc  eval_seeds=3
12:44:01  INFO     inner: algo=ppo  lifetime_steps=500000  eval_every=5000  horizon=2500
12:44:01  INFO     workers=8  seed=0  out=experiments/run13
12:44:01  INFO   ================================================================
12:44:01  INFO   gen 0: evaluating 24/24 individuals (8 workers)
13:06:08  DEBUG    id=0    fitness=   -3.068 limbs= 2 depth=2 metrics={'auc': -2.5682402969425397, 'final': -2.546232010847264, 'steps_to_threshold': 500000.0, 'reached_threshold': 0.0, 'num_actuators': 1, 'complexity_penalty': 0.5}
13:06:08  DEBUG    id=1    fitness=   -5.297 limbs=10 depth=4 metrics={'auc': -0.797075624475886, 'final': -0.5990960862138418, 'steps_to_threshold': 500000.0, 'reached_threshold': 0.0, 'num_actuators': 9, 'complexity_penalty': 4.5}
13:06:08  DEBUG    id=2    fitness=   -4.695 limbs= 3 depth=3 metrics={'auc': -3.694572157120067, 'final': -3.6920817217982633, 'steps_to_threshold': 500000.0, 'reached_threshold': 0.0, 'num_actuators': 2, 'complexity_penalty': 1.0}
13:06:08  DEBUG    id=3    fitness=   -6.817 limbs= 9 depth=5 metrics={'auc': -2.8174358017388887, 'final': -2.7450642260882883, 'steps_to_threshold': 500000.0, 'reached_threshold': 0.0, 'num_actuators': 8, 'complexity_penalty': 4.0}
13:06:08  DEBUG    id=4    fitness=   -4.521 limbs= 4 depth=3 metrics={'auc': -3.0210181764366077, 'final': -3.005651389485515, 'steps_to_threshold': 500000.0, 'reached_threshold': 0.0, 'num_actuators': 3, 'complexity_penalty': 1.5}
13:06:08  DEBUG    id=5    fitness=  -19.490 limbs= 5 depth=4 metrics={'auc': -17.48985972218475, 'final': -17.369429356568478, 'steps_to_threshold': 500000.0, 'reached_threshold': 0.0, 'num_actuators': 4, 'complexity_penalty': 2.0}
13:06:08  DEBUG    id=6    fitness=   -2.569 limbs=10 depth=4 metrics={'auc': 1.93135691819975, 'final': 2.1980105984804057, 'steps_to_threshold': 15000.0, 'reached_threshold': 1.0, 'num_actuators': 9, 'complexity_penalty': 4.5}
13:06:08  DEBUG    id=7    fitness=   -6.134 limbs= 9 depth=4 metrics={'auc': -2.133763242303862, 'final': -2.0476708904493433, 'steps_to_threshold': 500000.0, 'reached_threshold': 0.0, 'num_actuators': 8, 'complexity_penalty': 4.0}
13:06:08  DEBUG    id=8    fitness=   -4.255 limbs=11 depth=5 metrics={'auc': 0.7447798396168489, 'final': 1.142144009690002, 'steps_to_threshold': 31666.666666666668, 'reached_threshold': 1.0, 'num_actuators': 10, 'complexity_penalty': 5.0}
13:06:08  DEBUG    id=9    fitness=   -7.023 limbs=10 depth=5 metrics={'auc': -2.522787228039738, 'final': -2.30687476569565, 'steps_to_threshold': 500000.0, 'reached_threshold': 0.0, 'num_actuators': 9, 'complexity_penalty': 4.5}
13:06:08  DEBUG    id=10   fitness=    1.082 limbs= 6 depth=4 metrics={'auc': 3.5815887937059543, 'final': 3.792777921252695, 'steps_to_threshold': 5000.0, 'reached_threshold': 1.0, 'num_actuators': 5, 'complexity_penalty': 2.5}
13:06:08  DEBUG    id=11   fitness=   -6.633 limbs= 9 depth=4 metrics={'auc': -2.6332387022787254, 'final': -2.5372529738542973, 'steps_to_threshold': 500000.0, 'reached_threshold': 0.0, 'num_actuators': 8, 'complexity_penalty': 4.0}
13:06:08  DEBUG    id=12   fitness=   -5.871 limbs= 6 depth=4 metrics={'auc': -3.3712735168267276, 'final': -3.36157537130499, 'steps_to_threshold': 500000.0, 'reached_threshold': 0.0, 'num_actuators': 5, 'complexity_penalty': 2.5}
13:06:08  DEBUG    id=13   fitness=   -7.792 limbs=12 depth=5 metrics={'auc': -2.291560211702512, 'final': -2.189821100608993, 'steps_to_threshold': 500000.0, 'reached_threshold': 0.0, 'num_actuators': 11, 'complexity_penalty': 5.5}
13:06:08  DEBUG    id=14   fitness=   -5.507 limbs= 9 depth=4 metrics={'auc': -1.5074070479952422, 'final': -1.3741000767138338, 'steps_to_threshold': 500000.0, 'reached_threshold': 0.0, 'num_actuators': 8, 'complexity_penalty': 4.0}
13:06:08  DEBUG    id=15   fitness=   -5.652 limbs= 5 depth=4 metrics={'auc': -3.6518742523860883, 'final': -3.634372718789615, 'steps_to_threshold': 500000.0, 'reached_threshold': 0.0, 'num_actuators': 4, 'complexity_penalty': 2.0}
13:06:08  DEBUG    id=16   fitness=   -6.796 limbs=10 depth=5 metrics={'auc': -2.2963580940693467, 'final': -2.187577761923027, 'steps_to_threshold': 500000.0, 'reached_threshold': 0.0, 'num_actuators': 9, 'complexity_penalty': 4.5}
13:06:08  DEBUG    id=17   fitness=   -3.924 limbs= 2 depth=2 metrics={'auc': -3.424180508685017, 'final': -3.4242494844767037, 'steps_to_threshold': 500000.0, 'reached_threshold': 0.0, 'num_actuators': 1, 'complexity_penalty': 0.5}
13:06:08  DEBUG    id=18   fitness=   -5.585 limbs= 5 depth=3 metrics={'auc': -3.5845790348048268, 'final': -3.5361679592667072, 'steps_to_threshold': 500000.0, 'reached_threshold': 0.0, 'num_actuators': 4, 'complexity_penalty': 2.0}
13:06:08  DEBUG    id=19   fitness=  -11.331 limbs= 8 depth=4 metrics={'auc': -7.8309368419661665, 'final': -7.468222673513796, 'steps_to_threshold': 500000.0, 'reached_threshold': 0.0, 'num_actuators': 7, 'complexity_penalty': 3.5}
13:06:08  DEBUG    id=20   fitness=   -4.011 limbs= 5 depth=3 metrics={'auc': -2.0110787896835545, 'final': -1.9635248487209676, 'steps_to_threshold': 500000.0, 'reached_threshold': 0.0, 'num_actuators': 4, 'complexity_penalty': 2.0}
13:06:08  DEBUG    id=21   fitness=   -5.239 limbs= 6 depth=4 metrics={'auc': -2.739419101412907, 'final': -2.5837796547394505, 'steps_to_threshold': 500000.0, 'reached_threshold': 0.0, 'num_actuators': 5, 'complexity_penalty': 2.5}
13:06:08  DEBUG    id=22   fitness=   -6.884 limbs= 9 depth=4 metrics={'auc': -2.8841268759290677, 'final': -2.7784483138192013, 'steps_to_threshold': 500000.0, 'reached_threshold': 0.0, 'num_actuators': 8, 'complexity_penalty': 4.0}
13:06:08  DEBUG    id=23   fitness=   -7.998 limbs=12 depth=5 metrics={'auc': -2.498497488048499, 'final': -2.3726437613996665, 'steps_to_threshold': 500000.0, 'reached_threshold': 0.0, 'num_actuators': 11, 'complexity_penalty': 5.5}
13:06:08  INFO   gen 0 done | best 1.082 (id=10, 6 limbs) | mean -6.084 | worst -19.490 | invalid 0 | 1326.4s
13:06:08  INFO     ~22.1 min/gen, est. 199.0 min remaining
13:06:08  INFO   gen 1: evaluating 22/24 individuals (8 workers)
13:26:42  DEBUG    id=24   fitness=   -5.268 limbs= 6 depth=4 metrics={'auc': -2.768338212825281, 'final': -2.6077012401476733, 'steps_to_threshold': 500000.0, 'reached_threshold': 0.0, 'num_actuators': 5, 'complexity_penalty': 2.5}
13:26:42  DEBUG    id=25   fitness=   -3.744 limbs= 2 depth=2 metrics={'auc': -3.243685794433629, 'final': -3.243602510453169, 'steps_to_threshold': 500000.0, 'reached_threshold': 0.0, 'num_actuators': 1, 'complexity_penalty': 0.5}
13:26:42  DEBUG    id=26   fitness=   -3.069 limbs= 6 depth=4 metrics={'auc': -0.5685298081797847, 'final': -0.4690485214654419, 'steps_to_threshold': 500000.0, 'reached_threshold': 0.0, 'num_actuators': 5, 'complexity_penalty': 2.5}
13:26:42  DEBUG    id=27   fitness=    0.933 limbs= 6 depth=4 metrics={'auc': 3.4326792655200298, 'final': 3.6562164018601258, 'steps_to_threshold': 5000.0, 'reached_threshold': 1.0, 'num_actuators': 5, 'complexity_penalty': 2.5}
13:26:42  DEBUG    id=28   fitness=   -2.947 limbs= 2 depth=2 metrics={'auc': -2.4473004570405057, 'final': -2.4173707532600957, 'steps_to_threshold': 500000.0, 'reached_threshold': 0.0, 'num_actuators': 1, 'complexity_penalty': 0.5}
13:26:42  DEBUG    id=29   fitness=    5.118 limbs= 6 depth=4 metrics={'auc': 7.61773617210212, 'final': 7.889750754526003, 'steps_to_threshold': 0.0, 'reached_threshold': 1.0, 'num_actuators': 5, 'complexity_penalty': 2.5}
13:26:42  DEBUG    id=30   fitness=    0.109 limbs= 6 depth=4 metrics={'auc': 2.608966920169457, 'final': 2.823648291691523, 'steps_to_threshold': 5000.0, 'reached_threshold': 1.0, 'num_actuators': 5, 'complexity_penalty': 2.5}
13:26:42  DEBUG    id=31   fitness=    1.158 limbs= 6 depth=4 metrics={'auc': 3.6582597161412544, 'final': 3.868351543541267, 'steps_to_threshold': 5000.0, 'reached_threshold': 1.0, 'num_actuators': 5, 'complexity_penalty': 2.5}
13:26:42  DEBUG    id=32   fitness=   -5.302 limbs=10 depth=4 metrics={'auc': -0.8024925491307181, 'final': -0.5931419681279628, 'steps_to_threshold': 500000.0, 'reached_threshold': 0.0, 'num_actuators': 9, 'complexity_penalty': 4.5}
13:26:42  DEBUG    id=33   fitness=   -3.318 limbs= 2 depth=2 metrics={'auc': -2.8184807873319855, 'final': -2.797411911273953, 'steps_to_threshold': 500000.0, 'reached_threshold': 0.0, 'num_actuators': 1, 'complexity_penalty': 0.5}
13:26:42  DEBUG    id=34   fitness=     -inf limbs= 1 depth=1 metrics={'invalid': 'no_actuators'}
13:26:42  DEBUG    id=35   fitness=    1.092 limbs= 6 depth=4 metrics={'auc': 3.59150778026417, 'final': 3.7300810515929688, 'steps_to_threshold': 5000.0, 'reached_threshold': 1.0, 'num_actuators': 5, 'complexity_penalty': 2.5}
13:26:42  DEBUG    id=36   fitness=   -4.921 limbs= 9 depth=4 metrics={'auc': -0.9208641550730183, 'final': -0.7116215584811499, 'steps_to_threshold': 500000.0, 'reached_threshold': 0.0, 'num_actuators': 8, 'complexity_penalty': 4.0}
13:26:42  DEBUG    id=37   fitness=   -7.821 limbs=12 depth=5 metrics={'auc': -2.321407581584315, 'final': -2.2056556888340104, 'steps_to_threshold': 500000.0, 'reached_threshold': 0.0, 'num_actuators': 11, 'complexity_penalty': 5.5}
13:26:42  DEBUG    id=38   fitness=   -5.655 limbs= 5 depth=4 metrics={'auc': -3.654773372097873, 'final': -3.6322486069171016, 'steps_to_threshold': 500000.0, 'reached_threshold': 0.0, 'num_actuators': 4, 'complexity_penalty': 2.0}
13:26:42  DEBUG    id=39   fitness=   -2.309 limbs=10 depth=4 metrics={'auc': 2.1913535759517235, 'final': 2.3904145987358856, 'steps_to_threshold': 16666.666666666668, 'reached_threshold': 1.0, 'num_actuators': 9, 'complexity_penalty': 4.5}
13:26:42  DEBUG    id=40   fitness=   -6.158 limbs= 9 depth=4 metrics={'auc': -2.157585190411012, 'final': -2.0581538575392853, 'steps_to_threshold': 500000.0, 'reached_threshold': 0.0, 'num_actuators': 8, 'complexity_penalty': 4.0}
13:26:42  DEBUG    id=41   fitness=   -2.620 limbs=11 depth=5 metrics={'auc': 2.3801791050325183, 'final': 2.6841802745304406, 'steps_to_threshold': 13333.333333333334, 'reached_threshold': 1.0, 'num_actuators': 10, 'complexity_penalty': 5.0}
13:26:42  DEBUG    id=42   fitness=   -1.558 limbs= 3 depth=3 metrics={'auc': -0.5580230943061093, 'final': -0.6122789966721869, 'steps_to_threshold': 500000.0, 'reached_threshold': 0.0, 'num_actuators': 2, 'complexity_penalty': 1.0}
13:26:42  DEBUG    id=43   fitness=    1.089 limbs= 6 depth=4 metrics={'auc': 3.5891373510750295, 'final': 3.7735178514449292, 'steps_to_threshold': 5000.0, 'reached_threshold': 1.0, 'num_actuators': 5, 'complexity_penalty': 2.5}
13:26:42  DEBUG    id=44   fitness=   -4.125 limbs=10 depth=4 metrics={'auc': 0.37473689492324475, 'final': 0.7221011810762731, 'steps_to_threshold': 93333.33333333333, 'reached_threshold': 1.0, 'num_actuators': 9, 'complexity_penalty': 4.5}
13:26:42  DEBUG    id=45   fitness=    2.493 limbs= 6 depth=4 metrics={'auc': 4.993398068284493, 'final': 5.148288705802258, 'steps_to_threshold': 5000.0, 'reached_threshold': 1.0, 'num_actuators': 5, 'complexity_penalty': 2.5}
13:26:42  INFO   gen 1 done | best 5.118 (id=29, 6 limbs) | mean -2.122 | worst -7.821 | invalid 1 | 1234.2s
13:26:42  INFO     ~21.3 min/gen, est. 170.7 min remaining
13:26:42  INFO   gen 2: evaluating 22/24 individuals (8 workers)
13:45:07  DEBUG    id=46   fitness=    5.087 limbs= 6 depth=4 metrics={'auc': 7.586611601807962, 'final': 7.8028551402407365, 'steps_to_threshold': 0.0, 'reached_threshold': 1.0, 'num_actuators': 5, 'complexity_penalty': 2.5}
13:45:07  DEBUG    id=47   fitness=     -inf limbs= 1 depth=1 metrics={'invalid': 'no_actuators'}
13:45:07  DEBUG    id=48   fitness=   26.555 limbs= 6 depth=4 metrics={'auc': 29.055107583578078, 'final': 29.55252747902722, 'steps_to_threshold': 0.0, 'reached_threshold': 1.0, 'num_actuators': 5, 'complexity_penalty': 2.5}
13:45:07  DEBUG    id=49   fitness=   -2.645 limbs= 4 depth=4 metrics={'auc': -1.144685393571094, 'final': -1.0182186847914823, 'steps_to_threshold': 500000.0, 'reached_threshold': 0.0, 'num_actuators': 3, 'complexity_penalty': 1.5}
13:45:07  DEBUG    id=50   fitness=    0.058 limbs= 4 depth=4 metrics={'auc': 1.5577160962287193, 'final': 1.7560215055323916, 'steps_to_threshold': 5000.0, 'reached_threshold': 1.0, 'num_actuators': 3, 'complexity_penalty': 1.5}
13:45:07  DEBUG    id=51   fitness=   -1.788 limbs= 9 depth=4 metrics={'auc': 2.2120751463004, 'final': 2.5171593868923616, 'steps_to_threshold': 16666.666666666668, 'reached_threshold': 1.0, 'num_actuators': 8, 'complexity_penalty': 4.0}
13:45:07  DEBUG    id=52   fitness=    1.790 limbs= 5 depth=4 metrics={'auc': 3.7904222860942425, 'final': 3.898027924079587, 'steps_to_threshold': 5000.0, 'reached_threshold': 1.0, 'num_actuators': 4, 'complexity_penalty': 2.0}
13:45:07  DEBUG    id=53   fitness=    1.059 limbs= 6 depth=4 metrics={'auc': 3.5594261432876486, 'final': 3.6489660329897173, 'steps_to_threshold': 5000.0, 'reached_threshold': 1.0, 'num_actuators': 5, 'complexity_penalty': 2.5}
13:45:07  DEBUG    id=54   fitness=   -1.928 limbs= 4 depth=3 metrics={'auc': -0.42817783843068885, 'final': -0.32753146117173776, 'steps_to_threshold': 500000.0, 'reached_threshold': 0.0, 'num_actuators': 3, 'complexity_penalty': 1.5}
13:45:07  DEBUG    id=55   fitness=   -5.137 limbs=10 depth=4 metrics={'auc': -0.6371461694271169, 'final': -0.4227466861601869, 'steps_to_threshold': 500000.0, 'reached_threshold': 0.0, 'num_actuators': 9, 'complexity_penalty': 4.5}
13:45:07  DEBUG    id=56   fitness=   -3.535 limbs=11 depth=4 metrics={'auc': 1.4652748731324199, 'final': 1.61084797645323, 'steps_to_threshold': 15000.0, 'reached_threshold': 1.0, 'num_actuators': 10, 'complexity_penalty': 5.0}
13:45:07  DEBUG    id=57   fitness=     -inf limbs= 1 depth=1 metrics={'invalid': 'no_actuators'}
13:45:07  DEBUG    id=58   fitness=   -5.383 limbs=12 depth=5 metrics={'auc': 0.11717876317416077, 'final': 0.3962695571104186, 'steps_to_threshold': 266666.6666666667, 'reached_threshold': 1.0, 'num_actuators': 11, 'complexity_penalty': 5.5}
13:45:07  DEBUG    id=59   fitness=     -inf limbs= 1 depth=1 metrics={'invalid': 'no_actuators'}
13:45:07  DEBUG    id=60   fitness=   -2.956 limbs= 2 depth=2 metrics={'auc': -2.4563985339418988, 'final': -2.422467886098802, 'steps_to_threshold': 500000.0, 'reached_threshold': 0.0, 'num_actuators': 1, 'complexity_penalty': 0.5}
13:45:07  DEBUG    id=61   fitness=     -inf limbs= 1 depth=1 metrics={'invalid': 'no_actuators'}
13:45:07  DEBUG    id=62   fitness=   11.014 limbs= 7 depth=4 metrics={'auc': 14.014239282598274, 'final': 14.45219941102304, 'steps_to_threshold': 0.0, 'reached_threshold': 1.0, 'num_actuators': 6, 'complexity_penalty': 3.0}
13:45:07  DEBUG    id=63   fitness=    6.229 limbs= 6 depth=4 metrics={'auc': 8.728982346470167, 'final': 8.95424178344446, 'steps_to_threshold': 0.0, 'reached_threshold': 1.0, 'num_actuators': 5, 'complexity_penalty': 2.5}
13:45:07  DEBUG    id=64   fitness=   -0.471 limbs= 7 depth=4 metrics={'auc': 2.529236817431786, 'final': 2.668161081977734, 'steps_to_threshold': 5000.0, 'reached_threshold': 1.0, 'num_actuators': 6, 'complexity_penalty': 3.0}
13:45:07  DEBUG    id=65   fitness=    1.089 limbs= 6 depth=4 metrics={'auc': 3.5894989733501617, 'final': 3.6997792321180722, 'steps_to_threshold': 5000.0, 'reached_threshold': 1.0, 'num_actuators': 5, 'complexity_penalty': 2.5}
13:45:07  DEBUG    id=66   fitness=    1.134 limbs= 6 depth=4 metrics={'auc': 3.634044008784574, 'final': 3.8487102070110857, 'steps_to_threshold': 5000.0, 'reached_threshold': 1.0, 'num_actuators': 5, 'complexity_penalty': 2.5}
13:45:07  DEBUG    id=67   fitness=     -inf limbs= 1 depth=1 metrics={'invalid': 'no_actuators'}
13:45:07  INFO   gen 2 done | best 26.555 (id=48, 6 limbs) | mean 1.989 | worst -5.383 | invalid 5 | 1105.5s
13:45:07  INFO     ~20.4 min/gen, est. 142.6 min remaining
13:45:07  INFO   gen 3: evaluating 22/24 individuals (8 workers)
14:04:51  DEBUG    id=68   fitness=   -0.524 limbs= 7 depth=4 metrics={'auc': 2.475712421147564, 'final': 2.5214978829338626, 'steps_to_threshold': 5000.0, 'reached_threshold': 1.0, 'num_actuators': 6, 'complexity_penalty': 3.0}
14:04:51  DEBUG    id=69   fitness=   -2.128 limbs= 7 depth=4 metrics={'auc': 0.8723241197045791, 'final': 1.0113483566518318, 'steps_to_threshold': 15000.0, 'reached_threshold': 1.0, 'num_actuators': 6, 'complexity_penalty': 3.0}
14:04:51  DEBUG    id=70   fitness=   28.456 limbs= 6 depth=4 metrics={'auc': 30.95551875083093, 'final': 31.81380258492152, 'steps_to_threshold': 5000.0, 'reached_threshold': 1.0, 'num_actuators': 5, 'complexity_penalty': 2.5}
14:04:51  DEBUG    id=71   fitness=   25.249 limbs= 6 depth=4 metrics={'auc': 27.7487875775485, 'final': 38.30427273279317, 'steps_to_threshold': 86666.66666666667, 'reached_threshold': 1.0, 'num_actuators': 5, 'complexity_penalty': 2.5}
14:04:51  DEBUG    id=72   fitness=   -3.541 limbs= 3 depth=3 metrics={'auc': -2.5409297323090976, 'final': -2.505384438027083, 'steps_to_threshold': 500000.0, 'reached_threshold': 0.0, 'num_actuators': 2, 'complexity_penalty': 1.0}
14:04:51  DEBUG    id=73   fitness=    0.763 limbs= 6 depth=4 metrics={'auc': 3.2627198976438923, 'final': 3.5081120824844914, 'steps_to_threshold': 5000.0, 'reached_threshold': 1.0, 'num_actuators': 5, 'complexity_penalty': 2.5}
14:04:51  DEBUG    id=74   fitness=   -0.378 limbs= 6 depth=4 metrics={'auc': 2.1222310209463524, 'final': 2.218172801565092, 'steps_to_threshold': 5000.0, 'reached_threshold': 1.0, 'num_actuators': 5, 'complexity_penalty': 2.5}
14:04:51  DEBUG    id=75   fitness=   -0.128 limbs= 8 depth=4 metrics={'auc': 3.372433022094963, 'final': 3.6705652687102592, 'steps_to_threshold': 15000.0, 'reached_threshold': 1.0, 'num_actuators': 7, 'complexity_penalty': 3.5}
14:04:51  DEBUG    id=76   fitness=    2.941 limbs= 7 depth=4 metrics={'auc': 5.9407660478492375, 'final': 6.256193342496846, 'steps_to_threshold': 0.0, 'reached_threshold': 1.0, 'num_actuators': 6, 'complexity_penalty': 3.0}
14:04:51  DEBUG    id=77   fitness=   35.541 limbs= 6 depth=4 metrics={'auc': 38.04065115691318, 'final': 38.46158858734799, 'steps_to_threshold': 0.0, 'reached_threshold': 1.0, 'num_actuators': 5, 'complexity_penalty': 2.5}
14:04:51  DEBUG    id=78   fitness=    4.078 limbs= 7 depth=4 metrics={'auc': 7.077762071881076, 'final': 7.376424577957753, 'steps_to_threshold': 0.0, 'reached_threshold': 1.0, 'num_actuators': 6, 'complexity_penalty': 3.0}
14:04:51  DEBUG    id=79   fitness=   26.540 limbs= 6 depth=4 metrics={'auc': 29.039992873306534, 'final': 29.479258150527397, 'steps_to_threshold': 0.0, 'reached_threshold': 1.0, 'num_actuators': 5, 'complexity_penalty': 2.5}
14:04:51  DEBUG    id=80   fitness=   26.537 limbs= 6 depth=4 metrics={'auc': 29.03738965775426, 'final': 29.36876829938434, 'steps_to_threshold': 0.0, 'reached_threshold': 1.0, 'num_actuators': 5, 'complexity_penalty': 2.5}
14:04:51  DEBUG    id=81   fitness=    7.018 limbs= 7 depth=4 metrics={'auc': 10.017987706854907, 'final': 10.465601208465598, 'steps_to_threshold': 5000.0, 'reached_threshold': 1.0, 'num_actuators': 6, 'complexity_penalty': 3.0}
14:04:51  DEBUG    id=82   fitness=   15.427 limbs= 6 depth=4 metrics={'auc': 17.926903737028777, 'final': 18.37437801410287, 'steps_to_threshold': 0.0, 'reached_threshold': 1.0, 'num_actuators': 5, 'complexity_penalty': 2.5}
14:04:51  DEBUG    id=83   fitness=    6.302 limbs= 6 depth=4 metrics={'auc': 8.802238718569823, 'final': 9.047391366013814, 'steps_to_threshold': 0.0, 'reached_threshold': 1.0, 'num_actuators': 5, 'complexity_penalty': 2.5}
14:04:51  DEBUG    id=84   fitness=    5.592 limbs= 6 depth=4 metrics={'auc': 8.091944078682857, 'final': 8.296283937865049, 'steps_to_threshold': 0.0, 'reached_threshold': 1.0, 'num_actuators': 5, 'complexity_penalty': 2.5}
14:04:51  DEBUG    id=85   fitness=   -1.601 limbs= 7 depth=4 metrics={'auc': 1.3993268731412947, 'final': 1.5588166535123504, 'steps_to_threshold': 10000.0, 'reached_threshold': 1.0, 'num_actuators': 6, 'complexity_penalty': 3.0}
14:04:51  DEBUG    id=86   fitness=    5.374 limbs= 4 depth=4 metrics={'auc': 6.873942257263508, 'final': 7.02878157907308, 'steps_to_threshold': 0.0, 'reached_threshold': 1.0, 'num_actuators': 3, 'complexity_penalty': 1.5}
14:04:51  DEBUG    id=87   fitness=    6.208 limbs= 6 depth=4 metrics={'auc': 8.708126758608072, 'final': 8.91579180668731, 'steps_to_threshold': 0.0, 'reached_threshold': 1.0, 'num_actuators': 5, 'complexity_penalty': 2.5}
14:04:51  DEBUG    id=88   fitness=   11.068 limbs= 7 depth=4 metrics={'auc': 14.067919634333393, 'final': 14.520266885385965, 'steps_to_threshold': 0.0, 'reached_threshold': 1.0, 'num_actuators': 6, 'complexity_penalty': 3.0}
14:04:51  DEBUG    id=89   fitness=   -2.380 limbs= 4 depth=3 metrics={'auc': -0.8804191556121834, 'final': -0.7677319494507665, 'steps_to_threshold': 500000.0, 'reached_threshold': 0.0, 'num_actuators': 3, 'complexity_penalty': 1.5}
14:04:51  INFO   gen 3 done | best 35.541 (id=77, 6 limbs) | mean 9.749 | worst -3.541 | invalid 0 | 1184.0s
14:04:51  INFO     ~20.2 min/gen, est. 121.3 min remaining
14:04:51  INFO   gen 4: evaluating 22/24 individuals (8 workers)
14:24:51  DEBUG    id=90   fitness=   15.465 limbs= 6 depth=4 metrics={'auc': 17.965204774490648, 'final': 18.51875876597065, 'steps_to_threshold': 0.0, 'reached_threshold': 1.0, 'num_actuators': 5, 'complexity_penalty': 2.5}
14:24:51  DEBUG    id=91   fitness=   35.472 limbs= 5 depth=4 metrics={'auc': 37.47238757279984, 'final': 38.54566030157354, 'steps_to_threshold': 0.0, 'reached_threshold': 1.0, 'num_actuators': 4, 'complexity_penalty': 2.0}
14:24:51  DEBUG    id=92   fitness=    8.812 limbs= 8 depth=4 metrics={'auc': 12.311616092035385, 'final': 12.706219850948735, 'steps_to_threshold': 5000.0, 'reached_threshold': 1.0, 'num_actuators': 7, 'complexity_penalty': 3.5}
14:24:51  DEBUG    id=93   fitness=   17.636 limbs= 6 depth=4 metrics={'auc': 20.136258824169143, 'final': 36.8775397026684, 'steps_to_threshold': 113333.33333333333, 'reached_threshold': 1.0, 'num_actuators': 5, 'complexity_penalty': 2.5}
14:24:51  DEBUG    id=94   fitness=   67.612 limbs= 7 depth=4 metrics={'auc': 70.61229841422447, 'final': 72.26985849584831, 'steps_to_threshold': 0.0, 'reached_threshold': 1.0, 'num_actuators': 6, 'complexity_penalty': 3.0}
14:24:51  DEBUG    id=95   fitness=     -inf limbs= 1 depth=1 metrics={'invalid': 'no_actuators'}
14:24:51  DEBUG    id=96   fitness=   38.488 limbs= 5 depth=4 metrics={'auc': 40.488464398136166, 'final': 41.59913117851352, 'steps_to_threshold': 0.0, 'reached_threshold': 1.0, 'num_actuators': 4, 'complexity_penalty': 2.0}
14:24:51  DEBUG    id=97   fitness=    2.197 limbs= 7 depth=4 metrics={'auc': 5.197408970408617, 'final': 5.3938121954086045, 'steps_to_threshold': 0.0, 'reached_threshold': 1.0, 'num_actuators': 6, 'complexity_penalty': 3.0}
14:24:51  DEBUG    id=98   fitness=   27.072 limbs= 5 depth=4 metrics={'auc': 29.071748500015815, 'final': 29.508088222590388, 'steps_to_threshold': 0.0, 'reached_threshold': 1.0, 'num_actuators': 4, 'complexity_penalty': 2.0}
14:24:51  DEBUG    id=99   fitness=   25.665 limbs= 6 depth=4 metrics={'auc': 28.16485923728524, 'final': 40.14201894434584, 'steps_to_threshold': 160000.0, 'reached_threshold': 1.0, 'num_actuators': 5, 'complexity_penalty': 2.5}
14:24:51  DEBUG    id=100  fitness=   19.745 limbs= 6 depth=4 metrics={'auc': 22.244678403467674, 'final': 34.9945593515965, 'steps_to_threshold': 168333.33333333334, 'reached_threshold': 1.0, 'num_actuators': 5, 'complexity_penalty': 2.5}
14:24:51  DEBUG    id=101  fitness=    4.492 limbs= 8 depth=4 metrics={'auc': 7.992499778923062, 'final': 8.74217283330486, 'steps_to_threshold': 10000.0, 'reached_threshold': 1.0, 'num_actuators': 7, 'complexity_penalty': 3.5}
14:24:51  DEBUG    id=102  fitness=   26.620 limbs= 6 depth=4 metrics={'auc': 29.1200852931611, 'final': 29.752942243075434, 'steps_to_threshold': 5000.0, 'reached_threshold': 1.0, 'num_actuators': 5, 'complexity_penalty': 2.5}
14:24:51  DEBUG    id=103  fitness=   80.731 limbs= 7 depth=4 metrics={'auc': 83.73140036576324, 'final': 89.89552376615644, 'steps_to_threshold': 18333.333333333332, 'reached_threshold': 1.0, 'num_actuators': 6, 'complexity_penalty': 3.0}
14:24:51  DEBUG    id=104  fitness=   35.948 limbs= 7 depth=4 metrics={'auc': 38.94844238509365, 'final': 39.78356623918203, 'steps_to_threshold': 0.0, 'reached_threshold': 1.0, 'num_actuators': 6, 'complexity_penalty': 3.0}
14:24:51  DEBUG    id=105  fitness=   17.673 limbs= 6 depth=4 metrics={'auc': 20.172839790058823, 'final': 22.370922330022577, 'steps_to_threshold': 33333.333333333336, 'reached_threshold': 1.0, 'num_actuators': 5, 'complexity_penalty': 2.5}
14:24:51  DEBUG    id=106  fitness=   28.543 limbs= 6 depth=4 metrics={'auc': 31.04277406601612, 'final': 31.705813703113467, 'steps_to_threshold': 0.0, 'reached_threshold': 1.0, 'num_actuators': 5, 'complexity_penalty': 2.5}
14:24:51  DEBUG    id=107  fitness=   -3.063 limbs= 2 depth=2 metrics={'auc': -2.562893268486151, 'final': -2.5316319456546115, 'steps_to_threshold': 500000.0, 'reached_threshold': 0.0, 'num_actuators': 1, 'complexity_penalty': 0.5}
14:24:51  DEBUG    id=108  fitness=    4.116 limbs= 6 depth=4 metrics={'auc': 6.6160155716045805, 'final': 6.829182655660255, 'steps_to_threshold': 0.0, 'reached_threshold': 1.0, 'num_actuators': 5, 'complexity_penalty': 2.5}
14:24:51  DEBUG    id=109  fitness=    6.014 limbs= 4 depth=4 metrics={'auc': 7.513881098508025, 'final': 7.762177000136089, 'steps_to_threshold': 0.0, 'reached_threshold': 1.0, 'num_actuators': 3, 'complexity_penalty': 1.5}
14:24:51  DEBUG    id=110  fitness=   33.442 limbs= 6 depth=4 metrics={'auc': 35.94165358173486, 'final': 36.78358244213669, 'steps_to_threshold': 0.0, 'reached_threshold': 1.0, 'num_actuators': 5, 'complexity_penalty': 2.5}
14:24:51  DEBUG    id=111  fitness=    3.923 limbs= 6 depth=4 metrics={'auc': 6.42293509103628, 'final': 6.741544288078636, 'steps_to_threshold': 5000.0, 'reached_threshold': 1.0, 'num_actuators': 5, 'complexity_penalty': 2.5}
14:24:51  INFO   gen 4 done | best 80.731 (id=103, 7 limbs) | mean 24.374 | worst -3.063 | invalid 1 | 1199.3s
14:24:51  INFO     ~20.2 min/gen, est. 100.8 min remaining
14:24:51  INFO   gen 5: evaluating 22/24 individuals (8 workers)
14:45:28  DEBUG    id=112  fitness=   37.583 limbs= 7 depth=4 metrics={'auc': 40.582547010320894, 'final': 41.3535442324819, 'steps_to_threshold': 0.0, 'reached_threshold': 1.0, 'num_actuators': 6, 'complexity_penalty': 3.0}
14:45:28  DEBUG    id=113  fitness=   21.274 limbs= 6 depth=4 metrics={'auc': 23.77354993406195, 'final': 31.087195727970197, 'steps_to_threshold': 80000.0, 'reached_threshold': 1.0, 'num_actuators': 5, 'complexity_penalty': 2.5}
14:45:28  DEBUG    id=114  fitness=   38.238 limbs= 7 depth=4 metrics={'auc': 41.238187646073534, 'final': 46.72056018500567, 'steps_to_threshold': 70000.0, 'reached_threshold': 1.0, 'num_actuators': 6, 'complexity_penalty': 3.0}
14:45:28  DEBUG    id=115  fitness=   26.511 limbs= 6 depth=4 metrics={'auc': 29.01143835828635, 'final': 30.0225295429388, 'steps_to_threshold': 5000.0, 'reached_threshold': 1.0, 'num_actuators': 5, 'complexity_penalty': 2.5}
14:45:28  DEBUG    id=116  fitness=   35.970 limbs= 7 depth=4 metrics={'auc': 38.97004409044815, 'final': 39.87490749594675, 'steps_to_threshold': 0.0, 'reached_threshold': 1.0, 'num_actuators': 6, 'complexity_penalty': 3.0}
14:45:28  DEBUG    id=117  fitness=   22.144 limbs= 7 depth=4 metrics={'auc': 25.144314002010834, 'final': 25.789080339171306, 'steps_to_threshold': 0.0, 'reached_threshold': 1.0, 'num_actuators': 6, 'complexity_penalty': 3.0}
14:45:28  DEBUG    id=118  fitness=   -0.133 limbs= 6 depth=4 metrics={'auc': 2.3671171414444343, 'final': 2.549233850883937, 'steps_to_threshold': 5000.0, 'reached_threshold': 1.0, 'num_actuators': 5, 'complexity_penalty': 2.5}
14:45:28  DEBUG    id=119  fitness=   63.365 limbs= 7 depth=4 metrics={'auc': 66.36534280257477, 'final': 68.16752821211419, 'steps_to_threshold': 0.0, 'reached_threshold': 1.0, 'num_actuators': 6, 'complexity_penalty': 3.0}
14:45:28  DEBUG    id=120  fitness=   34.761 limbs= 5 depth=4 metrics={'auc': 36.76107591000777, 'final': 37.26163961183445, 'steps_to_threshold': 0.0, 'reached_threshold': 1.0, 'num_actuators': 4, 'complexity_penalty': 2.0}
14:45:28  DEBUG    id=121  fitness=   45.533 limbs= 5 depth=4 metrics={'auc': 47.53283584677484, 'final': 48.5279255184557, 'steps_to_threshold': 0.0, 'reached_threshold': 1.0, 'num_actuators': 4, 'complexity_penalty': 2.0}
14:45:28  DEBUG    id=122  fitness=   42.774 limbs= 8 depth=4 metrics={'auc': 46.27417827192604, 'final': 53.67674783721038, 'steps_to_threshold': 85000.0, 'reached_threshold': 1.0, 'num_actuators': 7, 'complexity_penalty': 3.5}
14:45:28  DEBUG    id=123  fitness=   26.535 limbs= 6 depth=4 metrics={'auc': 29.03465791686781, 'final': 29.727166764971987, 'steps_to_threshold': 5000.0, 'reached_threshold': 1.0, 'num_actuators': 5, 'complexity_penalty': 2.5}
14:45:28  DEBUG    id=124  fitness=   28.566 limbs= 6 depth=4 metrics={'auc': 31.06643743878854, 'final': 31.67288596092801, 'steps_to_threshold': 0.0, 'reached_threshold': 1.0, 'num_actuators': 5, 'complexity_penalty': 2.5}
14:45:28  DEBUG    id=125  fitness=   38.273 limbs= 4 depth=4 metrics={'auc': 39.772667435785586, 'final': 40.7028760996412, 'steps_to_threshold': 0.0, 'reached_threshold': 1.0, 'num_actuators': 3, 'complexity_penalty': 1.5}
14:45:28  DEBUG    id=126  fitness=    4.306 limbs= 8 depth=4 metrics={'auc': 7.805705919849394, 'final': 8.274411978921753, 'steps_to_threshold': 10000.0, 'reached_threshold': 1.0, 'num_actuators': 7, 'complexity_penalty': 3.5}
14:45:28  DEBUG    id=127  fitness=   30.938 limbs= 6 depth=4 metrics={'auc': 33.437883316640466, 'final': 34.11043279142566, 'steps_to_threshold': 0.0, 'reached_threshold': 1.0, 'num_actuators': 5, 'complexity_penalty': 2.5}
14:45:28  DEBUG    id=128  fitness=   35.864 limbs= 7 depth=4 metrics={'auc': 38.864412779224146, 'final': 39.78356101038256, 'steps_to_threshold': 0.0, 'reached_threshold': 1.0, 'num_actuators': 6, 'complexity_penalty': 3.0}
14:45:28  DEBUG    id=129  fitness=   21.501 limbs= 6 depth=4 metrics={'auc': 24.000671217542074, 'final': 25.40843273585081, 'steps_to_threshold': 21666.666666666668, 'reached_threshold': 1.0, 'num_actuators': 5, 'complexity_penalty': 2.5}
14:45:28  DEBUG    id=130  fitness=   -3.675 limbs= 3 depth=3 metrics={'auc': -2.6754746793013755, 'final': -2.641123061607312, 'steps_to_threshold': 500000.0, 'reached_threshold': 0.0, 'num_actuators': 2, 'complexity_penalty': 1.0}
14:45:28  DEBUG    id=131  fitness=   30.294 limbs= 4 depth=3 metrics={'auc': 31.794158347736754, 'final': 31.938196676829296, 'steps_to_threshold': 0.0, 'reached_threshold': 1.0, 'num_actuators': 3, 'complexity_penalty': 1.5}
14:45:28  DEBUG    id=132  fitness=   15.494 limbs= 7 depth=4 metrics={'auc': 18.493565556244373, 'final': 19.06094609435057, 'steps_to_threshold': 0.0, 'reached_threshold': 1.0, 'num_actuators': 6, 'complexity_penalty': 3.0}
14:45:28  DEBUG    id=133  fitness=   70.221 limbs= 8 depth=4 metrics={'auc': 73.72067387761355, 'final': 80.40800817110487, 'steps_to_threshold': 11666.666666666666, 'reached_threshold': 1.0, 'num_actuators': 7, 'complexity_penalty': 3.5}
14:45:28  INFO   gen 5 done | best 80.731 (id=103, 7 limbs) | mean 33.945 | worst -3.675 | invalid 0 | 1237.3s
14:45:28  INFO     ~20.2 min/gen, est. 81.0 min remaining
14:45:28  INFO   gen 6: evaluating 22/24 individuals (8 workers)
15:05:34  DEBUG    id=134  fitness=   31.530 limbs= 8 depth=4 metrics={'auc': 35.02993008908921, 'final': 35.53651709154993, 'steps_to_threshold': 0.0, 'reached_threshold': 1.0, 'num_actuators': 7, 'complexity_penalty': 3.5}
15:05:34  DEBUG    id=135  fitness=   33.066 limbs= 8 depth=4 metrics={'auc': 36.56616024553517, 'final': 40.77298077475104, 'steps_to_threshold': 130000.0, 'reached_threshold': 1.0, 'num_actuators': 7, 'complexity_penalty': 3.5}
15:05:34  DEBUG    id=136  fitness=   74.083 limbs= 7 depth=4 metrics={'auc': 77.0833178236836, 'final': 90.94765174921427, 'steps_to_threshold': 30000.0, 'reached_threshold': 1.0, 'num_actuators': 6, 'complexity_penalty': 3.0}
15:05:34  DEBUG    id=137  fitness=   44.888 limbs= 5 depth=4 metrics={'auc': 46.887597114876996, 'final': 47.43542694628449, 'steps_to_threshold': 0.0, 'reached_threshold': 1.0, 'num_actuators': 4, 'complexity_penalty': 2.0}
15:05:34  DEBUG    id=138  fitness=   67.099 limbs= 7 depth=4 metrics={'auc': 70.09920816909262, 'final': 71.77131833849865, 'steps_to_threshold': 0.0, 'reached_threshold': 1.0, 'num_actuators': 6, 'complexity_penalty': 3.0}
15:05:34  DEBUG    id=139  fitness=   14.792 limbs= 7 depth=4 metrics={'auc': 17.791867970871902, 'final': 17.87731499097481, 'steps_to_threshold': 13333.333333333334, 'reached_threshold': 1.0, 'num_actuators': 6, 'complexity_penalty': 3.0}
15:05:34  DEBUG    id=140  fitness=   62.931 limbs= 7 depth=4 metrics={'auc': 65.93127265316303, 'final': 67.12877383213942, 'steps_to_threshold': 0.0, 'reached_threshold': 1.0, 'num_actuators': 6, 'complexity_penalty': 3.0}
15:05:34  DEBUG    id=141  fitness=   11.910 limbs= 4 depth=3 metrics={'auc': 13.409932570627385, 'final': 13.608599174926832, 'steps_to_threshold': 0.0, 'reached_threshold': 1.0, 'num_actuators': 3, 'complexity_penalty': 1.5}
15:05:34  DEBUG    id=142  fitness=   40.070 limbs= 4 depth=4 metrics={'auc': 41.5699008510083, 'final': 42.582452057473525, 'steps_to_threshold': 0.0, 'reached_threshold': 1.0, 'num_actuators': 3, 'complexity_penalty': 1.5}
15:05:34  DEBUG    id=143  fitness=   31.685 limbs= 9 depth=4 metrics={'auc': 35.68480222248456, 'final': 36.362416768636855, 'steps_to_threshold': 0.0, 'reached_threshold': 1.0, 'num_actuators': 8, 'complexity_penalty': 4.0}
15:05:34  DEBUG    id=144  fitness=   60.416 limbs= 7 depth=4 metrics={'auc': 63.41646423194521, 'final': 65.44009583489544, 'steps_to_threshold': 0.0, 'reached_threshold': 1.0, 'num_actuators': 6, 'complexity_penalty': 3.0}
15:05:34  DEBUG    id=145  fitness=   54.349 limbs= 7 depth=4 metrics={'auc': 57.34888937010928, 'final': 60.29069392102452, 'steps_to_threshold': 15000.0, 'reached_threshold': 1.0, 'num_actuators': 6, 'complexity_penalty': 3.0}
15:05:34  DEBUG    id=146  fitness=   68.175 limbs= 7 depth=4 metrics={'auc': 71.17512677876034, 'final': 72.98654187903581, 'steps_to_threshold': 0.0, 'reached_threshold': 1.0, 'num_actuators': 6, 'complexity_penalty': 3.0}
15:05:34  DEBUG    id=147  fitness=   38.389 limbs= 7 depth=4 metrics={'auc': 41.389120701458516, 'final': 46.932962183239376, 'steps_to_threshold': 0.0, 'reached_threshold': 1.0, 'num_actuators': 6, 'complexity_penalty': 3.0}
15:05:34  DEBUG    id=148  fitness=   30.296 limbs= 4 depth=3 metrics={'auc': 31.796176327069144, 'final': 31.937158750040272, 'steps_to_threshold': 0.0, 'reached_threshold': 1.0, 'num_actuators': 3, 'complexity_penalty': 1.5}
15:05:34  DEBUG    id=149  fitness=   54.604 limbs= 8 depth=4 metrics={'auc': 58.103587127436334, 'final': 65.52945886092749, 'steps_to_threshold': 48333.333333333336, 'reached_threshold': 1.0, 'num_actuators': 7, 'complexity_penalty': 3.5}
15:05:34  DEBUG    id=150  fitness=   22.059 limbs= 7 depth=4 metrics={'auc': 25.059093804621103, 'final': 32.76204071952198, 'steps_to_threshold': 81666.66666666667, 'reached_threshold': 1.0, 'num_actuators': 6, 'complexity_penalty': 3.0}
15:05:34  DEBUG    id=151  fitness=   -2.887 limbs= 2 depth=2 metrics={'auc': -2.3870621962768794, 'final': -2.35940557209843, 'steps_to_threshold': 500000.0, 'reached_threshold': 0.0, 'num_actuators': 1, 'complexity_penalty': 0.5}
15:05:34  DEBUG    id=152  fitness=     -inf limbs= 1 depth=1 metrics={'invalid': 'no_actuators'}
15:05:34  DEBUG    id=153  fitness=   30.286 limbs= 6 depth=4 metrics={'auc': 32.78597417728651, 'final': 33.50678621070073, 'steps_to_threshold': 0.0, 'reached_threshold': 1.0, 'num_actuators': 5, 'complexity_penalty': 2.5}
15:05:34  DEBUG    id=154  fitness=   79.701 limbs= 7 depth=4 metrics={'auc': 82.70133315125126, 'final': 90.88365928386524, 'steps_to_threshold': 15000.0, 'reached_threshold': 1.0, 'num_actuators': 6, 'complexity_penalty': 3.0}
15:05:34  DEBUG    id=155  fitness=   25.966 limbs= 7 depth=4 metrics={'auc': 28.965625148645284, 'final': 30.911347272168182, 'steps_to_threshold': 1666.6666666666667, 'reached_threshold': 1.0, 'num_actuators': 6, 'complexity_penalty': 3.0}
15:05:34  INFO   gen 6 done | best 80.731 (id=103, 7 limbs) | mean 44.537 | worst -2.887 | invalid 1 | 1206.0s
15:05:34  INFO     ~20.2 min/gen, est. 60.7 min remaining
15:05:34  INFO   gen 7: evaluating 22/24 individuals (8 workers)
15:25:39  DEBUG    id=156  fitness=   93.094 limbs= 8 depth=4 metrics={'auc': 96.59375546309967, 'final': 102.7229838037751, 'steps_to_threshold': 21666.666666666668, 'reached_threshold': 1.0, 'num_actuators': 7, 'complexity_penalty': 3.5}
15:25:39  DEBUG    id=157  fitness=   32.364 limbs= 7 depth=4 metrics={'auc': 35.36387816066107, 'final': 38.828900356178174, 'steps_to_threshold': 3333.3333333333335, 'reached_threshold': 1.0, 'num_actuators': 6, 'complexity_penalty': 3.0}
15:25:39  DEBUG    id=158  fitness=   66.498 limbs= 8 depth=4 metrics={'auc': 69.99779816713671, 'final': 74.42751526149695, 'steps_to_threshold': 23333.333333333332, 'reached_threshold': 1.0, 'num_actuators': 7, 'complexity_penalty': 3.5}
15:25:39  DEBUG    id=159  fitness=   39.952 limbs= 7 depth=4 metrics={'auc': 42.95227432815184, 'final': 46.085139660559385, 'steps_to_threshold': 10000.0, 'reached_threshold': 1.0, 'num_actuators': 6, 'complexity_penalty': 3.0}
15:25:39  DEBUG    id=160  fitness=   39.227 limbs= 8 depth=4 metrics={'auc': 42.72714208688305, 'final': 46.82948666582288, 'steps_to_threshold': 51666.666666666664, 'reached_threshold': 1.0, 'num_actuators': 7, 'complexity_penalty': 3.5}
15:25:39  DEBUG    id=161  fitness=   65.560 limbs= 7 depth=4 metrics={'auc': 68.56010726628524, 'final': 70.0193955714273, 'steps_to_threshold': 0.0, 'reached_threshold': 1.0, 'num_actuators': 6, 'complexity_penalty': 3.0}
15:25:39  DEBUG    id=162  fitness=   32.654 limbs= 6 depth=4 metrics={'auc': 35.15355781829189, 'final': 35.67719305925363, 'steps_to_threshold': 0.0, 'reached_threshold': 1.0, 'num_actuators': 5, 'complexity_penalty': 2.5}
15:25:39  DEBUG    id=163  fitness=   77.546 limbs= 7 depth=4 metrics={'auc': 80.54570149601382, 'final': 90.45819969134203, 'steps_to_threshold': 18333.333333333332, 'reached_threshold': 1.0, 'num_actuators': 6, 'complexity_penalty': 3.0}
15:25:39  DEBUG    id=164  fitness=   32.653 limbs= 5 depth=3 metrics={'auc': 34.653098460273895, 'final': 35.38517854443435, 'steps_to_threshold': 0.0, 'reached_threshold': 1.0, 'num_actuators': 4, 'complexity_penalty': 2.0}
15:25:39  DEBUG    id=165  fitness=   22.965 limbs= 6 depth=4 metrics={'auc': 25.46526833985151, 'final': 26.176512996408587, 'steps_to_threshold': 0.0, 'reached_threshold': 1.0, 'num_actuators': 5, 'complexity_penalty': 2.5}
15:25:39  DEBUG    id=166  fitness=   47.131 limbs= 8 depth=4 metrics={'auc': 50.63098204648471, 'final': 59.39514794673991, 'steps_to_threshold': 73333.33333333333, 'reached_threshold': 1.0, 'num_actuators': 7, 'complexity_penalty': 3.5}
15:25:39  DEBUG    id=167  fitness=   58.431 limbs= 7 depth=4 metrics={'auc': 61.43128710461121, 'final': 63.94700927171571, 'steps_to_threshold': 0.0, 'reached_threshold': 1.0, 'num_actuators': 6, 'complexity_penalty': 3.0}
15:25:39  DEBUG    id=168  fitness=   23.733 limbs= 6 depth=4 metrics={'auc': 26.232743917971337, 'final': 26.697008416108645, 'steps_to_threshold': 0.0, 'reached_threshold': 1.0, 'num_actuators': 5, 'complexity_penalty': 2.5}
15:25:39  DEBUG    id=169  fitness=   78.464 limbs= 7 depth=4 metrics={'auc': 81.46362390497904, 'final': 91.9594748160124, 'steps_to_threshold': 20000.0, 'reached_threshold': 1.0, 'num_actuators': 6, 'complexity_penalty': 3.0}
15:25:39  DEBUG    id=170  fitness=   86.750 limbs= 7 depth=4 metrics={'auc': 89.75008999846354, 'final': 97.50493667189194, 'steps_to_threshold': 15000.0, 'reached_threshold': 1.0, 'num_actuators': 6, 'complexity_penalty': 3.0}
15:25:39  DEBUG    id=171  fitness=   73.198 limbs= 7 depth=4 metrics={'auc': 76.19847349052155, 'final': 82.49408987079936, 'steps_to_threshold': 15000.0, 'reached_threshold': 1.0, 'num_actuators': 6, 'complexity_penalty': 3.0}
15:25:39  DEBUG    id=172  fitness=   20.978 limbs= 4 depth=3 metrics={'auc': 22.47771497022269, 'final': 22.534961311049496, 'steps_to_threshold': 0.0, 'reached_threshold': 1.0, 'num_actuators': 3, 'complexity_penalty': 1.5}
15:25:39  DEBUG    id=173  fitness=   83.664 limbs= 7 depth=4 metrics={'auc': 86.6641517867065, 'final': 93.59928686508891, 'steps_to_threshold': 15000.0, 'reached_threshold': 1.0, 'num_actuators': 6, 'complexity_penalty': 3.0}
15:25:39  DEBUG    id=174  fitness=   49.100 limbs= 7 depth=4 metrics={'auc': 52.09999084725346, 'final': 54.793910664733836, 'steps_to_threshold': 0.0, 'reached_threshold': 1.0, 'num_actuators': 6, 'complexity_penalty': 3.0}
15:25:39  DEBUG    id=175  fitness=   26.716 limbs= 5 depth=4 metrics={'auc': 28.715647954008237, 'final': 29.190543258620618, 'steps_to_threshold': 0.0, 'reached_threshold': 1.0, 'num_actuators': 4, 'complexity_penalty': 2.0}
15:25:39  DEBUG    id=176  fitness=   57.515 limbs= 8 depth=4 metrics={'auc': 61.01486741710476, 'final': 66.17115076447203, 'steps_to_threshold': 25000.0, 'reached_threshold': 1.0, 'num_actuators': 7, 'complexity_penalty': 3.5}
15:25:39  DEBUG    id=177  fitness=   29.719 limbs= 4 depth=3 metrics={'auc': 31.218509773298706, 'final': 31.394009325986307, 'steps_to_threshold': 0.0, 'reached_threshold': 1.0, 'num_actuators': 3, 'complexity_penalty': 1.5}
15:25:39  INFO   gen 7 done | best 93.094 (id=156, 8 limbs) | mean 54.098 | worst 20.978 | invalid 0 | 1205.3s
15:25:39  INFO     ~20.2 min/gen, est. 40.4 min remaining
15:25:39  INFO   gen 8: evaluating 22/24 individuals (8 workers)
15:45:46  DEBUG    id=178  fitness=   10.770 limbs= 6 depth=4 metrics={'auc': 13.270136944088534, 'final': 13.43256264295269, 'steps_to_threshold': 0.0, 'reached_threshold': 1.0, 'num_actuators': 5, 'complexity_penalty': 2.5}
15:45:46  DEBUG    id=179  fitness=   76.183 limbs= 7 depth=4 metrics={'auc': 79.18317897412366, 'final': 88.8495543962796, 'steps_to_threshold': 56666.666666666664, 'reached_threshold': 1.0, 'num_actuators': 6, 'complexity_penalty': 3.0}
15:45:46  DEBUG    id=180  fitness=    4.868 limbs= 7 depth=4 metrics={'auc': 7.867686627283088, 'final': 9.497274669404627, 'steps_to_threshold': 0.0, 'reached_threshold': 1.0, 'num_actuators': 6, 'complexity_penalty': 3.0}
15:45:46  DEBUG    id=181  fitness=   73.961 limbs= 7 depth=4 metrics={'auc': 76.96141728894914, 'final': 89.91801197142833, 'steps_to_threshold': 43333.333333333336, 'reached_threshold': 1.0, 'num_actuators': 6, 'complexity_penalty': 3.0}
15:45:46  DEBUG    id=182  fitness=   62.775 limbs= 8 depth=4 metrics={'auc': 66.27469181269457, 'final': 74.17247330078573, 'steps_to_threshold': 18333.333333333332, 'reached_threshold': 1.0, 'num_actuators': 7, 'complexity_penalty': 3.5}
15:45:46  DEBUG    id=183  fitness=   73.852 limbs= 7 depth=4 metrics={'auc': 76.8518059011752, 'final': 79.58608751069637, 'steps_to_threshold': 15000.0, 'reached_threshold': 1.0, 'num_actuators': 6, 'complexity_penalty': 3.0}
15:45:46  DEBUG    id=184  fitness=   81.206 limbs= 7 depth=4 metrics={'auc': 84.20584544500171, 'final': 91.89018306501464, 'steps_to_threshold': 15000.0, 'reached_threshold': 1.0, 'num_actuators': 6, 'complexity_penalty': 3.0}
15:45:46  DEBUG    id=185  fitness=   41.994 limbs= 7 depth=4 metrics={'auc': 44.99442447712621, 'final': 50.354971773543305, 'steps_to_threshold': 23333.333333333332, 'reached_threshold': 1.0, 'num_actuators': 6, 'complexity_penalty': 3.0}
15:45:46  DEBUG    id=186  fitness=   65.844 limbs= 8 depth=4 metrics={'auc': 69.34351309313416, 'final': 78.94779296676892, 'steps_to_threshold': 33333.333333333336, 'reached_threshold': 1.0, 'num_actuators': 7, 'complexity_penalty': 3.5}
15:45:46  DEBUG    id=187  fitness=   70.898 limbs= 8 depth=4 metrics={'auc': 74.39848795023396, 'final': 91.94460134290178, 'steps_to_threshold': 10000.0, 'reached_threshold': 1.0, 'num_actuators': 7, 'complexity_penalty': 3.5}
15:45:46  DEBUG    id=188  fitness=    7.164 limbs= 7 depth=4 metrics={'auc': 10.164270194745754, 'final': 10.521207603083553, 'steps_to_threshold': 0.0, 'reached_threshold': 1.0, 'num_actuators': 6, 'complexity_penalty': 3.0}
15:45:46  DEBUG    id=189  fitness=   82.902 limbs= 6 depth=4 metrics={'auc': 85.40206676661188, 'final': 89.75127860667772, 'steps_to_threshold': 25000.0, 'reached_threshold': 1.0, 'num_actuators': 5, 'complexity_penalty': 2.5}
15:45:46  DEBUG    id=190  fitness=   66.323 limbs= 6 depth=4 metrics={'auc': 68.82306253431076, 'final': 69.83067694241161, 'steps_to_threshold': 0.0, 'reached_threshold': 1.0, 'num_actuators': 5, 'complexity_penalty': 2.5}
15:45:46  DEBUG    id=191  fitness=  110.973 limbs= 6 depth=4 metrics={'auc': 113.4728495253547, 'final': 118.80273991381704, 'steps_to_threshold': 0.0, 'reached_threshold': 1.0, 'num_actuators': 5, 'complexity_penalty': 2.5}
15:45:46  DEBUG    id=192  fitness=   76.355 limbs= 8 depth=4 metrics={'auc': 79.85479094488062, 'final': 93.01575272546063, 'steps_to_threshold': 0.0, 'reached_threshold': 1.0, 'num_actuators': 7, 'complexity_penalty': 3.5}
15:45:46  DEBUG    id=193  fitness=   72.864 limbs= 6 depth=4 metrics={'auc': 75.36439871447816, 'final': 80.61318306669823, 'steps_to_threshold': 10000.0, 'reached_threshold': 1.0, 'num_actuators': 5, 'complexity_penalty': 2.5}
15:45:46  DEBUG    id=194  fitness=   -4.260 limbs= 7 depth=4 metrics={'auc': -1.2604530957856355, 'final': -1.1584711369772238, 'steps_to_threshold': 500000.0, 'reached_threshold': 0.0, 'num_actuators': 6, 'complexity_penalty': 3.0}
15:45:46  DEBUG    id=195  fitness=   57.644 limbs= 8 depth=4 metrics={'auc': 61.143840544984016, 'final': 67.23076812612008, 'steps_to_threshold': 26666.666666666668, 'reached_threshold': 1.0, 'num_actuators': 7, 'complexity_penalty': 3.5}
15:45:46  DEBUG    id=196  fitness=   57.033 limbs= 8 depth=4 metrics={'auc': 60.53271188795585, 'final': 62.37198048912629, 'steps_to_threshold': 23333.333333333332, 'reached_threshold': 1.0, 'num_actuators': 7, 'complexity_penalty': 3.5}
15:45:46  DEBUG    id=197  fitness=  103.973 limbs= 7 depth=4 metrics={'auc': 106.97320442679874, 'final': 112.1835714816084, 'steps_to_threshold': 5000.0, 'reached_threshold': 1.0, 'num_actuators': 6, 'complexity_penalty': 3.0}
15:45:46  DEBUG    id=198  fitness=   91.115 limbs= 8 depth=4 metrics={'auc': 94.61542075184305, 'final': 101.64315369218372, 'steps_to_threshold': 1666.6666666666667, 'reached_threshold': 1.0, 'num_actuators': 7, 'complexity_penalty': 3.5}
15:45:46  DEBUG    id=199  fitness=   -5.573 limbs= 7 depth=4 metrics={'auc': -2.5734298595955747, 'final': -2.4981055080023213, 'steps_to_threshold': 500000.0, 'reached_threshold': 0.0, 'num_actuators': 6, 'complexity_penalty': 3.0}
15:45:46  INFO   gen 8 done | best 110.973 (id=191, 6 limbs) | mean 60.779 | worst -5.573 | invalid 0 | 1206.4s
15:45:46  INFO     ~20.2 min/gen, est. 20.2 min remaining
15:45:46  INFO   gen 9: evaluating 22/24 individuals (8 workers)
16:07:38  DEBUG    id=200  fitness=   13.116 limbs= 6 depth=4 metrics={'auc': 15.615800158041433, 'final': 15.758903282601777, 'steps_to_threshold': 0.0, 'reached_threshold': 1.0, 'num_actuators': 5, 'complexity_penalty': 2.5}
16:07:38  DEBUG    id=201  fitness=  101.798 limbs= 6 depth=4 metrics={'auc': 104.29787473919964, 'final': 108.29664962085734, 'steps_to_threshold': 11666.666666666666, 'reached_threshold': 1.0, 'num_actuators': 5, 'complexity_penalty': 2.5}
16:07:38  DEBUG    id=202  fitness=   99.548 limbs= 6 depth=4 metrics={'auc': 102.04767948995267, 'final': 105.4567152783466, 'steps_to_threshold': 1666.6666666666667, 'reached_threshold': 1.0, 'num_actuators': 5, 'complexity_penalty': 2.5}
16:07:38  DEBUG    id=203  fitness=  103.713 limbs= 7 depth=4 metrics={'auc': 106.71348976033067, 'final': 109.45026981807332, 'steps_to_threshold': 6666.666666666667, 'reached_threshold': 1.0, 'num_actuators': 6, 'complexity_penalty': 3.0}
16:07:38  DEBUG    id=204  fitness=   93.009 limbs= 8 depth=4 metrics={'auc': 96.50863382470352, 'final': 102.212011691737, 'steps_to_threshold': 21666.666666666668, 'reached_threshold': 1.0, 'num_actuators': 7, 'complexity_penalty': 3.5}
16:07:38  DEBUG    id=205  fitness=   -4.498 limbs= 5 depth=3 metrics={'auc': -2.497919163628896, 'final': -2.4349556375539136, 'steps_to_threshold': 500000.0, 'reached_threshold': 0.0, 'num_actuators': 4, 'complexity_penalty': 2.0}
16:07:38  DEBUG    id=206  fitness=   77.389 limbs= 8 depth=4 metrics={'auc': 80.8889226140557, 'final': 92.83404709346742, 'steps_to_threshold': 3333.3333333333335, 'reached_threshold': 1.0, 'num_actuators': 7, 'complexity_penalty': 3.5}
16:07:38  DEBUG    id=207  fitness=  100.393 limbs= 7 depth=4 metrics={'auc': 103.39299268420505, 'final': 108.22725183170694, 'steps_to_threshold': 8333.333333333334, 'reached_threshold': 1.0, 'num_actuators': 6, 'complexity_penalty': 3.0}
16:07:38  DEBUG    id=208  fitness=   53.035 limbs= 8 depth=4 metrics={'auc': 56.53502592667377, 'final': 68.49661152060524, 'steps_to_threshold': 105000.0, 'reached_threshold': 1.0, 'num_actuators': 7, 'complexity_penalty': 3.5}
16:07:38  DEBUG    id=209  fitness=   -4.523 limbs= 5 depth=4 metrics={'auc': -2.523458633725287, 'final': -2.475118159835523, 'steps_to_threshold': 500000.0, 'reached_threshold': 0.0, 'num_actuators': 4, 'complexity_penalty': 2.0}
16:07:38  DEBUG    id=210  fitness=   99.322 limbs= 6 depth=4 metrics={'auc': 101.82225507486719, 'final': 105.34486391266354, 'steps_to_threshold': 0.0, 'reached_threshold': 1.0, 'num_actuators': 5, 'complexity_penalty': 2.5}
16:07:38  DEBUG    id=211  fitness=   80.400 limbs= 7 depth=4 metrics={'auc': 83.40005709748468, 'final': 94.19956286766377, 'steps_to_threshold': 0.0, 'reached_threshold': 1.0, 'num_actuators': 6, 'complexity_penalty': 3.0}
16:07:38  DEBUG    id=212  fitness=   21.451 limbs= 8 depth=4 metrics={'auc': 24.95098392561687, 'final': 28.81907256268042, 'steps_to_threshold': 11666.666666666666, 'reached_threshold': 1.0, 'num_actuators': 7, 'complexity_penalty': 3.5}
16:07:38  DEBUG    id=213  fitness=   14.402 limbs= 7 depth=4 metrics={'auc': 17.402061713359718, 'final': 17.874114613346332, 'steps_to_threshold': 0.0, 'reached_threshold': 1.0, 'num_actuators': 6, 'complexity_penalty': 3.0}
16:07:38  DEBUG    id=214  fitness=   84.709 limbs= 6 depth=4 metrics={'auc': 87.20932559050054, 'final': 93.8698734382477, 'steps_to_threshold': 5000.0, 'reached_threshold': 1.0, 'num_actuators': 5, 'complexity_penalty': 2.5}
16:07:38  DEBUG    id=215  fitness=   51.339 limbs= 7 depth=4 metrics={'auc': 54.338643614802976, 'final': 55.74438156433157, 'steps_to_threshold': 10000.0, 'reached_threshold': 1.0, 'num_actuators': 6, 'complexity_penalty': 3.0}
16:07:38  DEBUG    id=216  fitness=   86.442 limbs= 7 depth=4 metrics={'auc': 89.44193199682336, 'final': 97.6893317208846, 'steps_to_threshold': 13333.333333333334, 'reached_threshold': 1.0, 'num_actuators': 6, 'complexity_penalty': 3.0}
16:07:38  DEBUG    id=217  fitness=  -10.563 limbs= 8 depth=4 metrics={'auc': -7.062590523733181, 'final': -6.683674741285759, 'steps_to_threshold': 500000.0, 'reached_threshold': 0.0, 'num_actuators': 7, 'complexity_penalty': 3.5}
16:07:38  DEBUG    id=218  fitness=   92.499 limbs= 8 depth=4 metrics={'auc': 95.99929258421717, 'final': 100.2845184872814, 'steps_to_threshold': 11666.666666666666, 'reached_threshold': 1.0, 'num_actuators': 7, 'complexity_penalty': 3.5}
16:07:38  DEBUG    id=219  fitness=   83.595 limbs= 8 depth=4 metrics={'auc': 87.09484258795186, 'final': 94.19023476058057, 'steps_to_threshold': 50000.0, 'reached_threshold': 1.0, 'num_actuators': 7, 'complexity_penalty': 3.5}
16:07:38  DEBUG    id=220  fitness=   63.276 limbs= 9 depth=4 metrics={'auc': 67.27620174551733, 'final': 66.16454015124766, 'steps_to_threshold': 11666.666666666666, 'reached_threshold': 1.0, 'num_actuators': 8, 'complexity_penalty': 4.0}
16:07:38  DEBUG    id=221  fitness=   61.548 limbs= 8 depth=4 metrics={'auc': 65.04841296023176, 'final': 66.51424169282224, 'steps_to_threshold': 0.0, 'reached_threshold': 1.0, 'num_actuators': 7, 'complexity_penalty': 3.5}
16:07:38  INFO   gen 9 done | best 110.973 (id=191, 6 limbs) | mean 65.681 | worst -10.563 | invalid 0 | 1312.2s
16:07:39  INFO   ================================================================
16:07:39  INFO   Finished 10 generations in 203.6 min. Best fitness 110.973 (6 limbs).
16:07:39  INFO   Artifacts: run.log, generation_stats.csv, history.json, and per generation gen*_best.xml + gen*_best_genome.pkl + gen*_best_policy.zip in experiments/run13
