13:32:05  INFO   ================================================================
13:32:05  INFO   Learnability-driven morphology evolution
13:32:05  INFO     population=24  generations=10  metric=auc  eval_seeds=3
13:32:05  INFO     inner: algo=ppo  lifetime_steps=500000  eval_every=5000  horizon=2500
13:32:05  INFO     workers=8  seed=0  out=experiments/run12
13:32:05  INFO   ================================================================
13:32:05  INFO   gen 0: evaluating 24/24 individuals (8 workers)
13:57:07  DEBUG    id=0    fitness=   -3.077 limbs= 2 depth=2 metrics={'auc': -2.5771204112019883, 'final': -2.554712153729065, 'steps_to_threshold': 500000.0, 'reached_threshold': 0.0, 'num_actuators': 1, 'complexity_penalty': 0.5}
13:57:07  DEBUG    id=1    fitness=   -5.756 limbs=10 depth=4 metrics={'auc': -1.2556637536633117, 'final': -1.0649367120547713, 'steps_to_threshold': 500000.0, 'reached_threshold': 0.0, 'num_actuators': 9, 'complexity_penalty': 4.5}
13:57:07  DEBUG    id=2    fitness=   -4.654 limbs= 3 depth=3 metrics={'auc': -3.654158225022302, 'final': -3.5900906745333856, 'steps_to_threshold': 500000.0, 'reached_threshold': 0.0, 'num_actuators': 2, 'complexity_penalty': 1.0}
13:57:07  DEBUG    id=3    fitness=   -6.811 limbs= 9 depth=5 metrics={'auc': -2.811137200448291, 'final': -2.74425453531629, 'steps_to_threshold': 500000.0, 'reached_threshold': 0.0, 'num_actuators': 8, 'complexity_penalty': 4.0}
13:57:07  DEBUG    id=4    fitness=   -4.519 limbs= 4 depth=3 metrics={'auc': -3.019365894031594, 'final': -3.0052213490440707, 'steps_to_threshold': 500000.0, 'reached_threshold': 0.0, 'num_actuators': 3, 'complexity_penalty': 1.5}
13:57:07  DEBUG    id=5    fitness=   -4.666 limbs= 5 depth=4 metrics={'auc': -2.6658974432442033, 'final': -2.6263393048807373, 'steps_to_threshold': 500000.0, 'reached_threshold': 0.0, 'num_actuators': 4, 'complexity_penalty': 2.0}
13:57:07  DEBUG    id=6    fitness=   -2.583 limbs=10 depth=4 metrics={'auc': 1.916915176000631, 'final': 2.2360245709155264, 'steps_to_threshold': 15000.0, 'reached_threshold': 1.0, 'num_actuators': 9, 'complexity_penalty': 4.5}
13:57:07  DEBUG    id=7    fitness=   -6.213 limbs= 9 depth=4 metrics={'auc': -2.212924486344114, 'final': -2.1386761121640934, 'steps_to_threshold': 500000.0, 'reached_threshold': 0.0, 'num_actuators': 8, 'complexity_penalty': 4.0}
13:57:07  DEBUG    id=8    fitness=   -6.870 limbs=11 depth=5 metrics={'auc': -1.8695376908155976, 'final': -1.5194042487260961, 'steps_to_threshold': 500000.0, 'reached_threshold': 0.0, 'num_actuators': 10, 'complexity_penalty': 5.0}
13:57:07  DEBUG    id=9    fitness=   -7.134 limbs=10 depth=5 metrics={'auc': -2.6342411038811284, 'final': -2.482114190148492, 'steps_to_threshold': 500000.0, 'reached_threshold': 0.0, 'num_actuators': 9, 'complexity_penalty': 4.5}
13:57:07  DEBUG    id=10   fitness=    0.557 limbs= 6 depth=4 metrics={'auc': 3.057439742060382, 'final': 3.278015495419908, 'steps_to_threshold': 5000.0, 'reached_threshold': 1.0, 'num_actuators': 5, 'complexity_penalty': 2.5}
13:57:07  DEBUG    id=11   fitness=   -6.744 limbs= 9 depth=4 metrics={'auc': -2.7440982781659002, 'final': -2.66387897504509, 'steps_to_threshold': 500000.0, 'reached_threshold': 0.0, 'num_actuators': 8, 'complexity_penalty': 4.0}
13:57:07  DEBUG    id=12   fitness=   -5.873 limbs= 6 depth=4 metrics={'auc': -3.372626864288008, 'final': -3.3657355968190767, 'steps_to_threshold': 500000.0, 'reached_threshold': 0.0, 'num_actuators': 5, 'complexity_penalty': 2.5}
13:57:07  DEBUG    id=13   fitness=   -7.974 limbs=12 depth=5 metrics={'auc': -2.4740818629511394, 'final': -2.379973742071831, 'steps_to_threshold': 500000.0, 'reached_threshold': 0.0, 'num_actuators': 11, 'complexity_penalty': 5.5}
13:57:07  DEBUG    id=14   fitness=   -5.437 limbs= 9 depth=4 metrics={'auc': -1.4372154513480322, 'final': -1.3058833483533003, 'steps_to_threshold': 500000.0, 'reached_threshold': 0.0, 'num_actuators': 8, 'complexity_penalty': 4.0}
13:57:07  DEBUG    id=15   fitness=   -5.703 limbs= 5 depth=4 metrics={'auc': -3.702923546477585, 'final': -3.690887162589877, 'steps_to_threshold': 500000.0, 'reached_threshold': 0.0, 'num_actuators': 4, 'complexity_penalty': 2.0}
13:57:07  DEBUG    id=16   fitness=   -6.950 limbs=10 depth=5 metrics={'auc': -2.4501125764071623, 'final': -2.3500631114147805, 'steps_to_threshold': 500000.0, 'reached_threshold': 0.0, 'num_actuators': 9, 'complexity_penalty': 4.5}
13:57:07  DEBUG    id=17   fitness=   -3.924 limbs= 2 depth=2 metrics={'auc': -3.4241723017172387, 'final': -3.42420490695005, 'steps_to_threshold': 500000.0, 'reached_threshold': 0.0, 'num_actuators': 1, 'complexity_penalty': 0.5}
13:57:07  DEBUG    id=18   fitness=   -5.603 limbs= 5 depth=3 metrics={'auc': -3.6030531102572905, 'final': -3.560184565913722, 'steps_to_threshold': 500000.0, 'reached_threshold': 0.0, 'num_actuators': 4, 'complexity_penalty': 2.0}
13:57:07  DEBUG    id=19   fitness=  -18.366 limbs= 8 depth=4 metrics={'auc': -14.866208535851065, 'final': -14.389435614863622, 'steps_to_threshold': 500000.0, 'reached_threshold': 0.0, 'num_actuators': 7, 'complexity_penalty': 3.5}
13:57:07  DEBUG    id=20   fitness=   -4.298 limbs= 5 depth=3 metrics={'auc': -2.2984108375216294, 'final': -2.2453178152562567, 'steps_to_threshold': 500000.0, 'reached_threshold': 0.0, 'num_actuators': 4, 'complexity_penalty': 2.0}
13:57:07  DEBUG    id=21   fitness=   -5.430 limbs= 6 depth=4 metrics={'auc': -2.93006964614719, 'final': -2.776664979589389, 'steps_to_threshold': 500000.0, 'reached_threshold': 0.0, 'num_actuators': 5, 'complexity_penalty': 2.5}
13:57:07  DEBUG    id=22   fitness=   -7.176 limbs= 9 depth=4 metrics={'auc': -3.1755334548386944, 'final': -3.0550488182665148, 'steps_to_threshold': 500000.0, 'reached_threshold': 0.0, 'num_actuators': 8, 'complexity_penalty': 4.0}
13:57:07  DEBUG    id=23   fitness=   -7.987 limbs=12 depth=5 metrics={'auc': -2.4865926937559046, 'final': -2.3681823865514118, 'steps_to_threshold': 500000.0, 'reached_threshold': 0.0, 'num_actuators': 11, 'complexity_penalty': 5.5}
13:57:07  INFO   gen 0 done | best 0.557 (id=10, 6 limbs) | mean -5.966 | worst -18.366 | invalid 0 | 1502.8s
13:57:07  INFO     ~25.0 min/gen, est. 225.4 min remaining
13:57:07  INFO   gen 1: evaluating 22/24 individuals (8 workers)
14:18:44  DEBUG    id=24   fitness=   -5.448 limbs= 6 depth=4 metrics={'auc': -2.947644606522507, 'final': -2.8300022790017394, 'steps_to_threshold': 500000.0, 'reached_threshold': 0.0, 'num_actuators': 5, 'complexity_penalty': 2.5}
14:18:44  DEBUG    id=25   fitness=   -3.744 limbs= 2 depth=2 metrics={'auc': -3.2436706062709146, 'final': -3.243602131974795, 'steps_to_threshold': 500000.0, 'reached_threshold': 0.0, 'num_actuators': 1, 'complexity_penalty': 0.5}
14:18:44  DEBUG    id=26   fitness=   -3.449 limbs= 6 depth=4 metrics={'auc': -0.9494489029415613, 'final': -0.8307225118771643, 'steps_to_threshold': 500000.0, 'reached_threshold': 0.0, 'num_actuators': 5, 'complexity_penalty': 2.5}
14:18:44  DEBUG    id=27   fitness=   -0.102 limbs= 6 depth=4 metrics={'auc': 2.3979761883202815, 'final': 2.595669086202807, 'steps_to_threshold': 5000.0, 'reached_threshold': 1.0, 'num_actuators': 5, 'complexity_penalty': 2.5}
14:18:44  DEBUG    id=28   fitness=   -2.906 limbs= 2 depth=2 metrics={'auc': -2.4057049357133136, 'final': -2.372310913007331, 'steps_to_threshold': 500000.0, 'reached_threshold': 0.0, 'num_actuators': 1, 'complexity_penalty': 0.5}
14:18:44  DEBUG    id=29   fitness=    3.077 limbs= 6 depth=4 metrics={'auc': 5.577474583087554, 'final': 5.764108612444217, 'steps_to_threshold': 0.0, 'reached_threshold': 1.0, 'num_actuators': 5, 'complexity_penalty': 2.5}
14:18:44  DEBUG    id=30   fitness=   -1.379 limbs= 6 depth=4 metrics={'auc': 1.1213612094094865, 'final': 1.2934892973946912, 'steps_to_threshold': 5000.0, 'reached_threshold': 1.0, 'num_actuators': 5, 'complexity_penalty': 2.5}
14:18:44  DEBUG    id=31   fitness=    0.683 limbs= 6 depth=4 metrics={'auc': 3.1828884235911743, 'final': 3.404365874985914, 'steps_to_threshold': 5000.0, 'reached_threshold': 1.0, 'num_actuators': 5, 'complexity_penalty': 2.5}
14:18:44  DEBUG    id=32   fitness=   -5.431 limbs= 9 depth=4 metrics={'auc': -1.4306482920997616, 'final': -1.309554172348122, 'steps_to_threshold': 500000.0, 'reached_threshold': 0.0, 'num_actuators': 8, 'complexity_penalty': 4.0}
14:18:44  DEBUG    id=33   fitness=   -3.314 limbs= 2 depth=2 metrics={'auc': -2.813756407043639, 'final': -2.7975757307910833, 'steps_to_threshold': 500000.0, 'reached_threshold': 0.0, 'num_actuators': 1, 'complexity_penalty': 0.5}
14:18:44  DEBUG    id=34   fitness=     -inf limbs= 1 depth=1 metrics={'invalid': 'no_actuators'}
14:18:44  DEBUG    id=35   fitness=    0.567 limbs= 6 depth=4 metrics={'auc': 3.067408725279593, 'final': 3.278026569785812, 'steps_to_threshold': 5000.0, 'reached_threshold': 1.0, 'num_actuators': 5, 'complexity_penalty': 2.5}
14:18:44  DEBUG    id=36   fitness=   -4.376 limbs= 8 depth=4 metrics={'auc': -0.8757999387769946, 'final': -0.7335095180235366, 'steps_to_threshold': 500000.0, 'reached_threshold': 0.0, 'num_actuators': 7, 'complexity_penalty': 3.5}
14:18:44  DEBUG    id=37   fitness=   -4.315 limbs=10 depth=5 metrics={'auc': 0.18485062778985437, 'final': 0.38321309076097587, 'steps_to_threshold': 15000.0, 'reached_threshold': 1.0, 'num_actuators': 9, 'complexity_penalty': 4.5}
14:18:44  DEBUG    id=38   fitness=   -6.266 limbs= 9 depth=4 metrics={'auc': -2.2663118307715027, 'final': -2.1938378448039226, 'steps_to_threshold': 500000.0, 'reached_threshold': 0.0, 'num_actuators': 8, 'complexity_penalty': 4.0}
14:18:44  DEBUG    id=39   fitness=   -5.437 limbs= 9 depth=4 metrics={'auc': -1.4365556698327555, 'final': -1.316588841598988, 'steps_to_threshold': 500000.0, 'reached_threshold': 0.0, 'num_actuators': 8, 'complexity_penalty': 4.0}
14:18:44  DEBUG    id=40   fitness=   -6.256 limbs= 9 depth=4 metrics={'auc': -2.2562952461734196, 'final': -2.168322390492096, 'steps_to_threshold': 500000.0, 'reached_threshold': 0.0, 'num_actuators': 8, 'complexity_penalty': 4.0}
14:18:44  DEBUG    id=41   fitness=   -5.602 limbs= 6 depth=4 metrics={'auc': -3.1015862485397823, 'final': -2.887141000279587, 'steps_to_threshold': 500000.0, 'reached_threshold': 0.0, 'num_actuators': 5, 'complexity_penalty': 2.5}
14:18:44  DEBUG    id=42   fitness=   -4.540 limbs= 4 depth=3 metrics={'auc': -3.0404331290374045, 'final': -3.028365337506975, 'steps_to_threshold': 500000.0, 'reached_threshold': 0.0, 'num_actuators': 3, 'complexity_penalty': 1.5}
14:18:44  DEBUG    id=43   fitness=   -3.488 limbs= 5 depth=4 metrics={'auc': -1.4883966685321681, 'final': -1.4064690285105288, 'steps_to_threshold': 500000.0, 'reached_threshold': 0.0, 'num_actuators': 4, 'complexity_penalty': 2.0}
14:18:44  DEBUG    id=44   fitness=   -3.924 limbs= 2 depth=2 metrics={'auc': -3.423863960925381, 'final': -3.4236851797503878, 'steps_to_threshold': 500000.0, 'reached_threshold': 0.0, 'num_actuators': 1, 'complexity_penalty': 0.5}
14:18:44  DEBUG    id=45   fitness=   -4.298 limbs= 5 depth=3 metrics={'auc': -2.297768622758998, 'final': -2.2475629202269163, 'steps_to_threshold': 500000.0, 'reached_threshold': 0.0, 'num_actuators': 4, 'complexity_penalty': 2.0}
14:18:44  INFO   gen 1 done | best 3.077 (id=29, 6 limbs) | mean -3.151 | worst -6.266 | invalid 1 | 1296.3s
14:18:44  INFO     ~23.3 min/gen, est. 186.6 min remaining
14:18:44  INFO   gen 2: evaluating 22/24 individuals (8 workers)
14:39:14  DEBUG    id=46   fitness=   -3.313 limbs= 2 depth=2 metrics={'auc': -2.8132150173283414, 'final': -2.797306477199817, 'steps_to_threshold': 500000.0, 'reached_threshold': 0.0, 'num_actuators': 1, 'complexity_penalty': 0.5}
14:39:14  DEBUG    id=47   fitness=    0.946 limbs= 6 depth=4 metrics={'auc': 3.4464392831811885, 'final': 3.688105462477092, 'steps_to_threshold': 5000.0, 'reached_threshold': 1.0, 'num_actuators': 5, 'complexity_penalty': 2.5}
14:39:14  DEBUG    id=48   fitness=   -3.220 limbs= 3 depth=2 metrics={'auc': -2.2196942659528642, 'final': -2.1534038020463684, 'steps_to_threshold': 500000.0, 'reached_threshold': 0.0, 'num_actuators': 2, 'complexity_penalty': 1.0}
14:39:14  DEBUG    id=49   fitness=   -4.021 limbs= 5 depth=4 metrics={'auc': -2.020642425427938, 'final': -1.9437426342311126, 'steps_to_threshold': 500000.0, 'reached_threshold': 0.0, 'num_actuators': 4, 'complexity_penalty': 2.0}
14:39:14  DEBUG    id=50   fitness=   -5.347 limbs= 9 depth=4 metrics={'auc': -1.3466277837411977, 'final': -1.2172961506814286, 'steps_to_threshold': 500000.0, 'reached_threshold': 0.0, 'num_actuators': 8, 'complexity_penalty': 4.0}
14:39:14  DEBUG    id=51   fitness=   -0.018 limbs= 7 depth=4 metrics={'auc': 2.982063374939454, 'final': 3.346828729483582, 'steps_to_threshold': 5000.0, 'reached_threshold': 1.0, 'num_actuators': 6, 'complexity_penalty': 3.0}
14:39:14  DEBUG    id=52   fitness=   -3.640 limbs= 2 depth=2 metrics={'auc': -3.139979732832559, 'final': -3.1408625183063097, 'steps_to_threshold': 500000.0, 'reached_threshold': 0.0, 'num_actuators': 1, 'complexity_penalty': 0.5}
14:39:14  DEBUG    id=53   fitness=    0.686 limbs= 6 depth=4 metrics={'auc': 3.1861851104738097, 'final': 3.4337330902551124, 'steps_to_threshold': 5000.0, 'reached_threshold': 1.0, 'num_actuators': 5, 'complexity_penalty': 2.5}
14:39:14  DEBUG    id=54   fitness=    0.552 limbs= 6 depth=4 metrics={'auc': 3.052307225624949, 'final': 3.267051895379799, 'steps_to_threshold': 5000.0, 'reached_threshold': 1.0, 'num_actuators': 5, 'complexity_penalty': 2.5}
14:39:14  DEBUG    id=55   fitness=   -3.450 limbs= 6 depth=4 metrics={'auc': -0.9496243452616427, 'final': -0.8280321146995607, 'steps_to_threshold': 500000.0, 'reached_threshold': 0.0, 'num_actuators': 5, 'complexity_penalty': 2.5}
14:39:14  DEBUG    id=56   fitness=   -4.467 limbs= 5 depth=4 metrics={'auc': -2.466867573388138, 'final': -2.403402536075143, 'steps_to_threshold': 500000.0, 'reached_threshold': 0.0, 'num_actuators': 4, 'complexity_penalty': 2.0}
14:39:14  DEBUG    id=57   fitness=     -inf limbs= 1 depth=1 metrics={'invalid': 'no_actuators'}
14:39:14  DEBUG    id=58   fitness=   -3.961 limbs= 6 depth=4 metrics={'auc': -1.4612729724043423, 'final': -1.3993967885450989, 'steps_to_threshold': 500000.0, 'reached_threshold': 0.0, 'num_actuators': 5, 'complexity_penalty': 2.5}
14:39:14  DEBUG    id=59   fitness=   -2.579 limbs= 2 depth=2 metrics={'auc': -2.078572920166683, 'final': -2.035404770846395, 'steps_to_threshold': 500000.0, 'reached_threshold': 0.0, 'num_actuators': 1, 'complexity_penalty': 0.5}
14:39:14  DEBUG    id=60   fitness=   -3.136 limbs= 2 depth=2 metrics={'auc': -2.6362723821497234, 'final': -2.6119971446941537, 'steps_to_threshold': 500000.0, 'reached_threshold': 0.0, 'num_actuators': 1, 'complexity_penalty': 0.5}
14:39:14  DEBUG    id=61   fitness=   -3.024 limbs= 2 depth=2 metrics={'auc': -2.5244648497984037, 'final': -2.4954654052453296, 'steps_to_threshold': 500000.0, 'reached_threshold': 0.0, 'num_actuators': 1, 'complexity_penalty': 0.5}
14:39:14  DEBUG    id=62   fitness=    3.064 limbs= 6 depth=4 metrics={'auc': 5.563612861705295, 'final': 5.768069942205419, 'steps_to_threshold': 0.0, 'reached_threshold': 1.0, 'num_actuators': 5, 'complexity_penalty': 2.5}
14:39:14  DEBUG    id=63   fitness=   -3.014 limbs= 2 depth=2 metrics={'auc': -2.513522930411661, 'final': -2.4792768692614278, 'steps_to_threshold': 500000.0, 'reached_threshold': 0.0, 'num_actuators': 1, 'complexity_penalty': 0.5}
14:39:14  DEBUG    id=64   fitness=   -0.425 limbs= 7 depth=4 metrics={'auc': 2.575374771347851, 'final': 2.7355436833635274, 'steps_to_threshold': 5000.0, 'reached_threshold': 1.0, 'num_actuators': 6, 'complexity_penalty': 3.0}
14:39:14  DEBUG    id=65   fitness=    0.620 limbs= 6 depth=4 metrics={'auc': 3.1202927279536374, 'final': 3.327600454757203, 'steps_to_threshold': 5000.0, 'reached_threshold': 1.0, 'num_actuators': 5, 'complexity_penalty': 2.5}
14:39:14  DEBUG    id=66   fitness=    0.576 limbs= 6 depth=4 metrics={'auc': 3.0759089319261594, 'final': 3.3012122415743597, 'steps_to_threshold': 5000.0, 'reached_threshold': 1.0, 'num_actuators': 5, 'complexity_penalty': 2.5}
14:39:14  DEBUG    id=67   fitness=   -2.750 limbs= 3 depth=3 metrics={'auc': -1.749703266083728, 'final': -1.6904619751700183, 'steps_to_threshold': 500000.0, 'reached_threshold': 0.0, 'num_actuators': 2, 'complexity_penalty': 1.0}
14:39:14  INFO   gen 2 done | best 3.077 (id=29, 6 limbs) | mean -1.728 | worst -5.347 | invalid 1 | 1230.3s
14:39:14  INFO     ~22.4 min/gen, est. 156.7 min remaining
14:39:14  INFO   gen 3: evaluating 22/24 individuals (8 workers)
15:00:28  DEBUG    id=68   fitness=    1.017 limbs= 6 depth=4 metrics={'auc': 3.517011221893103, 'final': 3.733785832153077, 'steps_to_threshold': 5000.0, 'reached_threshold': 1.0, 'num_actuators': 5, 'complexity_penalty': 2.5}
15:00:28  DEBUG    id=69   fitness=    0.674 limbs= 6 depth=4 metrics={'auc': 3.17392193671814, 'final': 3.3326570369601396, 'steps_to_threshold': 5000.0, 'reached_threshold': 1.0, 'num_actuators': 5, 'complexity_penalty': 2.5}
15:00:28  DEBUG    id=70   fitness=    0.658 limbs= 7 depth=4 metrics={'auc': 3.6577479437327107, 'final': 3.9712303464544028, 'steps_to_threshold': 5000.0, 'reached_threshold': 1.0, 'num_actuators': 6, 'complexity_penalty': 3.0}
15:00:28  DEBUG    id=71   fitness=    0.403 limbs= 7 depth=4 metrics={'auc': 3.4025280365895854, 'final': 3.617690044939467, 'steps_to_threshold': 5000.0, 'reached_threshold': 1.0, 'num_actuators': 6, 'complexity_penalty': 3.0}
15:00:28  DEBUG    id=72   fitness=   -3.591 limbs= 3 depth=3 metrics={'auc': -2.5912120795442597, 'final': -2.5592835873277466, 'steps_to_threshold': 500000.0, 'reached_threshold': 0.0, 'num_actuators': 2, 'complexity_penalty': 1.0}
15:00:28  DEBUG    id=73   fitness=    0.834 limbs= 6 depth=4 metrics={'auc': 3.33386985267398, 'final': 3.588061589778862, 'steps_to_threshold': 5000.0, 'reached_threshold': 1.0, 'num_actuators': 5, 'complexity_penalty': 2.5}
15:00:28  DEBUG    id=74   fitness=    0.422 limbs= 6 depth=4 metrics={'auc': 2.921868398695235, 'final': 3.1802615614208722, 'steps_to_threshold': 5000.0, 'reached_threshold': 1.0, 'num_actuators': 5, 'complexity_penalty': 2.5}
15:00:28  DEBUG    id=75   fitness=    1.616 limbs= 7 depth=4 metrics={'auc': 4.615754694480199, 'final': 4.8199250748968145, 'steps_to_threshold': 5000.0, 'reached_threshold': 1.0, 'num_actuators': 6, 'complexity_penalty': 3.0}
15:00:28  DEBUG    id=76   fitness=    0.326 limbs= 7 depth=4 metrics={'auc': 3.325529594671506, 'final': 3.5600651150181117, 'steps_to_threshold': 6666.666666666667, 'reached_threshold': 1.0, 'num_actuators': 6, 'complexity_penalty': 3.0}
15:00:28  DEBUG    id=77   fitness=   -0.213 limbs= 6 depth=4 metrics={'auc': 2.287349168751575, 'final': 2.471129199399346, 'steps_to_threshold': 5000.0, 'reached_threshold': 1.0, 'num_actuators': 5, 'complexity_penalty': 2.5}
15:00:28  DEBUG    id=78   fitness=   -0.249 limbs= 6 depth=4 metrics={'auc': 2.251205502608382, 'final': 2.4230282265952123, 'steps_to_threshold': 5000.0, 'reached_threshold': 1.0, 'num_actuators': 5, 'complexity_penalty': 2.5}
15:00:28  DEBUG    id=79   fitness=    3.093 limbs= 6 depth=4 metrics={'auc': 5.592501570536594, 'final': 5.771682726675298, 'steps_to_threshold': 0.0, 'reached_threshold': 1.0, 'num_actuators': 5, 'complexity_penalty': 2.5}
15:00:28  DEBUG    id=80   fitness=    0.347 limbs= 7 depth=4 metrics={'auc': 3.346869631427006, 'final': 3.5009273802288643, 'steps_to_threshold': 5000.0, 'reached_threshold': 1.0, 'num_actuators': 6, 'complexity_penalty': 3.0}
15:00:28  DEBUG    id=81   fitness=   -2.821 limbs= 8 depth=4 metrics={'auc': 0.6789397282678618, 'final': 0.8370226006112702, 'steps_to_threshold': 46666.666666666664, 'reached_threshold': 1.0, 'num_actuators': 7, 'complexity_penalty': 3.5}
15:00:28  DEBUG    id=82   fitness=   -2.867 limbs= 3 depth=3 metrics={'auc': -1.8673312895022196, 'final': -1.8155624190512507, 'steps_to_threshold': 500000.0, 'reached_threshold': 0.0, 'num_actuators': 2, 'complexity_penalty': 1.0}
15:00:28  DEBUG    id=83   fitness=    3.086 limbs= 6 depth=4 metrics={'auc': 5.585655005268542, 'final': 5.801532575934836, 'steps_to_threshold': 0.0, 'reached_threshold': 1.0, 'num_actuators': 5, 'complexity_penalty': 2.5}
15:00:28  DEBUG    id=84   fitness=    1.919 limbs= 6 depth=4 metrics={'auc': 4.419398293040877, 'final': 4.579356311241515, 'steps_to_threshold': 0.0, 'reached_threshold': 1.0, 'num_actuators': 5, 'complexity_penalty': 2.5}
15:00:28  DEBUG    id=85   fitness=   -4.417 limbs= 6 depth=4 metrics={'auc': -1.917409267490844, 'final': -1.8278427940778617, 'steps_to_threshold': 500000.0, 'reached_threshold': 0.0, 'num_actuators': 5, 'complexity_penalty': 2.5}
15:00:28  DEBUG    id=86   fitness=    0.695 limbs= 6 depth=4 metrics={'auc': 3.195188727388261, 'final': 3.4059331527875076, 'steps_to_threshold': 5000.0, 'reached_threshold': 1.0, 'num_actuators': 5, 'complexity_penalty': 2.5}
15:00:28  DEBUG    id=87   fitness=   -3.226 limbs= 3 depth=2 metrics={'auc': -2.2258943718894333, 'final': -2.1610224648441108, 'steps_to_threshold': 500000.0, 'reached_threshold': 0.0, 'num_actuators': 2, 'complexity_penalty': 1.0}
15:00:28  DEBUG    id=88   fitness=   -4.431 limbs= 5 depth=3 metrics={'auc': -2.4313787697413702, 'final': -2.3843658089217814, 'steps_to_threshold': 500000.0, 'reached_threshold': 0.0, 'num_actuators': 4, 'complexity_penalty': 2.0}
15:00:28  DEBUG    id=89   fitness=    1.178 limbs= 6 depth=4 metrics={'auc': 3.6779129873094423, 'final': 3.9550232507509704, 'steps_to_threshold': 5000.0, 'reached_threshold': 1.0, 'num_actuators': 5, 'complexity_penalty': 2.5}
15:00:28  INFO   gen 3 done | best 3.093 (id=79, 6 limbs) | mean 0.025 | worst -4.431 | invalid 0 | 1274.0s
15:00:28  INFO     ~22.1 min/gen, est. 132.6 min remaining
15:00:28  INFO   gen 4: evaluating 22/24 individuals (8 workers)
15:22:17  DEBUG    id=90   fitness=    3.024 limbs= 6 depth=4 metrics={'auc': 5.523673331538613, 'final': 5.789883574378659, 'steps_to_threshold': 5000.0, 'reached_threshold': 1.0, 'num_actuators': 5, 'complexity_penalty': 2.5}
15:22:17  DEBUG    id=91   fitness=    2.666 limbs= 8 depth=4 metrics={'auc': 6.165806040831135, 'final': 6.753872953929843, 'steps_to_threshold': 8333.333333333334, 'reached_threshold': 1.0, 'num_actuators': 7, 'complexity_penalty': 3.5}
15:22:17  DEBUG    id=92   fitness=    1.621 limbs= 7 depth=4 metrics={'auc': 4.620836554501238, 'final': 4.824559093888905, 'steps_to_threshold': 5000.0, 'reached_threshold': 1.0, 'num_actuators': 6, 'complexity_penalty': 3.0}
15:22:17  DEBUG    id=93   fitness=     -inf limbs= 1 depth=1 metrics={'invalid': 'no_actuators'}
15:22:17  DEBUG    id=94   fitness=    1.380 limbs= 5 depth=4 metrics={'auc': 3.3800938095771413, 'final': 3.6078951320938377, 'steps_to_threshold': 5000.0, 'reached_threshold': 1.0, 'num_actuators': 4, 'complexity_penalty': 2.0}
15:22:17  DEBUG    id=95   fitness=    7.000 limbs= 6 depth=4 metrics={'auc': 9.499731282135464, 'final': 9.773411232665298, 'steps_to_threshold': 0.0, 'reached_threshold': 1.0, 'num_actuators': 5, 'complexity_penalty': 2.5}
15:22:17  DEBUG    id=96   fitness=   -3.589 limbs= 3 depth=3 metrics={'auc': -2.5889415581800073, 'final': -2.5535351774256907, 'steps_to_threshold': 500000.0, 'reached_threshold': 0.0, 'num_actuators': 2, 'complexity_penalty': 1.0}
15:22:17  DEBUG    id=97   fitness=    0.403 limbs= 6 depth=4 metrics={'auc': 2.9026800751504958, 'final': 3.1259773072639034, 'steps_to_threshold': 5000.0, 'reached_threshold': 1.0, 'num_actuators': 5, 'complexity_penalty': 2.5}
15:22:17  DEBUG    id=98   fitness=   -2.866 limbs= 3 depth=3 metrics={'auc': -1.8660875157511387, 'final': -1.8173730196636197, 'steps_to_threshold': 500000.0, 'reached_threshold': 0.0, 'num_actuators': 2, 'complexity_penalty': 1.0}
15:22:17  DEBUG    id=99   fitness=    3.100 limbs= 6 depth=4 metrics={'auc': 5.599556060288049, 'final': 5.787769210212545, 'steps_to_threshold': 0.0, 'reached_threshold': 1.0, 'num_actuators': 5, 'complexity_penalty': 2.5}
15:22:17  DEBUG    id=100  fitness=    1.972 limbs= 7 depth=4 metrics={'auc': 4.9716195449344704, 'final': 5.149607262543782, 'steps_to_threshold': 0.0, 'reached_threshold': 1.0, 'num_actuators': 6, 'complexity_penalty': 3.0}
15:22:17  DEBUG    id=101  fitness=    3.125 limbs= 7 depth=4 metrics={'auc': 6.125417756145581, 'final': 6.324549010171698, 'steps_to_threshold': 0.0, 'reached_threshold': 1.0, 'num_actuators': 6, 'complexity_penalty': 3.0}
15:22:17  DEBUG    id=102  fitness=    0.981 limbs= 6 depth=4 metrics={'auc': 3.4811766096943124, 'final': 3.7147749525661773, 'steps_to_threshold': 5000.0, 'reached_threshold': 1.0, 'num_actuators': 5, 'complexity_penalty': 2.5}
15:22:17  DEBUG    id=103  fitness=   -0.209 limbs= 7 depth=4 metrics={'auc': 2.791369722188415, 'final': 2.98376121117003, 'steps_to_threshold': 5000.0, 'reached_threshold': 1.0, 'num_actuators': 6, 'complexity_penalty': 3.0}
15:22:17  DEBUG    id=104  fitness=   -4.143 limbs= 4 depth=3 metrics={'auc': -2.6433341124136924, 'final': -2.6034628858790954, 'steps_to_threshold': 500000.0, 'reached_threshold': 0.0, 'num_actuators': 3, 'complexity_penalty': 1.5}
15:22:17  DEBUG    id=105  fitness=    0.667 limbs= 7 depth=4 metrics={'auc': 3.666778564080635, 'final': 3.892605427019625, 'steps_to_threshold': 6666.666666666667, 'reached_threshold': 1.0, 'num_actuators': 6, 'complexity_penalty': 3.0}
15:22:17  DEBUG    id=106  fitness=    3.138 limbs= 7 depth=4 metrics={'auc': 6.138143372538878, 'final': 6.347173370038877, 'steps_to_threshold': 0.0, 'reached_threshold': 1.0, 'num_actuators': 6, 'complexity_penalty': 3.0}
15:22:17  DEBUG    id=107  fitness=    1.239 limbs= 7 depth=4 metrics={'auc': 4.23937066329928, 'final': 4.46862836267853, 'steps_to_threshold': 5000.0, 'reached_threshold': 1.0, 'num_actuators': 6, 'complexity_penalty': 3.0}
15:22:17  DEBUG    id=108  fitness=    2.622 limbs= 6 depth=4 metrics={'auc': 5.121547304935437, 'final': 5.292867977447753, 'steps_to_threshold': 0.0, 'reached_threshold': 1.0, 'num_actuators': 5, 'complexity_penalty': 2.5}
15:22:17  DEBUG    id=109  fitness=    1.095 limbs= 6 depth=4 metrics={'auc': 3.5950860371989655, 'final': 3.856040638552706, 'steps_to_threshold': 5000.0, 'reached_threshold': 1.0, 'num_actuators': 5, 'complexity_penalty': 2.5}
15:22:17  DEBUG    id=110  fitness=    1.017 limbs= 7 depth=4 metrics={'auc': 4.0166995250088045, 'final': 4.343643849791053, 'steps_to_threshold': 5000.0, 'reached_threshold': 1.0, 'num_actuators': 6, 'complexity_penalty': 3.0}
15:22:17  DEBUG    id=111  fitness=   -0.218 limbs= 8 depth=4 metrics={'auc': 3.2817075477546305, 'final': 3.525965856762166, 'steps_to_threshold': 5000.0, 'reached_threshold': 1.0, 'num_actuators': 7, 'complexity_penalty': 3.5}
15:22:17  INFO   gen 4 done | best 7.000 (id=95, 6 limbs) | mean 1.230 | worst -4.143 | invalid 1 | 1308.8s
15:22:17  INFO     ~22.0 min/gen, est. 110.2 min remaining
15:22:17  INFO   gen 5: evaluating 22/24 individuals (8 workers)
15:43:42  DEBUG    id=112  fitness=    7.395 limbs= 7 depth=4 metrics={'auc': 10.395059002323118, 'final': 10.722180910945733, 'steps_to_threshold': 0.0, 'reached_threshold': 1.0, 'num_actuators': 6, 'complexity_penalty': 3.0}
15:43:42  DEBUG    id=113  fitness=    1.168 limbs= 6 depth=4 metrics={'auc': 3.6679439085719907, 'final': 3.9562400603208654, 'steps_to_threshold': 5000.0, 'reached_threshold': 1.0, 'num_actuators': 5, 'complexity_penalty': 2.5}
15:43:42  DEBUG    id=114  fitness=   -2.943 limbs= 3 depth=3 metrics={'auc': -1.9431355362107956, 'final': -1.89326521575808, 'steps_to_threshold': 500000.0, 'reached_threshold': 0.0, 'num_actuators': 2, 'complexity_penalty': 1.0}
15:43:42  DEBUG    id=115  fitness=    4.817 limbs= 6 depth=4 metrics={'auc': 7.316833026721498, 'final': 7.552217939367314, 'steps_to_threshold': 0.0, 'reached_threshold': 1.0, 'num_actuators': 5, 'complexity_penalty': 2.5}
15:43:42  DEBUG    id=116  fitness=    2.645 limbs= 6 depth=4 metrics={'auc': 5.1448803437227495, 'final': 5.434156345640261, 'steps_to_threshold': 5000.0, 'reached_threshold': 1.0, 'num_actuators': 5, 'complexity_penalty': 2.5}
15:43:42  DEBUG    id=117  fitness=    1.111 limbs= 8 depth=4 metrics={'auc': 4.610588021158617, 'final': 4.936808012252609, 'steps_to_threshold': 5000.0, 'reached_threshold': 1.0, 'num_actuators': 7, 'complexity_penalty': 3.5}
15:43:42  DEBUG    id=118  fitness=    1.660 limbs= 7 depth=4 metrics={'auc': 4.660406253090254, 'final': 4.963014913628952, 'steps_to_threshold': 5000.0, 'reached_threshold': 1.0, 'num_actuators': 6, 'complexity_penalty': 3.0}
15:43:42  DEBUG    id=119  fitness=    3.456 limbs= 7 depth=4 metrics={'auc': 6.456071870300268, 'final': 6.672428462839228, 'steps_to_threshold': 0.0, 'reached_threshold': 1.0, 'num_actuators': 6, 'complexity_penalty': 3.0}
15:43:42  DEBUG    id=120  fitness=    7.023 limbs= 7 depth=4 metrics={'auc': 10.022991401156723, 'final': 10.301022323770889, 'steps_to_threshold': 0.0, 'reached_threshold': 1.0, 'num_actuators': 6, 'complexity_penalty': 3.0}
15:43:42  DEBUG    id=121  fitness=    1.207 limbs= 5 depth=4 metrics={'auc': 3.2066487418533653, 'final': 3.499571802433189, 'steps_to_threshold': 5000.0, 'reached_threshold': 1.0, 'num_actuators': 4, 'complexity_penalty': 2.0}
15:43:42  DEBUG    id=122  fitness=    2.743 limbs= 5 depth=4 metrics={'auc': 4.742917842987327, 'final': 4.97566795665017, 'steps_to_threshold': 5000.0, 'reached_threshold': 1.0, 'num_actuators': 4, 'complexity_penalty': 2.0}
15:43:42  DEBUG    id=123  fitness=    3.976 limbs= 6 depth=4 metrics={'auc': 6.47582588491916, 'final': 6.664403385845307, 'steps_to_threshold': 0.0, 'reached_threshold': 1.0, 'num_actuators': 5, 'complexity_penalty': 2.5}
15:43:42  DEBUG    id=124  fitness=   -3.068 limbs= 3 depth=3 metrics={'auc': -2.0680732911525137, 'final': -2.0211239388926163, 'steps_to_threshold': 500000.0, 'reached_threshold': 0.0, 'num_actuators': 2, 'complexity_penalty': 1.0}
15:43:42  DEBUG    id=125  fitness=    1.341 limbs= 8 depth=4 metrics={'auc': 4.841358666469116, 'final': 5.238960165986092, 'steps_to_threshold': 5000.0, 'reached_threshold': 1.0, 'num_actuators': 7, 'complexity_penalty': 3.5}
15:43:42  DEBUG    id=126  fitness=    3.204 limbs= 6 depth=4 metrics={'auc': 5.7044600843686455, 'final': 5.907855724345507, 'steps_to_threshold': 0.0, 'reached_threshold': 1.0, 'num_actuators': 5, 'complexity_penalty': 2.5}
15:43:42  DEBUG    id=127  fitness=    1.060 limbs= 6 depth=4 metrics={'auc': 3.560424822090159, 'final': 3.814486670485847, 'steps_to_threshold': 5000.0, 'reached_threshold': 1.0, 'num_actuators': 5, 'complexity_penalty': 2.5}
15:43:42  DEBUG    id=128  fitness=    7.889 limbs= 5 depth=4 metrics={'auc': 9.88922832721964, 'final': 10.647996781754737, 'steps_to_threshold': 5000.0, 'reached_threshold': 1.0, 'num_actuators': 4, 'complexity_penalty': 2.0}
15:43:42  DEBUG    id=129  fitness=    2.500 limbs= 5 depth=4 metrics={'auc': 4.500281710837581, 'final': 4.751988996262281, 'steps_to_threshold': 5000.0, 'reached_threshold': 1.0, 'num_actuators': 4, 'complexity_penalty': 2.0}
15:43:42  DEBUG    id=130  fitness=   -0.282 limbs= 7 depth=4 metrics={'auc': 2.7183159553926957, 'final': 2.993566710685608, 'steps_to_threshold': 5000.0, 'reached_threshold': 1.0, 'num_actuators': 6, 'complexity_penalty': 3.0}
15:43:42  DEBUG    id=131  fitness=    7.021 limbs= 7 depth=4 metrics={'auc': 10.020595332511357, 'final': 10.387793480416523, 'steps_to_threshold': 0.0, 'reached_threshold': 1.0, 'num_actuators': 6, 'complexity_penalty': 3.0}
15:43:42  DEBUG    id=132  fitness=   -3.110 limbs= 6 depth=4 metrics={'auc': -0.6100524739977276, 'final': -0.4737975960899176, 'steps_to_threshold': 500000.0, 'reached_threshold': 0.0, 'num_actuators': 5, 'complexity_penalty': 2.5}
15:43:42  DEBUG    id=133  fitness=    1.700 limbs= 5 depth=4 metrics={'auc': 3.6997375801301047, 'final': 4.006766499474005, 'steps_to_threshold': 5000.0, 'reached_threshold': 1.0, 'num_actuators': 4, 'complexity_penalty': 2.0}
15:43:42  INFO   gen 5 done | best 7.889 (id=128, 5 limbs) | mean 2.610 | worst -3.110 | invalid 0 | 1284.9s
15:43:42  INFO     ~21.9 min/gen, est. 87.7 min remaining
15:43:42  INFO   gen 6: evaluating 22/24 individuals (8 workers)
16:05:03  DEBUG    id=134  fitness=    4.962 limbs= 7 depth=4 metrics={'auc': 7.961859785883117, 'final': 8.296638271644596, 'steps_to_threshold': 0.0, 'reached_threshold': 1.0, 'num_actuators': 6, 'complexity_penalty': 3.0}
16:05:03  DEBUG    id=135  fitness=    6.706 limbs= 6 depth=4 metrics={'auc': 9.205574698347158, 'final': 9.469769125426152, 'steps_to_threshold': 0.0, 'reached_threshold': 1.0, 'num_actuators': 5, 'complexity_penalty': 2.5}
16:05:03  DEBUG    id=136  fitness=    6.745 limbs= 7 depth=4 metrics={'auc': 9.744892384701137, 'final': 10.099011331300483, 'steps_to_threshold': 0.0, 'reached_threshold': 1.0, 'num_actuators': 6, 'complexity_penalty': 3.0}
16:05:03  DEBUG    id=137  fitness=    0.506 limbs= 9 depth=4 metrics={'auc': 4.506274606179882, 'final': 4.775176251661829, 'steps_to_threshold': 5000.0, 'reached_threshold': 1.0, 'num_actuators': 8, 'complexity_penalty': 4.0}
16:05:03  DEBUG    id=138  fitness=    6.266 limbs= 7 depth=4 metrics={'auc': 9.266052217270444, 'final': 9.552628604327124, 'steps_to_threshold': 0.0, 'reached_threshold': 1.0, 'num_actuators': 6, 'complexity_penalty': 3.0}
16:05:03  DEBUG    id=139  fitness=   -2.248 limbs= 8 depth=4 metrics={'auc': 1.2515922118269447, 'final': 1.5257165245460431, 'steps_to_threshold': 10000.0, 'reached_threshold': 1.0, 'num_actuators': 7, 'complexity_penalty': 3.5}
16:05:03  DEBUG    id=140  fitness=    1.897 limbs= 7 depth=4 metrics={'auc': 4.896865086044311, 'final': 5.2170617147939815, 'steps_to_threshold': 5000.0, 'reached_threshold': 1.0, 'num_actuators': 6, 'complexity_penalty': 3.0}
16:05:03  DEBUG    id=141  fitness=    2.754 limbs= 7 depth=4 metrics={'auc': 5.753965691037615, 'final': 5.9946236196050044, 'steps_to_threshold': 0.0, 'reached_threshold': 1.0, 'num_actuators': 6, 'complexity_penalty': 3.0}
16:05:03  DEBUG    id=142  fitness=    8.298 limbs= 7 depth=4 metrics={'auc': 11.297603419141462, 'final': 11.66395305308143, 'steps_to_threshold': 0.0, 'reached_threshold': 1.0, 'num_actuators': 6, 'complexity_penalty': 3.0}
16:05:03  DEBUG    id=143  fitness=    7.036 limbs= 5 depth=4 metrics={'auc': 9.036436017002968, 'final': 9.745517807129259, 'steps_to_threshold': 6666.666666666667, 'reached_threshold': 1.0, 'num_actuators': 4, 'complexity_penalty': 2.0}
16:05:03  DEBUG    id=144  fitness=    7.064 limbs= 7 depth=4 metrics={'auc': 10.06400671748304, 'final': 10.3412574433794, 'steps_to_threshold': 0.0, 'reached_threshold': 1.0, 'num_actuators': 6, 'complexity_penalty': 3.0}
16:05:03  DEBUG    id=145  fitness=    1.189 limbs= 6 depth=4 metrics={'auc': 3.689331006980782, 'final': 3.886227659244797, 'steps_to_threshold': 5000.0, 'reached_threshold': 1.0, 'num_actuators': 5, 'complexity_penalty': 2.5}
16:05:03  DEBUG    id=146  fitness=    2.751 limbs= 5 depth=4 metrics={'auc': 4.7505699929431975, 'final': 4.969845249622598, 'steps_to_threshold': 5000.0, 'reached_threshold': 1.0, 'num_actuators': 4, 'complexity_penalty': 2.0}
16:05:03  DEBUG    id=147  fitness=    4.106 limbs= 6 depth=4 metrics={'auc': 6.605909214522941, 'final': 6.819071751629774, 'steps_to_threshold': 0.0, 'reached_threshold': 1.0, 'num_actuators': 5, 'complexity_penalty': 2.5}
16:05:03  DEBUG    id=148  fitness=    4.751 limbs= 7 depth=4 metrics={'auc': 7.750607437611323, 'final': 8.030863678917589, 'steps_to_threshold': 0.0, 'reached_threshold': 1.0, 'num_actuators': 6, 'complexity_penalty': 3.0}
16:05:03  DEBUG    id=149  fitness=    6.017 limbs= 5 depth=4 metrics={'auc': 8.016635685713622, 'final': 8.276600334229604, 'steps_to_threshold': 0.0, 'reached_threshold': 1.0, 'num_actuators': 4, 'complexity_penalty': 2.0}
16:05:03  DEBUG    id=150  fitness=     -inf limbs= 1 depth=1 metrics={'invalid': 'no_actuators'}
16:05:03  DEBUG    id=151  fitness=     -inf limbs= 1 depth=1 metrics={'invalid': 'no_actuators'}
16:05:03  DEBUG    id=152  fitness=   19.754 limbs= 5 depth=4 metrics={'auc': 21.754104778874403, 'final': 23.164011045118375, 'steps_to_threshold': 8333.333333333334, 'reached_threshold': 1.0, 'num_actuators': 4, 'complexity_penalty': 2.0}
16:05:03  DEBUG    id=153  fitness=   -4.104 limbs= 5 depth=4 metrics={'auc': -2.1042688069992486, 'final': -2.0180828312013848, 'steps_to_threshold': 500000.0, 'reached_threshold': 0.0, 'num_actuators': 4, 'complexity_penalty': 2.0}
16:05:03  DEBUG    id=154  fitness=   14.200 limbs= 6 depth=4 metrics={'auc': 16.700020421711667, 'final': 17.5019660454182, 'steps_to_threshold': 5000.0, 'reached_threshold': 1.0, 'num_actuators': 5, 'complexity_penalty': 2.5}
16:05:03  DEBUG    id=155  fitness=    0.215 limbs= 5 depth=4 metrics={'auc': 2.215499503427655, 'final': 2.4392424650649525, 'steps_to_threshold': 11666.666666666666, 'reached_threshold': 1.0, 'num_actuators': 4, 'complexity_penalty': 2.0}
16:05:03  INFO   gen 6 done | best 19.754 (id=152, 5 limbs) | mean 5.189 | worst -4.104 | invalid 2 | 1281.4s
16:05:03  INFO     ~21.9 min/gen, est. 65.6 min remaining
16:05:03  INFO   gen 7: evaluating 22/24 individuals (8 workers)
16:25:27  DEBUG    id=156  fitness=    2.745 limbs= 6 depth=4 metrics={'auc': 5.245167432133681, 'final': 5.759833668783252, 'steps_to_threshold': 11666.666666666666, 'reached_threshold': 1.0, 'num_actuators': 5, 'complexity_penalty': 2.5}
16:25:27  DEBUG    id=157  fitness=    8.521 limbs= 7 depth=4 metrics={'auc': 11.520625059655844, 'final': 11.9490335561101, 'steps_to_threshold': 0.0, 'reached_threshold': 1.0, 'num_actuators': 6, 'complexity_penalty': 3.0}
16:25:27  DEBUG    id=158  fitness=   13.558 limbs= 6 depth=4 metrics={'auc': 16.057750825295223, 'final': 17.10565784211927, 'steps_to_threshold': 10000.0, 'reached_threshold': 1.0, 'num_actuators': 5, 'complexity_penalty': 2.5}
16:25:27  DEBUG    id=159  fitness=    7.160 limbs= 7 depth=4 metrics={'auc': 10.160343571881569, 'final': 10.447685703709725, 'steps_to_threshold': 0.0, 'reached_threshold': 1.0, 'num_actuators': 6, 'complexity_penalty': 3.0}
16:25:27  DEBUG    id=160  fitness=     -inf limbs= 1 depth=1 metrics={'invalid': 'no_actuators'}
16:25:27  DEBUG    id=161  fitness=    8.216 limbs= 7 depth=4 metrics={'auc': 11.21644507327084, 'final': 11.620287406054429, 'steps_to_threshold': 0.0, 'reached_threshold': 1.0, 'num_actuators': 6, 'complexity_penalty': 3.0}
16:25:27  DEBUG    id=162  fitness=   -4.816 limbs= 6 depth=4 metrics={'auc': -2.315557889625661, 'final': -2.241907496220429, 'steps_to_threshold': 500000.0, 'reached_threshold': 0.0, 'num_actuators': 5, 'complexity_penalty': 2.5}
16:25:27  DEBUG    id=163  fitness=    3.254 limbs= 6 depth=4 metrics={'auc': 5.754332429481277, 'final': 5.997705538594915, 'steps_to_threshold': 0.0, 'reached_threshold': 1.0, 'num_actuators': 5, 'complexity_penalty': 2.5}
16:25:27  DEBUG    id=164  fitness=    6.754 limbs= 6 depth=4 metrics={'auc': 9.253720943648842, 'final': 9.538406188269695, 'steps_to_threshold': 0.0, 'reached_threshold': 1.0, 'num_actuators': 5, 'complexity_penalty': 2.5}
16:25:27  DEBUG    id=165  fitness=    7.181 limbs= 5 depth=4 metrics={'auc': 9.181304946325861, 'final': 9.886862851336017, 'steps_to_threshold': 6666.666666666667, 'reached_threshold': 1.0, 'num_actuators': 4, 'complexity_penalty': 2.0}
16:25:27  DEBUG    id=166  fitness=    3.697 limbs= 6 depth=4 metrics={'auc': 6.196563863149087, 'final': 6.323170388083394, 'steps_to_threshold': 0.0, 'reached_threshold': 1.0, 'num_actuators': 5, 'complexity_penalty': 2.5}
16:25:27  DEBUG    id=167  fitness=    8.288 limbs= 7 depth=4 metrics={'auc': 11.28769986687081, 'final': 11.664606430479553, 'steps_to_threshold': 0.0, 'reached_threshold': 1.0, 'num_actuators': 6, 'complexity_penalty': 3.0}
16:25:27  DEBUG    id=168  fitness=   14.945 limbs= 6 depth=4 metrics={'auc': 17.445442638911278, 'final': 18.207128336981214, 'steps_to_threshold': 5000.0, 'reached_threshold': 1.0, 'num_actuators': 5, 'complexity_penalty': 2.5}
16:25:27  DEBUG    id=169  fitness=   15.740 limbs= 6 depth=4 metrics={'auc': 18.240087389170835, 'final': 19.043739069775402, 'steps_to_threshold': 5000.0, 'reached_threshold': 1.0, 'num_actuators': 5, 'complexity_penalty': 2.5}
16:25:27  DEBUG    id=170  fitness=    2.283 limbs= 7 depth=4 metrics={'auc': 5.283027718363304, 'final': 5.646527010321429, 'steps_to_threshold': 5000.0, 'reached_threshold': 1.0, 'num_actuators': 6, 'complexity_penalty': 3.0}
16:25:27  DEBUG    id=171  fitness=   20.588 limbs= 5 depth=4 metrics={'auc': 22.588410344219067, 'final': 23.929264149878733, 'steps_to_threshold': 10000.0, 'reached_threshold': 1.0, 'num_actuators': 4, 'complexity_penalty': 2.0}
16:25:27  DEBUG    id=172  fitness=    6.856 limbs= 7 depth=4 metrics={'auc': 9.85595701183554, 'final': 10.198025397373536, 'steps_to_threshold': 0.0, 'reached_threshold': 1.0, 'num_actuators': 6, 'complexity_penalty': 3.0}
16:25:27  DEBUG    id=173  fitness=    5.364 limbs= 6 depth=4 metrics={'auc': 7.864001594537986, 'final': 8.12820775840993, 'steps_to_threshold': 0.0, 'reached_threshold': 1.0, 'num_actuators': 5, 'complexity_penalty': 2.5}
16:25:27  DEBUG    id=174  fitness=    2.011 limbs= 8 depth=4 metrics={'auc': 5.511274705798807, 'final': 5.750240108177166, 'steps_to_threshold': 0.0, 'reached_threshold': 1.0, 'num_actuators': 7, 'complexity_penalty': 3.5}
16:25:27  DEBUG    id=175  fitness=    2.761 limbs= 7 depth=4 metrics={'auc': 5.76102524147439, 'final': 5.965869379629697, 'steps_to_threshold': 0.0, 'reached_threshold': 1.0, 'num_actuators': 6, 'complexity_penalty': 3.0}
16:25:27  DEBUG    id=176  fitness=   -2.292 limbs= 6 depth=4 metrics={'auc': 0.20770932995313077, 'final': 0.35270420144521736, 'steps_to_threshold': 63333.333333333336, 'reached_threshold': 1.0, 'num_actuators': 5, 'complexity_penalty': 2.5}
16:25:27  DEBUG    id=177  fitness=    7.508 limbs= 5 depth=4 metrics={'auc': 9.50832891807234, 'final': 9.798980596257161, 'steps_to_threshold': 0.0, 'reached_threshold': 1.0, 'num_actuators': 4, 'complexity_penalty': 2.0}
16:25:27  INFO   gen 7 done | best 20.588 (id=171, 5 limbs) | mean 7.577 | worst -4.816 | invalid 1 | 1224.0s
16:25:27  INFO     ~21.7 min/gen, est. 43.3 min remaining
16:25:27  INFO   gen 8: evaluating 22/24 individuals (8 workers)
16:46:02  DEBUG    id=178  fitness=   10.724 limbs= 6 depth=4 metrics={'auc': 13.223985587420282, 'final': 13.900897929529085, 'steps_to_threshold': 5000.0, 'reached_threshold': 1.0, 'num_actuators': 5, 'complexity_penalty': 2.5}
16:46:02  DEBUG    id=179  fitness=   13.721 limbs= 6 depth=4 metrics={'auc': 16.22135669819203, 'final': 17.103534131778144, 'steps_to_threshold': 10000.0, 'reached_threshold': 1.0, 'num_actuators': 5, 'complexity_penalty': 2.5}
16:46:02  DEBUG    id=180  fitness=   17.978 limbs= 7 depth=4 metrics={'auc': 20.977922108468647, 'final': 22.290267366566752, 'steps_to_threshold': 15000.0, 'reached_threshold': 1.0, 'num_actuators': 6, 'complexity_penalty': 3.0}
16:46:02  DEBUG    id=181  fitness=    6.479 limbs= 6 depth=4 metrics={'auc': 8.978950478262592, 'final': 9.544965680168202, 'steps_to_threshold': 5000.0, 'reached_threshold': 1.0, 'num_actuators': 5, 'complexity_penalty': 2.5}
16:46:02  DEBUG    id=182  fitness=   15.711 limbs= 6 depth=4 metrics={'auc': 18.211231181188378, 'final': 18.907431896503496, 'steps_to_threshold': 5000.0, 'reached_threshold': 1.0, 'num_actuators': 5, 'complexity_penalty': 2.5}
16:46:02  DEBUG    id=183  fitness=   -4.232 limbs= 6 depth=4 metrics={'auc': -1.7318804328616249, 'final': -1.4596800367766256, 'steps_to_threshold': 500000.0, 'reached_threshold': 0.0, 'num_actuators': 5, 'complexity_penalty': 2.5}
16:46:02  DEBUG    id=184  fitness=    8.201 limbs= 7 depth=4 metrics={'auc': 11.20113435100481, 'final': 11.566721597490305, 'steps_to_threshold': 0.0, 'reached_threshold': 1.0, 'num_actuators': 6, 'complexity_penalty': 3.0}
16:46:02  DEBUG    id=185  fitness=   -4.085 limbs= 6 depth=4 metrics={'auc': -1.5851828432914967, 'final': -1.4567948647500992, 'steps_to_threshold': 500000.0, 'reached_threshold': 0.0, 'num_actuators': 5, 'complexity_penalty': 2.5}
16:46:02  DEBUG    id=186  fitness=   -3.338 limbs= 3 depth=3 metrics={'auc': -2.338361490529959, 'final': -2.256260121862405, 'steps_to_threshold': 500000.0, 'reached_threshold': 0.0, 'num_actuators': 2, 'complexity_penalty': 1.0}
16:46:02  DEBUG    id=187  fitness=   -3.636 limbs= 5 depth=3 metrics={'auc': -1.6360103344843218, 'final': -1.5301521264103517, 'steps_to_threshold': 500000.0, 'reached_threshold': 0.0, 'num_actuators': 4, 'complexity_penalty': 2.0}
16:46:02  DEBUG    id=188  fitness=   12.421 limbs= 4 depth=4 metrics={'auc': 13.921118703309004, 'final': 14.275894566322648, 'steps_to_threshold': 0.0, 'reached_threshold': 1.0, 'num_actuators': 3, 'complexity_penalty': 1.5}
16:46:02  DEBUG    id=189  fitness=   15.647 limbs= 5 depth=4 metrics={'auc': 17.64731589961411, 'final': 18.61277758775307, 'steps_to_threshold': 5000.0, 'reached_threshold': 1.0, 'num_actuators': 4, 'complexity_penalty': 2.0}
16:46:02  DEBUG    id=190  fitness=    5.883 limbs= 8 depth=4 metrics={'auc': 9.38286804099404, 'final': 9.856186434556902, 'steps_to_threshold': 5000.0, 'reached_threshold': 1.0, 'num_actuators': 7, 'complexity_penalty': 3.5}
16:46:02  DEBUG    id=191  fitness=   -3.720 limbs= 4 depth=3 metrics={'auc': -2.2200657959257506, 'final': -2.173695619499771, 'steps_to_threshold': 500000.0, 'reached_threshold': 0.0, 'num_actuators': 3, 'complexity_penalty': 1.5}
16:46:02  DEBUG    id=192  fitness=   -2.063 limbs= 7 depth=4 metrics={'auc': 0.9373862486212996, 'final': 1.0801598369004803, 'steps_to_threshold': 8333.333333333334, 'reached_threshold': 1.0, 'num_actuators': 6, 'complexity_penalty': 3.0}
16:46:02  DEBUG    id=193  fitness=    7.156 limbs= 7 depth=4 metrics={'auc': 10.155706837007626, 'final': 10.442919230500928, 'steps_to_threshold': 0.0, 'reached_threshold': 1.0, 'num_actuators': 6, 'complexity_penalty': 3.0}
16:46:02  DEBUG    id=194  fitness=    7.169 limbs= 7 depth=4 metrics={'auc': 10.168592549659818, 'final': 10.450396378351549, 'steps_to_threshold': 0.0, 'reached_threshold': 1.0, 'num_actuators': 6, 'complexity_penalty': 3.0}
16:46:02  DEBUG    id=195  fitness=  -13.218 limbs= 5 depth=4 metrics={'auc': -11.217779433849794, 'final': -10.824367365436315, 'steps_to_threshold': 500000.0, 'reached_threshold': 0.0, 'num_actuators': 4, 'complexity_penalty': 2.0}
16:46:02  DEBUG    id=196  fitness=   18.589 limbs= 5 depth=4 metrics={'auc': 20.589464490885238, 'final': 21.742797773263558, 'steps_to_threshold': 10000.0, 'reached_threshold': 1.0, 'num_actuators': 4, 'complexity_penalty': 2.0}
16:46:02  DEBUG    id=197  fitness=   -5.047 limbs= 6 depth=4 metrics={'auc': -2.5470866776874965, 'final': -2.434883973727024, 'steps_to_threshold': 500000.0, 'reached_threshold': 0.0, 'num_actuators': 5, 'complexity_penalty': 2.5}
16:46:02  DEBUG    id=198  fitness=    2.326 limbs= 7 depth=4 metrics={'auc': 5.325905611905659, 'final': 5.635133196460241, 'steps_to_threshold': 5000.0, 'reached_threshold': 1.0, 'num_actuators': 6, 'complexity_penalty': 3.0}
16:46:02  DEBUG    id=199  fitness=   10.106 limbs= 6 depth=4 metrics={'auc': 12.606092596005604, 'final': 12.900718747120747, 'steps_to_threshold': 5000.0, 'reached_threshold': 1.0, 'num_actuators': 5, 'complexity_penalty': 2.5}
16:46:02  INFO   gen 8 done | best 18.589 (id=196, 5 limbs) | mean 5.920 | worst -13.218 | invalid 0 | 1234.9s
16:46:02  INFO     ~21.6 min/gen, est. 21.6 min remaining
16:46:02  INFO   gen 9: evaluating 22/24 individuals (8 workers)
17:06:57  DEBUG    id=200  fitness=    5.371 limbs= 5 depth=4 metrics={'auc': 7.370748405977963, 'final': 7.906570000325838, 'steps_to_threshold': 5000.0, 'reached_threshold': 1.0, 'num_actuators': 4, 'complexity_penalty': 2.0}
17:06:57  DEBUG    id=201  fitness=   18.139 limbs= 7 depth=4 metrics={'auc': 21.139094946306162, 'final': 22.387966035002474, 'steps_to_threshold': 13333.333333333334, 'reached_threshold': 1.0, 'num_actuators': 6, 'complexity_penalty': 3.0}
17:06:57  DEBUG    id=202  fitness=   16.688 limbs= 6 depth=4 metrics={'auc': 19.188447271149844, 'final': 20.13812067880755, 'steps_to_threshold': 6666.666666666667, 'reached_threshold': 1.0, 'num_actuators': 5, 'complexity_penalty': 2.5}
17:06:57  DEBUG    id=203  fitness=   -4.781 limbs= 5 depth=4 metrics={'auc': -2.7806015619072517, 'final': -2.7261960971539128, 'steps_to_threshold': 500000.0, 'reached_threshold': 0.0, 'num_actuators': 4, 'complexity_penalty': 2.0}
17:06:57  DEBUG    id=204  fitness=   11.397 limbs= 4 depth=4 metrics={'auc': 12.897155643385211, 'final': 13.205874095509687, 'steps_to_threshold': 0.0, 'reached_threshold': 1.0, 'num_actuators': 3, 'complexity_penalty': 1.5}
17:06:57  DEBUG    id=205  fitness=   11.749 limbs= 7 depth=4 metrics={'auc': 14.749043116857791, 'final': 15.730354202801536, 'steps_to_threshold': 13333.333333333334, 'reached_threshold': 1.0, 'num_actuators': 6, 'complexity_penalty': 3.0}
17:06:57  DEBUG    id=206  fitness=   12.243 limbs= 4 depth=4 metrics={'auc': 13.743282655306766, 'final': 14.15283446398756, 'steps_to_threshold': 0.0, 'reached_threshold': 1.0, 'num_actuators': 3, 'complexity_penalty': 1.5}
17:06:57  DEBUG    id=207  fitness=    3.534 limbs= 6 depth=4 metrics={'auc': 6.034348874110617, 'final': 6.418595237452208, 'steps_to_threshold': 5000.0, 'reached_threshold': 1.0, 'num_actuators': 5, 'complexity_penalty': 2.5}
17:06:57  DEBUG    id=208  fitness=   26.915 limbs= 5 depth=4 metrics={'auc': 28.915369295896202, 'final': 30.66049263522619, 'steps_to_threshold': 10000.0, 'reached_threshold': 1.0, 'num_actuators': 4, 'complexity_penalty': 2.0}
17:06:57  DEBUG    id=209  fitness=   20.845 limbs= 6 depth=4 metrics={'auc': 23.34488861615228, 'final': 30.69271613417828, 'steps_to_threshold': 186666.66666666666, 'reached_threshold': 1.0, 'num_actuators': 5, 'complexity_penalty': 2.5}
17:06:57  DEBUG    id=210  fitness=    4.511 limbs= 6 depth=4 metrics={'auc': 7.010764779921154, 'final': 7.702984478363138, 'steps_to_threshold': 5000.0, 'reached_threshold': 1.0, 'num_actuators': 5, 'complexity_penalty': 2.5}
17:06:57  DEBUG    id=211  fitness=   -6.900 limbs= 7 depth=4 metrics={'auc': -3.9002767849262336, 'final': -3.3622629130751087, 'steps_to_threshold': 500000.0, 'reached_threshold': 0.0, 'num_actuators': 6, 'complexity_penalty': 3.0}
17:06:57  DEBUG    id=212  fitness=   13.880 limbs= 6 depth=4 metrics={'auc': 16.380267359855818, 'final': 17.37562447485954, 'steps_to_threshold': 6666.666666666667, 'reached_threshold': 1.0, 'num_actuators': 5, 'complexity_penalty': 2.5}
17:06:57  DEBUG    id=213  fitness=   -3.931 limbs= 4 depth=3 metrics={'auc': -2.43096531231245, 'final': -2.354723347785125, 'steps_to_threshold': 500000.0, 'reached_threshold': 0.0, 'num_actuators': 3, 'complexity_penalty': 1.5}
17:06:57  DEBUG    id=214  fitness=   15.790 limbs= 5 depth=4 metrics={'auc': 17.789810859261383, 'final': 18.599524787330015, 'steps_to_threshold': 5000.0, 'reached_threshold': 1.0, 'num_actuators': 4, 'complexity_penalty': 2.0}
17:06:57  DEBUG    id=215  fitness=   -4.834 limbs= 7 depth=4 metrics={'auc': -1.8337412890208669, 'final': -1.619091909545484, 'steps_to_threshold': 500000.0, 'reached_threshold': 0.0, 'num_actuators': 6, 'complexity_penalty': 3.0}
17:06:57  DEBUG    id=216  fitness=   15.715 limbs= 6 depth=4 metrics={'auc': 18.214820210266208, 'final': 19.015638158961313, 'steps_to_threshold': 6666.666666666667, 'reached_threshold': 1.0, 'num_actuators': 5, 'complexity_penalty': 2.5}
17:06:57  DEBUG    id=217  fitness=   12.889 limbs= 6 depth=4 metrics={'auc': 15.388572030467984, 'final': 16.403004169283378, 'steps_to_threshold': 10000.0, 'reached_threshold': 1.0, 'num_actuators': 5, 'complexity_penalty': 2.5}
17:06:57  DEBUG    id=218  fitness=    8.428 limbs= 5 depth=4 metrics={'auc': 10.428428264156677, 'final': 10.77708011819893, 'steps_to_threshold': 0.0, 'reached_threshold': 1.0, 'num_actuators': 4, 'complexity_penalty': 2.0}
17:06:57  DEBUG    id=219  fitness=    9.603 limbs= 5 depth=4 metrics={'auc': 11.602580522817924, 'final': 12.427424841140777, 'steps_to_threshold': 5000.0, 'reached_threshold': 1.0, 'num_actuators': 4, 'complexity_penalty': 2.0}
17:06:57  DEBUG    id=220  fitness=   -3.260 limbs= 6 depth=4 metrics={'auc': -0.759815427179687, 'final': -0.6011594305398265, 'steps_to_threshold': 500000.0, 'reached_threshold': 0.0, 'num_actuators': 5, 'complexity_penalty': 2.5}
17:06:57  DEBUG    id=221  fitness=    7.933 limbs= 7 depth=4 metrics={'auc': 10.932723601719081, 'final': 11.300488827493659, 'steps_to_threshold': 0.0, 'reached_threshold': 1.0, 'num_actuators': 6, 'complexity_penalty': 3.0}
17:06:57  INFO   gen 9 done | best 26.915 (id=208, 5 limbs) | mean 9.521 | worst -6.900 | invalid 0 | 1254.7s
17:06:58  INFO   ================================================================
17:06:58  INFO   Finished 10 generations in 214.9 min. Best fitness 26.915 (5 limbs).
17:06:58  INFO   Artifacts: run.log, generation_stats.csv, history.json, and per generation gen*_best.xml + gen*_best_genome.pkl + gen*_best_policy.zip in experiments/run12
