13:59:29  INFO   ================================================================
13:59:29  INFO   Learnability-driven morphology evolution
13:59:29  INFO     population=24  generations=10  metric=auc  eval_seeds=3
13:59:29  INFO     inner: algo=ppo  lifetime_steps=500000  eval_every=5000  horizon=2500
13:59:29  INFO     workers=8  seed=0  out=experiments/run18
13:59:29  INFO   ================================================================
13:59:29  INFO   gen 0: evaluating 24/24 individuals (8 workers)
14:18:51  DEBUG    id=0    fitness=    0.034 limbs= 2 depth=2 metrics={'auc': 0.5339486010244839, 'final': -11.395513970365059, 'steps_to_threshold': 5000.0, 'reached_threshold': 1.0, 'num_actuators': 1, 'complexity_penalty': 0.5}
14:18:51  DEBUG    id=1    fitness=    2.693 limbs=10 depth=3 metrics={'auc': 7.192792635186936, 'final': -5.975650837207231, 'steps_to_threshold': 8333.333333333334, 'reached_threshold': 1.0, 'num_actuators': 9, 'complexity_penalty': 4.5}
14:18:51  DEBUG    id=2    fitness=   -0.755 limbs= 3 depth=3 metrics={'auc': 0.24508245558634556, 'final': -12.463215407162707, 'steps_to_threshold': 20000.0, 'reached_threshold': 1.0, 'num_actuators': 2, 'complexity_penalty': 1.0}
14:18:51  DEBUG    id=3    fitness=   -3.006 limbs= 9 depth=3 metrics={'auc': 0.9943039749392844, 'final': -10.901981756374125, 'steps_to_threshold': 25000.0, 'reached_threshold': 1.0, 'num_actuators': 8, 'complexity_penalty': 4.0}
14:18:51  DEBUG    id=4    fitness=   -2.668 limbs= 7 depth=3 metrics={'auc': 0.3323284415634888, 'final': -11.883306330428844, 'steps_to_threshold': 16666.666666666668, 'reached_threshold': 1.0, 'num_actuators': 6, 'complexity_penalty': 3.0}
14:18:51  DEBUG    id=5    fitness=    0.035 limbs=12 depth=3 metrics={'auc': 5.534853572613606, 'final': -7.428558568284529, 'steps_to_threshold': 15000.0, 'reached_threshold': 1.0, 'num_actuators': 11, 'complexity_penalty': 5.5}
14:18:51  DEBUG    id=6    fitness=    0.661 limbs= 5 depth=3 metrics={'auc': 2.661389425984188, 'final': -9.405645588371081, 'steps_to_threshold': 13333.333333333334, 'reached_threshold': 1.0, 'num_actuators': 4, 'complexity_penalty': 2.0}
14:18:51  DEBUG    id=7    fitness=   -0.599 limbs= 2 depth=2 metrics={'auc': -0.0994010336933769, 'final': -13.855790082375878, 'steps_to_threshold': 1666.6666666666667, 'reached_threshold': 1.0, 'num_actuators': 1, 'complexity_penalty': 0.5}
14:18:51  DEBUG    id=8    fitness=   20.308 limbs=11 depth=3 metrics={'auc': 25.307784617104687, 'final': 9.93240933198468, 'steps_to_threshold': 66666.66666666667, 'reached_threshold': 1.0, 'num_actuators': 10, 'complexity_penalty': 5.0}
14:18:51  DEBUG    id=9    fitness=   -0.527 limbs= 9 depth=3 metrics={'auc': 3.4725813033452155, 'final': -9.70503973222614, 'steps_to_threshold': 5000.0, 'reached_threshold': 1.0, 'num_actuators': 8, 'complexity_penalty': 4.0}
14:18:51  DEBUG    id=10   fitness=   -0.539 limbs= 4 depth=3 metrics={'auc': 0.9611170233909273, 'final': -11.062401818768995, 'steps_to_threshold': 6666.666666666667, 'reached_threshold': 1.0, 'num_actuators': 3, 'complexity_penalty': 1.5}
14:18:51  DEBUG    id=11   fitness=    1.022 limbs= 4 depth=3 metrics={'auc': 2.52228047099134, 'final': -10.2588175368468, 'steps_to_threshold': 5000.0, 'reached_threshold': 1.0, 'num_actuators': 3, 'complexity_penalty': 1.5}
14:18:51  DEBUG    id=12   fitness=    3.985 limbs= 8 depth=3 metrics={'auc': 7.48531548502724, 'final': -1.8842651284394771, 'steps_to_threshold': 11666.666666666666, 'reached_threshold': 1.0, 'num_actuators': 7, 'complexity_penalty': 3.5}
14:18:51  DEBUG    id=13   fitness=   -1.400 limbs=10 depth=3 metrics={'auc': 3.1001463317905578, 'final': -10.145508257173182, 'steps_to_threshold': 11666.666666666666, 'reached_threshold': 1.0, 'num_actuators': 9, 'complexity_penalty': 4.5}
14:18:51  DEBUG    id=14   fitness=   -2.696 limbs= 9 depth=3 metrics={'auc': 1.3042068332267274, 'final': -12.318872461061238, 'steps_to_threshold': 11666.666666666666, 'reached_threshold': 1.0, 'num_actuators': 8, 'complexity_penalty': 4.0}
14:18:51  DEBUG    id=15   fitness=    1.579 limbs= 3 depth=2 metrics={'auc': 2.578751039939352, 'final': -10.914765019633208, 'steps_to_threshold': 5000.0, 'reached_threshold': 1.0, 'num_actuators': 2, 'complexity_penalty': 1.0}
14:18:51  DEBUG    id=16   fitness=    1.617 limbs= 5 depth=3 metrics={'auc': 3.6167189349916544, 'final': -7.049890592076679, 'steps_to_threshold': 8333.333333333334, 'reached_threshold': 1.0, 'num_actuators': 4, 'complexity_penalty': 2.0}
14:18:51  DEBUG    id=17   fitness=    0.717 limbs= 5 depth=3 metrics={'auc': 2.717193792378534, 'final': -10.146769913334408, 'steps_to_threshold': 11666.666666666666, 'reached_threshold': 1.0, 'num_actuators': 4, 'complexity_penalty': 2.0}
14:18:51  DEBUG    id=18   fitness=   -0.382 limbs= 2 depth=2 metrics={'auc': 0.1175511144388925, 'final': -13.086497641427128, 'steps_to_threshold': 30000.0, 'reached_threshold': 1.0, 'num_actuators': 1, 'complexity_penalty': 0.5}
14:18:51  DEBUG    id=19   fitness=   -2.444 limbs= 8 depth=3 metrics={'auc': 1.056292411362996, 'final': -11.993030197239287, 'steps_to_threshold': 15000.0, 'reached_threshold': 1.0, 'num_actuators': 7, 'complexity_penalty': 3.5}
14:18:51  DEBUG    id=20   fitness=   -1.619 limbs= 5 depth=3 metrics={'auc': 0.38117836428361707, 'final': -11.789432124031928, 'steps_to_threshold': 10000.0, 'reached_threshold': 1.0, 'num_actuators': 4, 'complexity_penalty': 2.0}
14:18:51  DEBUG    id=21   fitness=   -1.053 limbs= 9 depth=3 metrics={'auc': 2.946721986458302, 'final': -11.436425410490267, 'steps_to_threshold': 25000.0, 'reached_threshold': 1.0, 'num_actuators': 8, 'complexity_penalty': 4.0}
14:18:51  DEBUG    id=22   fitness=   -0.107 limbs= 2 depth=2 metrics={'auc': 0.3930329045996917, 'final': -11.763555436277437, 'steps_to_threshold': 6666.666666666667, 'reached_threshold': 1.0, 'num_actuators': 1, 'complexity_penalty': 0.5}
14:18:51  DEBUG    id=23   fitness=   -1.108 limbs= 7 depth=3 metrics={'auc': 1.8921535441082202, 'final': -10.48372735868876, 'steps_to_threshold': 15000.0, 'reached_threshold': 1.0, 'num_actuators': 6, 'complexity_penalty': 3.0}
14:18:51  INFO   gen 0 done | best 20.308 (id=8, 11 limbs) | mean 0.573 | worst -3.006 | invalid 0 | 1162.8s
14:18:51  INFO     ~19.4 min/gen, est. 174.4 min remaining
14:18:51  INFO   gen 1: evaluating 22/24 individuals (8 workers)
14:39:30  DEBUG    id=24   fitness=   -0.092 limbs= 2 depth=2 metrics={'auc': 0.4078515067461069, 'final': -11.745921241107267, 'steps_to_threshold': 5000.0, 'reached_threshold': 1.0, 'num_actuators': 1, 'complexity_penalty': 0.5}
14:39:30  DEBUG    id=25   fitness=    0.857 limbs= 4 depth=3 metrics={'auc': 2.356799685196039, 'final': -10.41573587482619, 'steps_to_threshold': 5000.0, 'reached_threshold': 1.0, 'num_actuators': 3, 'complexity_penalty': 1.5}
14:39:30  DEBUG    id=26   fitness=    1.286 limbs= 3 depth=2 metrics={'auc': 2.2860333116020186, 'final': -11.256413452283288, 'steps_to_threshold': 5000.0, 'reached_threshold': 1.0, 'num_actuators': 2, 'complexity_penalty': 1.0}
14:39:30  DEBUG    id=27   fitness=    3.442 limbs= 9 depth=3 metrics={'auc': 7.4415001847481514, 'final': -5.813481394534432, 'steps_to_threshold': 10000.0, 'reached_threshold': 1.0, 'num_actuators': 8, 'complexity_penalty': 4.0}
14:39:30  DEBUG    id=28   fitness=   -2.243 limbs= 6 depth=3 metrics={'auc': 0.25668366939302345, 'final': -11.951900403976403, 'steps_to_threshold': 18333.333333333332, 'reached_threshold': 1.0, 'num_actuators': 5, 'complexity_penalty': 2.5}
14:39:30  DEBUG    id=29   fitness=    1.075 limbs= 5 depth=3 metrics={'auc': 3.0753759077247067, 'final': -10.064905846491717, 'steps_to_threshold': 5000.0, 'reached_threshold': 1.0, 'num_actuators': 4, 'complexity_penalty': 2.0}
14:39:30  DEBUG    id=30   fitness=    1.411 limbs= 4 depth=3 metrics={'auc': 2.911241468573527, 'final': -8.688786939864036, 'steps_to_threshold': 5000.0, 'reached_threshold': 1.0, 'num_actuators': 3, 'complexity_penalty': 1.5}
14:39:30  DEBUG    id=31   fitness=    2.758 limbs= 3 depth=3 metrics={'auc': 3.7583993419055814, 'final': -9.076685588106635, 'steps_to_threshold': 8333.333333333334, 'reached_threshold': 1.0, 'num_actuators': 2, 'complexity_penalty': 1.0}
14:39:30  DEBUG    id=32   fitness=   -0.003 limbs= 3 depth=2 metrics={'auc': 0.99707781744138, 'final': -10.868450302268734, 'steps_to_threshold': 6666.666666666667, 'reached_threshold': 1.0, 'num_actuators': 2, 'complexity_penalty': 1.0}
14:39:30  DEBUG    id=33   fitness=    2.667 limbs=10 depth=3 metrics={'auc': 7.166978515070812, 'final': -5.984654387061422, 'steps_to_threshold': 6666.666666666667, 'reached_threshold': 1.0, 'num_actuators': 9, 'complexity_penalty': 4.5}
14:39:30  DEBUG    id=34   fitness=    4.072 limbs= 8 depth=3 metrics={'auc': 7.572086251605961, 'final': -1.8132744242363283, 'steps_to_threshold': 13333.333333333334, 'reached_threshold': 1.0, 'num_actuators': 7, 'complexity_penalty': 3.5}
14:39:30  DEBUG    id=35   fitness=    7.529 limbs= 7 depth=3 metrics={'auc': 10.52944951699923, 'final': 4.707959134074566, 'steps_to_threshold': 15000.0, 'reached_threshold': 1.0, 'num_actuators': 6, 'complexity_penalty': 3.0}
14:39:30  DEBUG    id=36   fitness=    0.294 limbs=12 depth=3 metrics={'auc': 5.7944057775292945, 'final': -7.138473592988309, 'steps_to_threshold': 16666.666666666668, 'reached_threshold': 1.0, 'num_actuators': 11, 'complexity_penalty': 5.5}
14:39:30  DEBUG    id=37   fitness=    1.718 limbs= 5 depth=3 metrics={'auc': 3.7178496604584272, 'final': -7.193824025816235, 'steps_to_threshold': 6666.666666666667, 'reached_threshold': 1.0, 'num_actuators': 4, 'complexity_penalty': 2.0}
14:39:30  DEBUG    id=38   fitness=    1.878 limbs= 5 depth=3 metrics={'auc': 3.8783166039394135, 'final': -7.480721569429058, 'steps_to_threshold': 6666.666666666667, 'reached_threshold': 1.0, 'num_actuators': 4, 'complexity_penalty': 2.0}
14:39:30  DEBUG    id=39   fitness=    3.415 limbs= 5 depth=3 metrics={'auc': 5.41477555199743, 'final': -6.310467139456609, 'steps_to_threshold': 6666.666666666667, 'reached_threshold': 1.0, 'num_actuators': 4, 'complexity_penalty': 2.0}
14:39:30  DEBUG    id=40   fitness=    1.920 limbs= 4 depth=3 metrics={'auc': 3.4201749840288245, 'final': -9.227229183825541, 'steps_to_threshold': 6666.666666666667, 'reached_threshold': 1.0, 'num_actuators': 3, 'complexity_penalty': 1.5}
14:39:30  DEBUG    id=41   fitness=    4.495 limbs= 8 depth=3 metrics={'auc': 7.994718017938662, 'final': -5.732715019216869, 'steps_to_threshold': 11666.666666666666, 'reached_threshold': 1.0, 'num_actuators': 7, 'complexity_penalty': 3.5}
14:39:30  DEBUG    id=42   fitness=    4.118 limbs= 8 depth=3 metrics={'auc': 7.617809559774404, 'final': -5.573567662069785, 'steps_to_threshold': 8333.333333333334, 'reached_threshold': 1.0, 'num_actuators': 7, 'complexity_penalty': 3.5}
14:39:30  DEBUG    id=43   fitness=    1.650 limbs= 5 depth=3 metrics={'auc': 3.650276716448742, 'final': -7.240598981156606, 'steps_to_threshold': 5000.0, 'reached_threshold': 1.0, 'num_actuators': 4, 'complexity_penalty': 2.0}
14:39:30  DEBUG    id=44   fitness=   20.723 limbs=11 depth=3 metrics={'auc': 25.72251973245807, 'final': 12.009020740339428, 'steps_to_threshold': 93333.33333333333, 'reached_threshold': 1.0, 'num_actuators': 10, 'complexity_penalty': 5.0}
14:39:30  DEBUG    id=45   fitness=    9.474 limbs=11 depth=3 metrics={'auc': 14.474363394804513, 'final': -9.901527687847159, 'steps_to_threshold': 15000.0, 'reached_threshold': 1.0, 'num_actuators': 10, 'complexity_penalty': 5.0}
14:39:30  INFO   gen 1 done | best 20.723 (id=44, 11 limbs) | mean 4.031 | worst -2.243 | invalid 0 | 1238.6s
14:39:30  INFO     ~20.0 min/gen, est. 160.1 min remaining
14:39:30  INFO   gen 2: evaluating 22/24 individuals (8 workers)
15:00:37  DEBUG    id=46   fitness=   21.613 limbs=11 depth=3 metrics={'auc': 26.613359927977893, 'final': 11.992272452258945, 'steps_to_threshold': 78333.33333333333, 'reached_threshold': 1.0, 'num_actuators': 10, 'complexity_penalty': 5.0}
15:00:37  DEBUG    id=47   fitness=    3.501 limbs= 5 depth=3 metrics={'auc': 5.500739168034304, 'final': -6.093935007314587, 'steps_to_threshold': 8333.333333333334, 'reached_threshold': 1.0, 'num_actuators': 4, 'complexity_penalty': 2.0}
15:00:37  DEBUG    id=48   fitness=    0.875 limbs=11 depth=3 metrics={'auc': 5.874924397301747, 'final': -16.299394706876942, 'steps_to_threshold': 36666.666666666664, 'reached_threshold': 1.0, 'num_actuators': 10, 'complexity_penalty': 5.0}
15:00:37  DEBUG    id=49   fitness=   14.975 limbs= 8 depth=3 metrics={'auc': 18.475017401622498, 'final': 11.599924777461508, 'steps_to_threshold': 15000.0, 'reached_threshold': 1.0, 'num_actuators': 7, 'complexity_penalty': 3.5}
15:00:37  DEBUG    id=50   fitness=    2.047 limbs= 3 depth=3 metrics={'auc': 3.0474768443457, 'final': -9.325074737460913, 'steps_to_threshold': 5000.0, 'reached_threshold': 1.0, 'num_actuators': 2, 'complexity_penalty': 1.0}
15:00:37  DEBUG    id=51   fitness=    2.874 limbs= 7 depth=3 metrics={'auc': 5.874016335179056, 'final': -2.427606520152525, 'steps_to_threshold': 10000.0, 'reached_threshold': 1.0, 'num_actuators': 6, 'complexity_penalty': 3.0}
15:00:37  DEBUG    id=52   fitness=   23.988 limbs=10 depth=3 metrics={'auc': 28.488428120349866, 'final': 13.92044146012008, 'steps_to_threshold': 65000.0, 'reached_threshold': 1.0, 'num_actuators': 9, 'complexity_penalty': 4.5}
15:00:37  DEBUG    id=53   fitness=    1.758 limbs= 4 depth=3 metrics={'auc': 3.258157337350749, 'final': -9.46143425440464, 'steps_to_threshold': 6666.666666666667, 'reached_threshold': 1.0, 'num_actuators': 3, 'complexity_penalty': 1.5}
15:00:37  DEBUG    id=54   fitness=    4.833 limbs= 8 depth=3 metrics={'auc': 8.333005064470287, 'final': -4.770729288142074, 'steps_to_threshold': 10000.0, 'reached_threshold': 1.0, 'num_actuators': 7, 'complexity_penalty': 3.5}
15:00:37  DEBUG    id=55   fitness=    3.981 limbs= 8 depth=3 metrics={'auc': 7.4812185648810585, 'final': -1.8122787653046413, 'steps_to_threshold': 13333.333333333334, 'reached_threshold': 1.0, 'num_actuators': 7, 'complexity_penalty': 3.5}
15:00:37  DEBUG    id=56   fitness=   -0.365 limbs= 9 depth=3 metrics={'auc': 3.635482833359999, 'final': -9.021104293118064, 'steps_to_threshold': 15000.0, 'reached_threshold': 1.0, 'num_actuators': 8, 'complexity_penalty': 4.0}
15:00:37  DEBUG    id=57   fitness=    3.661 limbs= 9 depth=3 metrics={'auc': 7.661488057239097, 'final': -5.644676716772596, 'steps_to_threshold': 10000.0, 'reached_threshold': 1.0, 'num_actuators': 8, 'complexity_penalty': 4.0}
15:00:37  DEBUG    id=58   fitness=    3.564 limbs=11 depth=3 metrics={'auc': 8.564465494005463, 'final': -10.61890297382642, 'steps_to_threshold': 90000.0, 'reached_threshold': 1.0, 'num_actuators': 10, 'complexity_penalty': 5.0}
15:00:37  DEBUG    id=59   fitness=    4.495 limbs= 8 depth=3 metrics={'auc': 7.9954697785841224, 'final': -5.789994866077674, 'steps_to_threshold': 10000.0, 'reached_threshold': 1.0, 'num_actuators': 7, 'complexity_penalty': 3.5}
15:00:37  DEBUG    id=60   fitness=    5.469 limbs=11 depth=3 metrics={'auc': 10.468912001730956, 'final': -12.626277893519182, 'steps_to_threshold': 25000.0, 'reached_threshold': 1.0, 'num_actuators': 10, 'complexity_penalty': 5.0}
15:00:37  DEBUG    id=61   fitness=   22.869 limbs=11 depth=3 metrics={'auc': 27.868647117061446, 'final': 12.514516545954498, 'steps_to_threshold': 56666.666666666664, 'reached_threshold': 1.0, 'num_actuators': 10, 'complexity_penalty': 5.0}
15:00:37  DEBUG    id=62   fitness=   19.876 limbs=11 depth=3 metrics={'auc': 24.876449623913143, 'final': 10.161608778054571, 'steps_to_threshold': 76666.66666666667, 'reached_threshold': 1.0, 'num_actuators': 10, 'complexity_penalty': 5.0}
15:00:37  DEBUG    id=63   fitness=    5.652 limbs= 7 depth=3 metrics={'auc': 8.65209824343195, 'final': -13.984581541109767, 'steps_to_threshold': 20000.0, 'reached_threshold': 1.0, 'num_actuators': 6, 'complexity_penalty': 3.0}
15:00:37  DEBUG    id=64   fitness=    7.594 limbs=11 depth=3 metrics={'auc': 12.594069014911922, 'final': -10.120845862763973, 'steps_to_threshold': 15000.0, 'reached_threshold': 1.0, 'num_actuators': 10, 'complexity_penalty': 5.0}
15:00:37  DEBUG    id=65   fitness=    3.398 limbs= 9 depth=3 metrics={'auc': 7.398215960730538, 'final': -5.86800185112114, 'steps_to_threshold': 8333.333333333334, 'reached_threshold': 1.0, 'num_actuators': 8, 'complexity_penalty': 4.0}
15:00:37  DEBUG    id=66   fitness=    1.492 limbs=10 depth=3 metrics={'auc': 5.992058946199599, 'final': -6.241267312227847, 'steps_to_threshold': 10000.0, 'reached_threshold': 1.0, 'num_actuators': 9, 'complexity_penalty': 4.5}
15:00:37  DEBUG    id=67   fitness=   46.014 limbs= 8 depth=3 metrics={'auc': 49.51392393767538, 'final': -7.191343214735483, 'steps_to_threshold': 15000.0, 'reached_threshold': 1.0, 'num_actuators': 7, 'complexity_penalty': 3.5}
15:00:37  INFO   gen 2 done | best 46.014 (id=67, 8 limbs) | mean 9.684 | worst -0.365 | invalid 0 | 1266.9s
15:00:37  INFO     ~20.4 min/gen, est. 142.7 min remaining
15:00:37  INFO   gen 3: evaluating 22/24 individuals (8 workers)
15:22:20  DEBUG    id=68   fitness=   13.836 limbs=11 depth=3 metrics={'auc': 18.83612396163198, 'final': 30.434455738224443, 'steps_to_threshold': 156666.66666666666, 'reached_threshold': 1.0, 'num_actuators': 10, 'complexity_penalty': 5.0}
15:22:20  DEBUG    id=69   fitness=   15.081 limbs= 8 depth=3 metrics={'auc': 18.580718425916867, 'final': 11.503098973200329, 'steps_to_threshold': 16666.666666666668, 'reached_threshold': 1.0, 'num_actuators': 7, 'complexity_penalty': 3.5}
15:22:20  DEBUG    id=70   fitness=    3.675 limbs= 9 depth=3 metrics={'auc': 7.674524578880515, 'final': -5.68089902501156, 'steps_to_threshold': 10000.0, 'reached_threshold': 1.0, 'num_actuators': 8, 'complexity_penalty': 4.0}
15:22:20  DEBUG    id=71   fitness=   20.190 limbs=11 depth=3 metrics={'auc': 25.189847606184497, 'final': 15.967307469984759, 'steps_to_threshold': 58333.333333333336, 'reached_threshold': 1.0, 'num_actuators': 10, 'complexity_penalty': 5.0}
15:22:20  DEBUG    id=72   fitness=    6.794 limbs=11 depth=3 metrics={'auc': 11.793686597491565, 'final': -11.176231002417373, 'steps_to_threshold': 23333.333333333332, 'reached_threshold': 1.0, 'num_actuators': 10, 'complexity_penalty': 5.0}
15:22:20  DEBUG    id=73   fitness=    5.565 limbs= 7 depth=3 metrics={'auc': 8.565311487323575, 'final': -13.956476349597041, 'steps_to_threshold': 23333.333333333332, 'reached_threshold': 1.0, 'num_actuators': 6, 'complexity_penalty': 3.0}
15:22:20  DEBUG    id=74   fitness=    1.518 limbs= 4 depth=3 metrics={'auc': 3.0176846814046097, 'final': -9.276923864154845, 'steps_to_threshold': 5000.0, 'reached_threshold': 1.0, 'num_actuators': 3, 'complexity_penalty': 1.5}
15:22:20  DEBUG    id=75   fitness=    6.176 limbs=10 depth=3 metrics={'auc': 10.676339813320245, 'final': 5.7129176188476025, 'steps_to_threshold': 66666.66666666667, 'reached_threshold': 1.0, 'num_actuators': 9, 'complexity_penalty': 4.5}
15:22:20  DEBUG    id=76   fitness=   10.301 limbs=10 depth=3 metrics={'auc': 14.800780244247262, 'final': 3.389445962754435, 'steps_to_threshold': 16666.666666666668, 'reached_threshold': 1.0, 'num_actuators': 9, 'complexity_penalty': 4.5}
15:22:20  DEBUG    id=77   fitness=   25.365 limbs= 7 depth=3 metrics={'auc': 28.364578669824336, 'final': -12.66626319725679, 'steps_to_threshold': 11666.666666666666, 'reached_threshold': 1.0, 'num_actuators': 6, 'complexity_penalty': 3.0}
15:22:20  DEBUG    id=78   fitness=   17.008 limbs= 7 depth=3 metrics={'auc': 20.007673867515916, 'final': -3.9533300085908842, 'steps_to_threshold': 18333.333333333332, 'reached_threshold': 1.0, 'num_actuators': 6, 'complexity_penalty': 3.0}
15:22:20  DEBUG    id=79   fitness=   14.858 limbs=11 depth=3 metrics={'auc': 19.858353285930935, 'final': 7.618494773104493, 'steps_to_threshold': 190000.0, 'reached_threshold': 1.0, 'num_actuators': 10, 'complexity_penalty': 5.0}
15:22:20  DEBUG    id=80   fitness=   -0.764 limbs= 9 depth=3 metrics={'auc': 3.2358422424150746, 'final': -10.540118067705889, 'steps_to_threshold': 15000.0, 'reached_threshold': 1.0, 'num_actuators': 8, 'complexity_penalty': 4.0}
15:22:20  DEBUG    id=81   fitness=   24.993 limbs= 9 depth=3 metrics={'auc': 28.993173735815734, 'final': -14.50954329766166, 'steps_to_threshold': 18333.333333333332, 'reached_threshold': 1.0, 'num_actuators': 8, 'complexity_penalty': 4.0}
15:22:20  DEBUG    id=82   fitness=   69.096 limbs= 8 depth=3 metrics={'auc': 72.59649135212182, 'final': 30.347240806844212, 'steps_to_threshold': 56666.666666666664, 'reached_threshold': 1.0, 'num_actuators': 7, 'complexity_penalty': 3.5}
15:22:20  DEBUG    id=83   fitness=    7.974 limbs= 8 depth=3 metrics={'auc': 11.474353601952407, 'final': -12.350088689492281, 'steps_to_threshold': 25000.0, 'reached_threshold': 1.0, 'num_actuators': 7, 'complexity_penalty': 3.5}
15:22:20  DEBUG    id=84   fitness=   21.914 limbs=11 depth=3 metrics={'auc': 26.91440045439336, 'final': 12.090784684804037, 'steps_to_threshold': 71666.66666666667, 'reached_threshold': 1.0, 'num_actuators': 10, 'complexity_penalty': 5.0}
15:22:20  DEBUG    id=85   fitness=    2.948 limbs= 8 depth=3 metrics={'auc': 6.44758305525221, 'final': -2.9846052216512167, 'steps_to_threshold': 11666.666666666666, 'reached_threshold': 1.0, 'num_actuators': 7, 'complexity_penalty': 3.5}
15:22:20  DEBUG    id=86   fitness=   16.036 limbs= 6 depth=3 metrics={'auc': 18.53593381302356, 'final': 12.695650383954094, 'steps_to_threshold': 15000.0, 'reached_threshold': 1.0, 'num_actuators': 5, 'complexity_penalty': 2.5}
15:22:20  DEBUG    id=87   fitness=    3.513 limbs= 8 depth=3 metrics={'auc': 7.012888312022068, 'final': -6.146954946828374, 'steps_to_threshold': 8333.333333333334, 'reached_threshold': 1.0, 'num_actuators': 7, 'complexity_penalty': 3.5}
15:22:20  DEBUG    id=88   fitness=    5.557 limbs= 8 depth=3 metrics={'auc': 9.057260953883116, 'final': -4.111501423757407, 'steps_to_threshold': 8333.333333333334, 'reached_threshold': 1.0, 'num_actuators': 7, 'complexity_penalty': 3.5}
15:22:20  DEBUG    id=89   fitness=   23.671 limbs=10 depth=3 metrics={'auc': 28.17093089171152, 'final': 14.040076222226404, 'steps_to_threshold': 68333.33333333333, 'reached_threshold': 1.0, 'num_actuators': 9, 'complexity_penalty': 4.5}
15:22:20  INFO   gen 3 done | best 69.096 (id=82, 8 limbs) | mean 16.054 | worst -0.764 | invalid 0 | 1302.8s
15:22:20  INFO     ~20.7 min/gen, est. 124.3 min remaining
15:22:20  INFO   gen 4: evaluating 22/24 individuals (8 workers)
15:42:09  DEBUG    id=90   fitness=   37.439 limbs= 9 depth=3 metrics={'auc': 41.43867018389921, 'final': -8.714910430722602, 'steps_to_threshold': 8333.333333333334, 'reached_threshold': 1.0, 'num_actuators': 8, 'complexity_penalty': 4.0}
15:42:09  DEBUG    id=91   fitness=   19.362 limbs= 8 depth=3 metrics={'auc': 22.86194228166258, 'final': 16.742431808831604, 'steps_to_threshold': 30000.0, 'reached_threshold': 1.0, 'num_actuators': 7, 'complexity_penalty': 3.5}
15:42:09  DEBUG    id=92   fitness=   27.225 limbs= 9 depth=3 metrics={'auc': 31.2253453275322, 'final': -15.745555100728978, 'steps_to_threshold': 16666.666666666668, 'reached_threshold': 1.0, 'num_actuators': 8, 'complexity_penalty': 4.0}
15:42:09  DEBUG    id=93   fitness=   15.996 limbs= 4 depth=3 metrics={'auc': 17.496361000729205, 'final': -15.951593586850086, 'steps_to_threshold': 15000.0, 'reached_threshold': 1.0, 'num_actuators': 3, 'complexity_penalty': 1.5}
15:42:09  DEBUG    id=94   fitness=   10.378 limbs=10 depth=3 metrics={'auc': 14.878335500997302, 'final': 3.2788839683258613, 'steps_to_threshold': 18333.333333333332, 'reached_threshold': 1.0, 'num_actuators': 9, 'complexity_penalty': 4.5}
15:42:09  DEBUG    id=95   fitness=   68.437 limbs= 8 depth=3 metrics={'auc': 71.93698762154457, 'final': 30.785817084991734, 'steps_to_threshold': 51666.666666666664, 'reached_threshold': 1.0, 'num_actuators': 7, 'complexity_penalty': 3.5}
15:42:09  DEBUG    id=96   fitness=   11.077 limbs= 7 depth=3 metrics={'auc': 14.07740128785791, 'final': -1.0278061443818587, 'steps_to_threshold': 35000.0, 'reached_threshold': 1.0, 'num_actuators': 6, 'complexity_penalty': 3.0}
15:42:09  DEBUG    id=97   fitness=   18.643 limbs=11 depth=3 metrics={'auc': 23.642636040876578, 'final': 11.576857111730861, 'steps_to_threshold': 146666.66666666666, 'reached_threshold': 1.0, 'num_actuators': 10, 'complexity_penalty': 5.0}
15:42:09  DEBUG    id=98   fitness=   14.644 limbs=10 depth=3 metrics={'auc': 19.144473974752206, 'final': 27.348982618475077, 'steps_to_threshold': 50000.0, 'reached_threshold': 1.0, 'num_actuators': 9, 'complexity_penalty': 4.5}
15:42:09  DEBUG    id=99   fitness=   22.453 limbs= 7 depth=3 metrics={'auc': 25.452706966402804, 'final': 14.821850330131431, 'steps_to_threshold': 71666.66666666667, 'reached_threshold': 1.0, 'num_actuators': 6, 'complexity_penalty': 3.0}
15:42:09  DEBUG    id=100  fitness=   18.243 limbs= 8 depth=3 metrics={'auc': 21.742505714909864, 'final': 5.793346227436534, 'steps_to_threshold': 15000.0, 'reached_threshold': 1.0, 'num_actuators': 7, 'complexity_penalty': 3.5}
15:42:09  DEBUG    id=101  fitness=   15.654 limbs= 4 depth=3 metrics={'auc': 17.153678465874886, 'final': -16.095145437638095, 'steps_to_threshold': 16666.666666666668, 'reached_threshold': 1.0, 'num_actuators': 3, 'complexity_penalty': 1.5}
15:42:09  DEBUG    id=102  fitness=   -0.441 limbs=10 depth=3 metrics={'auc': 4.059433813472656, 'final': -9.525347298336634, 'steps_to_threshold': 16666.666666666668, 'reached_threshold': 1.0, 'num_actuators': 9, 'complexity_penalty': 4.5}
15:42:09  DEBUG    id=103  fitness=   23.697 limbs= 9 depth=3 metrics={'auc': 27.696742123909672, 'final': -10.282653289966811, 'steps_to_threshold': 25000.0, 'reached_threshold': 1.0, 'num_actuators': 8, 'complexity_penalty': 4.0}
15:42:09  DEBUG    id=104  fitness=   13.745 limbs=10 depth=3 metrics={'auc': 18.244858680741796, 'final': -8.098420401708808, 'steps_to_threshold': 16666.666666666668, 'reached_threshold': 1.0, 'num_actuators': 9, 'complexity_penalty': 4.5}
15:42:09  DEBUG    id=105  fitness=   26.651 limbs= 7 depth=3 metrics={'auc': 29.651291319567473, 'final': -13.194922876611871, 'steps_to_threshold': 11666.666666666666, 'reached_threshold': 1.0, 'num_actuators': 6, 'complexity_penalty': 3.0}
15:42:09  DEBUG    id=106  fitness=   13.413 limbs= 7 depth=3 metrics={'auc': 16.41336883340909, 'final': -12.35776658681177, 'steps_to_threshold': 5000.0, 'reached_threshold': 1.0, 'num_actuators': 6, 'complexity_penalty': 3.0}
15:42:09  DEBUG    id=107  fitness=    1.237 limbs= 7 depth=3 metrics={'auc': 4.237109372821277, 'final': -8.5370080884906, 'steps_to_threshold': 11666.666666666666, 'reached_threshold': 1.0, 'num_actuators': 6, 'complexity_penalty': 3.0}
15:42:09  DEBUG    id=108  fitness=   25.060 limbs=10 depth=3 metrics={'auc': 29.559850636453763, 'final': 13.796314400533937, 'steps_to_threshold': 58333.333333333336, 'reached_threshold': 1.0, 'num_actuators': 9, 'complexity_penalty': 4.5}
15:42:09  DEBUG    id=109  fitness=    5.528 limbs= 7 depth=3 metrics={'auc': 8.528086612257885, 'final': -13.98809592170049, 'steps_to_threshold': 20000.0, 'reached_threshold': 1.0, 'num_actuators': 6, 'complexity_penalty': 3.0}
15:42:09  DEBUG    id=110  fitness=    6.508 limbs= 7 depth=3 metrics={'auc': 9.508179986463672, 'final': -12.692804027886908, 'steps_to_threshold': 23333.333333333332, 'reached_threshold': 1.0, 'num_actuators': 6, 'complexity_penalty': 3.0}
15:42:09  DEBUG    id=111  fitness=   -1.151 limbs= 6 depth=3 metrics={'auc': 1.3493687048459175, 'final': -11.482004085003773, 'steps_to_threshold': 18333.333333333332, 'reached_threshold': 1.0, 'num_actuators': 5, 'complexity_penalty': 2.5}
15:42:09  INFO   gen 4 done | best 69.096 (id=82, 8 limbs) | mean 20.344 | worst -1.151 | invalid 0 | 1189.2s
15:42:09  INFO     ~20.5 min/gen, est. 102.7 min remaining
15:42:09  INFO   gen 5: evaluating 22/24 individuals (8 workers)
16:01:20  DEBUG    id=112  fitness=   67.021 limbs= 8 depth=3 metrics={'auc': 70.52083349612376, 'final': 71.63708713999621, 'steps_to_threshold': 116666.66666666667, 'reached_threshold': 1.0, 'num_actuators': 7, 'complexity_penalty': 3.5}
16:01:20  DEBUG    id=113  fitness=   13.883 limbs=10 depth=3 metrics={'auc': 18.38333844171108, 'final': -7.876819367215243, 'steps_to_threshold': 15000.0, 'reached_threshold': 1.0, 'num_actuators': 9, 'complexity_penalty': 4.5}
16:01:20  DEBUG    id=114  fitness=   53.332 limbs= 9 depth=3 metrics={'auc': 57.33243651146349, 'final': 30.10427971939059, 'steps_to_threshold': 115000.0, 'reached_threshold': 1.0, 'num_actuators': 8, 'complexity_penalty': 4.0}
16:01:20  DEBUG    id=115  fitness=   25.751 limbs= 9 depth=3 metrics={'auc': 29.750992669439665, 'final': -15.590584070588639, 'steps_to_threshold': 20000.0, 'reached_threshold': 1.0, 'num_actuators': 8, 'complexity_penalty': 4.0}
16:01:20  DEBUG    id=116  fitness=    7.632 limbs= 3 depth=3 metrics={'auc': 8.632486418051542, 'final': -10.720222034014753, 'steps_to_threshold': 15000.0, 'reached_threshold': 1.0, 'num_actuators': 2, 'complexity_penalty': 1.0}
16:01:20  DEBUG    id=117  fitness=   50.806 limbs= 8 depth=3 metrics={'auc': 54.30617339354674, 'final': 37.989565701528754, 'steps_to_threshold': 56666.666666666664, 'reached_threshold': 1.0, 'num_actuators': 7, 'complexity_penalty': 3.5}
16:01:20  DEBUG    id=118  fitness=    4.704 limbs= 7 depth=3 metrics={'auc': 7.704329446205917, 'final': 6.79732928638358, 'steps_to_threshold': 55000.0, 'reached_threshold': 1.0, 'num_actuators': 6, 'complexity_penalty': 3.0}
16:01:20  DEBUG    id=119  fitness=   17.872 limbs= 4 depth=3 metrics={'auc': 19.371894687602282, 'final': -17.74222157824831, 'steps_to_threshold': 15000.0, 'reached_threshold': 1.0, 'num_actuators': 3, 'complexity_penalty': 1.5}
16:01:20  DEBUG    id=120  fitness=    6.346 limbs= 7 depth=3 metrics={'auc': 9.346296527382377, 'final': -12.794442910981362, 'steps_to_threshold': 16666.666666666668, 'reached_threshold': 1.0, 'num_actuators': 6, 'complexity_penalty': 3.0}
16:01:20  DEBUG    id=121  fitness=   53.328 limbs= 8 depth=3 metrics={'auc': 56.8284450556238, 'final': 17.15023285985397, 'steps_to_threshold': 75000.0, 'reached_threshold': 1.0, 'num_actuators': 7, 'complexity_penalty': 3.5}
16:01:20  DEBUG    id=122  fitness=   33.861 limbs= 9 depth=3 metrics={'auc': 37.861228216997084, 'final': -5.861885266037015, 'steps_to_threshold': 26666.666666666668, 'reached_threshold': 1.0, 'num_actuators': 8, 'complexity_penalty': 4.0}
16:01:20  DEBUG    id=123  fitness=   36.718 limbs= 9 depth=3 metrics={'auc': 40.71760309749846, 'final': -8.66493939860623, 'steps_to_threshold': 10000.0, 'reached_threshold': 1.0, 'num_actuators': 8, 'complexity_penalty': 4.0}
16:01:20  DEBUG    id=124  fitness=   71.352 limbs= 9 depth=3 metrics={'auc': 75.35188493082046, 'final': 23.335214904318764, 'steps_to_threshold': 46666.666666666664, 'reached_threshold': 1.0, 'num_actuators': 8, 'complexity_penalty': 4.0}
16:01:20  DEBUG    id=125  fitness=   25.514 limbs=10 depth=3 metrics={'auc': 30.014114955353985, 'final': 13.833397518798344, 'steps_to_threshold': 60000.0, 'reached_threshold': 1.0, 'num_actuators': 9, 'complexity_penalty': 4.5}
16:01:20  DEBUG    id=126  fitness=   51.025 limbs= 8 depth=3 metrics={'auc': 54.52508680256792, 'final': 33.89355085369667, 'steps_to_threshold': 76666.66666666667, 'reached_threshold': 1.0, 'num_actuators': 7, 'complexity_penalty': 3.5}
16:01:20  DEBUG    id=127  fitness=   -0.293 limbs= 9 depth=3 metrics={'auc': 3.7073774951872274, 'final': -10.083806647445611, 'steps_to_threshold': 15000.0, 'reached_threshold': 1.0, 'num_actuators': 8, 'complexity_penalty': 4.0}
16:01:20  DEBUG    id=128  fitness=   12.042 limbs= 7 depth=3 metrics={'auc': 15.04189000070948, 'final': -11.07231902195599, 'steps_to_threshold': 10000.0, 'reached_threshold': 1.0, 'num_actuators': 6, 'complexity_penalty': 3.0}
16:01:20  DEBUG    id=129  fitness=   69.267 limbs= 9 depth=3 metrics={'auc': 73.2666474562313, 'final': 14.029611340603076, 'steps_to_threshold': 28333.333333333332, 'reached_threshold': 1.0, 'num_actuators': 8, 'complexity_penalty': 4.0}
16:01:20  DEBUG    id=130  fitness=   31.656 limbs= 9 depth=3 metrics={'auc': 35.65599691823701, 'final': -9.396333962091312, 'steps_to_threshold': 28333.333333333332, 'reached_threshold': 1.0, 'num_actuators': 8, 'complexity_penalty': 4.0}
16:01:20  DEBUG    id=131  fitness=   25.904 limbs=10 depth=3 metrics={'auc': 30.403938492029614, 'final': 14.646065268347629, 'steps_to_threshold': 58333.333333333336, 'reached_threshold': 1.0, 'num_actuators': 9, 'complexity_penalty': 4.5}
16:01:20  DEBUG    id=132  fitness=   42.256 limbs= 8 depth=3 metrics={'auc': 45.75634618481573, 'final': 17.026334422821964, 'steps_to_threshold': 113333.33333333333, 'reached_threshold': 1.0, 'num_actuators': 7, 'complexity_penalty': 3.5}
16:01:20  DEBUG    id=133  fitness=   10.457 limbs= 8 depth=3 metrics={'auc': 13.957380822860094, 'final': -8.016392498539512, 'steps_to_threshold': 20000.0, 'reached_threshold': 1.0, 'num_actuators': 7, 'complexity_penalty': 3.5}
16:01:20  INFO   gen 5 done | best 71.352 (id=124, 9 limbs) | mean 35.332 | worst -0.293 | invalid 0 | 1151.2s
16:01:20  INFO     ~20.3 min/gen, est. 81.2 min remaining
16:01:20  INFO   gen 6: evaluating 22/24 individuals (8 workers)
16:21:15  DEBUG    id=134  fitness=   63.560 limbs= 9 depth=3 metrics={'auc': 67.56027955564784, 'final': 13.921957121527349, 'steps_to_threshold': 33333.333333333336, 'reached_threshold': 1.0, 'num_actuators': 8, 'complexity_penalty': 4.0}
16:21:15  DEBUG    id=135  fitness=   10.218 limbs= 8 depth=3 metrics={'auc': 13.71814968169233, 'final': -11.926253421458606, 'steps_to_threshold': 5000.0, 'reached_threshold': 1.0, 'num_actuators': 7, 'complexity_penalty': 3.5}
16:21:15  DEBUG    id=136  fitness=    1.288 limbs= 7 depth=3 metrics={'auc': 4.288226695328784, 'final': -8.43784363832149, 'steps_to_threshold': 10000.0, 'reached_threshold': 1.0, 'num_actuators': 6, 'complexity_penalty': 3.0}
16:21:15  DEBUG    id=137  fitness=   60.182 limbs= 9 depth=3 metrics={'auc': 64.18248290280225, 'final': 2.3527126311967783, 'steps_to_threshold': 18333.333333333332, 'reached_threshold': 1.0, 'num_actuators': 8, 'complexity_penalty': 4.0}
16:21:15  DEBUG    id=138  fitness=   40.827 limbs= 9 depth=3 metrics={'auc': 44.82697416860748, 'final': -11.291735549145544, 'steps_to_threshold': 8333.333333333334, 'reached_threshold': 1.0, 'num_actuators': 8, 'complexity_penalty': 4.0}
16:21:15  DEBUG    id=139  fitness=   26.040 limbs= 8 depth=3 metrics={'auc': 29.539590611567462, 'final': -11.179224593218388, 'steps_to_threshold': 15000.0, 'reached_threshold': 1.0, 'num_actuators': 7, 'complexity_penalty': 3.5}
16:21:15  DEBUG    id=140  fitness=   19.474 limbs= 9 depth=3 metrics={'auc': 23.473719572246512, 'final': -8.442722080387354, 'steps_to_threshold': 41666.666666666664, 'reached_threshold': 1.0, 'num_actuators': 8, 'complexity_penalty': 4.0}
16:21:15  DEBUG    id=141  fitness=   67.567 limbs= 9 depth=3 metrics={'auc': 71.56685829793427, 'final': 11.791949674065256, 'steps_to_threshold': 25000.0, 'reached_threshold': 1.0, 'num_actuators': 8, 'complexity_penalty': 4.0}
16:21:15  DEBUG    id=142  fitness=   22.181 limbs= 7 depth=3 metrics={'auc': 25.181138920133122, 'final': -21.620355378593775, 'steps_to_threshold': 18333.333333333332, 'reached_threshold': 1.0, 'num_actuators': 6, 'complexity_penalty': 3.0}
16:21:15  DEBUG    id=143  fitness=   51.927 limbs= 8 depth=3 metrics={'auc': 55.42719003779573, 'final': 31.139396745971425, 'steps_to_threshold': 140000.0, 'reached_threshold': 1.0, 'num_actuators': 7, 'complexity_penalty': 3.5}
16:21:15  DEBUG    id=144  fitness=   63.530 limbs= 9 depth=3 metrics={'auc': 67.53013382979107, 'final': 13.030532866860426, 'steps_to_threshold': 50000.0, 'reached_threshold': 1.0, 'num_actuators': 8, 'complexity_penalty': 4.0}
16:21:15  DEBUG    id=145  fitness=   64.363 limbs= 8 depth=3 metrics={'auc': 67.86272840635854, 'final': 62.47986667838612, 'steps_to_threshold': 126666.66666666667, 'reached_threshold': 1.0, 'num_actuators': 7, 'complexity_penalty': 3.5}
16:21:15  DEBUG    id=146  fitness=   34.018 limbs= 8 depth=3 metrics={'auc': 37.51778182967475, 'final': -9.769836238741604, 'steps_to_threshold': 23333.333333333332, 'reached_threshold': 1.0, 'num_actuators': 7, 'complexity_penalty': 3.5}
16:21:15  DEBUG    id=147  fitness=   68.185 limbs= 8 depth=3 metrics={'auc': 71.68490068839031, 'final': 30.380286606349504, 'steps_to_threshold': 51666.666666666664, 'reached_threshold': 1.0, 'num_actuators': 7, 'complexity_penalty': 3.5}
16:21:15  DEBUG    id=148  fitness=   68.917 limbs= 8 depth=3 metrics={'auc': 72.41724561973338, 'final': 31.55606208523192, 'steps_to_threshold': 48333.333333333336, 'reached_threshold': 1.0, 'num_actuators': 7, 'complexity_penalty': 3.5}
16:21:15  DEBUG    id=149  fitness=   76.788 limbs= 9 depth=3 metrics={'auc': 80.78774277393264, 'final': 25.599339905821935, 'steps_to_threshold': 35000.0, 'reached_threshold': 1.0, 'num_actuators': 8, 'complexity_penalty': 4.0}
16:21:15  DEBUG    id=150  fitness=   36.311 limbs= 8 depth=3 metrics={'auc': 39.810749330670845, 'final': 39.085423268429565, 'steps_to_threshold': 50000.0, 'reached_threshold': 1.0, 'num_actuators': 7, 'complexity_penalty': 3.5}
16:21:15  DEBUG    id=151  fitness=   52.917 limbs= 8 depth=3 metrics={'auc': 56.41673830571952, 'final': 60.963997377206645, 'steps_to_threshold': 205000.0, 'reached_threshold': 1.0, 'num_actuators': 7, 'complexity_penalty': 3.5}
16:21:15  DEBUG    id=152  fitness=   19.608 limbs= 9 depth=3 metrics={'auc': 23.608327251534135, 'final': -14.81374556439487, 'steps_to_threshold': 26666.666666666668, 'reached_threshold': 1.0, 'num_actuators': 8, 'complexity_penalty': 4.0}
16:21:15  DEBUG    id=153  fitness=   60.485 limbs= 8 depth=3 metrics={'auc': 63.9853029972108, 'final': 63.20367102700565, 'steps_to_threshold': 151666.66666666666, 'reached_threshold': 1.0, 'num_actuators': 7, 'complexity_penalty': 3.5}
16:21:15  DEBUG    id=154  fitness=   60.378 limbs= 9 depth=3 metrics={'auc': 64.37839823542652, 'final': 7.0985452168390735, 'steps_to_threshold': 11666.666666666666, 'reached_threshold': 1.0, 'num_actuators': 8, 'complexity_penalty': 4.0}
16:21:15  DEBUG    id=155  fitness=    0.545 limbs= 6 depth=3 metrics={'auc': 3.0452077309374146, 'final': -10.007546835693807, 'steps_to_threshold': 8333.333333333334, 'reached_threshold': 1.0, 'num_actuators': 5, 'complexity_penalty': 2.5}
16:21:15  INFO   gen 6 done | best 76.788 (id=149, 9 limbs) | mean 46.067 | worst 0.545 | invalid 0 | 1194.6s
16:21:15  INFO     ~20.3 min/gen, est. 60.8 min remaining
16:21:15  INFO   gen 7: evaluating 22/24 individuals (8 workers)
16:44:27  DEBUG    id=156  fitness=   70.093 limbs= 9 depth=3 metrics={'auc': 74.0930540151587, 'final': 14.173048175974769, 'steps_to_threshold': 35000.0, 'reached_threshold': 1.0, 'num_actuators': 8, 'complexity_penalty': 4.0}
16:44:27  DEBUG    id=157  fitness=   67.531 limbs= 8 depth=3 metrics={'auc': 71.03090963465075, 'final': 30.7760375306905, 'steps_to_threshold': 48333.333333333336, 'reached_threshold': 1.0, 'num_actuators': 7, 'complexity_penalty': 3.5}
16:44:27  DEBUG    id=158  fitness=   40.394 limbs= 8 depth=3 metrics={'auc': 43.89431780115866, 'final': 29.99547807341945, 'steps_to_threshold': 66666.66666666667, 'reached_threshold': 1.0, 'num_actuators': 7, 'complexity_penalty': 3.5}
16:44:27  DEBUG    id=159  fitness=   53.142 limbs= 9 depth=3 metrics={'auc': 57.142130226194865, 'final': 17.772189638380034, 'steps_to_threshold': 71666.66666666667, 'reached_threshold': 1.0, 'num_actuators': 8, 'complexity_penalty': 4.0}
16:44:27  DEBUG    id=160  fitness=   65.933 limbs= 8 depth=3 metrics={'auc': 69.43337462393198, 'final': 74.6730419779584, 'steps_to_threshold': 143333.33333333334, 'reached_threshold': 1.0, 'num_actuators': 7, 'complexity_penalty': 3.5}
16:44:27  DEBUG    id=161  fitness=   67.138 limbs= 8 depth=3 metrics={'auc': 70.63830573626088, 'final': 31.554400404413034, 'steps_to_threshold': 66666.66666666667, 'reached_threshold': 1.0, 'num_actuators': 7, 'complexity_penalty': 3.5}
16:44:27  DEBUG    id=162  fitness=   65.525 limbs= 8 depth=3 metrics={'auc': 69.02493314920673, 'final': 30.51092322754741, 'steps_to_threshold': 45000.0, 'reached_threshold': 1.0, 'num_actuators': 7, 'complexity_penalty': 3.5}
16:44:27  DEBUG    id=163  fitness=   42.607 limbs= 9 depth=3 metrics={'auc': 46.6065234752314, 'final': 8.018286398894565, 'steps_to_threshold': 53333.333333333336, 'reached_threshold': 1.0, 'num_actuators': 8, 'complexity_penalty': 4.0}
16:44:27  DEBUG    id=164  fitness=   42.391 limbs= 9 depth=3 metrics={'auc': 46.39143562099785, 'final': -13.999234330354916, 'steps_to_threshold': 10000.0, 'reached_threshold': 1.0, 'num_actuators': 8, 'complexity_penalty': 4.0}
16:44:27  DEBUG    id=165  fitness=   65.079 limbs= 8 depth=3 metrics={'auc': 68.57947354222438, 'final': 70.514118135447, 'steps_to_threshold': 96666.66666666667, 'reached_threshold': 1.0, 'num_actuators': 7, 'complexity_penalty': 3.5}
16:44:27  DEBUG    id=166  fitness=   54.926 limbs= 9 depth=3 metrics={'auc': 58.92588316215171, 'final': 35.04171642844306, 'steps_to_threshold': 48333.333333333336, 'reached_threshold': 1.0, 'num_actuators': 8, 'complexity_penalty': 4.0}
16:44:27  DEBUG    id=167  fitness=   73.632 limbs= 8 depth=3 metrics={'auc': 77.13205412681022, 'final': 74.20474945823274, 'steps_to_threshold': 65000.0, 'reached_threshold': 1.0, 'num_actuators': 7, 'complexity_penalty': 3.5}
16:44:27  DEBUG    id=168  fitness=   24.357 limbs= 8 depth=3 metrics={'auc': 27.856867110039502, 'final': 8.446590130190748, 'steps_to_threshold': 36666.666666666664, 'reached_threshold': 1.0, 'num_actuators': 7, 'complexity_penalty': 3.5}
16:44:27  DEBUG    id=169  fitness=   35.441 limbs= 9 depth=3 metrics={'auc': 39.44127539011165, 'final': 17.286535696140515, 'steps_to_threshold': 33333.333333333336, 'reached_threshold': 1.0, 'num_actuators': 8, 'complexity_penalty': 4.0}
16:44:27  DEBUG    id=170  fitness=   73.248 limbs= 9 depth=3 metrics={'auc': 77.24756945918284, 'final': 21.813695762414728, 'steps_to_threshold': 43333.333333333336, 'reached_threshold': 1.0, 'num_actuators': 8, 'complexity_penalty': 4.0}
16:44:27  DEBUG    id=171  fitness=   65.061 limbs= 8 depth=3 metrics={'auc': 68.56055088880976, 'final': 21.896927951629134, 'steps_to_threshold': 53333.333333333336, 'reached_threshold': 1.0, 'num_actuators': 7, 'complexity_penalty': 3.5}
16:44:27  DEBUG    id=172  fitness=   78.836 limbs= 9 depth=3 metrics={'auc': 82.83610304868928, 'final': 26.461054950372155, 'steps_to_threshold': 40000.0, 'reached_threshold': 1.0, 'num_actuators': 8, 'complexity_penalty': 4.0}
16:44:27  DEBUG    id=173  fitness=   45.686 limbs= 9 depth=3 metrics={'auc': 49.685928917865, 'final': 2.7148365328994757, 'steps_to_threshold': 28333.333333333332, 'reached_threshold': 1.0, 'num_actuators': 8, 'complexity_penalty': 4.0}
16:44:27  DEBUG    id=174  fitness=   54.177 limbs= 8 depth=3 metrics={'auc': 57.67705616983269, 'final': 53.85657702852172, 'steps_to_threshold': 181666.66666666666, 'reached_threshold': 1.0, 'num_actuators': 7, 'complexity_penalty': 3.5}
16:44:27  DEBUG    id=175  fitness=   43.225 limbs= 8 depth=3 metrics={'auc': 46.72493268755304, 'final': 16.251466740293314, 'steps_to_threshold': 13333.333333333334, 'reached_threshold': 1.0, 'num_actuators': 7, 'complexity_penalty': 3.5}
16:44:27  DEBUG    id=176  fitness=   46.539 limbs= 9 depth=3 metrics={'auc': 50.53907861869775, 'final': 4.8031318620612025, 'steps_to_threshold': 21666.666666666668, 'reached_threshold': 1.0, 'num_actuators': 8, 'complexity_penalty': 4.0}
16:44:27  DEBUG    id=177  fitness=    1.121 limbs= 8 depth=3 metrics={'auc': 4.620743367993295, 'final': -8.5544873045856, 'steps_to_threshold': 10000.0, 'reached_threshold': 1.0, 'num_actuators': 7, 'complexity_penalty': 3.5}
16:44:27  INFO   gen 7 done | best 78.836 (id=172, 9 limbs) | mean 54.885 | worst 1.121 | invalid 0 | 1391.8s
16:44:27  INFO     ~20.6 min/gen, est. 41.2 min remaining
16:44:27  INFO   gen 8: evaluating 22/24 individuals (8 workers)
17:04:37  DEBUG    id=178  fitness=    1.796 limbs= 6 depth=3 metrics={'auc': 4.296446560345839, 'final': -8.83469947055009, 'steps_to_threshold': 8333.333333333334, 'reached_threshold': 1.0, 'num_actuators': 5, 'complexity_penalty': 2.5}
17:04:37  DEBUG    id=179  fitness=   21.232 limbs= 5 depth=3 metrics={'auc': 23.232489187430815, 'final': -17.78186567296873, 'steps_to_threshold': 15000.0, 'reached_threshold': 1.0, 'num_actuators': 4, 'complexity_penalty': 2.0}
17:04:37  DEBUG    id=180  fitness=   50.599 limbs= 8 depth=3 metrics={'auc': 54.0993701073213, 'final': 58.892753949013986, 'steps_to_threshold': 96666.66666666667, 'reached_threshold': 1.0, 'num_actuators': 7, 'complexity_penalty': 3.5}
17:04:37  DEBUG    id=181  fitness=   73.492 limbs= 9 depth=3 metrics={'auc': 77.49176137322574, 'final': -7.088109189719294, 'steps_to_threshold': 10000.0, 'reached_threshold': 1.0, 'num_actuators': 8, 'complexity_penalty': 4.0}
17:04:37  DEBUG    id=182  fitness=   80.640 limbs= 9 depth=3 metrics={'auc': 84.63992619671937, 'final': 28.212069807706374, 'steps_to_threshold': 41666.666666666664, 'reached_threshold': 1.0, 'num_actuators': 8, 'complexity_penalty': 4.0}
17:04:37  DEBUG    id=183  fitness=   88.405 limbs= 9 depth=3 metrics={'auc': 92.40528281642828, 'final': 19.903451069563662, 'steps_to_threshold': 25000.0, 'reached_threshold': 1.0, 'num_actuators': 8, 'complexity_penalty': 4.0}
17:04:37  DEBUG    id=184  fitness=   57.999 limbs= 9 depth=3 metrics={'auc': 61.99894602196586, 'final': 57.47081474123908, 'steps_to_threshold': 85000.0, 'reached_threshold': 1.0, 'num_actuators': 8, 'complexity_penalty': 4.0}
17:04:37  DEBUG    id=185  fitness=   69.302 limbs= 8 depth=3 metrics={'auc': 72.80244735654789, 'final': 86.25727003438733, 'steps_to_threshold': 106666.66666666667, 'reached_threshold': 1.0, 'num_actuators': 7, 'complexity_penalty': 3.5}
17:04:37  DEBUG    id=186  fitness=   49.637 limbs= 9 depth=3 metrics={'auc': 53.63711005886508, 'final': 28.198472109138123, 'steps_to_threshold': 43333.333333333336, 'reached_threshold': 1.0, 'num_actuators': 8, 'complexity_penalty': 4.0}
17:04:37  DEBUG    id=187  fitness=   25.294 limbs= 9 depth=3 metrics={'auc': 29.294087350404272, 'final': 10.415967326842072, 'steps_to_threshold': 30000.0, 'reached_threshold': 1.0, 'num_actuators': 8, 'complexity_penalty': 4.0}
17:04:37  DEBUG    id=188  fitness=   39.859 limbs= 8 depth=3 metrics={'auc': 43.35896101786816, 'final': 7.751912329264672, 'steps_to_threshold': 11666.666666666666, 'reached_threshold': 1.0, 'num_actuators': 7, 'complexity_penalty': 3.5}
17:04:37  DEBUG    id=189  fitness=    1.554 limbs= 8 depth=3 metrics={'auc': 5.053792267585149, 'final': -8.617532029715209, 'steps_to_threshold': 10000.0, 'reached_threshold': 1.0, 'num_actuators': 7, 'complexity_penalty': 3.5}
17:04:37  DEBUG    id=190  fitness=   76.888 limbs= 9 depth=3 metrics={'auc': 80.88763638022392, 'final': 23.50754647246572, 'steps_to_threshold': 31666.666666666668, 'reached_threshold': 1.0, 'num_actuators': 8, 'complexity_penalty': 4.0}
17:04:37  DEBUG    id=191  fitness=   68.830 limbs= 8 depth=3 metrics={'auc': 72.33049515813572, 'final': 74.76256989259622, 'steps_to_threshold': 86666.66666666667, 'reached_threshold': 1.0, 'num_actuators': 7, 'complexity_penalty': 3.5}
17:04:37  DEBUG    id=192  fitness=   -0.769 limbs= 8 depth=3 metrics={'auc': 2.73123600176863, 'final': -9.771890235630785, 'steps_to_threshold': 20000.0, 'reached_threshold': 1.0, 'num_actuators': 7, 'complexity_penalty': 3.5}
17:04:37  DEBUG    id=193  fitness=   62.170 limbs= 8 depth=3 metrics={'auc': 65.67039826165355, 'final': 17.720860805656315, 'steps_to_threshold': 56666.666666666664, 'reached_threshold': 1.0, 'num_actuators': 7, 'complexity_penalty': 3.5}
17:04:37  DEBUG    id=194  fitness=   58.409 limbs= 9 depth=3 metrics={'auc': 62.40883254769051, 'final': 65.81036196238294, 'steps_to_threshold': 106666.66666666667, 'reached_threshold': 1.0, 'num_actuators': 8, 'complexity_penalty': 4.0}
17:04:37  DEBUG    id=195  fitness=   52.691 limbs= 9 depth=3 metrics={'auc': 56.69105812919732, 'final': -10.202767635811918, 'steps_to_threshold': 11666.666666666666, 'reached_threshold': 1.0, 'num_actuators': 8, 'complexity_penalty': 4.0}
17:04:37  DEBUG    id=196  fitness=   53.430 limbs= 8 depth=3 metrics={'auc': 56.93028813497245, 'final': 61.78786617797547, 'steps_to_threshold': 80000.0, 'reached_threshold': 1.0, 'num_actuators': 7, 'complexity_penalty': 3.5}
17:04:37  DEBUG    id=197  fitness=   73.826 limbs= 9 depth=3 metrics={'auc': 77.82636046236838, 'final': 23.517151153849426, 'steps_to_threshold': 35000.0, 'reached_threshold': 1.0, 'num_actuators': 8, 'complexity_penalty': 4.0}
17:04:37  DEBUG    id=198  fitness=   71.103 limbs= 9 depth=3 metrics={'auc': 75.10313870993282, 'final': -0.9451378145250661, 'steps_to_threshold': 18333.333333333332, 'reached_threshold': 1.0, 'num_actuators': 8, 'complexity_penalty': 4.0}
17:04:37  DEBUG    id=199  fitness=   59.988 limbs= 9 depth=3 metrics={'auc': 63.98832794318982, 'final': -4.35336361299093, 'steps_to_threshold': 11666.666666666666, 'reached_threshold': 1.0, 'num_actuators': 8, 'complexity_penalty': 4.0}
17:04:37  INFO   gen 8 done | best 88.405 (id=183, 9 limbs) | mean 53.702 | worst -0.769 | invalid 0 | 1210.0s
17:04:37  INFO     ~20.6 min/gen, est. 20.6 min remaining
17:04:37  INFO   gen 9: evaluating 22/24 individuals (8 workers)
17:23:42  DEBUG    id=200  fitness=   82.488 limbs= 8 depth=3 metrics={'auc': 85.98806192191027, 'final': 77.11382144882653, 'steps_to_threshold': 108333.33333333333, 'reached_threshold': 1.0, 'num_actuators': 7, 'complexity_penalty': 3.5}
17:23:42  DEBUG    id=201  fitness=   76.080 limbs= 8 depth=3 metrics={'auc': 79.57962560837849, 'final': 73.81607024986786, 'steps_to_threshold': 81666.66666666667, 'reached_threshold': 1.0, 'num_actuators': 7, 'complexity_penalty': 3.5}
17:23:42  DEBUG    id=202  fitness=   38.138 limbs= 8 depth=3 metrics={'auc': 41.63784203518565, 'final': -8.707007207891861, 'steps_to_threshold': 10000.0, 'reached_threshold': 1.0, 'num_actuators': 7, 'complexity_penalty': 3.5}
17:23:42  DEBUG    id=203  fitness=   26.709 limbs= 4 depth=3 metrics={'auc': 28.2086330179973, 'final': -2.869164974052298, 'steps_to_threshold': 45000.0, 'reached_threshold': 1.0, 'num_actuators': 3, 'complexity_penalty': 1.5}
17:23:42  DEBUG    id=204  fitness=   54.788 limbs= 9 depth=3 metrics={'auc': 58.78835154983428, 'final': 33.32782664508958, 'steps_to_threshold': 55000.0, 'reached_threshold': 1.0, 'num_actuators': 8, 'complexity_penalty': 4.0}
17:23:42  DEBUG    id=205  fitness=   80.833 limbs= 9 depth=3 metrics={'auc': 84.83343731414712, 'final': 28.883009664440948, 'steps_to_threshold': 41666.666666666664, 'reached_threshold': 1.0, 'num_actuators': 8, 'complexity_penalty': 4.0}
17:23:42  DEBUG    id=206  fitness=   78.610 limbs= 9 depth=3 metrics={'auc': 82.60996140597199, 'final': 36.558639483646644, 'steps_to_threshold': 45000.0, 'reached_threshold': 1.0, 'num_actuators': 8, 'complexity_penalty': 4.0}
17:23:42  DEBUG    id=207  fitness=   57.281 limbs= 9 depth=3 metrics={'auc': 61.28095140964314, 'final': -11.982954146463435, 'steps_to_threshold': 8333.333333333334, 'reached_threshold': 1.0, 'num_actuators': 8, 'complexity_penalty': 4.0}
17:23:42  DEBUG    id=208  fitness=   60.590 limbs= 8 depth=3 metrics={'auc': 64.09027101133647, 'final': 56.862540561866844, 'steps_to_threshold': 101666.66666666667, 'reached_threshold': 1.0, 'num_actuators': 7, 'complexity_penalty': 3.5}
17:23:42  DEBUG    id=209  fitness=   72.231 limbs= 8 depth=3 metrics={'auc': 75.73061543745482, 'final': 73.34988617985874, 'steps_to_threshold': 85000.0, 'reached_threshold': 1.0, 'num_actuators': 7, 'complexity_penalty': 3.5}
17:23:42  DEBUG    id=210  fitness=   79.116 limbs= 9 depth=3 metrics={'auc': 83.11559125533292, 'final': 25.460377035688, 'steps_to_threshold': 33333.333333333336, 'reached_threshold': 1.0, 'num_actuators': 8, 'complexity_penalty': 4.0}
17:23:42  DEBUG    id=211  fitness=   59.464 limbs= 8 depth=3 metrics={'auc': 62.964138788532836, 'final': -7.377398677467845, 'steps_to_threshold': 10000.0, 'reached_threshold': 1.0, 'num_actuators': 7, 'complexity_penalty': 3.5}
17:23:42  DEBUG    id=212  fitness=   58.979 limbs= 9 depth=3 metrics={'auc': 62.979450305187065, 'final': -8.454422381438599, 'steps_to_threshold': 13333.333333333334, 'reached_threshold': 1.0, 'num_actuators': 8, 'complexity_penalty': 4.0}
17:23:42  DEBUG    id=213  fitness=    8.735 limbs= 7 depth=3 metrics={'auc': 11.734983292602918, 'final': -9.272609638390207, 'steps_to_threshold': 5000.0, 'reached_threshold': 1.0, 'num_actuators': 6, 'complexity_penalty': 3.0}
17:23:42  DEBUG    id=214  fitness=   89.657 limbs= 9 depth=3 metrics={'auc': 93.65726701196418, 'final': 20.66947696775212, 'steps_to_threshold': 31666.666666666668, 'reached_threshold': 1.0, 'num_actuators': 8, 'complexity_penalty': 4.0}
17:23:42  DEBUG    id=215  fitness=   88.607 limbs= 9 depth=3 metrics={'auc': 92.60696025421953, 'final': 21.884088118781083, 'steps_to_threshold': 30000.0, 'reached_threshold': 1.0, 'num_actuators': 8, 'complexity_penalty': 4.0}
17:23:42  DEBUG    id=216  fitness=   22.484 limbs= 8 depth=3 metrics={'auc': 25.983737612576647, 'final': 4.0618108313366506, 'steps_to_threshold': 33333.333333333336, 'reached_threshold': 1.0, 'num_actuators': 7, 'complexity_penalty': 3.5}
17:23:42  DEBUG    id=217  fitness=   53.088 limbs= 8 depth=3 metrics={'auc': 56.58834723014331, 'final': 54.280518368115, 'steps_to_threshold': 88333.33333333333, 'reached_threshold': 1.0, 'num_actuators': 7, 'complexity_penalty': 3.5}
17:23:42  DEBUG    id=218  fitness=   19.985 limbs= 8 depth=3 metrics={'auc': 23.48481935103867, 'final': -10.362145464551539, 'steps_to_threshold': 21666.666666666668, 'reached_threshold': 1.0, 'num_actuators': 7, 'complexity_penalty': 3.5}
17:23:42  DEBUG    id=219  fitness=   45.705 limbs= 9 depth=3 metrics={'auc': 49.70541000031873, 'final': -12.825458312503711, 'steps_to_threshold': 11666.666666666666, 'reached_threshold': 1.0, 'num_actuators': 8, 'complexity_penalty': 4.0}
17:23:42  DEBUG    id=220  fitness=    0.599 limbs= 5 depth=3 metrics={'auc': 2.5993371983417197, 'final': -9.750331084936203, 'steps_to_threshold': 10000.0, 'reached_threshold': 1.0, 'num_actuators': 4, 'complexity_penalty': 2.0}
17:23:42  DEBUG    id=221  fitness=   72.212 limbs= 7 depth=3 metrics={'auc': 75.21190409231811, 'final': 70.63677159494107, 'steps_to_threshold': 53333.333333333336, 'reached_threshold': 1.0, 'num_actuators': 6, 'complexity_penalty': 3.0}
17:23:42  INFO   gen 9 done | best 89.657 (id=214, 9 limbs) | mean 58.143 | worst 0.599 | invalid 0 | 1145.4s
17:23:43  INFO   ================================================================
17:23:43  INFO   Finished 10 generations in 204.2 min. Best fitness 89.657 (9 limbs).
17:23:43  INFO   Artifacts: run.log, generation_stats.csv, history.json, and per generation gen*_best.xml + gen*_best_genome.pkl + gen*_best_policy.zip in experiments/run18
