20:17:56  INFO   ================================================================
20:17:56  INFO   Learnability-driven morphology evolution
20:17:56  INFO     population=24  generations=5  metric=auc  eval_seeds=3
20:17:56  INFO     inner: algo=ppo  lifetime_steps=500000  eval_every=5000  horizon=2500
20:17:56  INFO     workers=8  seed=0  out=experiments/run20
20:17:56  INFO   ================================================================
20:17:56  INFO   gen 0: evaluating 24/24 individuals (8 workers)
20:37:57  DEBUG    id=0    fitness=    2.238 limbs= 2 depth=2 metrics={'auc': 3.4880564445122406, 'final': -8.352721119034031, 'steps_to_threshold': 5000.0, 'reached_threshold': 1.0, 'num_actuators': 1, 'complexity_penalty': 1.25}
20:37:57  DEBUG    id=1    fitness=    1.266 limbs= 5 depth=3 metrics={'auc': 6.26628500103375, 'final': -6.746043483658229, 'steps_to_threshold': 5000.0, 'reached_threshold': 1.0, 'num_actuators': 4, 'complexity_penalty': 5.0}
20:37:57  DEBUG    id=2    fitness=   -3.592 limbs= 4 depth=3 metrics={'auc': 0.158337052487311, 'final': -12.789676989826875, 'steps_to_threshold': 15000.0, 'reached_threshold': 1.0, 'num_actuators': 3, 'complexity_penalty': 3.75}
20:37:57  DEBUG    id=3    fitness=   -0.451 limbs= 4 depth=3 metrics={'auc': 3.299360210816024, 'final': -8.940987978572673, 'steps_to_threshold': 5000.0, 'reached_threshold': 1.0, 'num_actuators': 3, 'complexity_penalty': 3.75}
20:37:57  DEBUG    id=4    fitness=   -1.240 limbs= 2 depth=2 metrics={'auc': 0.009806793210038174, 'final': -12.17325132560462, 'steps_to_threshold': 30000.0, 'reached_threshold': 1.0, 'num_actuators': 1, 'complexity_penalty': 1.25}
20:37:57  DEBUG    id=5    fitness=   -5.876 limbs= 6 depth=3 metrics={'auc': 0.37362095390161115, 'final': -11.558151901024615, 'steps_to_threshold': 11666.666666666666, 'reached_threshold': 1.0, 'num_actuators': 5, 'complexity_penalty': 6.25}
20:37:57  DEBUG    id=6    fitness=   -1.402 limbs= 3 depth=3 metrics={'auc': 1.0982320698315433, 'final': -12.318783134296929, 'steps_to_threshold': 11666.666666666666, 'reached_threshold': 1.0, 'num_actuators': 2, 'complexity_penalty': 2.5}
20:37:57  DEBUG    id=7    fitness=   -4.723 limbs= 5 depth=3 metrics={'auc': 0.27749924076163407, 'final': -11.31511630568383, 'steps_to_threshold': 6666.666666666667, 'reached_threshold': 1.0, 'num_actuators': 4, 'complexity_penalty': 5.0}
20:37:57  DEBUG    id=8    fitness=   -7.027 limbs= 8 depth=3 metrics={'auc': 1.7229765801597745, 'final': -11.699993704494764, 'steps_to_threshold': 5000.0, 'reached_threshold': 1.0, 'num_actuators': 7, 'complexity_penalty': 8.75}
20:37:57  DEBUG    id=9    fitness=   -1.256 limbs= 2 depth=2 metrics={'auc': -0.006035873273884972, 'final': -12.2474086846153, 'steps_to_threshold': 53333.333333333336, 'reached_threshold': 1.0, 'num_actuators': 1, 'complexity_penalty': 1.25}
20:37:57  DEBUG    id=10   fitness=   -6.776 limbs= 7 depth=3 metrics={'auc': 0.7238656533892297, 'final': -5.923806016399481, 'steps_to_threshold': 116666.66666666667, 'reached_threshold': 1.0, 'num_actuators': 6, 'complexity_penalty': 7.5}
20:37:57  DEBUG    id=11   fitness=   -8.198 limbs= 8 depth=3 metrics={'auc': 0.5516080146181387, 'final': -11.970908775367262, 'steps_to_threshold': 10000.0, 'reached_threshold': 1.0, 'num_actuators': 7, 'complexity_penalty': 8.75}
20:37:57  DEBUG    id=12   fitness=   -7.662 limbs= 8 depth=3 metrics={'auc': 1.087841423054031, 'final': -11.231354584582249, 'steps_to_threshold': 8333.333333333334, 'reached_threshold': 1.0, 'num_actuators': 7, 'complexity_penalty': 8.75}
20:37:57  DEBUG    id=13   fitness=   -3.233 limbs= 4 depth=3 metrics={'auc': 0.5167487622441499, 'final': -11.602733172803964, 'steps_to_threshold': 8333.333333333334, 'reached_threshold': 1.0, 'num_actuators': 3, 'complexity_penalty': 3.75}
20:37:57  DEBUG    id=14   fitness=   23.072 limbs= 5 depth=3 metrics={'auc': 28.07226036107257, 'final': 17.838700004180296, 'steps_to_threshold': 23333.333333333332, 'reached_threshold': 1.0, 'num_actuators': 4, 'complexity_penalty': 5.0}
20:37:57  DEBUG    id=15   fitness=   -6.144 limbs= 7 depth=3 metrics={'auc': 1.3561892602690184, 'final': -10.880548330116683, 'steps_to_threshold': 5000.0, 'reached_threshold': 1.0, 'num_actuators': 6, 'complexity_penalty': 7.5}
20:37:57  DEBUG    id=16   fitness=   -7.589 limbs= 8 depth=3 metrics={'auc': 1.1605254631843158, 'final': -11.603530229587442, 'steps_to_threshold': 5000.0, 'reached_threshold': 1.0, 'num_actuators': 7, 'complexity_penalty': 8.75}
20:37:57  DEBUG    id=17   fitness=   -5.713 limbs= 6 depth=3 metrics={'auc': 0.5371673351540213, 'final': -12.103071198454609, 'steps_to_threshold': 5000.0, 'reached_threshold': 1.0, 'num_actuators': 5, 'complexity_penalty': 6.25}
20:37:57  DEBUG    id=18   fitness=   -2.199 limbs= 3 depth=2 metrics={'auc': 0.3009824667774144, 'final': -11.896296332063448, 'steps_to_threshold': 8333.333333333334, 'reached_threshold': 1.0, 'num_actuators': 2, 'complexity_penalty': 2.5}
20:37:57  DEBUG    id=19   fitness=   -7.284 limbs= 7 depth=3 metrics={'auc': 0.21624945486824165, 'final': -11.650719332241126, 'steps_to_threshold': 20000.0, 'reached_threshold': 1.0, 'num_actuators': 6, 'complexity_penalty': 7.5}
20:37:57  DEBUG    id=20   fitness=   -2.761 limbs= 5 depth=3 metrics={'auc': 2.238547637717954, 'final': -9.865142654804556, 'steps_to_threshold': 5000.0, 'reached_threshold': 1.0, 'num_actuators': 4, 'complexity_penalty': 5.0}
20:37:57  DEBUG    id=21   fitness=   -6.157 limbs= 6 depth=3 metrics={'auc': 0.09317451059761177, 'final': -12.131779797715025, 'steps_to_threshold': 26666.666666666668, 'reached_threshold': 1.0, 'num_actuators': 5, 'complexity_penalty': 6.25}
20:37:57  DEBUG    id=22   fitness=    0.750 limbs= 3 depth=2 metrics={'auc': 3.249521076005143, 'final': -10.232792931656244, 'steps_to_threshold': 5000.0, 'reached_threshold': 1.0, 'num_actuators': 2, 'complexity_penalty': 2.5}
20:37:57  DEBUG    id=23   fitness=   -2.499 limbs= 3 depth=2 metrics={'auc': 0.0005405220311384854, 'final': -12.22295900899636, 'steps_to_threshold': 48333.333333333336, 'reached_threshold': 1.0, 'num_actuators': 2, 'complexity_penalty': 2.5}
20:37:57  INFO   gen 0 done | best 23.072 (id=14, 5 limbs) | mean -2.686 | worst -8.198 | invalid 0 | 1201.5s
20:37:57  INFO     ~20.0 min/gen, est. 80.1 min remaining
20:37:57  INFO   gen 1: evaluating 22/24 individuals (8 workers)
20:58:10  DEBUG    id=24   fitness=   -3.091 limbs= 4 depth=2 metrics={'auc': 0.6587512313118075, 'final': -11.455493292325828, 'steps_to_threshold': 11666.666666666666, 'reached_threshold': 1.0, 'num_actuators': 3, 'complexity_penalty': 3.75}
20:58:10  DEBUG    id=25   fitness=   -1.253 limbs= 2 depth=2 metrics={'auc': -0.002806817825101291, 'final': -12.245782092560752, 'steps_to_threshold': 83333.33333333333, 'reached_threshold': 1.0, 'num_actuators': 1, 'complexity_penalty': 1.25}
20:58:10  DEBUG    id=26   fitness=   -1.238 limbs= 2 depth=2 metrics={'auc': 0.012260500795351148, 'final': -12.172863813946044, 'steps_to_threshold': 6666.666666666667, 'reached_threshold': 1.0, 'num_actuators': 1, 'complexity_penalty': 1.25}
20:58:10  DEBUG    id=27   fitness=   34.474 limbs= 5 depth=3 metrics={'auc': 39.47398032527121, 'final': 41.82591329724689, 'steps_to_threshold': 30000.0, 'reached_threshold': 1.0, 'num_actuators': 4, 'complexity_penalty': 5.0}
20:58:10  DEBUG    id=28   fitness=   -2.979 limbs= 4 depth=3 metrics={'auc': 0.7713982941219296, 'final': -11.327175145158728, 'steps_to_threshold': 11666.666666666666, 'reached_threshold': 1.0, 'num_actuators': 3, 'complexity_penalty': 3.75}
20:58:10  DEBUG    id=29   fitness=   -2.499 limbs= 3 depth=2 metrics={'auc': 0.0007500815564145746, 'final': -12.2223592341199, 'steps_to_threshold': 51666.666666666664, 'reached_threshold': 1.0, 'num_actuators': 2, 'complexity_penalty': 2.5}
20:58:10  DEBUG    id=30   fitness=   -1.251 limbs= 2 depth=2 metrics={'auc': -0.001020965349916875, 'final': -12.187675615737069, 'steps_to_threshold': 103333.33333333333, 'reached_threshold': 1.0, 'num_actuators': 1, 'complexity_penalty': 1.25}
20:58:10  DEBUG    id=31   fitness=   -1.238 limbs= 2 depth=2 metrics={'auc': 0.011830808053754886, 'final': -12.172332868725391, 'steps_to_threshold': 5000.0, 'reached_threshold': 1.0, 'num_actuators': 1, 'complexity_penalty': 1.25}
20:58:10  DEBUG    id=32   fitness=   -2.630 limbs= 5 depth=3 metrics={'auc': 2.3697591134223366, 'final': -9.784733126511993, 'steps_to_threshold': 5000.0, 'reached_threshold': 1.0, 'num_actuators': 4, 'complexity_penalty': 5.0}
20:58:10  DEBUG    id=33   fitness=   -1.241 limbs= 2 depth=2 metrics={'auc': 0.008658141726243906, 'final': -12.175503242841387, 'steps_to_threshold': 23333.333333333332, 'reached_threshold': 1.0, 'num_actuators': 1, 'complexity_penalty': 1.25}
20:58:10  DEBUG    id=34   fitness=    1.553 limbs= 2 depth=2 metrics={'auc': 2.803134342272506, 'final': -9.065384634021152, 'steps_to_threshold': 5000.0, 'reached_threshold': 1.0, 'num_actuators': 1, 'complexity_penalty': 1.25}
20:58:10  DEBUG    id=35   fitness=    1.351 limbs= 5 depth=3 metrics={'auc': 6.350534814349455, 'final': -6.878782331975728, 'steps_to_threshold': 5000.0, 'reached_threshold': 1.0, 'num_actuators': 4, 'complexity_penalty': 5.0}
20:58:10  DEBUG    id=36   fitness=   -1.254 limbs= 2 depth=2 metrics={'auc': -0.0037566824431002122, 'final': -12.245833094913495, 'steps_to_threshold': 163333.33333333334, 'reached_threshold': 1.0, 'num_actuators': 1, 'complexity_penalty': 1.25}
20:58:10  DEBUG    id=37   fitness=    0.424 limbs= 3 depth=2 metrics={'auc': 2.9237541768164763, 'final': -10.549711058033674, 'steps_to_threshold': 5000.0, 'reached_threshold': 1.0, 'num_actuators': 2, 'complexity_penalty': 2.5}
20:58:10  DEBUG    id=38   fitness=   -1.125 limbs= 2 depth=2 metrics={'auc': 0.1250045148932634, 'final': -11.991802948308186, 'steps_to_threshold': 1666.6666666666667, 'reached_threshold': 1.0, 'num_actuators': 1, 'complexity_penalty': 1.25}
20:58:10  DEBUG    id=39   fitness=    8.005 limbs= 5 depth=3 metrics={'auc': 13.004942075497217, 'final': -3.899975775164973, 'steps_to_threshold': 20000.0, 'reached_threshold': 1.0, 'num_actuators': 4, 'complexity_penalty': 5.0}
20:58:10  DEBUG    id=40   fitness=   -1.254 limbs= 2 depth=2 metrics={'auc': -0.0038003170613334007, 'final': -12.439173236443226, 'steps_to_threshold': 88333.33333333333, 'reached_threshold': 1.0, 'num_actuators': 1, 'complexity_penalty': 1.25}
20:58:10  DEBUG    id=41   fitness=   -1.980 limbs= 3 depth=3 metrics={'auc': 0.519787192062474, 'final': -12.988020489498247, 'steps_to_threshold': 16666.666666666668, 'reached_threshold': 1.0, 'num_actuators': 2, 'complexity_penalty': 2.5}
20:58:10  DEBUG    id=42   fitness=   20.067 limbs= 5 depth=3 metrics={'auc': 25.0673037301294, 'final': 22.54743464096008, 'steps_to_threshold': 26666.666666666668, 'reached_threshold': 1.0, 'num_actuators': 4, 'complexity_penalty': 5.0}
20:58:10  DEBUG    id=43   fitness=   -0.765 limbs= 2 depth=2 metrics={'auc': 0.48498835265992857, 'final': -11.441191601256818, 'steps_to_threshold': 6666.666666666667, 'reached_threshold': 1.0, 'num_actuators': 1, 'complexity_penalty': 1.25}
20:58:10  DEBUG    id=44   fitness=     -inf limbs= 1 depth=1 metrics={'invalid': 'no_actuators'}
20:58:10  DEBUG    id=45   fitness=   -0.944 limbs= 3 depth=3 metrics={'auc': 1.5558171993403718, 'final': -10.860503505216892, 'steps_to_threshold': 5000.0, 'reached_threshold': 1.0, 'num_actuators': 2, 'complexity_penalty': 2.5}
20:58:10  INFO   gen 1 done | best 34.474 (id=27, 5 limbs) | mean 2.889 | worst -3.091 | invalid 1 | 1212.7s
20:58:10  INFO     ~20.1 min/gen, est. 60.4 min remaining
20:58:10  INFO   gen 2: evaluating 22/24 individuals (8 workers)
21:20:05  DEBUG    id=46   fitness=   -1.239 limbs= 2 depth=2 metrics={'auc': 0.011151540072908285, 'final': -12.172881636368695, 'steps_to_threshold': 43333.333333333336, 'reached_threshold': 1.0, 'num_actuators': 1, 'complexity_penalty': 1.25}
21:20:05  DEBUG    id=47   fitness=   25.637 limbs= 4 depth=3 metrics={'auc': 29.387387068665003, 'final': 25.635917810863123, 'steps_to_threshold': 20000.0, 'reached_threshold': 1.0, 'num_actuators': 3, 'complexity_penalty': 3.75}
21:20:05  DEBUG    id=48   fitness=   -2.500 limbs= 3 depth=2 metrics={'auc': 0.00015833713444782723, 'final': -12.222561037764189, 'steps_to_threshold': 40000.0, 'reached_threshold': 1.0, 'num_actuators': 2, 'complexity_penalty': 2.5}
21:20:05  DEBUG    id=49   fitness=    0.288 limbs= 5 depth=3 metrics={'auc': 5.287608269327806, 'final': -7.256748560273702, 'steps_to_threshold': 5000.0, 'reached_threshold': 1.0, 'num_actuators': 4, 'complexity_penalty': 5.0}
21:20:05  DEBUG    id=50   fitness=   -1.060 limbs= 3 depth=2 metrics={'auc': 1.4400088573559275, 'final': -10.946096497418894, 'steps_to_threshold': 5000.0, 'reached_threshold': 1.0, 'num_actuators': 2, 'complexity_penalty': 2.5}
21:20:05  DEBUG    id=51   fitness=    0.252 limbs= 3 depth=2 metrics={'auc': 2.7519631777091775, 'final': -10.703080512455507, 'steps_to_threshold': 5000.0, 'reached_threshold': 1.0, 'num_actuators': 2, 'complexity_penalty': 2.5}
21:20:05  DEBUG    id=52   fitness=   -3.951 limbs= 5 depth=3 metrics={'auc': 1.0487638813353473, 'final': -11.041411239088694, 'steps_to_threshold': 5000.0, 'reached_threshold': 1.0, 'num_actuators': 4, 'complexity_penalty': 5.0}
21:20:05  DEBUG    id=53   fitness=    0.524 limbs= 3 depth=2 metrics={'auc': 3.0235973268324945, 'final': -10.455204475372405, 'steps_to_threshold': 5000.0, 'reached_threshold': 1.0, 'num_actuators': 2, 'complexity_penalty': 2.5}
21:20:05  DEBUG    id=54   fitness=     -inf limbs= 1 depth=1 metrics={'invalid': 'no_actuators'}
21:20:05  DEBUG    id=55   fitness=    3.519 limbs= 2 depth=2 metrics={'auc': 4.7690749300540825, 'final': -6.801056741912727, 'steps_to_threshold': 5000.0, 'reached_threshold': 1.0, 'num_actuators': 1, 'complexity_penalty': 1.25}
21:20:05  DEBUG    id=56   fitness=     -inf limbs= 1 depth=1 metrics={'invalid': 'no_actuators'}
21:20:05  DEBUG    id=57   fitness=   28.510 limbs= 4 depth=3 metrics={'auc': 32.25987633276066, 'final': 26.116726938649503, 'steps_to_threshold': 30000.0, 'reached_threshold': 1.0, 'num_actuators': 3, 'complexity_penalty': 3.75}
21:20:05  DEBUG    id=58   fitness=    8.271 limbs= 5 depth=3 metrics={'auc': 13.270723124733381, 'final': -0.9974840411878206, 'steps_to_threshold': 20000.0, 'reached_threshold': 1.0, 'num_actuators': 4, 'complexity_penalty': 5.0}
21:20:05  DEBUG    id=59   fitness=    5.722 limbs= 5 depth=3 metrics={'auc': 10.721971018104421, 'final': -5.845053420131067, 'steps_to_threshold': 13333.333333333334, 'reached_threshold': 1.0, 'num_actuators': 4, 'complexity_penalty': 5.0}
21:20:05  DEBUG    id=60   fitness=   -2.501 limbs= 3 depth=2 metrics={'auc': -0.0010651981977960647, 'final': -12.126453746054231, 'steps_to_threshold': 125000.0, 'reached_threshold': 1.0, 'num_actuators': 2, 'complexity_penalty': 2.5}
21:20:05  DEBUG    id=61   fitness=   36.753 limbs= 4 depth=3 metrics={'auc': 40.50337502355439, 'final': 42.73952571864456, 'steps_to_threshold': 23333.333333333332, 'reached_threshold': 1.0, 'num_actuators': 3, 'complexity_penalty': 3.75}
21:20:05  DEBUG    id=62   fitness=    8.927 limbs= 5 depth=3 metrics={'auc': 13.92706262166304, 'final': -2.0557281786715587, 'steps_to_threshold': 10000.0, 'reached_threshold': 1.0, 'num_actuators': 4, 'complexity_penalty': 5.0}
21:20:05  DEBUG    id=63   fitness=   -1.214 limbs= 2 depth=2 metrics={'auc': 0.03626995295126705, 'final': -12.145939539581933, 'steps_to_threshold': 16666.666666666668, 'reached_threshold': 1.0, 'num_actuators': 1, 'complexity_penalty': 1.25}
21:20:05  DEBUG    id=64   fitness=   -1.255 limbs= 2 depth=2 metrics={'auc': -0.00476453677911889, 'final': -12.440750730700067, 'steps_to_threshold': 246666.66666666666, 'reached_threshold': 1.0, 'num_actuators': 1, 'complexity_penalty': 1.25}
21:20:05  DEBUG    id=65   fitness=   -1.255 limbs= 2 depth=2 metrics={'auc': -0.004600288108822691, 'final': -12.24670104458614, 'steps_to_threshold': 78333.33333333333, 'reached_threshold': 1.0, 'num_actuators': 1, 'complexity_penalty': 1.25}
21:20:05  DEBUG    id=66   fitness=   -1.245 limbs= 2 depth=2 metrics={'auc': 0.004723543297349355, 'final': -12.180246624175622, 'steps_to_threshold': 48333.333333333336, 'reached_threshold': 1.0, 'num_actuators': 1, 'complexity_penalty': 1.25}
21:20:05  DEBUG    id=67   fitness=   -0.508 limbs= 5 depth=3 metrics={'auc': 4.492090426573914, 'final': -7.697383775352624, 'steps_to_threshold': 13333.333333333334, 'reached_threshold': 1.0, 'num_actuators': 4, 'complexity_penalty': 5.0}
21:20:05  INFO   gen 2 done | best 36.753 (id=61, 4 limbs) | mean 7.101 | worst -3.951 | invalid 2 | 1314.6s
21:20:05  INFO     ~20.7 min/gen, est. 41.4 min remaining
21:20:05  INFO   gen 3: evaluating 22/24 individuals (8 workers)
21:42:32  DEBUG    id=68   fitness=   50.021 limbs= 4 depth=3 metrics={'auc': 53.77119224102304, 'final': 28.833212713984945, 'steps_to_threshold': 15000.0, 'reached_threshold': 1.0, 'num_actuators': 3, 'complexity_penalty': 3.75}
21:42:32  DEBUG    id=69   fitness=    7.646 limbs= 4 depth=3 metrics={'auc': 11.395606085263475, 'final': 1.2628184591585325, 'steps_to_threshold': 6666.666666666667, 'reached_threshold': 1.0, 'num_actuators': 3, 'complexity_penalty': 3.75}
21:42:32  DEBUG    id=70   fitness=   37.482 limbs= 4 depth=3 metrics={'auc': 41.23242277748941, 'final': 34.07828039204657, 'steps_to_threshold': 11666.666666666666, 'reached_threshold': 1.0, 'num_actuators': 3, 'complexity_penalty': 3.75}
21:42:32  DEBUG    id=71   fitness=   27.731 limbs= 3 depth=3 metrics={'auc': 30.231454645260147, 'final': 25.113689507196757, 'steps_to_threshold': 33333.333333333336, 'reached_threshold': 1.0, 'num_actuators': 2, 'complexity_penalty': 2.5}
21:42:32  DEBUG    id=72   fitness=   -1.019 limbs= 3 depth=2 metrics={'auc': 1.4813340298256363, 'final': -10.90836554534711, 'steps_to_threshold': 5000.0, 'reached_threshold': 1.0, 'num_actuators': 2, 'complexity_penalty': 2.5}
21:42:32  DEBUG    id=73   fitness=    7.493 limbs= 4 depth=3 metrics={'auc': 11.24303906009555, 'final': -3.917071953699235, 'steps_to_threshold': 13333.333333333334, 'reached_threshold': 1.0, 'num_actuators': 3, 'complexity_penalty': 3.75}
21:42:32  DEBUG    id=74   fitness=    0.529 limbs= 3 depth=2 metrics={'auc': 3.029468363794526, 'final': -10.451475073769439, 'steps_to_threshold': 5000.0, 'reached_threshold': 1.0, 'num_actuators': 2, 'complexity_penalty': 2.5}
21:42:32  DEBUG    id=75   fitness=   -0.755 limbs= 3 depth=2 metrics={'auc': 1.744946132189593, 'final': -10.606383961966799, 'steps_to_threshold': 5000.0, 'reached_threshold': 1.0, 'num_actuators': 2, 'complexity_penalty': 2.5}
21:42:32  DEBUG    id=76   fitness=    2.702 limbs= 3 depth=2 metrics={'auc': 5.201523203834935, 'final': -6.48458529731434, 'steps_to_threshold': 5000.0, 'reached_threshold': 1.0, 'num_actuators': 2, 'complexity_penalty': 2.5}
21:42:32  DEBUG    id=77   fitness=    6.803 limbs= 4 depth=3 metrics={'auc': 10.55296049830773, 'final': -1.4206876771903068, 'steps_to_threshold': 10000.0, 'reached_threshold': 1.0, 'num_actuators': 3, 'complexity_penalty': 3.75}
21:42:32  DEBUG    id=78   fitness=   24.393 limbs= 5 depth=3 metrics={'auc': 29.393143899904242, 'final': 17.162009124169817, 'steps_to_threshold': 13333.333333333334, 'reached_threshold': 1.0, 'num_actuators': 4, 'complexity_penalty': 5.0}
21:42:32  DEBUG    id=79   fitness=    5.173 limbs= 2 depth=2 metrics={'auc': 6.422834400880025, 'final': -5.742031553924126, 'steps_to_threshold': 5000.0, 'reached_threshold': 1.0, 'num_actuators': 1, 'complexity_penalty': 1.25}
21:42:32  DEBUG    id=80   fitness=   23.090 limbs= 5 depth=3 metrics={'auc': 28.089738858685735, 'final': 17.551666741423873, 'steps_to_threshold': 13333.333333333334, 'reached_threshold': 1.0, 'num_actuators': 4, 'complexity_penalty': 5.0}
21:42:32  DEBUG    id=81   fitness=    3.426 limbs= 2 depth=2 metrics={'auc': 4.675598303776119, 'final': -6.815075091117354, 'steps_to_threshold': 5000.0, 'reached_threshold': 1.0, 'num_actuators': 1, 'complexity_penalty': 1.25}
21:42:32  DEBUG    id=82   fitness=   -2.808 limbs= 4 depth=3 metrics={'auc': 0.9422526323347723, 'final': -11.215619968123619, 'steps_to_threshold': 5000.0, 'reached_threshold': 1.0, 'num_actuators': 3, 'complexity_penalty': 3.75}
21:42:32  DEBUG    id=83   fitness=   -1.297 limbs= 5 depth=3 metrics={'auc': 3.702711061596242, 'final': -9.529309044095053, 'steps_to_threshold': 5000.0, 'reached_threshold': 1.0, 'num_actuators': 4, 'complexity_penalty': 5.0}
21:42:32  DEBUG    id=84   fitness=    0.733 limbs= 2 depth=2 metrics={'auc': 1.9828020105548803, 'final': -10.500532446071887, 'steps_to_threshold': 5000.0, 'reached_threshold': 1.0, 'num_actuators': 1, 'complexity_penalty': 1.25}
21:42:32  DEBUG    id=85   fitness=   -1.210 limbs= 3 depth=2 metrics={'auc': 1.2900421595691653, 'final': -11.200036212738157, 'steps_to_threshold': 6666.666666666667, 'reached_threshold': 1.0, 'num_actuators': 2, 'complexity_penalty': 2.5}
21:42:32  DEBUG    id=86   fitness=   -3.569 limbs= 5 depth=3 metrics={'auc': 1.4308688779684966, 'final': -10.454499708128287, 'steps_to_threshold': 5000.0, 'reached_threshold': 1.0, 'num_actuators': 4, 'complexity_penalty': 5.0}
21:42:32  DEBUG    id=87   fitness=   -3.536 limbs= 5 depth=3 metrics={'auc': 1.4640759303495698, 'final': -10.061392393574243, 'steps_to_threshold': 6666.666666666667, 'reached_threshold': 1.0, 'num_actuators': 4, 'complexity_penalty': 5.0}
21:42:32  DEBUG    id=88   fitness=   -1.229 limbs= 4 depth=3 metrics={'auc': 2.5214882346999676, 'final': -13.021917851006407, 'steps_to_threshold': 5000.0, 'reached_threshold': 1.0, 'num_actuators': 3, 'complexity_penalty': 3.75}
21:42:32  DEBUG    id=89   fitness=   -1.251 limbs= 2 depth=2 metrics={'auc': -0.0007218657016590915, 'final': -12.187682901087642, 'steps_to_threshold': 70000.0, 'reached_threshold': 1.0, 'num_actuators': 1, 'complexity_penalty': 1.25}
21:42:32  INFO   gen 3 done | best 50.021 (id=68, 4 limbs) | mean 10.242 | worst -3.569 | invalid 0 | 1347.4s
21:42:32  INFO     ~21.2 min/gen, est. 21.2 min remaining
21:42:32  INFO   gen 4: evaluating 22/24 individuals (8 workers)
22:06:00  DEBUG    id=90   fitness=   28.117 limbs= 3 depth=3 metrics={'auc': 30.617051361604492, 'final': 27.622342740694407, 'steps_to_threshold': 33333.333333333336, 'reached_threshold': 1.0, 'num_actuators': 2, 'complexity_penalty': 2.5}
22:06:00  DEBUG    id=91   fitness=    5.297 limbs= 2 depth=2 metrics={'auc': 6.547469258540768, 'final': -5.600884428239268, 'steps_to_threshold': 5000.0, 'reached_threshold': 1.0, 'num_actuators': 1, 'complexity_penalty': 1.25}
22:06:00  DEBUG    id=92   fitness=   -1.550 limbs= 3 depth=2 metrics={'auc': 0.9498052966547764, 'final': -10.795023536962105, 'steps_to_threshold': 5000.0, 'reached_threshold': 1.0, 'num_actuators': 2, 'complexity_penalty': 2.5}
22:06:00  DEBUG    id=93   fitness=    4.445 limbs= 4 depth=3 metrics={'auc': 8.194729654906622, 'final': -5.621966472642182, 'steps_to_threshold': 15000.0, 'reached_threshold': 1.0, 'num_actuators': 3, 'complexity_penalty': 3.75}
22:06:00  DEBUG    id=94   fitness=    6.287 limbs= 5 depth=3 metrics={'auc': 11.286568024879065, 'final': -6.889227871003669, 'steps_to_threshold': 15000.0, 'reached_threshold': 1.0, 'num_actuators': 4, 'complexity_penalty': 5.0}
22:06:00  DEBUG    id=95   fitness=   -1.145 limbs= 2 depth=2 metrics={'auc': 0.10491839929200553, 'final': -11.579533875852498, 'steps_to_threshold': 10000.0, 'reached_threshold': 1.0, 'num_actuators': 1, 'complexity_penalty': 1.25}
22:06:00  DEBUG    id=96   fitness=   45.439 limbs= 4 depth=3 metrics={'auc': 49.18851694606479, 'final': 28.958932929996738, 'steps_to_threshold': 23333.333333333332, 'reached_threshold': 1.0, 'num_actuators': 3, 'complexity_penalty': 3.75}
22:06:00  DEBUG    id=97   fitness=   -1.728 limbs= 4 depth=3 metrics={'auc': 2.0224446405195855, 'final': -10.547482451558368, 'steps_to_threshold': 5000.0, 'reached_threshold': 1.0, 'num_actuators': 3, 'complexity_penalty': 3.75}
22:06:00  DEBUG    id=98   fitness=   -2.068 limbs= 4 depth=3 metrics={'auc': 1.681976030214358, 'final': -10.390000564330473, 'steps_to_threshold': 5000.0, 'reached_threshold': 1.0, 'num_actuators': 3, 'complexity_penalty': 3.75}
22:06:00  DEBUG    id=99   fitness=   44.766 limbs= 4 depth=3 metrics={'auc': 48.516248042764005, 'final': 6.211142580457145, 'steps_to_threshold': 103333.33333333333, 'reached_threshold': 1.0, 'num_actuators': 3, 'complexity_penalty': 3.75}
22:06:00  DEBUG    id=100  fitness=   20.324 limbs= 5 depth=3 metrics={'auc': 25.32398272109098, 'final': 15.124467413859065, 'steps_to_threshold': 20000.0, 'reached_threshold': 1.0, 'num_actuators': 4, 'complexity_penalty': 5.0}
22:06:00  DEBUG    id=101  fitness=   42.052 limbs= 4 depth=3 metrics={'auc': 45.80156155240622, 'final': 20.972111435151376, 'steps_to_threshold': 55000.0, 'reached_threshold': 1.0, 'num_actuators': 3, 'complexity_penalty': 3.75}
22:06:00  DEBUG    id=102  fitness=   35.943 limbs= 4 depth=3 metrics={'auc': 39.69267793308179, 'final': 30.614535134987054, 'steps_to_threshold': 13333.333333333334, 'reached_threshold': 1.0, 'num_actuators': 3, 'complexity_penalty': 3.75}
22:06:00  DEBUG    id=103  fitness=   11.043 limbs= 4 depth=3 metrics={'auc': 14.792633779918091, 'final': 6.709772859223956, 'steps_to_threshold': 23333.333333333332, 'reached_threshold': 1.0, 'num_actuators': 3, 'complexity_penalty': 3.75}
22:06:00  DEBUG    id=104  fitness=   -1.157 limbs= 3 depth=3 metrics={'auc': 1.343259344514542, 'final': -10.782883552782872, 'steps_to_threshold': 5000.0, 'reached_threshold': 1.0, 'num_actuators': 2, 'complexity_penalty': 2.5}
22:06:00  DEBUG    id=105  fitness=   28.498 limbs= 5 depth=3 metrics={'auc': 33.49828189578863, 'final': 23.73779666547894, 'steps_to_threshold': 15000.0, 'reached_threshold': 1.0, 'num_actuators': 4, 'complexity_penalty': 5.0}
22:06:00  DEBUG    id=106  fitness=   -1.944 limbs= 3 depth=2 metrics={'auc': 0.5563138581225967, 'final': -11.318412172149612, 'steps_to_threshold': 5000.0, 'reached_threshold': 1.0, 'num_actuators': 2, 'complexity_penalty': 2.5}
22:06:00  DEBUG    id=107  fitness=   -2.501 limbs= 3 depth=2 metrics={'auc': -0.0006022514359794744, 'final': -12.522980922616414, 'steps_to_threshold': 128333.33333333333, 'reached_threshold': 1.0, 'num_actuators': 2, 'complexity_penalty': 2.5}
22:06:00  DEBUG    id=108  fitness=    4.676 limbs= 2 depth=2 metrics={'auc': 5.925984423339617, 'final': -6.273742872055752, 'steps_to_threshold': 5000.0, 'reached_threshold': 1.0, 'num_actuators': 1, 'complexity_penalty': 1.25}
22:06:00  DEBUG    id=109  fitness=    1.027 limbs= 4 depth=2 metrics={'auc': 4.776966749322785, 'final': -7.3002468946638785, 'steps_to_threshold': 5000.0, 'reached_threshold': 1.0, 'num_actuators': 3, 'complexity_penalty': 3.75}
22:06:00  DEBUG    id=110  fitness=   21.943 limbs= 4 depth=3 metrics={'auc': 25.69335613005183, 'final': -40.57759806412971, 'steps_to_threshold': 6666.666666666667, 'reached_threshold': 1.0, 'num_actuators': 3, 'complexity_penalty': 3.75}
22:06:00  DEBUG    id=111  fitness=   -1.935 limbs= 3 depth=2 metrics={'auc': 0.5647592220770091, 'final': -11.610482501616445, 'steps_to_threshold': 5000.0, 'reached_threshold': 1.0, 'num_actuators': 2, 'complexity_penalty': 2.5}
22:06:00  INFO   gen 4 done | best 50.021 (id=68, 4 limbs) | mean 15.556 | worst -2.501 | invalid 0 | 1408.5s
22:06:01  INFO   ================================================================
22:06:01  INFO   Finished 5 generations in 108.1 min. Best fitness 50.021 (4 limbs).
22:06:01  INFO   Artifacts: run.log, generation_stats.csv, history.json, and per generation gen*_best.xml + gen*_best_genome.pkl + gen*_best_policy.zip in experiments/run20
