17:53:24  INFO   ================================================================
17:53:24  INFO   Learnability-driven morphology evolution
17:53:24  INFO     population=24  generations=5  metric=auc  eval_seeds=3
17:53:24  INFO     inner: algo=ppo  lifetime_steps=500000  eval_every=5000  horizon=2500
17:53:24  INFO     workers=8  seed=0  out=experiments/run19
17:53:24  INFO   ================================================================
17:53:24  INFO   gen 0: evaluating 24/24 individuals (8 workers)
18:18:01  DEBUG    id=0    fitness=    4.159 limbs= 2 depth=2 metrics={'auc': 4.65890264570922, 'final': -11.908812241547897, 'steps_to_threshold': 5000.0, 'reached_threshold': 1.0, 'num_actuators': 1, 'complexity_penalty': 0.5}
18:18:01  DEBUG    id=1    fitness=    3.616 limbs= 7 depth=3 metrics={'auc': 6.61592610802937, 'final': -13.511434470867016, 'steps_to_threshold': 5000.0, 'reached_threshold': 1.0, 'num_actuators': 6, 'complexity_penalty': 3.0}
18:18:01  DEBUG    id=2    fitness=    7.653 limbs= 6 depth=3 metrics={'auc': 10.153166489529355, 'final': -10.563189908109443, 'steps_to_threshold': 6666.666666666667, 'reached_threshold': 1.0, 'num_actuators': 5, 'complexity_penalty': 2.5}
18:18:01  DEBUG    id=3    fitness=    0.283 limbs=11 depth=3 metrics={'auc': 5.283029239873358, 'final': -21.750824660424588, 'steps_to_threshold': 33333.333333333336, 'reached_threshold': 1.0, 'num_actuators': 10, 'complexity_penalty': 5.0}
18:18:01  DEBUG    id=4    fitness=   -3.667 limbs=11 depth=3 metrics={'auc': 1.3327345808298878, 'final': -18.004362618161966, 'steps_to_threshold': 33333.333333333336, 'reached_threshold': 1.0, 'num_actuators': 10, 'complexity_penalty': 5.0}
18:18:01  DEBUG    id=5    fitness=   46.830 limbs=12 depth=3 metrics={'auc': 52.33031911814791, 'final': -18.560687343799824, 'steps_to_threshold': 11666.666666666666, 'reached_threshold': 1.0, 'num_actuators': 11, 'complexity_penalty': 5.5}
18:18:01  DEBUG    id=6    fitness=    1.323 limbs=12 depth=3 metrics={'auc': 6.822614249132368, 'final': -15.036843828500567, 'steps_to_threshold': 16666.666666666668, 'reached_threshold': 1.0, 'num_actuators': 11, 'complexity_penalty': 5.5}
18:18:01  DEBUG    id=7    fitness=   -1.005 limbs= 3 depth=3 metrics={'auc': -0.0050070545624479835, 'final': -19.062931147237617, 'steps_to_threshold': 13333.333333333334, 'reached_threshold': 1.0, 'num_actuators': 2, 'complexity_penalty': 1.0}
18:18:01  DEBUG    id=8    fitness=    2.034 limbs= 4 depth=3 metrics={'auc': 3.5341821241145053, 'final': -16.797803419310466, 'steps_to_threshold': 5000.0, 'reached_threshold': 1.0, 'num_actuators': 3, 'complexity_penalty': 1.5}
18:18:01  DEBUG    id=9    fitness=   -1.749 limbs= 8 depth=3 metrics={'auc': 1.7513227392311232, 'final': -15.649020188899188, 'steps_to_threshold': 13333.333333333334, 'reached_threshold': 1.0, 'num_actuators': 7, 'complexity_penalty': 3.5}
18:18:01  DEBUG    id=10   fitness=   -0.188 limbs= 3 depth=3 metrics={'auc': 0.811508510792846, 'final': -17.83178050825411, 'steps_to_threshold': 15000.0, 'reached_threshold': 1.0, 'num_actuators': 2, 'complexity_penalty': 1.0}
18:18:01  DEBUG    id=11   fitness=   -0.747 limbs=11 depth=3 metrics={'auc': 4.252791865181783, 'final': -15.741239497066376, 'steps_to_threshold': 28333.333333333332, 'reached_threshold': 1.0, 'num_actuators': 10, 'complexity_penalty': 5.0}
18:18:01  DEBUG    id=12   fitness=   -0.945 limbs= 3 depth=3 metrics={'auc': 0.05493972612930253, 'final': -17.260209063317408, 'steps_to_threshold': 5000.0, 'reached_threshold': 1.0, 'num_actuators': 2, 'complexity_penalty': 1.0}
18:18:01  DEBUG    id=13   fitness=   -0.540 limbs= 7 depth=3 metrics={'auc': 2.45985459415736, 'final': -12.319196248558114, 'steps_to_threshold': 31666.666666666668, 'reached_threshold': 1.0, 'num_actuators': 6, 'complexity_penalty': 3.0}
18:18:01  DEBUG    id=14   fitness=   -1.632 limbs= 4 depth=3 metrics={'auc': -0.13245815213148707, 'final': -20.08371148920971, 'steps_to_threshold': 123333.33333333333, 'reached_threshold': 1.0, 'num_actuators': 3, 'complexity_penalty': 1.5}
18:18:01  DEBUG    id=15   fitness=   -0.600 limbs= 8 depth=3 metrics={'auc': 2.899966724081698, 'final': -14.736812404270523, 'steps_to_threshold': 18333.333333333332, 'reached_threshold': 1.0, 'num_actuators': 7, 'complexity_penalty': 3.5}
18:18:01  DEBUG    id=16   fitness=    9.562 limbs= 9 depth=3 metrics={'auc': 13.561982615970331, 'final': -21.25132953670167, 'steps_to_threshold': 10000.0, 'reached_threshold': 1.0, 'num_actuators': 8, 'complexity_penalty': 4.0}
18:18:01  DEBUG    id=17   fitness=   -1.583 limbs= 4 depth=2 metrics={'auc': -0.08251555718341055, 'final': -19.655882204178923, 'steps_to_threshold': 1666.6666666666667, 'reached_threshold': 1.0, 'num_actuators': 3, 'complexity_penalty': 1.5}
18:18:01  DEBUG    id=18   fitness=   -1.838 limbs= 5 depth=3 metrics={'auc': 0.16201140381438073, 'final': -15.935500835269863, 'steps_to_threshold': 118333.33333333333, 'reached_threshold': 1.0, 'num_actuators': 4, 'complexity_penalty': 2.0}
18:18:01  DEBUG    id=19   fitness=   -1.345 limbs= 7 depth=3 metrics={'auc': 1.6549298242079953, 'final': -16.09184704634599, 'steps_to_threshold': 15000.0, 'reached_threshold': 1.0, 'num_actuators': 6, 'complexity_penalty': 3.0}
18:18:01  DEBUG    id=20   fitness=    1.724 limbs= 3 depth=3 metrics={'auc': 2.723647982201811, 'final': -9.966303003621897, 'steps_to_threshold': 20000.0, 'reached_threshold': 1.0, 'num_actuators': 2, 'complexity_penalty': 1.0}
18:18:01  DEBUG    id=21   fitness=   -3.083 limbs=11 depth=3 metrics={'auc': 1.91713529772154, 'final': -15.950661002859043, 'steps_to_threshold': 21666.666666666668, 'reached_threshold': 1.0, 'num_actuators': 10, 'complexity_penalty': 5.0}
18:18:01  DEBUG    id=22   fitness=    1.388 limbs= 6 depth=3 metrics={'auc': 3.888195040822144, 'final': -16.16152032150106, 'steps_to_threshold': 5000.0, 'reached_threshold': 1.0, 'num_actuators': 5, 'complexity_penalty': 2.5}
18:18:01  DEBUG    id=23   fitness=    0.330 limbs= 7 depth=3 metrics={'auc': 3.3304975255267806, 'final': -11.588841928713665, 'steps_to_threshold': 30000.0, 'reached_threshold': 1.0, 'num_actuators': 6, 'complexity_penalty': 3.0}
18:18:01  INFO   gen 0 done | best 46.830 (id=5, 12 limbs) | mean 2.499 | worst -3.667 | invalid 0 | 1476.7s
18:18:01  INFO     ~24.6 min/gen, est. 98.4 min remaining
18:18:01  INFO   gen 1: evaluating 22/24 individuals (8 workers)
18:49:28  DEBUG    id=24   fitness=   -0.108 limbs= 3 depth=3 metrics={'auc': 0.8921873198658289, 'final': -17.759968195421987, 'steps_to_threshold': 11666.666666666666, 'reached_threshold': 1.0, 'num_actuators': 2, 'complexity_penalty': 1.0}
18:49:28  DEBUG    id=25   fitness=   -0.234 limbs=10 depth=3 metrics={'auc': 4.265763227381877, 'final': -15.518936102377987, 'steps_to_threshold': 26666.666666666668, 'reached_threshold': 1.0, 'num_actuators': 9, 'complexity_penalty': 4.5}
18:49:28  DEBUG    id=26   fitness=   -0.438 limbs= 4 depth=3 metrics={'auc': 1.0616849273613003, 'final': -18.23487345884851, 'steps_to_threshold': 103333.33333333333, 'reached_threshold': 1.0, 'num_actuators': 3, 'complexity_penalty': 1.5}
18:49:28  DEBUG    id=27   fitness=   -0.495 limbs= 2 depth=2 metrics={'auc': 0.005489277225921434, 'final': -17.303425250033474, 'steps_to_threshold': 33333.333333333336, 'reached_threshold': 1.0, 'num_actuators': 1, 'complexity_penalty': 0.5}
18:49:28  DEBUG    id=28   fitness=   -0.024 limbs= 3 depth=3 metrics={'auc': 0.9759162450196532, 'final': -15.242778594994208, 'steps_to_threshold': 11666.666666666666, 'reached_threshold': 1.0, 'num_actuators': 2, 'complexity_penalty': 1.0}
18:49:28  DEBUG    id=29   fitness=    2.181 limbs= 4 depth=3 metrics={'auc': 3.6813636458850776, 'final': -16.936152077146286, 'steps_to_threshold': 5000.0, 'reached_threshold': 1.0, 'num_actuators': 3, 'complexity_penalty': 1.5}
18:49:28  DEBUG    id=30   fitness=    7.698 limbs= 9 depth=3 metrics={'auc': 11.698186420082921, 'final': -5.629815750317864, 'steps_to_threshold': 18333.333333333332, 'reached_threshold': 1.0, 'num_actuators': 8, 'complexity_penalty': 4.0}
18:49:28  DEBUG    id=31   fitness=    1.156 limbs= 6 depth=3 metrics={'auc': 3.6559717820176076, 'final': -16.348178213506003, 'steps_to_threshold': 5000.0, 'reached_threshold': 1.0, 'num_actuators': 5, 'complexity_penalty': 2.5}
18:49:28  DEBUG    id=32   fitness=   -0.991 limbs= 5 depth=3 metrics={'auc': 1.008884421223578, 'final': -17.330001303916536, 'steps_to_threshold': 10000.0, 'reached_threshold': 1.0, 'num_actuators': 4, 'complexity_penalty': 2.0}
18:49:28  DEBUG    id=33   fitness=   13.486 limbs= 9 depth=3 metrics={'auc': 17.486153899452734, 'final': -19.56023630091823, 'steps_to_threshold': 13333.333333333334, 'reached_threshold': 1.0, 'num_actuators': 8, 'complexity_penalty': 4.0}
18:49:28  DEBUG    id=34   fitness=   -0.171 limbs= 3 depth=3 metrics={'auc': 0.8292136769273574, 'final': -17.82669038637018, 'steps_to_threshold': 13333.333333333334, 'reached_threshold': 1.0, 'num_actuators': 2, 'complexity_penalty': 1.0}
18:49:28  DEBUG    id=35   fitness=    3.476 limbs= 7 depth=3 metrics={'auc': 6.476131353681784, 'final': -13.634261865436642, 'steps_to_threshold': 6666.666666666667, 'reached_threshold': 1.0, 'num_actuators': 6, 'complexity_penalty': 3.0}
18:49:28  DEBUG    id=36   fitness=   -1.361 limbs= 8 depth=3 metrics={'auc': 2.139036313423434, 'final': -15.720832066331267, 'steps_to_threshold': 41666.666666666664, 'reached_threshold': 1.0, 'num_actuators': 7, 'complexity_penalty': 3.5}
18:49:28  DEBUG    id=37   fitness=   -1.511 limbs= 3 depth=3 metrics={'auc': -0.5114441420960844, 'final': -18.039645381213976, 'steps_to_threshold': 91666.66666666667, 'reached_threshold': 1.0, 'num_actuators': 2, 'complexity_penalty': 1.0}
18:49:28  DEBUG    id=38   fitness=    1.124 limbs=12 depth=3 metrics={'auc': 6.623601723803284, 'final': -11.920143452009457, 'steps_to_threshold': 16666.666666666668, 'reached_threshold': 1.0, 'num_actuators': 11, 'complexity_penalty': 5.5}
18:49:28  DEBUG    id=39   fitness=    5.325 limbs= 5 depth=3 metrics={'auc': 7.32537050368708, 'final': -11.890166021949746, 'steps_to_threshold': 10000.0, 'reached_threshold': 1.0, 'num_actuators': 4, 'complexity_penalty': 2.0}
18:49:28  DEBUG    id=40   fitness=    8.678 limbs= 6 depth=3 metrics={'auc': 11.178056142908874, 'final': -10.292914576828336, 'steps_to_threshold': 10000.0, 'reached_threshold': 1.0, 'num_actuators': 5, 'complexity_penalty': 2.5}
18:49:28  DEBUG    id=41   fitness=   32.815 limbs=12 depth=3 metrics={'auc': 38.315429947738494, 'final': -18.989452737954906, 'steps_to_threshold': 6666.666666666667, 'reached_threshold': 1.0, 'num_actuators': 11, 'complexity_penalty': 5.5}
18:49:28  DEBUG    id=42   fitness=   -3.107 limbs=12 depth=3 metrics={'auc': 2.392599046549788, 'final': -18.466829015769104, 'steps_to_threshold': 11666.666666666666, 'reached_threshold': 1.0, 'num_actuators': 11, 'complexity_penalty': 5.5}
18:49:28  DEBUG    id=43   fitness=   47.160 limbs=12 depth=3 metrics={'auc': 52.660250736598236, 'final': -18.55541555242418, 'steps_to_threshold': 11666.666666666666, 'reached_threshold': 1.0, 'num_actuators': 11, 'complexity_penalty': 5.5}
18:49:28  DEBUG    id=44   fitness=   -1.356 limbs= 7 depth=3 metrics={'auc': 1.6435110283896928, 'final': -16.08332606997355, 'steps_to_threshold': 25000.0, 'reached_threshold': 1.0, 'num_actuators': 6, 'complexity_penalty': 3.0}
18:49:28  DEBUG    id=45   fitness=    1.358 limbs= 3 depth=3 metrics={'auc': 2.3581013944039326, 'final': -9.709725555678233, 'steps_to_threshold': 11666.666666666666, 'reached_threshold': 1.0, 'num_actuators': 2, 'complexity_penalty': 1.0}
18:49:28  INFO   gen 1 done | best 47.160 (id=43, 12 limbs) | mean 5.270 | worst -3.107 | invalid 0 | 1886.9s
18:49:28  INFO     ~28.0 min/gen, est. 84.1 min remaining
18:49:28  INFO   gen 2: evaluating 22/24 individuals (8 workers)
19:21:56  DEBUG    id=46   fitness=    7.877 limbs= 9 depth=3 metrics={'auc': 11.877311861706154, 'final': -5.659581506639803, 'steps_to_threshold': 16666.666666666668, 'reached_threshold': 1.0, 'num_actuators': 8, 'complexity_penalty': 4.0}
19:21:56  DEBUG    id=47   fitness=    4.987 limbs= 5 depth=3 metrics={'auc': 6.986660072248164, 'final': -11.14954192800081, 'steps_to_threshold': 8333.333333333334, 'reached_threshold': 1.0, 'num_actuators': 4, 'complexity_penalty': 2.0}
19:21:56  DEBUG    id=48   fitness=    6.311 limbs= 8 depth=3 metrics={'auc': 9.81078218435676, 'final': -18.291279383719594, 'steps_to_threshold': 10000.0, 'reached_threshold': 1.0, 'num_actuators': 7, 'complexity_penalty': 3.5}
19:21:56  DEBUG    id=49   fitness=    2.060 limbs= 4 depth=3 metrics={'auc': 3.5596388768344145, 'final': -16.934675465357113, 'steps_to_threshold': 5000.0, 'reached_threshold': 1.0, 'num_actuators': 3, 'complexity_penalty': 1.5}
19:21:56  DEBUG    id=50   fitness=    5.896 limbs= 6 depth=3 metrics={'auc': 8.395649884579973, 'final': -9.724088573721552, 'steps_to_threshold': 11666.666666666666, 'reached_threshold': 1.0, 'num_actuators': 5, 'complexity_penalty': 2.5}
19:21:56  DEBUG    id=51   fitness=   49.143 limbs=11 depth=3 metrics={'auc': 54.1425563340052, 'final': -18.539924939555846, 'steps_to_threshold': 8333.333333333334, 'reached_threshold': 1.0, 'num_actuators': 10, 'complexity_penalty': 5.0}
19:21:56  DEBUG    id=52   fitness=   -0.106 limbs= 3 depth=3 metrics={'auc': 0.8941189690462806, 'final': -15.25952201535584, 'steps_to_threshold': 10000.0, 'reached_threshold': 1.0, 'num_actuators': 2, 'complexity_penalty': 1.0}
19:21:56  DEBUG    id=53   fitness=   39.767 limbs= 9 depth=3 metrics={'auc': 43.76677227224139, 'final': -21.382781595960893, 'steps_to_threshold': 15000.0, 'reached_threshold': 1.0, 'num_actuators': 8, 'complexity_penalty': 4.0}
19:21:56  DEBUG    id=54   fitness=    2.194 limbs= 4 depth=3 metrics={'auc': 3.694008459984595, 'final': -16.815767920526515, 'steps_to_threshold': 5000.0, 'reached_threshold': 1.0, 'num_actuators': 3, 'complexity_penalty': 1.5}
19:21:56  DEBUG    id=55   fitness=   -0.100 limbs= 3 depth=3 metrics={'auc': 0.9000544112740632, 'final': -15.293615934627136, 'steps_to_threshold': 8333.333333333334, 'reached_threshold': 1.0, 'num_actuators': 2, 'complexity_penalty': 1.0}
19:21:56  DEBUG    id=56   fitness=    3.337 limbs= 3 depth=2 metrics={'auc': 4.337109261014247, 'final': -12.604172928971247, 'steps_to_threshold': 5000.0, 'reached_threshold': 1.0, 'num_actuators': 2, 'complexity_penalty': 1.0}
19:21:56  DEBUG    id=57   fitness=    6.633 limbs= 6 depth=3 metrics={'auc': 9.132582253825737, 'final': -10.53971182223762, 'steps_to_threshold': 8333.333333333334, 'reached_threshold': 1.0, 'num_actuators': 5, 'complexity_penalty': 2.5}
19:21:56  DEBUG    id=58   fitness=    7.179 limbs= 6 depth=3 metrics={'auc': 9.678869508515403, 'final': -10.91210047166721, 'steps_to_threshold': 10000.0, 'reached_threshold': 1.0, 'num_actuators': 5, 'complexity_penalty': 2.5}
19:21:56  DEBUG    id=59   fitness=    2.152 limbs= 7 depth=3 metrics={'auc': 5.1523645169508505, 'final': -13.46565248140493, 'steps_to_threshold': 10000.0, 'reached_threshold': 1.0, 'num_actuators': 6, 'complexity_penalty': 3.0}
19:21:56  DEBUG    id=60   fitness=    7.952 limbs= 9 depth=3 metrics={'auc': 11.951869255826642, 'final': -4.209948468625001, 'steps_to_threshold': 13333.333333333334, 'reached_threshold': 1.0, 'num_actuators': 8, 'complexity_penalty': 4.0}
19:21:56  DEBUG    id=61   fitness=    0.952 limbs= 6 depth=3 metrics={'auc': 3.4524950545924527, 'final': -16.53981787428484, 'steps_to_threshold': 6666.666666666667, 'reached_threshold': 1.0, 'num_actuators': 5, 'complexity_penalty': 2.5}
19:21:56  DEBUG    id=62   fitness=    5.678 limbs= 6 depth=3 metrics={'auc': 8.177613480638989, 'final': -11.055427459099624, 'steps_to_threshold': 8333.333333333334, 'reached_threshold': 1.0, 'num_actuators': 5, 'complexity_penalty': 2.5}
19:21:56  DEBUG    id=63   fitness=    1.704 limbs= 3 depth=3 metrics={'auc': 2.70447557315576, 'final': -7.120406510267375, 'steps_to_threshold': 20000.0, 'reached_threshold': 1.0, 'num_actuators': 2, 'complexity_penalty': 1.0}
19:21:56  DEBUG    id=64   fitness=    5.199 limbs= 5 depth=3 metrics={'auc': 7.199184893830064, 'final': -12.684379894660543, 'steps_to_threshold': 8333.333333333334, 'reached_threshold': 1.0, 'num_actuators': 4, 'complexity_penalty': 2.0}
19:21:56  DEBUG    id=65   fitness=   32.556 limbs=12 depth=3 metrics={'auc': 38.05615148746689, 'final': -19.01935530614632, 'steps_to_threshold': 8333.333333333334, 'reached_threshold': 1.0, 'num_actuators': 11, 'complexity_penalty': 5.5}
19:21:56  DEBUG    id=66   fitness=   -4.287 limbs=12 depth=3 metrics={'auc': 1.2131733549045804, 'final': -18.155263090644038, 'steps_to_threshold': 60000.0, 'reached_threshold': 1.0, 'num_actuators': 11, 'complexity_penalty': 5.5}
19:21:56  DEBUG    id=67   fitness=    8.446 limbs= 9 depth=3 metrics={'auc': 12.446079181406967, 'final': -20.828537982065807, 'steps_to_threshold': 11666.666666666666, 'reached_threshold': 1.0, 'num_actuators': 8, 'complexity_penalty': 4.0}
19:21:56  INFO   gen 2 done | best 49.143 (id=51, 11 limbs) | mean 8.829 | worst -4.287 | invalid 0 | 1948.7s
19:21:56  INFO     ~29.5 min/gen, est. 59.0 min remaining
19:21:57  INFO   gen 3: evaluating 22/24 individuals (8 workers)
19:44:02  DEBUG    id=68   fitness=    7.402 limbs= 9 depth=3 metrics={'auc': 11.401898295416961, 'final': -3.7677683211092634, 'steps_to_threshold': 13333.333333333334, 'reached_threshold': 1.0, 'num_actuators': 8, 'complexity_penalty': 4.0}
19:44:02  DEBUG    id=69   fitness=   95.381 limbs=11 depth=3 metrics={'auc': 100.38149105330166, 'final': 149.73606916830053, 'steps_to_threshold': 135000.0, 'reached_threshold': 1.0, 'num_actuators': 10, 'complexity_penalty': 5.0}
19:44:02  DEBUG    id=70   fitness=    9.203 limbs= 9 depth=3 metrics={'auc': 13.203439385088075, 'final': -15.969319626437136, 'steps_to_threshold': 16666.666666666668, 'reached_threshold': 1.0, 'num_actuators': 8, 'complexity_penalty': 4.0}
19:44:02  DEBUG    id=71   fitness=   32.367 limbs=12 depth=3 metrics={'auc': 37.866848407850064, 'final': -18.994693681430192, 'steps_to_threshold': 10000.0, 'reached_threshold': 1.0, 'num_actuators': 11, 'complexity_penalty': 5.5}
19:44:02  DEBUG    id=72   fitness=    6.876 limbs= 6 depth=3 metrics={'auc': 9.375729702967961, 'final': -10.499878082544532, 'steps_to_threshold': 5000.0, 'reached_threshold': 1.0, 'num_actuators': 5, 'complexity_penalty': 2.5}
19:44:02  DEBUG    id=73   fitness=    6.510 limbs= 4 depth=3 metrics={'auc': 8.010110238576084, 'final': -4.094378082797376, 'steps_to_threshold': 16666.666666666668, 'reached_threshold': 1.0, 'num_actuators': 3, 'complexity_penalty': 1.5}
19:44:02  DEBUG    id=74   fitness=   -1.621 limbs= 4 depth=3 metrics={'auc': -0.12073042886610347, 'final': -17.34156871318292, 'steps_to_threshold': 18333.333333333332, 'reached_threshold': 1.0, 'num_actuators': 3, 'complexity_penalty': 1.5}
19:44:02  DEBUG    id=75   fitness=    8.609 limbs= 9 depth=3 metrics={'auc': 12.60899486486728, 'final': -6.894322337251462, 'steps_to_threshold': 18333.333333333332, 'reached_threshold': 1.0, 'num_actuators': 8, 'complexity_penalty': 4.0}
19:44:02  DEBUG    id=76   fitness=    5.248 limbs= 9 depth=3 metrics={'auc': 9.248105675393534, 'final': -6.314672496457406, 'steps_to_threshold': 18333.333333333332, 'reached_threshold': 1.0, 'num_actuators': 8, 'complexity_penalty': 4.0}
19:44:02  DEBUG    id=77   fitness=    1.656 limbs=11 depth=3 metrics={'auc': 6.655877110234158, 'final': -14.67805394326578, 'steps_to_threshold': 21666.666666666668, 'reached_threshold': 1.0, 'num_actuators': 10, 'complexity_penalty': 5.0}
19:44:02  DEBUG    id=78   fitness=    7.862 limbs= 9 depth=3 metrics={'auc': 11.861558717050558, 'final': -5.624005540106701, 'steps_to_threshold': 21666.666666666668, 'reached_threshold': 1.0, 'num_actuators': 8, 'complexity_penalty': 4.0}
19:44:02  DEBUG    id=79   fitness=    9.784 limbs= 8 depth=3 metrics={'auc': 13.284180072930768, 'final': -15.45663398789167, 'steps_to_threshold': 15000.0, 'reached_threshold': 1.0, 'num_actuators': 7, 'complexity_penalty': 3.5}
19:44:02  DEBUG    id=80   fitness=    7.774 limbs= 9 depth=3 metrics={'auc': 11.773597135309293, 'final': -2.8487833636364956, 'steps_to_threshold': 13333.333333333334, 'reached_threshold': 1.0, 'num_actuators': 8, 'complexity_penalty': 4.0}
19:44:02  DEBUG    id=81   fitness=    8.691 limbs= 9 depth=3 metrics={'auc': 12.690730776541978, 'final': -15.522846107601266, 'steps_to_threshold': 13333.333333333334, 'reached_threshold': 1.0, 'num_actuators': 8, 'complexity_penalty': 4.0}
19:44:02  DEBUG    id=82   fitness=   13.552 limbs=11 depth=3 metrics={'auc': 18.551538750567115, 'final': -7.23554700157852, 'steps_to_threshold': 38333.333333333336, 'reached_threshold': 1.0, 'num_actuators': 10, 'complexity_penalty': 5.0}
19:44:02  DEBUG    id=83   fitness=   33.392 limbs= 8 depth=3 metrics={'auc': 36.89153310749084, 'final': -23.94283808652847, 'steps_to_threshold': 18333.333333333332, 'reached_threshold': 1.0, 'num_actuators': 7, 'complexity_penalty': 3.5}
19:44:02  DEBUG    id=84   fitness=   37.822 limbs= 9 depth=3 metrics={'auc': 41.82226538310647, 'final': -21.78457089047322, 'steps_to_threshold': 18333.333333333332, 'reached_threshold': 1.0, 'num_actuators': 8, 'complexity_penalty': 4.0}
19:44:02  DEBUG    id=85   fitness=    7.990 limbs= 9 depth=3 metrics={'auc': 11.990316759311199, 'final': -22.29312894700411, 'steps_to_threshold': 13333.333333333334, 'reached_threshold': 1.0, 'num_actuators': 8, 'complexity_penalty': 4.0}
19:44:02  DEBUG    id=86   fitness=    6.341 limbs= 9 depth=3 metrics={'auc': 10.341050780939906, 'final': -3.2345353976771367, 'steps_to_threshold': 20000.0, 'reached_threshold': 1.0, 'num_actuators': 8, 'complexity_penalty': 4.0}
19:44:02  DEBUG    id=87   fitness=    7.810 limbs= 9 depth=3 metrics={'auc': 11.810184820269043, 'final': -3.128703040208507, 'steps_to_threshold': 13333.333333333334, 'reached_threshold': 1.0, 'num_actuators': 8, 'complexity_penalty': 4.0}
19:44:02  DEBUG    id=88   fitness=    8.011 limbs= 9 depth=3 metrics={'auc': 12.010943638452304, 'final': -4.4125114179038905, 'steps_to_threshold': 13333.333333333334, 'reached_threshold': 1.0, 'num_actuators': 8, 'complexity_penalty': 4.0}
19:44:02  DEBUG    id=89   fitness=    8.223 limbs= 4 depth=3 metrics={'auc': 9.72300747858843, 'final': -8.119548551510745, 'steps_to_threshold': 8333.333333333334, 'reached_threshold': 1.0, 'num_actuators': 3, 'complexity_penalty': 1.5}
19:44:02  INFO   gen 3 done | best 95.381 (id=69, 11 limbs) | mean 16.103 | worst -1.621 | invalid 0 | 1325.1s
19:44:02  INFO     ~27.7 min/gen, est. 27.7 min remaining
19:44:02  INFO   gen 4: evaluating 22/24 individuals (8 workers)
20:06:07  DEBUG    id=90   fitness=    6.198 limbs= 8 depth=3 metrics={'auc': 9.69761808794131, 'final': -21.846499014426396, 'steps_to_threshold': 15000.0, 'reached_threshold': 1.0, 'num_actuators': 7, 'complexity_penalty': 3.5}
20:06:07  DEBUG    id=91   fitness=   37.818 limbs= 7 depth=3 metrics={'auc': 40.817596610939546, 'final': -19.10543616480207, 'steps_to_threshold': 6666.666666666667, 'reached_threshold': 1.0, 'num_actuators': 6, 'complexity_penalty': 3.0}
20:06:07  DEBUG    id=92   fitness=    9.898 limbs= 9 depth=3 metrics={'auc': 13.898010997245256, 'final': -21.191512847398172, 'steps_to_threshold': 11666.666666666666, 'reached_threshold': 1.0, 'num_actuators': 8, 'complexity_penalty': 4.0}
20:06:07  DEBUG    id=93   fitness=    1.424 limbs= 4 depth=2 metrics={'auc': 2.924233280228551, 'final': -15.235201064082645, 'steps_to_threshold': 13333.333333333334, 'reached_threshold': 1.0, 'num_actuators': 3, 'complexity_penalty': 1.5}
20:06:07  DEBUG    id=94   fitness=    7.085 limbs=11 depth=3 metrics={'auc': 12.084848999226336, 'final': -8.901441862916093, 'steps_to_threshold': 15000.0, 'reached_threshold': 1.0, 'num_actuators': 10, 'complexity_penalty': 5.0}
20:06:07  DEBUG    id=95   fitness=  107.241 limbs=11 depth=3 metrics={'auc': 112.24091163250681, 'final': 270.91421649478434, 'steps_to_threshold': 241666.66666666666, 'reached_threshold': 1.0, 'num_actuators': 10, 'complexity_penalty': 5.0}
20:06:07  DEBUG    id=96   fitness=   13.500 limbs=11 depth=3 metrics={'auc': 18.500036523377933, 'final': -7.268308742436101, 'steps_to_threshold': 33333.333333333336, 'reached_threshold': 1.0, 'num_actuators': 10, 'complexity_penalty': 5.0}
20:06:07  DEBUG    id=97   fitness=   19.638 limbs=12 depth=3 metrics={'auc': 25.138108850376018, 'final': -19.823984333136664, 'steps_to_threshold': 18333.333333333332, 'reached_threshold': 1.0, 'num_actuators': 11, 'complexity_penalty': 5.5}
20:06:07  DEBUG    id=98   fitness=   -2.239 limbs=11 depth=3 metrics={'auc': 2.7605425419589906, 'final': -15.008168794008114, 'steps_to_threshold': 26666.666666666668, 'reached_threshold': 1.0, 'num_actuators': 10, 'complexity_penalty': 5.0}
20:06:07  DEBUG    id=99   fitness=    8.150 limbs= 9 depth=3 metrics={'auc': 12.15011085882144, 'final': -5.607836032367153, 'steps_to_threshold': 31666.666666666668, 'reached_threshold': 1.0, 'num_actuators': 8, 'complexity_penalty': 4.0}
20:06:07  DEBUG    id=100  fitness=    9.214 limbs= 9 depth=3 metrics={'auc': 13.214294783001668, 'final': -15.75697822917118, 'steps_to_threshold': 15000.0, 'reached_threshold': 1.0, 'num_actuators': 8, 'complexity_penalty': 4.0}
20:06:07  DEBUG    id=101  fitness=   -3.279 limbs=11 depth=3 metrics={'auc': 1.7212052921099634, 'final': -18.252066490994256, 'steps_to_threshold': 25000.0, 'reached_threshold': 1.0, 'num_actuators': 10, 'complexity_penalty': 5.0}
20:06:07  DEBUG    id=102  fitness=   -2.525 limbs=11 depth=3 metrics={'auc': 2.4746805064095017, 'final': -18.426625405323232, 'steps_to_threshold': 21666.666666666668, 'reached_threshold': 1.0, 'num_actuators': 10, 'complexity_penalty': 5.0}
20:06:07  DEBUG    id=103  fitness=    8.147 limbs= 9 depth=3 metrics={'auc': 12.146769381521034, 'final': -19.013415416618283, 'steps_to_threshold': 10000.0, 'reached_threshold': 1.0, 'num_actuators': 8, 'complexity_penalty': 4.0}
20:06:07  DEBUG    id=104  fitness=   49.110 limbs=11 depth=3 metrics={'auc': 54.10963802917643, 'final': -18.573074934704547, 'steps_to_threshold': 8333.333333333334, 'reached_threshold': 1.0, 'num_actuators': 10, 'complexity_penalty': 5.0}
20:06:07  DEBUG    id=105  fitness=    4.685 limbs= 9 depth=3 metrics={'auc': 8.684743042306414, 'final': -24.437273193578562, 'steps_to_threshold': 13333.333333333334, 'reached_threshold': 1.0, 'num_actuators': 8, 'complexity_penalty': 4.0}
20:06:07  DEBUG    id=106  fitness=    9.166 limbs=11 depth=3 metrics={'auc': 14.166095421329315, 'final': -19.029858745074574, 'steps_to_threshold': 5000.0, 'reached_threshold': 1.0, 'num_actuators': 10, 'complexity_penalty': 5.0}
20:06:07  DEBUG    id=107  fitness=    6.578 limbs= 8 depth=3 metrics={'auc': 10.07840796848159, 'final': -5.337884611910862, 'steps_to_threshold': 15000.0, 'reached_threshold': 1.0, 'num_actuators': 7, 'complexity_penalty': 3.5}
20:06:07  DEBUG    id=108  fitness=   14.058 limbs=11 depth=3 metrics={'auc': 19.057664120624306, 'final': -7.108487202149494, 'steps_to_threshold': 46666.666666666664, 'reached_threshold': 1.0, 'num_actuators': 10, 'complexity_penalty': 5.0}
20:06:07  DEBUG    id=109  fitness=    7.922 limbs= 9 depth=3 metrics={'auc': 11.922088261347705, 'final': -21.804675934759956, 'steps_to_threshold': 10000.0, 'reached_threshold': 1.0, 'num_actuators': 8, 'complexity_penalty': 4.0}
20:06:07  DEBUG    id=110  fitness=   14.089 limbs=11 depth=3 metrics={'auc': 19.08890984612, 'final': -7.896725712982928, 'steps_to_threshold': 35000.0, 'reached_threshold': 1.0, 'num_actuators': 10, 'complexity_penalty': 5.0}
20:06:07  DEBUG    id=111  fitness=   49.819 limbs=11 depth=3 metrics={'auc': 54.81903761066724, 'final': 55.990936799993335, 'steps_to_threshold': 380000.0, 'reached_threshold': 1.0, 'num_actuators': 10, 'complexity_penalty': 5.0}
20:06:07  INFO   gen 4 done | best 107.241 (id=95, 11 limbs) | mean 21.020 | worst -3.279 | invalid 0 | 1325.8s
20:06:08  INFO   ================================================================
20:06:08  INFO   Finished 5 generations in 132.7 min. Best fitness 107.241 (11 limbs).
20:06:08  INFO   Artifacts: run.log, generation_stats.csv, history.json, and per generation gen*_best.xml + gen*_best_genome.pkl + gen*_best_policy.zip in experiments/run19
