02:39:25  INFO   ================================================================
02:39:25  INFO   Learnability-driven morphology evolution
02:39:25  INFO     population=16  generations=20  metric=auc  eval_seeds=1
02:39:25  INFO     inner: algo=ppo  lifetime_steps=100000  eval_every=10000  horizon=1000
02:39:25  INFO     workers=8  seed=0  out=experiments/run1
02:39:25  INFO   ================================================================
02:39:25  INFO   gen 0: evaluating 16/16 individuals (8 workers)
02:40:45  DEBUG    id=0    fitness=   56.183 limbs= 2 depth=2 metrics={'auc': 56.182735872345695, 'final': 112.27982882099201, 'steps_to_threshold': 100000.0, 'reached_threshold': 1.0}
02:40:45  DEBUG    id=1    fitness=   67.365 limbs=12 depth=5 metrics={'auc': 67.36476421651072, 'final': 69.29144577361375, 'steps_to_threshold': 0.0, 'reached_threshold': 1.0}
02:40:45  DEBUG    id=2    fitness=   47.446 limbs=12 depth=5 metrics={'auc': 47.44558513557205, 'final': 46.608522741444354, 'steps_to_threshold': 0.0, 'reached_threshold': 1.0}
02:40:45  DEBUG    id=3    fitness=   52.778 limbs= 2 depth=2 metrics={'auc': 52.7781592834065, 'final': 46.76997672307903, 'steps_to_threshold': 0.0, 'reached_threshold': 1.0}
02:40:45  DEBUG    id=4    fitness=   44.100 limbs=12 depth=5 metrics={'auc': 44.099549069900306, 'final': 44.78215928357465, 'steps_to_threshold': 0.0, 'reached_threshold': 1.0}
02:40:45  DEBUG    id=5    fitness=   54.833 limbs= 7 depth=5 metrics={'auc': 54.833382275083494, 'final': 55.0766340317781, 'steps_to_threshold': 0.0, 'reached_threshold': 1.0}
02:40:45  DEBUG    id=6    fitness=   37.079 limbs= 7 depth=5 metrics={'auc': 37.07945305373963, 'final': 35.0716562173316, 'steps_to_threshold': 0.0, 'reached_threshold': 1.0}
02:40:45  DEBUG    id=7    fitness=   52.507 limbs=12 depth=5 metrics={'auc': 52.507286980961425, 'final': 52.20201835634051, 'steps_to_threshold': 0.0, 'reached_threshold': 1.0}
02:40:45  DEBUG    id=8    fitness=   57.172 limbs= 2 depth=2 metrics={'auc': 57.17216918079359, 'final': 56.46679870426302, 'steps_to_threshold': 0.0, 'reached_threshold': 1.0}
02:40:45  DEBUG    id=9    fitness=   56.692 limbs=12 depth=5 metrics={'auc': 56.69156499812876, 'final': 57.622908338546466, 'steps_to_threshold': 0.0, 'reached_threshold': 1.0}
02:40:45  DEBUG    id=10   fitness=   49.417 limbs=12 depth=5 metrics={'auc': 49.4174000337605, 'final': 56.79309928754625, 'steps_to_threshold': 30000.0, 'reached_threshold': 1.0}
02:40:45  DEBUG    id=11   fitness=   37.647 limbs=12 depth=5 metrics={'auc': 37.64707897682767, 'final': 36.97702679796863, 'steps_to_threshold': 0.0, 'reached_threshold': 1.0}
02:40:45  DEBUG    id=12   fitness=   49.176 limbs= 4 depth=3 metrics={'auc': 49.17558504408007, 'final': 38.75554094382013, 'steps_to_threshold': 0.0, 'reached_threshold': 1.0}
02:40:45  DEBUG    id=13   fitness=   46.754 limbs=12 depth=5 metrics={'auc': 46.754118564208234, 'final': 46.201178659542, 'steps_to_threshold': 0.0, 'reached_threshold': 1.0}
02:40:45  DEBUG    id=14   fitness=   53.993 limbs= 2 depth=2 metrics={'auc': 53.9928462799038, 'final': 53.873522748434745, 'steps_to_threshold': 0.0, 'reached_threshold': 1.0}
02:40:45  DEBUG    id=15   fitness=   51.220 limbs=12 depth=5 metrics={'auc': 51.220421732881924, 'final': 52.294509439101766, 'steps_to_threshold': 0.0, 'reached_threshold': 1.0}
02:40:45  INFO   gen 0 done | best 67.365 (id=1, 12 limbs) | mean 50.898 | worst 37.079 | invalid 0 | 80.4s
02:40:45  INFO     ~1.3 min/gen, est. 25.4 min remaining
02:40:45  INFO   gen 1: evaluating 14/16 individuals (8 workers)
02:41:52  DEBUG    id=16   fitness=   53.487 limbs= 7 depth=5 metrics={'auc': 53.4867949237616, 'final': 53.31610052677738, 'steps_to_threshold': 0.0, 'reached_threshold': 1.0}
02:41:52  DEBUG    id=17   fitness=   44.338 limbs= 2 depth=2 metrics={'auc': 44.337990476441306, 'final': 35.25531007168059, 'steps_to_threshold': 0.0, 'reached_threshold': 1.0}
02:41:52  DEBUG    id=18   fitness=   53.665 limbs= 2 depth=2 metrics={'auc': 53.665151289881074, 'final': 53.6335821719995, 'steps_to_threshold': 0.0, 'reached_threshold': 1.0}
02:41:52  DEBUG    id=19   fitness=   41.692 limbs=12 depth=5 metrics={'auc': 41.69161528920284, 'final': 40.76036862331899, 'steps_to_threshold': 0.0, 'reached_threshold': 1.0}
02:41:52  DEBUG    id=20   fitness=   60.565 limbs=12 depth=5 metrics={'auc': 60.56499964254935, 'final': 65.33960350483858, 'steps_to_threshold': 0.0, 'reached_threshold': 1.0}
02:41:52  DEBUG    id=21   fitness=   48.595 limbs= 2 depth=2 metrics={'auc': 48.594755790494744, 'final': 45.530193317609594, 'steps_to_threshold': 0.0, 'reached_threshold': 1.0}
02:41:52  DEBUG    id=22   fitness=   51.389 limbs= 2 depth=2 metrics={'auc': 51.38940873217525, 'final': 52.370931953359936, 'steps_to_threshold': 0.0, 'reached_threshold': 1.0}
02:41:52  DEBUG    id=23   fitness=   55.178 limbs= 2 depth=2 metrics={'auc': 55.177766022739036, 'final': 54.7403908812272, 'steps_to_threshold': 0.0, 'reached_threshold': 1.0}
02:41:52  DEBUG    id=24   fitness=   47.419 limbs= 2 depth=2 metrics={'auc': 47.41911918760305, 'final': 49.32847186022871, 'steps_to_threshold': 0.0, 'reached_threshold': 1.0}
02:41:52  DEBUG    id=25   fitness=   43.679 limbs=12 depth=5 metrics={'auc': 43.679435684556644, 'final': 58.46287706524499, 'steps_to_threshold': 10000.0, 'reached_threshold': 1.0}
02:41:52  DEBUG    id=26   fitness=   51.157 limbs= 3 depth=2 metrics={'auc': 51.156566600815225, 'final': 56.45330336985791, 'steps_to_threshold': 0.0, 'reached_threshold': 1.0}
02:41:52  DEBUG    id=27   fitness=   46.943 limbs=12 depth=5 metrics={'auc': 46.943016770201986, 'final': 47.45797539386586, 'steps_to_threshold': 0.0, 'reached_threshold': 1.0}
02:41:52  DEBUG    id=28   fitness=   51.005 limbs=12 depth=5 metrics={'auc': 51.00526432474024, 'final': 54.63632671498133, 'steps_to_threshold': 0.0, 'reached_threshold': 1.0}
02:41:52  DEBUG    id=29   fitness=   67.641 limbs=12 depth=5 metrics={'auc': 67.64114809725874, 'final': 67.65656770719562, 'steps_to_threshold': 0.0, 'reached_threshold': 1.0}
02:41:52  INFO   gen 1 done | best 67.641 (id=29, 12 limbs) | mean 52.581 | worst 41.692 | invalid 0 | 66.9s
02:41:52  INFO     ~1.2 min/gen, est. 22.1 min remaining
02:41:52  INFO   gen 2: evaluating 14/16 individuals (8 workers)
02:42:56  DEBUG    id=30   fitness=   53.392 limbs= 2 depth=2 metrics={'auc': 53.39195239260252, 'final': 53.11708808449229, 'steps_to_threshold': 0.0, 'reached_threshold': 1.0}
02:42:56  DEBUG    id=31   fitness=   70.907 limbs=12 depth=5 metrics={'auc': 70.90689576563219, 'final': 68.09049624093018, 'steps_to_threshold': 0.0, 'reached_threshold': 1.0}
02:42:56  DEBUG    id=32   fitness=   53.910 limbs= 2 depth=2 metrics={'auc': 53.90979166527731, 'final': 53.60498165851333, 'steps_to_threshold': 0.0, 'reached_threshold': 1.0}
02:42:56  DEBUG    id=33   fitness=   48.239 limbs=11 depth=5 metrics={'auc': 48.238887189178875, 'final': 52.99274464938936, 'steps_to_threshold': 0.0, 'reached_threshold': 1.0}
02:42:56  DEBUG    id=34   fitness=   53.862 limbs= 2 depth=2 metrics={'auc': 53.862343762913646, 'final': 54.36692948497147, 'steps_to_threshold': 0.0, 'reached_threshold': 1.0}
02:42:56  DEBUG    id=35   fitness=   65.348 limbs=12 depth=5 metrics={'auc': 65.3476267797193, 'final': 64.51230615893645, 'steps_to_threshold': 0.0, 'reached_threshold': 1.0}
02:42:56  DEBUG    id=36   fitness=     -inf limbs= 1 depth=1 metrics={'invalid': 'no_actuators'}
02:42:56  DEBUG    id=37   fitness=     -inf limbs= 1 depth=1 metrics={'invalid': 'no_actuators'}
02:42:56  DEBUG    id=38   fitness=   67.127 limbs=12 depth=5 metrics={'auc': 67.12724121723139, 'final': 67.5594769933641, 'steps_to_threshold': 0.0, 'reached_threshold': 1.0}
02:42:56  DEBUG    id=39   fitness=   56.307 limbs= 2 depth=2 metrics={'auc': 56.30746757615756, 'final': 50.157507571463746, 'steps_to_threshold': 0.0, 'reached_threshold': 1.0}
02:42:56  DEBUG    id=40   fitness=   66.861 limbs=12 depth=5 metrics={'auc': 66.86112211868105, 'final': 66.89286102578247, 'steps_to_threshold': 0.0, 'reached_threshold': 1.0}
02:42:56  DEBUG    id=41   fitness=   68.345 limbs=12 depth=5 metrics={'auc': 68.34534391727406, 'final': 68.50047726948843, 'steps_to_threshold': 0.0, 'reached_threshold': 1.0}
02:42:56  DEBUG    id=42   fitness=   49.530 limbs=12 depth=5 metrics={'auc': 49.53047980372952, 'final': 50.91501493887903, 'steps_to_threshold': 0.0, 'reached_threshold': 1.0}
02:42:56  DEBUG    id=43   fitness=   65.092 limbs=12 depth=5 metrics={'auc': 65.09221369328577, 'final': 63.981280267206024, 'steps_to_threshold': 0.0, 'reached_threshold': 1.0}
02:42:56  INFO   gen 2 done | best 70.907 (id=31, 12 limbs) | mean 60.995 | worst 48.239 | invalid 2 | 64.3s
02:42:56  INFO     ~1.2 min/gen, est. 20.0 min remaining
02:42:56  INFO   gen 3: evaluating 14/16 individuals (8 workers)
02:44:16  DEBUG    id=44   fitness=     -inf limbs= 1 depth=1 metrics={'invalid': 'no_actuators'}
02:44:16  DEBUG    id=45   fitness=   35.252 limbs=12 depth=5 metrics={'auc': 35.251632870080535, 'final': 37.150398544994175, 'steps_to_threshold': 0.0, 'reached_threshold': 1.0}
02:44:16  DEBUG    id=46   fitness=   63.184 limbs=12 depth=5 metrics={'auc': 63.18371989167923, 'final': 61.515585846544575, 'steps_to_threshold': 0.0, 'reached_threshold': 1.0}
02:44:16  DEBUG    id=47   fitness=   68.024 limbs=12 depth=5 metrics={'auc': 68.02406310348186, 'final': 66.93174669258774, 'steps_to_threshold': 0.0, 'reached_threshold': 1.0}
02:44:16  DEBUG    id=48   fitness=   43.686 limbs=12 depth=5 metrics={'auc': 43.68572787763526, 'final': 39.93565537089564, 'steps_to_threshold': 0.0, 'reached_threshold': 1.0}
02:44:16  DEBUG    id=49   fitness=   57.972 limbs=12 depth=5 metrics={'auc': 57.971612974491876, 'final': 52.988391400030444, 'steps_to_threshold': 0.0, 'reached_threshold': 1.0}
02:44:16  DEBUG    id=50   fitness=     -inf limbs= 1 depth=1 metrics={'invalid': 'no_actuators'}
02:44:16  DEBUG    id=51   fitness=   67.097 limbs=12 depth=5 metrics={'auc': 67.0972470207922, 'final': 66.67931166348494, 'steps_to_threshold': 0.0, 'reached_threshold': 1.0}
02:44:16  DEBUG    id=52   fitness=   54.576 limbs=11 depth=5 metrics={'auc': 54.57580885263509, 'final': 40.475235134906974, 'steps_to_threshold': 0.0, 'reached_threshold': 1.0}
02:44:16  DEBUG    id=53   fitness=   67.644 limbs=12 depth=5 metrics={'auc': 67.64401302307151, 'final': 64.90111216089855, 'steps_to_threshold': 0.0, 'reached_threshold': 1.0}
02:44:16  DEBUG    id=54   fitness=   77.752 limbs=11 depth=5 metrics={'auc': 77.75161371297979, 'final': 85.74962076259254, 'steps_to_threshold': 0.0, 'reached_threshold': 1.0}
02:44:16  DEBUG    id=55   fitness=   66.657 limbs=12 depth=5 metrics={'auc': 66.65722696644805, 'final': 66.27874461532676, 'steps_to_threshold': 0.0, 'reached_threshold': 1.0}
02:44:16  DEBUG    id=56   fitness=   67.039 limbs=12 depth=5 metrics={'auc': 67.03877119813109, 'final': 67.16064933904376, 'steps_to_threshold': 0.0, 'reached_threshold': 1.0}
02:44:16  DEBUG    id=57   fitness=   65.317 limbs=12 depth=5 metrics={'auc': 65.31703499556895, 'final': 77.90911421089625, 'steps_to_threshold': 0.0, 'reached_threshold': 1.0}
02:44:16  INFO   gen 3 done | best 77.752 (id=54, 11 limbs) | mean 62.389 | worst 35.252 | invalid 2 | 79.8s
02:44:16  INFO     ~1.2 min/gen, est. 19.4 min remaining
02:44:16  INFO   gen 4: evaluating 14/16 individuals (8 workers)
02:45:40  DEBUG    id=58   fitness=   70.280 limbs=11 depth=5 metrics={'auc': 70.27964055352678, 'final': 77.07509506429854, 'steps_to_threshold': 0.0, 'reached_threshold': 1.0}
02:45:40  DEBUG    id=59   fitness=   65.764 limbs=11 depth=5 metrics={'auc': 65.76355967506754, 'final': 77.00305018206404, 'steps_to_threshold': 0.0, 'reached_threshold': 1.0}
02:45:40  DEBUG    id=60   fitness=   72.272 limbs=12 depth=5 metrics={'auc': 72.27193616555873, 'final': 72.67393634108222, 'steps_to_threshold': 0.0, 'reached_threshold': 1.0}
02:45:40  DEBUG    id=61   fitness=   65.114 limbs=12 depth=5 metrics={'auc': 65.11380266436426, 'final': 70.1099141811991, 'steps_to_threshold': 0.0, 'reached_threshold': 1.0}
02:45:40  DEBUG    id=62   fitness=   55.275 limbs=11 depth=5 metrics={'auc': 55.27535442352012, 'final': 55.911005045767354, 'steps_to_threshold': 0.0, 'reached_threshold': 1.0}
02:45:40  DEBUG    id=63   fitness=   49.610 limbs=11 depth=5 metrics={'auc': 49.60998697034188, 'final': 36.988856099384556, 'steps_to_threshold': 0.0, 'reached_threshold': 1.0}
02:45:40  DEBUG    id=64   fitness=   67.930 limbs=12 depth=5 metrics={'auc': 67.92961286088597, 'final': 67.73728214718153, 'steps_to_threshold': 0.0, 'reached_threshold': 1.0}
02:45:40  DEBUG    id=65   fitness=   71.903 limbs=12 depth=5 metrics={'auc': 71.90339218263468, 'final': 69.58958477223126, 'steps_to_threshold': 0.0, 'reached_threshold': 1.0}
02:45:40  DEBUG    id=66   fitness=   58.150 limbs=10 depth=5 metrics={'auc': 58.15022849398489, 'final': 57.597871495900904, 'steps_to_threshold': 0.0, 'reached_threshold': 1.0}
02:45:40  DEBUG    id=67   fitness=   77.273 limbs=12 depth=5 metrics={'auc': 77.27327818757108, 'final': 76.97612650900679, 'steps_to_threshold': 0.0, 'reached_threshold': 1.0}
02:45:40  DEBUG    id=68   fitness=   45.369 limbs=12 depth=5 metrics={'auc': 45.36881305060538, 'final': 42.273132747202624, 'steps_to_threshold': 10000.0, 'reached_threshold': 1.0}
02:45:40  DEBUG    id=69   fitness=   67.113 limbs=12 depth=5 metrics={'auc': 67.11264749873573, 'final': 66.26502714105658, 'steps_to_threshold': 0.0, 'reached_threshold': 1.0}
02:45:40  DEBUG    id=70   fitness=   65.831 limbs=12 depth=5 metrics={'auc': 65.83106421678723, 'final': 66.34582158284303, 'steps_to_threshold': 0.0, 'reached_threshold': 1.0}
02:45:40  DEBUG    id=71   fitness=   68.470 limbs=12 depth=5 metrics={'auc': 68.47027575817071, 'final': 67.19435816810142, 'steps_to_threshold': 0.0, 'reached_threshold': 1.0}
02:45:40  INFO   gen 4 done | best 77.752 (id=54, 11 limbs) | mean 65.563 | worst 45.369 | invalid 0 | 83.6s
02:45:40  INFO     ~1.2 min/gen, est. 18.7 min remaining
02:45:40  INFO   gen 5: evaluating 14/16 individuals (8 workers)
02:47:01  DEBUG    id=72   fitness=   45.879 limbs=12 depth=5 metrics={'auc': 45.879256270013805, 'final': 49.082976578792604, 'steps_to_threshold': 0.0, 'reached_threshold': 1.0}
02:47:01  DEBUG    id=73   fitness=   60.547 limbs=11 depth=5 metrics={'auc': 60.547422237987675, 'final': 67.02485053217622, 'steps_to_threshold': 0.0, 'reached_threshold': 1.0}
02:47:01  DEBUG    id=74   fitness=   75.354 limbs=11 depth=5 metrics={'auc': 75.35408346344934, 'final': 75.24590550739622, 'steps_to_threshold': 0.0, 'reached_threshold': 1.0}
02:47:01  DEBUG    id=75   fitness=   76.230 limbs=11 depth=5 metrics={'auc': 76.22978983083244, 'final': 78.99005670010405, 'steps_to_threshold': 0.0, 'reached_threshold': 1.0}
02:47:01  DEBUG    id=76   fitness=   78.293 limbs=11 depth=5 metrics={'auc': 78.29251475805239, 'final': 73.07019848766916, 'steps_to_threshold': 0.0, 'reached_threshold': 1.0}
02:47:01  DEBUG    id=77   fitness=   66.040 limbs= 2 depth=2 metrics={'auc': 66.04025435690266, 'final': 58.52357672767534, 'steps_to_threshold': 10000.0, 'reached_threshold': 1.0}
02:47:01  DEBUG    id=78   fitness=   60.502 limbs=12 depth=5 metrics={'auc': 60.50245361191324, 'final': 59.57202622627455, 'steps_to_threshold': 0.0, 'reached_threshold': 1.0}
02:47:01  DEBUG    id=79   fitness=   65.820 limbs=11 depth=5 metrics={'auc': 65.81977994215315, 'final': 87.08216075611739, 'steps_to_threshold': 0.0, 'reached_threshold': 1.0}
02:47:01  DEBUG    id=80   fitness=   68.521 limbs=12 depth=5 metrics={'auc': 68.52075420477712, 'final': 68.34507687325177, 'steps_to_threshold': 0.0, 'reached_threshold': 1.0}
02:47:01  DEBUG    id=81   fitness=   41.339 limbs=12 depth=5 metrics={'auc': 41.338915110318, 'final': 41.775981189579596, 'steps_to_threshold': 0.0, 'reached_threshold': 1.0}
02:47:01  DEBUG    id=82   fitness=   26.561 limbs= 9 depth=5 metrics={'auc': 26.56074934795551, 'final': 26.991834626046938, 'steps_to_threshold': 30000.0, 'reached_threshold': 1.0}
02:47:01  DEBUG    id=83   fitness=   57.196 limbs=12 depth=5 metrics={'auc': 57.195854089390785, 'final': 59.70473744820185, 'steps_to_threshold': 0.0, 'reached_threshold': 1.0}
02:47:01  DEBUG    id=84   fitness=   75.305 limbs=10 depth=5 metrics={'auc': 75.30517421223874, 'final': 86.04378672638222, 'steps_to_threshold': 0.0, 'reached_threshold': 1.0}
02:47:01  DEBUG    id=85   fitness=   75.503 limbs=12 depth=5 metrics={'auc': 75.50341528211229, 'final': 74.44718881275419, 'steps_to_threshold': 0.0, 'reached_threshold': 1.0}
02:47:01  INFO   gen 5 done | best 78.293 (id=76, 11 limbs) | mean 64.257 | worst 26.561 | invalid 0 | 81.0s
02:47:01  INFO     ~1.3 min/gen, est. 17.7 min remaining
02:47:01  INFO   gen 6: evaluating 14/16 individuals (8 workers)
02:48:22  DEBUG    id=86   fitness=   67.069 limbs=12 depth=5 metrics={'auc': 67.06909367082304, 'final': 67.37548631706939, 'steps_to_threshold': 0.0, 'reached_threshold': 1.0}
02:48:22  DEBUG    id=87   fitness=   38.041 limbs=11 depth=5 metrics={'auc': 38.04122800094647, 'final': 46.423867303800854, 'steps_to_threshold': 0.0, 'reached_threshold': 1.0}
02:48:22  DEBUG    id=88   fitness=   65.522 limbs= 2 depth=2 metrics={'auc': 65.52194480263469, 'final': 94.11990448461557, 'steps_to_threshold': 30000.0, 'reached_threshold': 1.0}
02:48:22  DEBUG    id=89   fitness=   66.235 limbs=11 depth=5 metrics={'auc': 66.23541046470517, 'final': 64.4129967122995, 'steps_to_threshold': 0.0, 'reached_threshold': 1.0}
02:48:22  DEBUG    id=90   fitness=   69.813 limbs=11 depth=5 metrics={'auc': 69.81290846466554, 'final': 57.64612630468537, 'steps_to_threshold': 10000.0, 'reached_threshold': 1.0}
02:48:22  DEBUG    id=91   fitness=   70.028 limbs=12 depth=5 metrics={'auc': 70.02793423149163, 'final': 66.23806101529966, 'steps_to_threshold': 0.0, 'reached_threshold': 1.0}
02:48:22  DEBUG    id=92   fitness=   69.997 limbs=12 depth=5 metrics={'auc': 69.99718406860437, 'final': 77.13749831506323, 'steps_to_threshold': 0.0, 'reached_threshold': 1.0}
02:48:22  DEBUG    id=93   fitness=   75.053 limbs=11 depth=5 metrics={'auc': 75.05319923948419, 'final': 75.02725961985702, 'steps_to_threshold': 0.0, 'reached_threshold': 1.0}
02:48:22  DEBUG    id=94   fitness=   54.238 limbs=11 depth=5 metrics={'auc': 54.237696687421014, 'final': 54.92176287309229, 'steps_to_threshold': 0.0, 'reached_threshold': 1.0}
02:48:22  DEBUG    id=95   fitness=   52.417 limbs=12 depth=5 metrics={'auc': 52.41671588391397, 'final': 47.12069311350424, 'steps_to_threshold': 0.0, 'reached_threshold': 1.0}
02:48:22  DEBUG    id=96   fitness=   51.205 limbs= 8 depth=5 metrics={'auc': 51.20464634825286, 'final': 48.946725950193674, 'steps_to_threshold': 0.0, 'reached_threshold': 1.0}
02:48:22  DEBUG    id=97   fitness=   62.155 limbs=12 depth=5 metrics={'auc': 62.15544300099714, 'final': 54.51588390298436, 'steps_to_threshold': 0.0, 'reached_threshold': 1.0}
02:48:22  DEBUG    id=98   fitness=   62.148 limbs=12 depth=5 metrics={'auc': 62.147862184660625, 'final': 61.2830949994285, 'steps_to_threshold': 0.0, 'reached_threshold': 1.0}
02:48:22  DEBUG    id=99   fitness=   61.186 limbs=12 depth=5 metrics={'auc': 61.18585215486395, 'final': 61.426042376896554, 'steps_to_threshold': 0.0, 'reached_threshold': 1.0}
02:48:22  INFO   gen 6 done | best 78.293 (id=76, 11 limbs) | mean 63.822 | worst 38.041 | invalid 0 | 80.7s
02:48:22  INFO     ~1.3 min/gen, est. 16.6 min remaining
02:48:22  INFO   gen 7: evaluating 14/16 individuals (8 workers)
02:49:41  DEBUG    id=100  fitness=   66.587 limbs=12 depth=5 metrics={'auc': 66.58711905952289, 'final': 65.52401194525933, 'steps_to_threshold': 0.0, 'reached_threshold': 1.0}
02:49:41  DEBUG    id=101  fitness=   55.275 limbs=12 depth=5 metrics={'auc': 55.27495929792974, 'final': 65.97449165688356, 'steps_to_threshold': 0.0, 'reached_threshold': 1.0}
02:49:41  DEBUG    id=102  fitness=   80.016 limbs=11 depth=5 metrics={'auc': 80.01594055783424, 'final': 79.20566384978277, 'steps_to_threshold': 0.0, 'reached_threshold': 1.0}
02:49:41  DEBUG    id=103  fitness=   40.377 limbs=12 depth=5 metrics={'auc': 40.37709022170552, 'final': 34.049037388196105, 'steps_to_threshold': 30000.0, 'reached_threshold': 1.0}
02:49:41  DEBUG    id=104  fitness=   72.579 limbs=12 depth=5 metrics={'auc': 72.5788692735116, 'final': 73.25749290487153, 'steps_to_threshold': 0.0, 'reached_threshold': 1.0}
02:49:41  DEBUG    id=105  fitness=   66.837 limbs=11 depth=5 metrics={'auc': 66.83672237890234, 'final': 69.24261209767553, 'steps_to_threshold': 0.0, 'reached_threshold': 1.0}
02:49:41  DEBUG    id=106  fitness=     -inf limbs= 1 depth=1 metrics={'invalid': 'no_actuators'}
02:49:41  DEBUG    id=107  fitness=   58.886 limbs=11 depth=5 metrics={'auc': 58.886384204635576, 'final': 59.55504837521912, 'steps_to_threshold': 0.0, 'reached_threshold': 1.0}
02:49:41  DEBUG    id=108  fitness=   57.485 limbs= 3 depth=3 metrics={'auc': 57.48473294719747, 'final': 57.099453214091476, 'steps_to_threshold': 0.0, 'reached_threshold': 1.0}
02:49:41  DEBUG    id=109  fitness=   56.056 limbs=11 depth=5 metrics={'auc': 56.056201105235544, 'final': 57.63696500936097, 'steps_to_threshold': 0.0, 'reached_threshold': 1.0}
02:49:41  DEBUG    id=110  fitness=   58.481 limbs=11 depth=5 metrics={'auc': 58.481023297940375, 'final': 55.633221345849336, 'steps_to_threshold': 0.0, 'reached_threshold': 1.0}
02:49:41  DEBUG    id=111  fitness=   69.130 limbs=12 depth=5 metrics={'auc': 69.13032755927486, 'final': 65.87446077939167, 'steps_to_threshold': 0.0, 'reached_threshold': 1.0}
02:49:41  DEBUG    id=112  fitness=   70.350 limbs=12 depth=5 metrics={'auc': 70.34998861264161, 'final': 67.50841415034513, 'steps_to_threshold': 0.0, 'reached_threshold': 1.0}
02:49:41  DEBUG    id=113  fitness=   59.826 limbs=12 depth=5 metrics={'auc': 59.82552285902596, 'final': 42.233470454445076, 'steps_to_threshold': 0.0, 'reached_threshold': 1.0}
02:49:41  INFO   gen 7 done | best 80.016 (id=102, 11 limbs) | mean 64.529 | worst 40.377 | invalid 1 | 79.7s
02:49:41  INFO     ~1.3 min/gen, est. 15.4 min remaining
02:49:41  INFO   gen 8: evaluating 14/16 individuals (8 workers)
02:51:01  DEBUG    id=114  fitness=   70.690 limbs=12 depth=5 metrics={'auc': 70.69046789604091, 'final': 70.98422304806714, 'steps_to_threshold': 0.0, 'reached_threshold': 1.0}
02:51:01  DEBUG    id=115  fitness=   62.884 limbs=12 depth=5 metrics={'auc': 62.88425208466962, 'final': 63.97769935356774, 'steps_to_threshold': 0.0, 'reached_threshold': 1.0}
02:51:01  DEBUG    id=116  fitness=   59.045 limbs=11 depth=5 metrics={'auc': 59.04536846692851, 'final': 79.19791670619462, 'steps_to_threshold': 20000.0, 'reached_threshold': 1.0}
02:51:01  DEBUG    id=117  fitness=   65.462 limbs=11 depth=5 metrics={'auc': 65.46208787905421, 'final': 64.59840934967231, 'steps_to_threshold': 0.0, 'reached_threshold': 1.0}
02:51:01  DEBUG    id=118  fitness=   48.805 limbs=12 depth=5 metrics={'auc': 48.805197822731984, 'final': 44.97619874447076, 'steps_to_threshold': 0.0, 'reached_threshold': 1.0}
02:51:01  DEBUG    id=119  fitness=   42.457 limbs=11 depth=5 metrics={'auc': 42.45718622314056, 'final': 40.89344749522689, 'steps_to_threshold': 0.0, 'reached_threshold': 1.0}
02:51:01  DEBUG    id=120  fitness=   61.816 limbs=12 depth=5 metrics={'auc': 61.816246266813145, 'final': 65.77970247492159, 'steps_to_threshold': 0.0, 'reached_threshold': 1.0}
02:51:01  DEBUG    id=121  fitness=   71.915 limbs=12 depth=5 metrics={'auc': 71.91490447202636, 'final': 75.97920397408329, 'steps_to_threshold': 0.0, 'reached_threshold': 1.0}
02:51:01  DEBUG    id=122  fitness=   70.292 limbs=11 depth=5 metrics={'auc': 70.29206227131584, 'final': 71.06886429939185, 'steps_to_threshold': 0.0, 'reached_threshold': 1.0}
02:51:01  DEBUG    id=123  fitness=   80.768 limbs=11 depth=5 metrics={'auc': 80.76786403846252, 'final': 78.09319122312883, 'steps_to_threshold': 0.0, 'reached_threshold': 1.0}
02:51:01  DEBUG    id=124  fitness=   64.137 limbs=11 depth=5 metrics={'auc': 64.13679426198512, 'final': 67.26529905400447, 'steps_to_threshold': 0.0, 'reached_threshold': 1.0}
02:51:01  DEBUG    id=125  fitness=   78.633 limbs=11 depth=5 metrics={'auc': 78.63324038597695, 'final': 78.7674745903693, 'steps_to_threshold': 0.0, 'reached_threshold': 1.0}
02:51:01  DEBUG    id=126  fitness=   52.053 limbs= 2 depth=2 metrics={'auc': 52.05320476056343, 'final': 44.36329797160979, 'steps_to_threshold': 0.0, 'reached_threshold': 1.0}
02:51:01  DEBUG    id=127  fitness=   49.326 limbs=12 depth=5 metrics={'auc': 49.32554805429926, 'final': 66.17997871732456, 'steps_to_threshold': 30000.0, 'reached_threshold': 1.0}
02:51:01  INFO   gen 8 done | best 80.768 (id=123, 11 limbs) | mean 64.787 | worst 42.457 | invalid 0 | 79.6s
02:51:01  INFO     ~1.3 min/gen, est. 14.2 min remaining
02:51:01  INFO   gen 9: evaluating 14/16 individuals (8 workers)
02:52:21  DEBUG    id=128  fitness=   63.784 limbs=12 depth=5 metrics={'auc': 63.784068179843764, 'final': 64.30359249691763, 'steps_to_threshold': 0.0, 'reached_threshold': 1.0}
02:52:21  DEBUG    id=129  fitness=   73.480 limbs=12 depth=5 metrics={'auc': 73.48034372726018, 'final': 77.33052677462086, 'steps_to_threshold': 0.0, 'reached_threshold': 1.0}
02:52:21  DEBUG    id=130  fitness=   69.667 limbs=12 depth=5 metrics={'auc': 69.66724125124847, 'final': 68.25427928966656, 'steps_to_threshold': 0.0, 'reached_threshold': 1.0}
02:52:21  DEBUG    id=131  fitness=   60.225 limbs=11 depth=5 metrics={'auc': 60.224763263170736, 'final': 38.23878162271023, 'steps_to_threshold': 0.0, 'reached_threshold': 1.0}
02:52:21  DEBUG    id=132  fitness=   62.152 limbs=11 depth=5 metrics={'auc': 62.15187493109027, 'final': 59.69047535747245, 'steps_to_threshold': 0.0, 'reached_threshold': 1.0}
02:52:21  DEBUG    id=133  fitness=   82.692 limbs=11 depth=5 metrics={'auc': 82.69232378900925, 'final': 83.74027245850262, 'steps_to_threshold': 0.0, 'reached_threshold': 1.0}
02:52:21  DEBUG    id=134  fitness=   59.694 limbs=11 depth=5 metrics={'auc': 59.69412024541658, 'final': 51.78798503712255, 'steps_to_threshold': 0.0, 'reached_threshold': 1.0}
02:52:21  DEBUG    id=135  fitness=   28.728 limbs= 7 depth=5 metrics={'auc': 28.728050092728306, 'final': 47.51971311210885, 'steps_to_threshold': 50000.0, 'reached_threshold': 1.0}
02:52:21  DEBUG    id=136  fitness=   77.516 limbs=12 depth=5 metrics={'auc': 77.51599323173875, 'final': 75.3661709250285, 'steps_to_threshold': 0.0, 'reached_threshold': 1.0}
02:52:21  DEBUG    id=137  fitness=   69.151 limbs= 3 depth=2 metrics={'auc': 69.15083081889041, 'final': 75.91362417706331, 'steps_to_threshold': 20000.0, 'reached_threshold': 1.0}
02:52:21  DEBUG    id=138  fitness=   69.040 limbs=11 depth=5 metrics={'auc': 69.04003230581168, 'final': 65.70990086006047, 'steps_to_threshold': 0.0, 'reached_threshold': 1.0}
02:52:21  DEBUG    id=139  fitness=   68.190 limbs=11 depth=5 metrics={'auc': 68.1897872420895, 'final': 82.93399747059732, 'steps_to_threshold': 0.0, 'reached_threshold': 1.0}
02:52:21  DEBUG    id=140  fitness=   59.012 limbs=11 depth=5 metrics={'auc': 59.011794382294184, 'final': 57.57507847106822, 'steps_to_threshold': 0.0, 'reached_threshold': 1.0}
02:52:21  DEBUG    id=141  fitness=   68.005 limbs=11 depth=5 metrics={'auc': 68.00518348508638, 'final': 62.117357977169654, 'steps_to_threshold': 0.0, 'reached_threshold': 1.0}
02:52:21  INFO   gen 9 done | best 82.692 (id=133, 11 limbs) | mean 67.008 | worst 28.728 | invalid 0 | 80.6s
02:52:21  INFO     ~1.3 min/gen, est. 12.9 min remaining
02:52:21  INFO   gen 10: evaluating 14/16 individuals (8 workers)
02:53:43  DEBUG    id=142  fitness=   74.455 limbs=11 depth=5 metrics={'auc': 74.45531103796034, 'final': 66.85678040556725, 'steps_to_threshold': 0.0, 'reached_threshold': 1.0}
02:53:43  DEBUG    id=143  fitness=   83.791 limbs=11 depth=5 metrics={'auc': 83.79088886273144, 'final': 87.96159286346786, 'steps_to_threshold': 0.0, 'reached_threshold': 1.0}
02:53:43  DEBUG    id=144  fitness=   83.315 limbs=11 depth=5 metrics={'auc': 83.31500403356556, 'final': 83.8729967495258, 'steps_to_threshold': 0.0, 'reached_threshold': 1.0}
02:53:43  DEBUG    id=145  fitness=   82.447 limbs=11 depth=5 metrics={'auc': 82.4469391976077, 'final': 83.32600497671196, 'steps_to_threshold': 0.0, 'reached_threshold': 1.0}
02:53:43  DEBUG    id=146  fitness=   78.200 limbs=11 depth=5 metrics={'auc': 78.20020129072968, 'final': 83.45318806795042, 'steps_to_threshold': 0.0, 'reached_threshold': 1.0}
02:53:43  DEBUG    id=147  fitness=   20.384 limbs=12 depth=5 metrics={'auc': 20.383728871243687, 'final': 12.814577781736112, 'steps_to_threshold': 10000.0, 'reached_threshold': 1.0}
02:53:43  DEBUG    id=148  fitness=   69.947 limbs=11 depth=5 metrics={'auc': 69.94667015977967, 'final': 77.64880562940513, 'steps_to_threshold': 0.0, 'reached_threshold': 1.0}
02:53:43  DEBUG    id=149  fitness=   65.738 limbs=11 depth=5 metrics={'auc': 65.73819560036983, 'final': 47.026308279238, 'steps_to_threshold': 0.0, 'reached_threshold': 1.0}
02:53:43  DEBUG    id=150  fitness=   89.699 limbs=11 depth=5 metrics={'auc': 89.69862523608654, 'final': 87.43873610140629, 'steps_to_threshold': 0.0, 'reached_threshold': 1.0}
02:53:43  DEBUG    id=151  fitness=   81.928 limbs= 2 depth=2 metrics={'auc': 81.92826296850798, 'final': 81.43647407394083, 'steps_to_threshold': 10000.0, 'reached_threshold': 1.0}
02:53:43  DEBUG    id=152  fitness=   82.875 limbs=11 depth=5 metrics={'auc': 82.87456489161343, 'final': 81.90041290614893, 'steps_to_threshold': 0.0, 'reached_threshold': 1.0}
02:53:43  DEBUG    id=153  fitness=   69.785 limbs=12 depth=5 metrics={'auc': 69.78515707482337, 'final': 70.88599428580665, 'steps_to_threshold': 0.0, 'reached_threshold': 1.0}
02:53:43  DEBUG    id=154  fitness=   67.249 limbs=11 depth=5 metrics={'auc': 67.2493503124739, 'final': 59.0114234443335, 'steps_to_threshold': 0.0, 'reached_threshold': 1.0}
02:53:43  DEBUG    id=155  fitness=   72.928 limbs=12 depth=5 metrics={'auc': 72.92823459601988, 'final': 78.14176217823069, 'steps_to_threshold': 0.0, 'reached_threshold': 1.0}
02:53:43  INFO   gen 10 done | best 89.699 (id=150, 11 limbs) | mean 74.138 | worst 20.384 | invalid 0 | 81.2s
02:53:43  INFO     ~1.3 min/gen, est. 11.7 min remaining
02:53:43  INFO   gen 11: evaluating 14/16 individuals (8 workers)
02:55:06  DEBUG    id=156  fitness=   88.822 limbs=11 depth=5 metrics={'auc': 88.82214644811016, 'final': 88.16489615318564, 'steps_to_threshold': 0.0, 'reached_threshold': 1.0}
02:55:06  DEBUG    id=157  fitness=   45.444 limbs=11 depth=5 metrics={'auc': 45.44418946864476, 'final': 46.07732661600165, 'steps_to_threshold': 0.0, 'reached_threshold': 1.0}
02:55:06  DEBUG    id=158  fitness=   63.181 limbs=11 depth=5 metrics={'auc': 63.181492385211065, 'final': 90.17677240550462, 'steps_to_threshold': 0.0, 'reached_threshold': 1.0}
02:55:06  DEBUG    id=159  fitness=   85.297 limbs=11 depth=5 metrics={'auc': 85.29736351868601, 'final': 84.49542985467146, 'steps_to_threshold': 0.0, 'reached_threshold': 1.0}
02:55:06  DEBUG    id=160  fitness=   83.901 limbs=11 depth=5 metrics={'auc': 83.90092419660404, 'final': 67.12681315443177, 'steps_to_threshold': 0.0, 'reached_threshold': 1.0}
02:55:06  DEBUG    id=161  fitness=   79.901 limbs=11 depth=5 metrics={'auc': 79.90051200904935, 'final': 78.82258479973315, 'steps_to_threshold': 0.0, 'reached_threshold': 1.0}
02:55:06  DEBUG    id=162  fitness=   83.258 limbs=11 depth=5 metrics={'auc': 83.2577342515066, 'final': 80.661944497784, 'steps_to_threshold': 0.0, 'reached_threshold': 1.0}
02:55:06  DEBUG    id=163  fitness=   75.427 limbs=11 depth=5 metrics={'auc': 75.42689563997028, 'final': 74.95586896095614, 'steps_to_threshold': 0.0, 'reached_threshold': 1.0}
02:55:06  DEBUG    id=164  fitness=   59.109 limbs=11 depth=5 metrics={'auc': 59.10887223159306, 'final': 27.60923263487409, 'steps_to_threshold': 0.0, 'reached_threshold': 1.0}
02:55:06  DEBUG    id=165  fitness=   87.191 limbs=11 depth=5 metrics={'auc': 87.1909528266868, 'final': 90.05013900219922, 'steps_to_threshold': 0.0, 'reached_threshold': 1.0}
02:55:06  DEBUG    id=166  fitness=   78.967 limbs=12 depth=5 metrics={'auc': 78.96692759321691, 'final': 78.25802372684008, 'steps_to_threshold': 0.0, 'reached_threshold': 1.0}
02:55:06  DEBUG    id=167  fitness=   71.922 limbs=11 depth=5 metrics={'auc': 71.92248256764798, 'final': 76.12705810296764, 'steps_to_threshold': 0.0, 'reached_threshold': 1.0}
02:55:06  DEBUG    id=168  fitness=   58.612 limbs=12 depth=5 metrics={'auc': 58.612124619571205, 'final': 57.54616629483473, 'steps_to_threshold': 0.0, 'reached_threshold': 1.0}
02:55:06  DEBUG    id=169  fitness=   71.506 limbs=12 depth=5 metrics={'auc': 71.50582860962852, 'final': 77.13844243249764, 'steps_to_threshold': 0.0, 'reached_threshold': 1.0}
02:55:06  INFO   gen 11 done | best 89.699 (id=150, 11 limbs) | mean 75.377 | worst 45.444 | invalid 0 | 83.2s
02:55:06  INFO     ~1.3 min/gen, est. 10.5 min remaining
02:55:06  INFO   gen 12: evaluating 14/16 individuals (8 workers)
02:56:28  DEBUG    id=170  fitness=   58.702 limbs=10 depth=5 metrics={'auc': 58.70217961354238, 'final': 58.34752578535773, 'steps_to_threshold': 0.0, 'reached_threshold': 1.0}
02:56:28  DEBUG    id=171  fitness=   69.599 limbs=11 depth=5 metrics={'auc': 69.59912734434626, 'final': 85.98809057834744, 'steps_to_threshold': 0.0, 'reached_threshold': 1.0}
02:56:28  DEBUG    id=172  fitness=   78.781 limbs=11 depth=5 metrics={'auc': 78.78050574771179, 'final': 85.70220572567125, 'steps_to_threshold': 0.0, 'reached_threshold': 1.0}
02:56:28  DEBUG    id=173  fitness=   56.495 limbs=11 depth=5 metrics={'auc': 56.49513115244998, 'final': 72.69013161604339, 'steps_to_threshold': 0.0, 'reached_threshold': 1.0}
02:56:28  DEBUG    id=174  fitness=   41.771 limbs=11 depth=5 metrics={'auc': 41.77068850699515, 'final': 63.65071756119378, 'steps_to_threshold': 0.0, 'reached_threshold': 1.0}
02:56:28  DEBUG    id=175  fitness=   85.935 limbs=11 depth=5 metrics={'auc': 85.93531643893292, 'final': 82.73387908491227, 'steps_to_threshold': 0.0, 'reached_threshold': 1.0}
02:56:28  DEBUG    id=176  fitness=   85.508 limbs=11 depth=5 metrics={'auc': 85.50823433771585, 'final': 88.53700476911361, 'steps_to_threshold': 0.0, 'reached_threshold': 1.0}
02:56:28  DEBUG    id=177  fitness=   76.797 limbs=11 depth=5 metrics={'auc': 76.79731244162139, 'final': 63.687092620001614, 'steps_to_threshold': 0.0, 'reached_threshold': 1.0}
02:56:28  DEBUG    id=178  fitness=   76.722 limbs=11 depth=5 metrics={'auc': 76.72162441968449, 'final': 56.12844951743245, 'steps_to_threshold': 0.0, 'reached_threshold': 1.0}
02:56:28  DEBUG    id=179  fitness=   83.403 limbs=11 depth=5 metrics={'auc': 83.40337053355123, 'final': 80.49615096475458, 'steps_to_threshold': 0.0, 'reached_threshold': 1.0}
02:56:28  DEBUG    id=180  fitness=   52.921 limbs=11 depth=5 metrics={'auc': 52.92129697742273, 'final': 24.90052323320026, 'steps_to_threshold': 0.0, 'reached_threshold': 1.0}
02:56:28  DEBUG    id=181  fitness=   71.546 limbs=11 depth=5 metrics={'auc': 71.5461227775903, 'final': 78.98767365837604, 'steps_to_threshold': 0.0, 'reached_threshold': 1.0}
02:56:28  DEBUG    id=182  fitness=   40.469 limbs=12 depth=5 metrics={'auc': 40.469235138730106, 'final': 32.4393907938336, 'steps_to_threshold': 0.0, 'reached_threshold': 1.0}
02:56:28  DEBUG    id=183  fitness=   59.380 limbs=12 depth=5 metrics={'auc': 59.379884114925964, 'final': 58.70902521629131, 'steps_to_threshold': 0.0, 'reached_threshold': 1.0}
02:56:28  INFO   gen 12 done | best 89.699 (id=150, 11 limbs) | mean 69.784 | worst 40.469 | invalid 0 | 82.4s
02:56:28  INFO     ~1.3 min/gen, est. 9.2 min remaining
02:56:28  INFO   gen 13: evaluating 14/16 individuals (8 workers)
02:57:49  DEBUG    id=184  fitness=   54.978 limbs=10 depth=5 metrics={'auc': 54.97821791183424, 'final': 57.45565385898262, 'steps_to_threshold': 0.0, 'reached_threshold': 1.0}
02:57:49  DEBUG    id=185  fitness=   68.282 limbs=11 depth=5 metrics={'auc': 68.28190808877082, 'final': 79.83257702775019, 'steps_to_threshold': 0.0, 'reached_threshold': 1.0}
02:57:49  DEBUG    id=186  fitness=   38.480 limbs= 8 depth=5 metrics={'auc': 38.47954076650279, 'final': 39.15006711374644, 'steps_to_threshold': 0.0, 'reached_threshold': 1.0}
02:57:49  DEBUG    id=187  fitness=     -inf limbs= 1 depth=1 metrics={'invalid': 'no_actuators'}
02:57:49  DEBUG    id=188  fitness=   59.277 limbs= 2 depth=2 metrics={'auc': 59.277148004199915, 'final': 63.52417469882668, 'steps_to_threshold': 0.0, 'reached_threshold': 1.0}
02:57:49  DEBUG    id=189  fitness=   90.373 limbs=11 depth=5 metrics={'auc': 90.37252545153355, 'final': 89.78484362027416, 'steps_to_threshold': 0.0, 'reached_threshold': 1.0}
02:57:49  DEBUG    id=190  fitness=   80.182 limbs=11 depth=5 metrics={'auc': 80.18214511929169, 'final': 76.8666317065815, 'steps_to_threshold': 0.0, 'reached_threshold': 1.0}
02:57:49  DEBUG    id=191  fitness=   81.874 limbs=11 depth=5 metrics={'auc': 81.87395289764291, 'final': 55.81270485005481, 'steps_to_threshold': 0.0, 'reached_threshold': 1.0}
02:57:49  DEBUG    id=192  fitness=   46.739 limbs=11 depth=5 metrics={'auc': 46.739447918082455, 'final': 45.897459969155555, 'steps_to_threshold': 0.0, 'reached_threshold': 1.0}
02:57:49  DEBUG    id=193  fitness=   90.910 limbs=11 depth=5 metrics={'auc': 90.91020820150504, 'final': 89.01234132748012, 'steps_to_threshold': 0.0, 'reached_threshold': 1.0}
02:57:49  DEBUG    id=194  fitness=   40.155 limbs=10 depth=5 metrics={'auc': 40.15517290766515, 'final': 39.227535037711306, 'steps_to_threshold': 0.0, 'reached_threshold': 1.0}
02:57:49  DEBUG    id=195  fitness=   71.401 limbs=11 depth=5 metrics={'auc': 71.40097844130314, 'final': 89.98732433320032, 'steps_to_threshold': 0.0, 'reached_threshold': 1.0}
02:57:49  DEBUG    id=196  fitness=   90.340 limbs=11 depth=5 metrics={'auc': 90.34023901170347, 'final': 89.56083228538903, 'steps_to_threshold': 0.0, 'reached_threshold': 1.0}
02:57:49  DEBUG    id=197  fitness=   75.116 limbs=12 depth=5 metrics={'auc': 75.11574119397346, 'final': 74.5887691928928, 'steps_to_threshold': 0.0, 'reached_threshold': 1.0}
02:57:49  INFO   gen 13 done | best 90.910 (id=193, 11 limbs) | mean 71.109 | worst 38.480 | invalid 1 | 81.2s
02:57:49  INFO     ~1.3 min/gen, est. 7.9 min remaining
02:57:49  INFO   gen 14: evaluating 14/16 individuals (8 workers)
02:59:11  DEBUG    id=198  fitness=   88.114 limbs=11 depth=5 metrics={'auc': 88.11353585753886, 'final': 89.15200334072144, 'steps_to_threshold': 0.0, 'reached_threshold': 1.0}
02:59:11  DEBUG    id=199  fitness=   87.688 limbs=11 depth=5 metrics={'auc': 87.68801060317205, 'final': 83.94436613706135, 'steps_to_threshold': 0.0, 'reached_threshold': 1.0}
02:59:11  DEBUG    id=200  fitness=   59.500 limbs=10 depth=5 metrics={'auc': 59.50038282354543, 'final': 62.353198678708736, 'steps_to_threshold': 0.0, 'reached_threshold': 1.0}
02:59:11  DEBUG    id=201  fitness=   88.936 limbs=11 depth=5 metrics={'auc': 88.93582017543731, 'final': 87.40840020514929, 'steps_to_threshold': 0.0, 'reached_threshold': 1.0}
02:59:11  DEBUG    id=202  fitness=   79.280 limbs=11 depth=5 metrics={'auc': 79.27956308151323, 'final': 77.39521938159311, 'steps_to_threshold': 0.0, 'reached_threshold': 1.0}
02:59:11  DEBUG    id=203  fitness=   79.782 limbs=11 depth=5 metrics={'auc': 79.78177224607884, 'final': 77.97636811183868, 'steps_to_threshold': 0.0, 'reached_threshold': 1.0}
02:59:11  DEBUG    id=204  fitness=   79.458 limbs=11 depth=5 metrics={'auc': 79.45799206933758, 'final': 76.23700944564185, 'steps_to_threshold': 0.0, 'reached_threshold': 1.0}
02:59:11  DEBUG    id=205  fitness=   83.185 limbs=11 depth=5 metrics={'auc': 83.18528675464019, 'final': 84.14445358223173, 'steps_to_threshold': 0.0, 'reached_threshold': 1.0}
02:59:11  DEBUG    id=206  fitness=   45.331 limbs=12 depth=5 metrics={'auc': 45.331453696125735, 'final': 45.1706557491809, 'steps_to_threshold': 0.0, 'reached_threshold': 1.0}
02:59:11  DEBUG    id=207  fitness=   74.466 limbs=11 depth=5 metrics={'auc': 74.46586760534916, 'final': 71.0588848022902, 'steps_to_threshold': 0.0, 'reached_threshold': 1.0}
02:59:11  DEBUG    id=208  fitness=   88.363 limbs=11 depth=5 metrics={'auc': 88.36304075672885, 'final': 65.80958435006724, 'steps_to_threshold': 0.0, 'reached_threshold': 1.0}
02:59:11  DEBUG    id=209  fitness=   69.669 limbs=12 depth=5 metrics={'auc': 69.66877259145744, 'final': 68.08317410321462, 'steps_to_threshold': 0.0, 'reached_threshold': 1.0}
02:59:11  DEBUG    id=210  fitness=   44.346 limbs=10 depth=5 metrics={'auc': 44.345605742782, 'final': 56.144421894664426, 'steps_to_threshold': 0.0, 'reached_threshold': 1.0}
02:59:11  DEBUG    id=211  fitness=   64.823 limbs=11 depth=5 metrics={'auc': 64.82262018734487, 'final': 43.01397637439319, 'steps_to_threshold': 0.0, 'reached_threshold': 1.0}
02:59:11  INFO   gen 14 done | best 90.910 (id=193, 11 limbs) | mean 75.889 | worst 44.346 | invalid 0 | 81.4s
02:59:11  INFO     ~1.3 min/gen, est. 6.6 min remaining
02:59:11  INFO   gen 15: evaluating 14/16 individuals (8 workers)
03:00:32  DEBUG    id=212  fitness=   39.956 limbs=10 depth=5 metrics={'auc': 39.95644677887929, 'final': 40.398021959774866, 'steps_to_threshold': 0.0, 'reached_threshold': 1.0}
03:00:32  DEBUG    id=213  fitness=   61.146 limbs=11 depth=5 metrics={'auc': 61.14643267612419, 'final': 57.021404913096255, 'steps_to_threshold': 0.0, 'reached_threshold': 1.0}
03:00:32  DEBUG    id=214  fitness=   85.087 limbs=11 depth=5 metrics={'auc': 85.08654938711814, 'final': 83.97366700742724, 'steps_to_threshold': 0.0, 'reached_threshold': 1.0}
03:00:32  DEBUG    id=215  fitness=   61.592 limbs= 7 depth=5 metrics={'auc': 61.5917084151112, 'final': 58.07150364745917, 'steps_to_threshold': 0.0, 'reached_threshold': 1.0}
03:00:32  DEBUG    id=216  fitness=   62.785 limbs=11 depth=5 metrics={'auc': 62.78540541767547, 'final': 44.008126255483596, 'steps_to_threshold': 0.0, 'reached_threshold': 1.0}
03:00:32  DEBUG    id=217  fitness=   54.417 limbs=11 depth=5 metrics={'auc': 54.416719387104486, 'final': 24.52600019564035, 'steps_to_threshold': 0.0, 'reached_threshold': 1.0}
03:00:32  DEBUG    id=218  fitness=   92.149 limbs=11 depth=5 metrics={'auc': 92.14868691071682, 'final': 91.06090900435248, 'steps_to_threshold': 0.0, 'reached_threshold': 1.0}
03:00:32  DEBUG    id=219  fitness=   82.542 limbs=11 depth=5 metrics={'auc': 82.54234987382043, 'final': 66.4903956297619, 'steps_to_threshold': 0.0, 'reached_threshold': 1.0}
03:00:32  DEBUG    id=220  fitness=   51.669 limbs=11 depth=5 metrics={'auc': 51.66883595216652, 'final': 54.55302053601897, 'steps_to_threshold': 0.0, 'reached_threshold': 1.0}
03:00:32  DEBUG    id=221  fitness=   88.853 limbs=11 depth=5 metrics={'auc': 88.8533240206756, 'final': 90.0014748441518, 'steps_to_threshold': 0.0, 'reached_threshold': 1.0}
03:00:32  DEBUG    id=222  fitness=   63.038 limbs= 3 depth=2 metrics={'auc': 63.03846996275677, 'final': 60.22240800607951, 'steps_to_threshold': 0.0, 'reached_threshold': 1.0}
03:00:32  DEBUG    id=223  fitness=   87.209 limbs=11 depth=5 metrics={'auc': 87.20893240307292, 'final': 83.80940746869287, 'steps_to_threshold': 0.0, 'reached_threshold': 1.0}
03:00:32  DEBUG    id=224  fitness=   60.000 limbs=11 depth=5 metrics={'auc': 60.00044891001597, 'final': 57.808900281014125, 'steps_to_threshold': 0.0, 'reached_threshold': 1.0}
03:00:32  DEBUG    id=225  fitness=   80.247 limbs=11 depth=5 metrics={'auc': 80.24702432191104, 'final': 32.3824252261449, 'steps_to_threshold': 0.0, 'reached_threshold': 1.0}
03:00:32  INFO   gen 15 done | best 92.149 (id=218, 11 limbs) | mean 71.998 | worst 39.956 | invalid 0 | 81.5s
03:00:32  INFO     ~1.3 min/gen, est. 5.3 min remaining
03:00:32  INFO   gen 16: evaluating 14/16 individuals (8 workers)
03:01:56  DEBUG    id=226  fitness=   80.449 limbs=11 depth=5 metrics={'auc': 80.44869068345214, 'final': 75.48289243809931, 'steps_to_threshold': 0.0, 'reached_threshold': 1.0}
03:01:56  DEBUG    id=227  fitness=   49.902 limbs=11 depth=5 metrics={'auc': 49.90178806081704, 'final': 69.95710766522761, 'steps_to_threshold': 0.0, 'reached_threshold': 1.0}
03:01:56  DEBUG    id=228  fitness=   58.106 limbs=11 depth=5 metrics={'auc': 58.10596486425594, 'final': 44.735345736126, 'steps_to_threshold': 0.0, 'reached_threshold': 1.0}
03:01:56  DEBUG    id=229  fitness=   60.771 limbs=11 depth=5 metrics={'auc': 60.77119354511468, 'final': 93.20314770121153, 'steps_to_threshold': 30000.0, 'reached_threshold': 1.0}
03:01:56  DEBUG    id=230  fitness=   34.426 limbs= 7 depth=5 metrics={'auc': 34.42614879780757, 'final': 34.82976622074721, 'steps_to_threshold': 0.0, 'reached_threshold': 1.0}
03:01:56  DEBUG    id=231  fitness=   63.045 limbs= 8 depth=5 metrics={'auc': 63.04505882582912, 'final': 76.69499386497017, 'steps_to_threshold': 40000.0, 'reached_threshold': 1.0}
03:01:56  DEBUG    id=232  fitness=   54.349 limbs=12 depth=5 metrics={'auc': 54.34902379141071, 'final': 53.75515864509657, 'steps_to_threshold': 0.0, 'reached_threshold': 1.0}
03:01:56  DEBUG    id=233  fitness=   87.284 limbs=11 depth=5 metrics={'auc': 87.28397014195187, 'final': 83.12482098069138, 'steps_to_threshold': 0.0, 'reached_threshold': 1.0}
03:01:56  DEBUG    id=234  fitness=   89.085 limbs=11 depth=5 metrics={'auc': 89.084959490121, 'final': 89.07658222561402, 'steps_to_threshold': 0.0, 'reached_threshold': 1.0}
03:01:56  DEBUG    id=235  fitness=   90.195 limbs=11 depth=5 metrics={'auc': 90.19529007487839, 'final': 90.77850575394261, 'steps_to_threshold': 0.0, 'reached_threshold': 1.0}
03:01:56  DEBUG    id=236  fitness=   73.643 limbs=11 depth=5 metrics={'auc': 73.64254855291492, 'final': 89.62330384128198, 'steps_to_threshold': 0.0, 'reached_threshold': 1.0}
03:01:56  DEBUG    id=237  fitness=   88.909 limbs=11 depth=5 metrics={'auc': 88.90948875022417, 'final': 94.27180932296373, 'steps_to_threshold': 0.0, 'reached_threshold': 1.0}
03:01:56  DEBUG    id=238  fitness=   76.714 limbs=11 depth=5 metrics={'auc': 76.71413199600092, 'final': 77.92277126026097, 'steps_to_threshold': 0.0, 'reached_threshold': 1.0}
03:01:56  DEBUG    id=239  fitness=   82.710 limbs=11 depth=5 metrics={'auc': 82.7101836079567, 'final': 82.33878053373066, 'steps_to_threshold': 0.0, 'reached_threshold': 1.0}
03:01:56  INFO   gen 16 done | best 92.149 (id=218, 11 limbs) | mean 73.290 | worst 34.426 | invalid 0 | 83.7s
03:01:56  INFO     ~1.3 min/gen, est. 4.0 min remaining
03:01:56  INFO   gen 17: evaluating 14/16 individuals (8 workers)
03:03:19  DEBUG    id=240  fitness=   65.670 limbs=11 depth=5 metrics={'auc': 65.6697218460121, 'final': 32.99247842229902, 'steps_to_threshold': 0.0, 'reached_threshold': 1.0}
03:03:19  DEBUG    id=241  fitness=   81.615 limbs=11 depth=5 metrics={'auc': 81.61490030201719, 'final': 49.445814733635736, 'steps_to_threshold': 0.0, 'reached_threshold': 1.0}
03:03:19  DEBUG    id=242  fitness=   52.149 limbs=11 depth=5 metrics={'auc': 52.148980547816976, 'final': 51.971466387292935, 'steps_to_threshold': 0.0, 'reached_threshold': 1.0}
03:03:19  DEBUG    id=243  fitness=   90.920 limbs=11 depth=5 metrics={'auc': 90.91984956597112, 'final': 92.18012647997466, 'steps_to_threshold': 0.0, 'reached_threshold': 1.0}
03:03:19  DEBUG    id=244  fitness=   87.700 limbs=11 depth=5 metrics={'auc': 87.70030996936137, 'final': 90.62558517453927, 'steps_to_threshold': 0.0, 'reached_threshold': 1.0}
03:03:19  DEBUG    id=245  fitness=   82.812 limbs=12 depth=5 metrics={'auc': 82.81228475784118, 'final': 89.644982219716, 'steps_to_threshold': 0.0, 'reached_threshold': 1.0}
03:03:19  DEBUG    id=246  fitness=   71.613 limbs=10 depth=5 metrics={'auc': 71.6126865642848, 'final': 74.90356380434584, 'steps_to_threshold': 0.0, 'reached_threshold': 1.0}
03:03:19  DEBUG    id=247  fitness=   63.928 limbs=11 depth=5 metrics={'auc': 63.9277565170902, 'final': 64.17561010061955, 'steps_to_threshold': 0.0, 'reached_threshold': 1.0}
03:03:19  DEBUG    id=248  fitness=   83.121 limbs=12 depth=5 metrics={'auc': 83.12064304667082, 'final': 81.69816694756939, 'steps_to_threshold': 0.0, 'reached_threshold': 1.0}
03:03:19  DEBUG    id=249  fitness=   35.617 limbs= 2 depth=2 metrics={'auc': 35.61677345358216, 'final': 24.976323689843955, 'steps_to_threshold': 0.0, 'reached_threshold': 1.0}
03:03:19  DEBUG    id=250  fitness=   93.693 limbs=11 depth=5 metrics={'auc': 93.6931863458427, 'final': 93.83324765380355, 'steps_to_threshold': 0.0, 'reached_threshold': 1.0}
03:03:19  DEBUG    id=251  fitness=   70.877 limbs=11 depth=5 metrics={'auc': 70.87679945576106, 'final': 83.58252268887212, 'steps_to_threshold': 0.0, 'reached_threshold': 1.0}
03:03:19  DEBUG    id=252  fitness=   85.163 limbs=11 depth=5 metrics={'auc': 85.16320079306675, 'final': 84.11277210043043, 'steps_to_threshold': 0.0, 'reached_threshold': 1.0}
03:03:19  DEBUG    id=253  fitness=   54.302 limbs=10 depth=5 metrics={'auc': 54.30202497371127, 'final': 52.85657067286104, 'steps_to_threshold': 0.0, 'reached_threshold': 1.0}
03:03:19  INFO   gen 17 done | best 93.693 (id=250, 11 limbs) | mean 75.140 | worst 35.617 | invalid 0 | 83.2s
03:03:19  INFO     ~1.3 min/gen, est. 2.7 min remaining
03:03:19  INFO   gen 18: evaluating 14/16 individuals (8 workers)
03:04:44  DEBUG    id=254  fitness=   59.597 limbs=10 depth=5 metrics={'auc': 59.5966787594396, 'final': 60.259045203773816, 'steps_to_threshold': 0.0, 'reached_threshold': 1.0}
03:04:44  DEBUG    id=255  fitness=   84.723 limbs=11 depth=5 metrics={'auc': 84.72307383730296, 'final': 80.09969611879599, 'steps_to_threshold': 0.0, 'reached_threshold': 1.0}
03:04:44  DEBUG    id=256  fitness=   91.015 limbs=11 depth=5 metrics={'auc': 91.01525881573089, 'final': 90.41904983360529, 'steps_to_threshold': 0.0, 'reached_threshold': 1.0}
03:04:44  DEBUG    id=257  fitness=   79.841 limbs=11 depth=5 metrics={'auc': 79.84112526512604, 'final': 84.68809924647819, 'steps_to_threshold': 0.0, 'reached_threshold': 1.0}
03:04:44  DEBUG    id=258  fitness=   93.923 limbs=11 depth=5 metrics={'auc': 93.92282360320371, 'final': 93.57473901376709, 'steps_to_threshold': 0.0, 'reached_threshold': 1.0}
03:04:44  DEBUG    id=259  fitness=   55.737 limbs=11 depth=5 metrics={'auc': 55.73726212495195, 'final': 52.57810385181944, 'steps_to_threshold': 0.0, 'reached_threshold': 1.0}
03:04:44  DEBUG    id=260  fitness=   79.984 limbs=11 depth=5 metrics={'auc': 79.98376912004115, 'final': 88.95630086976149, 'steps_to_threshold': 0.0, 'reached_threshold': 1.0}
03:04:44  DEBUG    id=261  fitness=   71.713 limbs=11 depth=5 metrics={'auc': 71.7126401616899, 'final': 72.53171984719329, 'steps_to_threshold': 0.0, 'reached_threshold': 1.0}
03:04:44  DEBUG    id=262  fitness=   75.175 limbs=11 depth=5 metrics={'auc': 75.1748197002877, 'final': 75.09856216630045, 'steps_to_threshold': 0.0, 'reached_threshold': 1.0}
03:04:44  DEBUG    id=263  fitness=   69.301 limbs=12 depth=5 metrics={'auc': 69.30143208403503, 'final': 68.5711860186671, 'steps_to_threshold': 0.0, 'reached_threshold': 1.0}
03:04:44  DEBUG    id=264  fitness=   86.405 limbs=11 depth=5 metrics={'auc': 86.40463084230143, 'final': 80.965759243621, 'steps_to_threshold': 0.0, 'reached_threshold': 1.0}
03:04:44  DEBUG    id=265  fitness=   91.961 limbs=11 depth=5 metrics={'auc': 91.96088531476629, 'final': 90.63339674519902, 'steps_to_threshold': 0.0, 'reached_threshold': 1.0}
03:04:44  DEBUG    id=266  fitness=   80.995 limbs=11 depth=5 metrics={'auc': 80.99518451347659, 'final': 81.71222492169501, 'steps_to_threshold': 0.0, 'reached_threshold': 1.0}
03:04:44  DEBUG    id=267  fitness=   72.186 limbs=12 depth=5 metrics={'auc': 72.18551488958192, 'final': 71.55669148583281, 'steps_to_threshold': 0.0, 'reached_threshold': 1.0}
03:04:44  INFO   gen 18 done | best 93.923 (id=258, 11 limbs) | mean 79.900 | worst 55.737 | invalid 0 | 84.7s
03:04:44  INFO     ~1.3 min/gen, est. 1.3 min remaining
03:04:44  INFO   gen 19: evaluating 14/16 individuals (8 workers)
03:06:09  DEBUG    id=268  fitness=   69.015 limbs=12 depth=5 metrics={'auc': 69.01484619001653, 'final': 63.27167728063299, 'steps_to_threshold': 0.0, 'reached_threshold': 1.0}
03:06:09  DEBUG    id=269  fitness=   84.404 limbs=11 depth=5 metrics={'auc': 84.40417435928538, 'final': 58.06587061751367, 'steps_to_threshold': 0.0, 'reached_threshold': 1.0}
03:06:09  DEBUG    id=270  fitness=   87.917 limbs=12 depth=5 metrics={'auc': 87.9165172587941, 'final': 88.56579437914372, 'steps_to_threshold': 0.0, 'reached_threshold': 1.0}
03:06:09  DEBUG    id=271  fitness=   89.989 limbs=11 depth=5 metrics={'auc': 89.98920575312559, 'final': 79.06852477998423, 'steps_to_threshold': 0.0, 'reached_threshold': 1.0}
03:06:09  DEBUG    id=272  fitness=   86.653 limbs=11 depth=5 metrics={'auc': 86.65307441725355, 'final': 82.77854128260076, 'steps_to_threshold': 0.0, 'reached_threshold': 1.0}
03:06:09  DEBUG    id=273  fitness=   90.129 limbs=11 depth=5 metrics={'auc': 90.12865279348927, 'final': 88.38822628079406, 'steps_to_threshold': 0.0, 'reached_threshold': 1.0}
03:06:09  DEBUG    id=274  fitness=   74.584 limbs=11 depth=5 metrics={'auc': 74.58391662567887, 'final': 43.92680057723896, 'steps_to_threshold': 0.0, 'reached_threshold': 1.0}
03:06:09  DEBUG    id=275  fitness=   88.075 limbs=12 depth=5 metrics={'auc': 88.07526661910039, 'final': 88.33060735177332, 'steps_to_threshold': 0.0, 'reached_threshold': 1.0}
03:06:09  DEBUG    id=276  fitness=   70.556 limbs=11 depth=5 metrics={'auc': 70.55627582328295, 'final': 56.11203986432687, 'steps_to_threshold': 0.0, 'reached_threshold': 1.0}
03:06:09  DEBUG    id=277  fitness=   77.719 limbs=11 depth=5 metrics={'auc': 77.71916037739504, 'final': 67.47097798130203, 'steps_to_threshold': 0.0, 'reached_threshold': 1.0}
03:06:09  DEBUG    id=278  fitness=   90.345 limbs=11 depth=5 metrics={'auc': 90.34486455370173, 'final': 89.17509394361338, 'steps_to_threshold': 0.0, 'reached_threshold': 1.0}
03:06:09  DEBUG    id=279  fitness=   67.501 limbs=11 depth=5 metrics={'auc': 67.50139030871996, 'final': 61.36128956590883, 'steps_to_threshold': 0.0, 'reached_threshold': 1.0}
03:06:09  DEBUG    id=280  fitness=   72.267 limbs=12 depth=5 metrics={'auc': 72.26720217040679, 'final': 71.32148128584618, 'steps_to_threshold': 0.0, 'reached_threshold': 1.0}
03:06:09  DEBUG    id=281  fitness=   58.532 limbs=10 depth=5 metrics={'auc': 58.53231634782632, 'final': 58.47821020297499, 'steps_to_threshold': 0.0, 'reached_threshold': 1.0}
03:06:09  INFO   gen 19 done | best 93.923 (id=258, 11 limbs) | mean 80.956 | worst 58.532 | invalid 0 | 85.3s
03:06:10  INFO   ================================================================
03:06:10  INFO   Finished 20 generations in 26.8 min. Best fitness 93.923 (11 limbs).
03:06:10  INFO   Artifacts: run.log, generation_stats.csv, history.json, gen*_best.xml in experiments/run1
