00:39:21  INFO   ================================================================
00:39:21  INFO   Learnability-driven morphology evolution
00:39:21  INFO     population=24  generations=10  metric=auc  eval_seeds=3
00:39:21  INFO     inner: algo=ppo  lifetime_steps=500000  eval_every=5000  horizon=2500
00:39:21  INFO     workers=8  seed=0  out=experiments/run16
00:39:21  INFO   ================================================================
00:39:21  INFO   gen 0: evaluating 24/24 individuals (8 workers)
00:58:44  DEBUG    id=0    fitness=    0.068 limbs= 2 depth=2 metrics={'auc': 0.5682509708089694, 'final': -9.514980001522124, 'steps_to_threshold': 5000.0, 'reached_threshold': 1.0, 'num_actuators': 1, 'complexity_penalty': 0.5}
00:58:44  DEBUG    id=1    fitness=   -0.165 limbs=10 depth=3 metrics={'auc': 4.334502797018779, 'final': -6.527666134469379, 'steps_to_threshold': 5000.0, 'reached_threshold': 1.0, 'num_actuators': 9, 'complexity_penalty': 4.5}
00:58:44  DEBUG    id=2    fitness=   -0.936 limbs= 3 depth=3 metrics={'auc': 0.06419684142469412, 'final': -10.69183961293323, 'steps_to_threshold': 70000.0, 'reached_threshold': 1.0, 'num_actuators': 2, 'complexity_penalty': 1.0}
00:58:44  DEBUG    id=3    fitness=   -3.112 limbs= 9 depth=3 metrics={'auc': 0.8880268438299818, 'final': -9.30824376074903, 'steps_to_threshold': 15000.0, 'reached_threshold': 1.0, 'num_actuators': 8, 'complexity_penalty': 4.0}
00:58:44  DEBUG    id=4    fitness=   -2.705 limbs= 7 depth=3 metrics={'auc': 0.2954153120305432, 'final': -9.872281529210097, 'steps_to_threshold': 11666.666666666666, 'reached_threshold': 1.0, 'num_actuators': 6, 'complexity_penalty': 3.0}
00:58:44  DEBUG    id=5    fitness=   -2.777 limbs=12 depth=3 metrics={'auc': 2.7226038827682753, 'final': -7.961485168293293, 'steps_to_threshold': 11666.666666666666, 'reached_threshold': 1.0, 'num_actuators': 11, 'complexity_penalty': 5.5}
00:58:44  DEBUG    id=6    fitness=   -0.454 limbs= 5 depth=3 metrics={'auc': 1.5462294955548932, 'final': -8.795164306710701, 'steps_to_threshold': 6666.666666666667, 'reached_threshold': 1.0, 'num_actuators': 4, 'complexity_penalty': 2.0}
00:58:44  DEBUG    id=7    fitness=   -0.457 limbs= 2 depth=2 metrics={'auc': 0.04343596437233375, 'final': -11.09463180420658, 'steps_to_threshold': 13333.333333333334, 'reached_threshold': 1.0, 'num_actuators': 1, 'complexity_penalty': 0.5}
00:58:44  DEBUG    id=8    fitness=    0.625 limbs=11 depth=3 metrics={'auc': 5.625191692376791, 'final': -8.357789986536096, 'steps_to_threshold': 78333.33333333333, 'reached_threshold': 1.0, 'num_actuators': 10, 'complexity_penalty': 5.0}
00:58:44  DEBUG    id=9    fitness=   -2.162 limbs= 9 depth=3 metrics={'auc': 1.8377268216991984, 'final': -8.933569450803647, 'steps_to_threshold': 5000.0, 'reached_threshold': 1.0, 'num_actuators': 8, 'complexity_penalty': 4.0}
00:58:44  DEBUG    id=10   fitness=   -0.855 limbs= 4 depth=3 metrics={'auc': 0.6454326966526674, 'final': -9.683251031034674, 'steps_to_threshold': 6666.666666666667, 'reached_threshold': 1.0, 'num_actuators': 3, 'complexity_penalty': 1.5}
00:58:44  DEBUG    id=11   fitness=    0.247 limbs= 4 depth=3 metrics={'auc': 1.7465223782131387, 'final': -8.705823743256841, 'steps_to_threshold': 5000.0, 'reached_threshold': 1.0, 'num_actuators': 3, 'complexity_penalty': 1.5}
00:58:44  DEBUG    id=12   fitness=   -2.960 limbs= 8 depth=3 metrics={'auc': 0.5403033606320461, 'final': -5.669696706820257, 'steps_to_threshold': 63333.333333333336, 'reached_threshold': 1.0, 'num_actuators': 7, 'complexity_penalty': 3.5}
00:58:44  DEBUG    id=13   fitness=   -3.307 limbs=10 depth=3 metrics={'auc': 1.193000443929637, 'final': -9.586045719367837, 'steps_to_threshold': 10000.0, 'reached_threshold': 1.0, 'num_actuators': 9, 'complexity_penalty': 4.5}
00:58:44  DEBUG    id=14   fitness=   -3.753 limbs= 9 depth=3 metrics={'auc': 0.2468722764069753, 'final': -10.910699101153392, 'steps_to_threshold': 15000.0, 'reached_threshold': 1.0, 'num_actuators': 8, 'complexity_penalty': 4.0}
00:58:44  DEBUG    id=15   fitness=    0.912 limbs= 3 depth=2 metrics={'auc': 1.9119483665555368, 'final': -9.039351845741196, 'steps_to_threshold': 5000.0, 'reached_threshold': 1.0, 'num_actuators': 2, 'complexity_penalty': 1.0}
00:58:44  DEBUG    id=16   fitness=   -0.154 limbs= 5 depth=3 metrics={'auc': 1.8460664357997947, 'final': -6.5940063736577015, 'steps_to_threshold': 8333.333333333334, 'reached_threshold': 1.0, 'num_actuators': 4, 'complexity_penalty': 2.0}
00:58:44  DEBUG    id=17   fitness=    0.871 limbs= 5 depth=3 metrics={'auc': 2.8712235504038186, 'final': -7.824377957832566, 'steps_to_threshold': 5000.0, 'reached_threshold': 1.0, 'num_actuators': 4, 'complexity_penalty': 2.0}
00:58:44  DEBUG    id=18   fitness=   -0.404 limbs= 2 depth=2 metrics={'auc': 0.09564694908458465, 'final': -10.789500724620824, 'steps_to_threshold': 10000.0, 'reached_threshold': 1.0, 'num_actuators': 1, 'complexity_penalty': 0.5}
00:58:44  DEBUG    id=19   fitness=   -2.451 limbs= 8 depth=3 metrics={'auc': 1.0490847230650286, 'final': -9.780002201546838, 'steps_to_threshold': 10000.0, 'reached_threshold': 1.0, 'num_actuators': 7, 'complexity_penalty': 3.5}
00:58:44  DEBUG    id=20   fitness=   -1.712 limbs= 5 depth=3 metrics={'auc': 0.28773620899427504, 'final': -9.868823515123132, 'steps_to_threshold': 8333.333333333334, 'reached_threshold': 1.0, 'num_actuators': 4, 'complexity_penalty': 2.0}
00:58:44  DEBUG    id=21   fitness=   -2.046 limbs= 9 depth=3 metrics={'auc': 1.95434847503755, 'final': -9.807972551618654, 'steps_to_threshold': 23333.333333333332, 'reached_threshold': 1.0, 'num_actuators': 8, 'complexity_penalty': 4.0}
00:58:44  DEBUG    id=22   fitness=   -0.144 limbs= 2 depth=2 metrics={'auc': 0.35632764662790045, 'final': -9.788813611887262, 'steps_to_threshold': 6666.666666666667, 'reached_threshold': 1.0, 'num_actuators': 1, 'complexity_penalty': 0.5}
00:58:44  DEBUG    id=23   fitness=   -1.449 limbs= 7 depth=3 metrics={'auc': 1.5513529301486593, 'final': -8.852012223660283, 'steps_to_threshold': 11666.666666666666, 'reached_threshold': 1.0, 'num_actuators': 6, 'complexity_penalty': 3.0}
00:58:44  INFO   gen 0 done | best 0.912 (id=15, 3 limbs) | mean -1.220 | worst -3.753 | invalid 0 | 1162.1s
00:58:44  INFO     ~19.4 min/gen, est. 174.3 min remaining
00:58:44  INFO   gen 1: evaluating 22/24 individuals (8 workers)
01:16:32  DEBUG    id=24   fitness=   -0.482 limbs= 2 depth=2 metrics={'auc': 0.018157996868884724, 'final': -11.13518023089126, 'steps_to_threshold': 6666.666666666667, 'reached_threshold': 1.0, 'num_actuators': 1, 'complexity_penalty': 0.5}
01:16:32  DEBUG    id=25   fitness=   -0.214 limbs= 2 depth=2 metrics={'auc': 0.28555776910699504, 'final': -9.873480948708595, 'steps_to_threshold': 5000.0, 'reached_threshold': 1.0, 'num_actuators': 1, 'complexity_penalty': 0.5}
01:16:32  DEBUG    id=26   fitness=   -0.827 limbs= 4 depth=3 metrics={'auc': 0.6732624103790897, 'final': -10.112620543599316, 'steps_to_threshold': 10000.0, 'reached_threshold': 1.0, 'num_actuators': 3, 'complexity_penalty': 1.5}
01:16:32  DEBUG    id=27   fitness=   -0.461 limbs= 2 depth=2 metrics={'auc': 0.03945921937845339, 'final': -10.686203332345672, 'steps_to_threshold': 18333.333333333332, 'reached_threshold': 1.0, 'num_actuators': 1, 'complexity_penalty': 0.5}
01:16:32  DEBUG    id=28   fitness=   -0.261 limbs= 3 depth=2 metrics={'auc': 0.7394064719825199, 'final': -9.840389716530181, 'steps_to_threshold': 6666.666666666667, 'reached_threshold': 1.0, 'num_actuators': 2, 'complexity_penalty': 1.0}
01:16:32  DEBUG    id=29   fitness=   -0.188 limbs= 2 depth=2 metrics={'auc': 0.31161543158144095, 'final': -9.84796987543387, 'steps_to_threshold': 5000.0, 'reached_threshold': 1.0, 'num_actuators': 1, 'complexity_penalty': 0.5}
01:16:32  DEBUG    id=30   fitness=   -0.012 limbs= 2 depth=2 metrics={'auc': 0.48781274413021464, 'final': -9.597361425375873, 'steps_to_threshold': 5000.0, 'reached_threshold': 1.0, 'num_actuators': 1, 'complexity_penalty': 0.5}
01:16:32  DEBUG    id=31   fitness=   -0.266 limbs= 2 depth=2 metrics={'auc': 0.23416336122198897, 'final': -9.9218972717944, 'steps_to_threshold': 5000.0, 'reached_threshold': 1.0, 'num_actuators': 1, 'complexity_penalty': 0.5}
01:16:32  DEBUG    id=32   fitness=    0.931 limbs= 5 depth=3 metrics={'auc': 2.9307481802332807, 'final': -7.783808846518144, 'steps_to_threshold': 5000.0, 'reached_threshold': 1.0, 'num_actuators': 4, 'complexity_penalty': 2.0}
01:16:32  DEBUG    id=33   fitness=   -0.500 limbs= 2 depth=2 metrics={'auc': 0.00026228323692929046, 'final': -10.726458840388034, 'steps_to_threshold': 48333.333333333336, 'reached_threshold': 1.0, 'num_actuators': 1, 'complexity_penalty': 0.5}
01:16:32  DEBUG    id=34   fitness=   -0.837 limbs= 4 depth=3 metrics={'auc': 0.6631857940548106, 'final': -9.660637745418647, 'steps_to_threshold': 10000.0, 'reached_threshold': 1.0, 'num_actuators': 3, 'complexity_penalty': 1.5}
01:16:32  DEBUG    id=35   fitness=   -2.026 limbs=11 depth=3 metrics={'auc': 2.9739905434014466, 'final': -7.889313664451389, 'steps_to_threshold': 13333.333333333334, 'reached_threshold': 1.0, 'num_actuators': 10, 'complexity_penalty': 5.0}
01:16:32  DEBUG    id=36   fitness=     -inf limbs= 1 depth=1 metrics={'invalid': 'no_actuators'}
01:16:32  DEBUG    id=37   fitness=    1.755 limbs= 2 depth=2 metrics={'auc': 2.255249315691042, 'final': -7.6983288575231965, 'steps_to_threshold': 5000.0, 'reached_threshold': 1.0, 'num_actuators': 1, 'complexity_penalty': 0.5}
01:16:32  DEBUG    id=38   fitness=    1.039 limbs= 5 depth=3 metrics={'auc': 3.038533610481545, 'final': -7.649585185828479, 'steps_to_threshold': 5000.0, 'reached_threshold': 1.0, 'num_actuators': 4, 'complexity_penalty': 2.0}
01:16:32  DEBUG    id=39   fitness=   -1.865 limbs= 5 depth=3 metrics={'auc': 0.1345492750942948, 'final': -10.037546861289828, 'steps_to_threshold': 8333.333333333334, 'reached_threshold': 1.0, 'num_actuators': 4, 'complexity_penalty': 2.0}
01:16:32  DEBUG    id=40   fitness=   -0.435 limbs= 2 depth=2 metrics={'auc': 0.06537716237657365, 'final': -10.034046958206552, 'steps_to_threshold': 11666.666666666666, 'reached_threshold': 1.0, 'num_actuators': 1, 'complexity_penalty': 0.5}
01:16:32  DEBUG    id=41   fitness=   -0.531 limbs= 9 depth=3 metrics={'auc': 3.469227606151906, 'final': -7.46087071260396, 'steps_to_threshold': 10000.0, 'reached_threshold': 1.0, 'num_actuators': 8, 'complexity_penalty': 4.0}
01:16:32  DEBUG    id=42   fitness=    0.818 limbs= 4 depth=2 metrics={'auc': 2.317930055339141, 'final': -8.58638303928575, 'steps_to_threshold': 5000.0, 'reached_threshold': 1.0, 'num_actuators': 3, 'complexity_penalty': 1.5}
01:16:32  DEBUG    id=43   fitness=   -0.149 limbs= 3 depth=2 metrics={'auc': 0.8512475467395572, 'final': -9.279821234512836, 'steps_to_threshold': 5000.0, 'reached_threshold': 1.0, 'num_actuators': 2, 'complexity_penalty': 1.0}
01:16:32  DEBUG    id=44   fitness=    0.516 limbs= 3 depth=2 metrics={'auc': 1.5161515876338891, 'final': -9.334470428763105, 'steps_to_threshold': 5000.0, 'reached_threshold': 1.0, 'num_actuators': 2, 'complexity_penalty': 1.0}
01:16:32  DEBUG    id=45   fitness=    0.912 limbs= 3 depth=2 metrics={'auc': 1.9122439264225974, 'final': -9.031705610987617, 'steps_to_threshold': 5000.0, 'reached_threshold': 1.0, 'num_actuators': 2, 'complexity_penalty': 1.0}
01:16:32  INFO   gen 1 done | best 1.755 (id=37, 2 limbs) | mean -0.101 | worst -2.026 | invalid 1 | 1068.3s
01:16:32  INFO     ~18.6 min/gen, est. 148.7 min remaining
01:16:32  INFO   gen 2: evaluating 22/24 individuals (8 workers)
01:35:20  DEBUG    id=46   fitness=   -0.500 limbs= 2 depth=2 metrics={'auc': 9.354315827277598e-05, 'final': -10.726439908321309, 'steps_to_threshold': 23333.333333333332, 'reached_threshold': 1.0, 'num_actuators': 1, 'complexity_penalty': 0.5}
01:35:20  DEBUG    id=47   fitness=    0.783 limbs= 5 depth=3 metrics={'auc': 2.783481250164646, 'final': -7.8816949150161015, 'steps_to_threshold': 6666.666666666667, 'reached_threshold': 1.0, 'num_actuators': 4, 'complexity_penalty': 2.0}
01:35:20  DEBUG    id=48   fitness=    0.930 limbs= 3 depth=2 metrics={'auc': 1.9301119728783567, 'final': -9.039716829830924, 'steps_to_threshold': 5000.0, 'reached_threshold': 1.0, 'num_actuators': 2, 'complexity_penalty': 1.0}
01:35:20  DEBUG    id=49   fitness=   -0.499 limbs= 2 depth=2 metrics={'auc': 0.0007103988150431027, 'final': -10.987720588196018, 'steps_to_threshold': 83333.33333333333, 'reached_threshold': 1.0, 'num_actuators': 1, 'complexity_penalty': 0.5}
01:35:20  DEBUG    id=50   fitness=   -1.335 limbs= 4 depth=2 metrics={'auc': 0.16515563112061848, 'final': -10.679019897017396, 'steps_to_threshold': 8333.333333333334, 'reached_threshold': 1.0, 'num_actuators': 3, 'complexity_penalty': 1.5}
01:35:20  DEBUG    id=51   fitness=   -0.147 limbs= 3 depth=2 metrics={'auc': 0.8534427128274921, 'final': -9.290988319571547, 'steps_to_threshold': 6666.666666666667, 'reached_threshold': 1.0, 'num_actuators': 2, 'complexity_penalty': 1.0}
01:35:20  DEBUG    id=52   fitness=    0.954 limbs= 3 depth=2 metrics={'auc': 1.9539357077068786, 'final': -9.03114803617076, 'steps_to_threshold': 5000.0, 'reached_threshold': 1.0, 'num_actuators': 2, 'complexity_penalty': 1.0}
01:35:20  DEBUG    id=53   fitness=    1.808 limbs= 2 depth=2 metrics={'auc': 2.3082381298876804, 'final': -7.680418700449384, 'steps_to_threshold': 5000.0, 'reached_threshold': 1.0, 'num_actuators': 1, 'complexity_penalty': 0.5}
01:35:20  DEBUG    id=54   fitness=    0.631 limbs= 5 depth=3 metrics={'auc': 2.6310765067975646, 'final': -8.097062178010326, 'steps_to_threshold': 5000.0, 'reached_threshold': 1.0, 'num_actuators': 4, 'complexity_penalty': 2.0}
01:35:20  DEBUG    id=55   fitness=   -0.440 limbs= 2 depth=2 metrics={'auc': 0.060064158441113985, 'final': -10.03837818804697, 'steps_to_threshold': 28333.333333333332, 'reached_threshold': 1.0, 'num_actuators': 1, 'complexity_penalty': 0.5}
01:35:20  DEBUG    id=56   fitness=    0.963 limbs= 5 depth=3 metrics={'auc': 2.9626948139195406, 'final': -7.650630835686862, 'steps_to_threshold': 5000.0, 'reached_threshold': 1.0, 'num_actuators': 4, 'complexity_penalty': 2.0}
01:35:20  DEBUG    id=57   fitness=   -0.015 limbs= 3 depth=2 metrics={'auc': 0.9849702179519945, 'final': -9.159182079581702, 'steps_to_threshold': 5000.0, 'reached_threshold': 1.0, 'num_actuators': 2, 'complexity_penalty': 1.0}
01:35:20  DEBUG    id=58   fitness=    0.242 limbs= 3 depth=2 metrics={'auc': 1.2415052769899437, 'final': -9.327298880047524, 'steps_to_threshold': 5000.0, 'reached_threshold': 1.0, 'num_actuators': 2, 'complexity_penalty': 1.0}
01:35:20  DEBUG    id=59   fitness=    0.804 limbs= 4 depth=2 metrics={'auc': 2.30386537192086, 'final': -8.607549838872865, 'steps_to_threshold': 5000.0, 'reached_threshold': 1.0, 'num_actuators': 3, 'complexity_penalty': 1.5}
01:35:20  DEBUG    id=60   fitness=   -0.180 limbs= 3 depth=2 metrics={'auc': 0.8202161696243703, 'final': -9.308494194864016, 'steps_to_threshold': 6666.666666666667, 'reached_threshold': 1.0, 'num_actuators': 2, 'complexity_penalty': 1.0}
01:35:20  DEBUG    id=61   fitness=    1.571 limbs= 2 depth=2 metrics={'auc': 2.0714953214504725, 'final': -7.9063616747574565, 'steps_to_threshold': 5000.0, 'reached_threshold': 1.0, 'num_actuators': 1, 'complexity_penalty': 0.5}
01:35:20  DEBUG    id=62   fitness=    0.100 limbs= 3 depth=2 metrics={'auc': 1.0999195095530663, 'final': -9.483714505900954, 'steps_to_threshold': 6666.666666666667, 'reached_threshold': 1.0, 'num_actuators': 2, 'complexity_penalty': 1.0}
01:35:20  DEBUG    id=63   fitness=   -0.100 limbs= 2 depth=2 metrics={'auc': 0.40007435087940774, 'final': -9.749478029744239, 'steps_to_threshold': 5000.0, 'reached_threshold': 1.0, 'num_actuators': 1, 'complexity_penalty': 0.5}
01:35:20  DEBUG    id=64   fitness=    0.180 limbs= 5 depth=3 metrics={'auc': 2.180031877337274, 'final': -8.549293330445012, 'steps_to_threshold': 5000.0, 'reached_threshold': 1.0, 'num_actuators': 4, 'complexity_penalty': 2.0}
01:35:20  DEBUG    id=65   fitness=    0.835 limbs= 5 depth=3 metrics={'auc': 2.8349393565643033, 'final': -7.867333779304843, 'steps_to_threshold': 5000.0, 'reached_threshold': 1.0, 'num_actuators': 4, 'complexity_penalty': 2.0}
01:35:20  DEBUG    id=66   fitness=   -0.409 limbs= 2 depth=2 metrics={'auc': 0.09117941131795769, 'final': -10.070763155237527, 'steps_to_threshold': 5000.0, 'reached_threshold': 1.0, 'num_actuators': 1, 'complexity_penalty': 0.5}
01:35:20  DEBUG    id=67   fitness=    1.008 limbs= 5 depth=3 metrics={'auc': 3.0079000033386, 'final': -7.668616501861763, 'steps_to_threshold': 10000.0, 'reached_threshold': 1.0, 'num_actuators': 4, 'complexity_penalty': 2.0}
01:35:20  INFO   gen 2 done | best 1.808 (id=53, 2 limbs) | mean 0.416 | worst -1.335 | invalid 0 | 1128.4s
01:35:20  INFO     ~18.7 min/gen, est. 130.6 min remaining
01:35:20  INFO   gen 3: evaluating 22/24 individuals (8 workers)
01:55:39  DEBUG    id=68   fitness=    1.782 limbs= 2 depth=2 metrics={'auc': 2.2823612949010457, 'final': -7.692398963848469, 'steps_to_threshold': 5000.0, 'reached_threshold': 1.0, 'num_actuators': 1, 'complexity_penalty': 0.5}
01:55:39  DEBUG    id=69   fitness=    1.312 limbs= 2 depth=2 metrics={'auc': 1.811920035806476, 'final': -8.2938596750084, 'steps_to_threshold': 5000.0, 'reached_threshold': 1.0, 'num_actuators': 1, 'complexity_penalty': 0.5}
01:55:39  DEBUG    id=70   fitness=    0.398 limbs= 4 depth=2 metrics={'auc': 1.8978936918888911, 'final': -9.029531322113721, 'steps_to_threshold': 5000.0, 'reached_threshold': 1.0, 'num_actuators': 3, 'complexity_penalty': 1.5}
01:55:39  DEBUG    id=71   fitness=    1.723 limbs= 2 depth=2 metrics={'auc': 2.222935768703529, 'final': -7.734491696727737, 'steps_to_threshold': 5000.0, 'reached_threshold': 1.0, 'num_actuators': 1, 'complexity_penalty': 0.5}
01:55:39  DEBUG    id=72   fitness=   -0.463 limbs= 2 depth=2 metrics={'auc': 0.036606968252147036, 'final': -10.064773252352301, 'steps_to_threshold': 31666.666666666668, 'reached_threshold': 1.0, 'num_actuators': 1, 'complexity_penalty': 0.5}
01:55:39  DEBUG    id=73   fitness=    0.650 limbs= 3 depth=2 metrics={'auc': 1.6502164371601526, 'final': -9.308418331551342, 'steps_to_threshold': 5000.0, 'reached_threshold': 1.0, 'num_actuators': 2, 'complexity_penalty': 1.0}
01:55:39  DEBUG    id=74   fitness=    1.454 limbs= 2 depth=2 metrics={'auc': 1.9544519293546367, 'final': -8.003398097449264, 'steps_to_threshold': 5000.0, 'reached_threshold': 1.0, 'num_actuators': 1, 'complexity_penalty': 0.5}
01:55:39  DEBUG    id=75   fitness=    0.332 limbs= 4 depth=2 metrics={'auc': 1.832174530145015, 'final': -8.91012838329398, 'steps_to_threshold': 5000.0, 'reached_threshold': 1.0, 'num_actuators': 3, 'complexity_penalty': 1.5}
01:55:39  DEBUG    id=76   fitness=   -1.190 limbs= 4 depth=2 metrics={'auc': 0.3100113040610531, 'final': -10.663566399622205, 'steps_to_threshold': 18333.333333333332, 'reached_threshold': 1.0, 'num_actuators': 3, 'complexity_penalty': 1.5}
01:55:39  DEBUG    id=77   fitness=    0.778 limbs= 5 depth=3 metrics={'auc': 2.7783541442160598, 'final': -7.909680353911015, 'steps_to_threshold': 6666.666666666667, 'reached_threshold': 1.0, 'num_actuators': 4, 'complexity_penalty': 2.0}
01:55:39  DEBUG    id=78   fitness=    1.121 limbs= 5 depth=3 metrics={'auc': 3.120789332127169, 'final': -7.539263196566037, 'steps_to_threshold': 5000.0, 'reached_threshold': 1.0, 'num_actuators': 4, 'complexity_penalty': 2.0}
01:55:39  DEBUG    id=79   fitness=    0.464 limbs= 2 depth=2 metrics={'auc': 0.9638410091697908, 'final': -9.15553254961165, 'steps_to_threshold': 5000.0, 'reached_threshold': 1.0, 'num_actuators': 1, 'complexity_penalty': 0.5}
01:55:39  DEBUG    id=80   fitness=    0.918 limbs= 2 depth=2 metrics={'auc': 1.4175174421542003, 'final': -8.562435149592753, 'steps_to_threshold': 5000.0, 'reached_threshold': 1.0, 'num_actuators': 1, 'complexity_penalty': 0.5}
01:55:39  DEBUG    id=81   fitness=    1.016 limbs= 5 depth=3 metrics={'auc': 3.0155286659469476, 'final': -7.668366579015841, 'steps_to_threshold': 6666.666666666667, 'reached_threshold': 1.0, 'num_actuators': 4, 'complexity_penalty': 2.0}
01:55:39  DEBUG    id=82   fitness=    1.697 limbs= 5 depth=3 metrics={'auc': 3.697230889948917, 'final': -6.9362016024374284, 'steps_to_threshold': 8333.333333333334, 'reached_threshold': 1.0, 'num_actuators': 4, 'complexity_penalty': 2.0}
01:55:39  DEBUG    id=83   fitness=    2.177 limbs= 2 depth=2 metrics={'auc': 2.676768682868351, 'final': -7.588511080903772, 'steps_to_threshold': 5000.0, 'reached_threshold': 1.0, 'num_actuators': 1, 'complexity_penalty': 0.5}
01:55:39  DEBUG    id=84   fitness=   -0.202 limbs= 2 depth=2 metrics={'auc': 0.29762960554369444, 'final': -9.853580962823827, 'steps_to_threshold': 8333.333333333334, 'reached_threshold': 1.0, 'num_actuators': 1, 'complexity_penalty': 0.5}
01:55:39  DEBUG    id=85   fitness=    0.543 limbs= 2 depth=2 metrics={'auc': 1.0426102154329948, 'final': -9.08176809064961, 'steps_to_threshold': 5000.0, 'reached_threshold': 1.0, 'num_actuators': 1, 'complexity_penalty': 0.5}
01:55:39  DEBUG    id=86   fitness=   -0.594 limbs= 3 depth=2 metrics={'auc': 0.4055869578557754, 'final': -9.630162775283791, 'steps_to_threshold': 5000.0, 'reached_threshold': 1.0, 'num_actuators': 2, 'complexity_penalty': 1.0}
01:55:39  DEBUG    id=87   fitness=    1.221 limbs= 2 depth=2 metrics={'auc': 1.7211984166615422, 'final': -8.389818674192568, 'steps_to_threshold': 5000.0, 'reached_threshold': 1.0, 'num_actuators': 1, 'complexity_penalty': 0.5}
01:55:39  DEBUG    id=88   fitness=    0.629 limbs= 3 depth=2 metrics={'auc': 1.6292999046050565, 'final': -9.358293449638, 'steps_to_threshold': 5000.0, 'reached_threshold': 1.0, 'num_actuators': 2, 'complexity_penalty': 1.0}
01:55:39  DEBUG    id=89   fitness=   -0.737 limbs= 5 depth=3 metrics={'auc': 1.2626941309674489, 'final': -9.160570748336356, 'steps_to_threshold': 11666.666666666666, 'reached_threshold': 1.0, 'num_actuators': 4, 'complexity_penalty': 2.0}
01:55:39  INFO   gen 3 done | best 2.177 (id=83, 2 limbs) | mean 0.767 | worst -1.190 | invalid 0 | 1219.3s
01:55:39  INFO     ~19.1 min/gen, est. 114.5 min remaining
01:55:39  INFO   gen 4: evaluating 22/24 individuals (8 workers)
02:17:35  DEBUG    id=90   fitness=   -0.003 limbs= 3 depth=2 metrics={'auc': 0.9969964298397472, 'final': -9.158763204479635, 'steps_to_threshold': 5000.0, 'reached_threshold': 1.0, 'num_actuators': 2, 'complexity_penalty': 1.0}
02:17:35  DEBUG    id=91   fitness=     -inf limbs= 1 depth=1 metrics={'invalid': 'no_actuators'}
02:17:35  DEBUG    id=92   fitness=    1.509 limbs= 3 depth=2 metrics={'auc': 2.5094280497854693, 'final': -7.508670189018371, 'steps_to_threshold': 5000.0, 'reached_threshold': 1.0, 'num_actuators': 2, 'complexity_penalty': 1.0}
02:17:35  DEBUG    id=93   fitness=    3.846 limbs= 5 depth=3 metrics={'auc': 5.8461737186223095, 'final': -4.745092393916452, 'steps_to_threshold': 8333.333333333334, 'reached_threshold': 1.0, 'num_actuators': 4, 'complexity_penalty': 2.0}
02:17:35  DEBUG    id=94   fitness=    1.602 limbs= 2 depth=2 metrics={'auc': 2.101975673156177, 'final': -7.877526198208379, 'steps_to_threshold': 5000.0, 'reached_threshold': 1.0, 'num_actuators': 1, 'complexity_penalty': 0.5}
02:17:35  DEBUG    id=95   fitness=     -inf limbs= 1 depth=1 metrics={'invalid': 'no_actuators'}
02:17:35  DEBUG    id=96   fitness=   -0.214 limbs= 2 depth=2 metrics={'auc': 0.28569132904684547, 'final': -9.721323342836191, 'steps_to_threshold': 8333.333333333334, 'reached_threshold': 1.0, 'num_actuators': 1, 'complexity_penalty': 0.5}
02:17:35  DEBUG    id=97   fitness=     -inf limbs= 1 depth=1 metrics={'invalid': 'no_actuators'}
02:17:35  DEBUG    id=98   fitness=     -inf limbs= 1 depth=1 metrics={'invalid': 'no_actuators'}
02:17:35  DEBUG    id=99   fitness=    1.615 limbs= 5 depth=3 metrics={'auc': 3.614776132035629, 'final': -7.051209262900696, 'steps_to_threshold': 5000.0, 'reached_threshold': 1.0, 'num_actuators': 4, 'complexity_penalty': 2.0}
02:17:35  DEBUG    id=100  fitness=    1.177 limbs= 3 depth=2 metrics={'auc': 2.177464042577942, 'final': -7.803126303108313, 'steps_to_threshold': 5000.0, 'reached_threshold': 1.0, 'num_actuators': 2, 'complexity_penalty': 1.0}
02:17:35  DEBUG    id=101  fitness=    2.046 limbs= 2 depth=2 metrics={'auc': 2.5462051894309545, 'final': -7.745696398489598, 'steps_to_threshold': 5000.0, 'reached_threshold': 1.0, 'num_actuators': 1, 'complexity_penalty': 0.5}
02:17:35  DEBUG    id=102  fitness=    2.187 limbs= 2 depth=2 metrics={'auc': 2.6872087991917017, 'final': -7.595819585489804, 'steps_to_threshold': 5000.0, 'reached_threshold': 1.0, 'num_actuators': 1, 'complexity_penalty': 0.5}
02:17:35  DEBUG    id=103  fitness=   -0.362 limbs= 2 depth=2 metrics={'auc': 0.13787763636076628, 'final': -9.881840515101203, 'steps_to_threshold': 8333.333333333334, 'reached_threshold': 1.0, 'num_actuators': 1, 'complexity_penalty': 0.5}
02:17:35  DEBUG    id=104  fitness=    1.335 limbs= 2 depth=2 metrics={'auc': 1.835422894121266, 'final': -8.194188045610696, 'steps_to_threshold': 5000.0, 'reached_threshold': 1.0, 'num_actuators': 1, 'complexity_penalty': 0.5}
02:17:35  DEBUG    id=105  fitness=    3.532 limbs= 2 depth=2 metrics={'auc': 4.031880962812802, 'final': -5.919686281146504, 'steps_to_threshold': 5000.0, 'reached_threshold': 1.0, 'num_actuators': 1, 'complexity_penalty': 0.5}
02:17:35  DEBUG    id=106  fitness=    1.659 limbs= 2 depth=2 metrics={'auc': 2.159478326942902, 'final': -7.815261953716672, 'steps_to_threshold': 5000.0, 'reached_threshold': 1.0, 'num_actuators': 1, 'complexity_penalty': 0.5}
02:17:35  DEBUG    id=107  fitness=    1.389 limbs= 5 depth=3 metrics={'auc': 3.388523198572082, 'final': -7.294005641062704, 'steps_to_threshold': 5000.0, 'reached_threshold': 1.0, 'num_actuators': 4, 'complexity_penalty': 2.0}
02:17:35  DEBUG    id=108  fitness=   -0.017 limbs= 2 depth=2 metrics={'auc': 0.4830178250743003, 'final': -10.105948867463006, 'steps_to_threshold': 10000.0, 'reached_threshold': 1.0, 'num_actuators': 1, 'complexity_penalty': 0.5}
02:17:35  DEBUG    id=109  fitness=    0.250 limbs= 3 depth=2 metrics={'auc': 1.250377627114653, 'final': -8.894038935061422, 'steps_to_threshold': 5000.0, 'reached_threshold': 1.0, 'num_actuators': 2, 'complexity_penalty': 1.0}
02:17:35  DEBUG    id=110  fitness=    0.481 limbs= 2 depth=2 metrics={'auc': 0.9811907400650334, 'final': -9.17399146445945, 'steps_to_threshold': 5000.0, 'reached_threshold': 1.0, 'num_actuators': 1, 'complexity_penalty': 0.5}
02:17:35  DEBUG    id=111  fitness=    1.378 limbs= 2 depth=2 metrics={'auc': 1.8781454542041989, 'final': -8.128485030155383, 'steps_to_threshold': 5000.0, 'reached_threshold': 1.0, 'num_actuators': 1, 'complexity_penalty': 0.5}
02:17:35  INFO   gen 4 done | best 3.846 (id=93, 5 limbs) | mean 1.366 | worst -0.362 | invalid 4 | 1315.3s
02:17:35  INFO     ~19.6 min/gen, est. 98.2 min remaining
02:17:35  INFO   gen 5: evaluating 22/24 individuals (8 workers)
02:36:38  DEBUG    id=112  fitness=     -inf limbs= 1 depth=1 metrics={'invalid': 'no_actuators'}
02:36:38  DEBUG    id=113  fitness=   -0.373 limbs= 2 depth=2 metrics={'auc': 0.12663912848653688, 'final': -9.904482521019935, 'steps_to_threshold': 5000.0, 'reached_threshold': 1.0, 'num_actuators': 1, 'complexity_penalty': 0.5}
02:36:38  DEBUG    id=114  fitness=    0.072 limbs= 3 depth=2 metrics={'auc': 1.0724624527378737, 'final': -9.080879662942785, 'steps_to_threshold': 5000.0, 'reached_threshold': 1.0, 'num_actuators': 2, 'complexity_penalty': 1.0}
02:36:38  DEBUG    id=115  fitness=    1.326 limbs= 2 depth=2 metrics={'auc': 1.8256391622284154, 'final': -8.498250011205636, 'steps_to_threshold': 5000.0, 'reached_threshold': 1.0, 'num_actuators': 1, 'complexity_penalty': 0.5}
02:36:38  DEBUG    id=116  fitness=    0.258 limbs= 3 depth=2 metrics={'auc': 1.258099058802584, 'final': -8.776456369030726, 'steps_to_threshold': 5000.0, 'reached_threshold': 1.0, 'num_actuators': 2, 'complexity_penalty': 1.0}
02:36:38  DEBUG    id=117  fitness=    1.482 limbs= 2 depth=2 metrics={'auc': 1.9821224119768803, 'final': -7.997365932351034, 'steps_to_threshold': 5000.0, 'reached_threshold': 1.0, 'num_actuators': 1, 'complexity_penalty': 0.5}
02:36:38  DEBUG    id=118  fitness=    1.540 limbs= 2 depth=2 metrics={'auc': 2.04005287395632, 'final': -8.045859546722255, 'steps_to_threshold': 5000.0, 'reached_threshold': 1.0, 'num_actuators': 1, 'complexity_penalty': 0.5}
02:36:38  DEBUG    id=119  fitness=    0.890 limbs= 3 depth=2 metrics={'auc': 1.8895255310126953, 'final': -8.096549521838982, 'steps_to_threshold': 5000.0, 'reached_threshold': 1.0, 'num_actuators': 2, 'complexity_penalty': 1.0}
02:36:38  DEBUG    id=120  fitness=     -inf limbs= 1 depth=1 metrics={'invalid': 'no_actuators'}
02:36:38  DEBUG    id=121  fitness=    1.648 limbs= 2 depth=2 metrics={'auc': 2.1475861011821795, 'final': -7.796363650884055, 'steps_to_threshold': 5000.0, 'reached_threshold': 1.0, 'num_actuators': 1, 'complexity_penalty': 0.5}
02:36:38  DEBUG    id=122  fitness=    1.800 limbs= 2 depth=2 metrics={'auc': 2.2995859770668696, 'final': -7.660269785270118, 'steps_to_threshold': 5000.0, 'reached_threshold': 1.0, 'num_actuators': 1, 'complexity_penalty': 0.5}
02:36:38  DEBUG    id=123  fitness=     -inf limbs= 1 depth=1 metrics={'invalid': 'no_actuators'}
02:36:38  DEBUG    id=124  fitness=   -0.497 limbs= 2 depth=2 metrics={'auc': 0.0029850138487649506, 'final': -10.02868170434716, 'steps_to_threshold': 26666.666666666668, 'reached_threshold': 1.0, 'num_actuators': 1, 'complexity_penalty': 0.5}
02:36:38  DEBUG    id=125  fitness=     -inf limbs= 1 depth=1 metrics={'invalid': 'no_actuators'}
02:36:38  DEBUG    id=126  fitness=    1.702 limbs= 2 depth=2 metrics={'auc': 2.201972314541461, 'final': -7.738207205848642, 'steps_to_threshold': 5000.0, 'reached_threshold': 1.0, 'num_actuators': 1, 'complexity_penalty': 0.5}
02:36:38  DEBUG    id=127  fitness=    0.546 limbs= 3 depth=2 metrics={'auc': 1.5462875043544244, 'final': -8.602529017787992, 'steps_to_threshold': 5000.0, 'reached_threshold': 1.0, 'num_actuators': 2, 'complexity_penalty': 1.0}
02:36:38  DEBUG    id=128  fitness=     -inf limbs= 1 depth=1 metrics={'invalid': 'no_actuators'}
02:36:38  DEBUG    id=129  fitness=    1.067 limbs= 3 depth=2 metrics={'auc': 2.0668510900930257, 'final': -8.076789342898367, 'steps_to_threshold': 5000.0, 'reached_threshold': 1.0, 'num_actuators': 2, 'complexity_penalty': 1.0}
02:36:38  DEBUG    id=130  fitness=    1.667 limbs= 3 depth=2 metrics={'auc': 2.667257172497692, 'final': -7.946936817477948, 'steps_to_threshold': 5000.0, 'reached_threshold': 1.0, 'num_actuators': 2, 'complexity_penalty': 1.0}
02:36:38  DEBUG    id=131  fitness=    1.791 limbs= 5 depth=3 metrics={'auc': 3.7911069612565473, 'final': -6.859650512956009, 'steps_to_threshold': 6666.666666666667, 'reached_threshold': 1.0, 'num_actuators': 4, 'complexity_penalty': 2.0}
02:36:38  DEBUG    id=132  fitness=    1.534 limbs= 2 depth=2 metrics={'auc': 2.033529704375137, 'final': -7.946616056951455, 'steps_to_threshold': 5000.0, 'reached_threshold': 1.0, 'num_actuators': 1, 'complexity_penalty': 0.5}
02:36:38  DEBUG    id=133  fitness=   -0.395 limbs= 2 depth=2 metrics={'auc': 0.10513078804647369, 'final': -9.970308995132276, 'steps_to_threshold': 5000.0, 'reached_threshold': 1.0, 'num_actuators': 1, 'complexity_penalty': 0.5}
02:36:38  INFO   gen 5 done | best 3.846 (id=93, 5 limbs) | mean 1.233 | worst -0.497 | invalid 5 | 1143.1s
02:36:38  INFO     ~19.5 min/gen, est. 78.2 min remaining
02:36:38  INFO   gen 6: evaluating 22/24 individuals (8 workers)
02:54:57  DEBUG    id=134  fitness=    0.389 limbs= 4 depth=2 metrics={'auc': 1.8894512955172829, 'final': -8.675717735058589, 'steps_to_threshold': 5000.0, 'reached_threshold': 1.0, 'num_actuators': 3, 'complexity_penalty': 1.5}
02:54:57  DEBUG    id=135  fitness=    3.917 limbs= 5 depth=3 metrics={'auc': 5.917321862434117, 'final': -4.673537318119252, 'steps_to_threshold': 10000.0, 'reached_threshold': 1.0, 'num_actuators': 4, 'complexity_penalty': 2.0}
02:54:57  DEBUG    id=136  fitness=    2.037 limbs= 2 depth=2 metrics={'auc': 2.5374619545713935, 'final': -7.683976981647658, 'steps_to_threshold': 5000.0, 'reached_threshold': 1.0, 'num_actuators': 1, 'complexity_penalty': 0.5}
02:54:57  DEBUG    id=137  fitness=    5.045 limbs= 4 depth=3 metrics={'auc': 6.5445877029431605, 'final': -3.9499388272857434, 'steps_to_threshold': 5000.0, 'reached_threshold': 1.0, 'num_actuators': 3, 'complexity_penalty': 1.5}
02:54:57  DEBUG    id=138  fitness=    0.072 limbs= 2 depth=2 metrics={'auc': 0.572382651589907, 'final': -9.434207627807924, 'steps_to_threshold': 5000.0, 'reached_threshold': 1.0, 'num_actuators': 1, 'complexity_penalty': 0.5}
02:54:57  DEBUG    id=139  fitness=    1.070 limbs= 3 depth=2 metrics={'auc': 2.0700690446195016, 'final': -8.077914933173927, 'steps_to_threshold': 5000.0, 'reached_threshold': 1.0, 'num_actuators': 2, 'complexity_penalty': 1.0}
02:54:57  DEBUG    id=140  fitness=    2.517 limbs= 5 depth=3 metrics={'auc': 4.517280250014578, 'final': -6.4621275786740355, 'steps_to_threshold': 5000.0, 'reached_threshold': 1.0, 'num_actuators': 4, 'complexity_penalty': 2.0}
02:54:57  DEBUG    id=141  fitness=    1.385 limbs= 2 depth=2 metrics={'auc': 1.8854685012442636, 'final': -8.074794977481197, 'steps_to_threshold': 5000.0, 'reached_threshold': 1.0, 'num_actuators': 1, 'complexity_penalty': 0.5}
02:54:57  DEBUG    id=142  fitness=    1.001 limbs= 3 depth=2 metrics={'auc': 2.000504365483643, 'final': -7.98449384668276, 'steps_to_threshold': 5000.0, 'reached_threshold': 1.0, 'num_actuators': 2, 'complexity_penalty': 1.0}
02:54:57  DEBUG    id=143  fitness=    1.108 limbs= 2 depth=2 metrics={'auc': 1.6083134497135365, 'final': -8.383051876118524, 'steps_to_threshold': 5000.0, 'reached_threshold': 1.0, 'num_actuators': 1, 'complexity_penalty': 0.5}
02:54:57  DEBUG    id=144  fitness=   -0.444 limbs= 2 depth=2 metrics={'auc': 0.056092776304132286, 'final': -9.972368394321869, 'steps_to_threshold': 6666.666666666667, 'reached_threshold': 1.0, 'num_actuators': 1, 'complexity_penalty': 0.5}
02:54:57  DEBUG    id=145  fitness=    1.070 limbs= 2 depth=2 metrics={'auc': 1.5701416336056389, 'final': -8.50725562396054, 'steps_to_threshold': 5000.0, 'reached_threshold': 1.0, 'num_actuators': 1, 'complexity_penalty': 0.5}
02:54:57  DEBUG    id=146  fitness=    3.808 limbs= 5 depth=3 metrics={'auc': 5.80770942354757, 'final': -4.792692106630533, 'steps_to_threshold': 10000.0, 'reached_threshold': 1.0, 'num_actuators': 4, 'complexity_penalty': 2.0}
02:54:57  DEBUG    id=147  fitness=    1.542 limbs= 2 depth=2 metrics={'auc': 2.0423546528243914, 'final': -7.951480498463179, 'steps_to_threshold': 5000.0, 'reached_threshold': 1.0, 'num_actuators': 1, 'complexity_penalty': 0.5}
02:54:57  DEBUG    id=148  fitness=   -0.839 limbs= 3 depth=2 metrics={'auc': 0.16113440300176116, 'final': -10.019374755877314, 'steps_to_threshold': 10000.0, 'reached_threshold': 1.0, 'num_actuators': 2, 'complexity_penalty': 1.0}
02:54:57  DEBUG    id=149  fitness=    1.828 limbs= 5 depth=3 metrics={'auc': 3.8275297689466754, 'final': -6.837477264888691, 'steps_to_threshold': 6666.666666666667, 'reached_threshold': 1.0, 'num_actuators': 4, 'complexity_penalty': 2.0}
02:54:57  DEBUG    id=150  fitness=    0.678 limbs= 3 depth=2 metrics={'auc': 1.6782698177446242, 'final': -8.32728254317005, 'steps_to_threshold': 5000.0, 'reached_threshold': 1.0, 'num_actuators': 2, 'complexity_penalty': 1.0}
02:54:57  DEBUG    id=151  fitness=     -inf limbs= 1 depth=1 metrics={'invalid': 'no_actuators'}
02:54:57  DEBUG    id=152  fitness=     -inf limbs= 1 depth=1 metrics={'invalid': 'no_actuators'}
02:54:57  DEBUG    id=153  fitness=    4.005 limbs= 3 depth=2 metrics={'auc': 5.004734942899742, 'final': -4.948272757647536, 'steps_to_threshold': 5000.0, 'reached_threshold': 1.0, 'num_actuators': 2, 'complexity_penalty': 1.0}
02:54:57  DEBUG    id=154  fitness=     -inf limbs= 1 depth=1 metrics={'invalid': 'no_actuators'}
02:54:57  DEBUG    id=155  fitness=   -1.291 limbs= 4 depth=2 metrics={'auc': 0.2093111880494091, 'final': -10.597441864082631, 'steps_to_threshold': 10000.0, 'reached_threshold': 1.0, 'num_actuators': 3, 'complexity_penalty': 1.5}
02:54:57  INFO   gen 6 done | best 5.045 (id=137, 4 limbs) | mean 1.728 | worst -1.291 | invalid 3 | 1099.0s
02:54:57  INFO     ~19.4 min/gen, est. 58.1 min remaining
02:54:57  INFO   gen 7: evaluating 22/24 individuals (8 workers)
03:07:29  DEBUG    id=156  fitness=    3.851 limbs= 5 depth=3 metrics={'auc': 5.8511436917589235, 'final': -4.749871674268783, 'steps_to_threshold': 8333.333333333334, 'reached_threshold': 1.0, 'num_actuators': 4, 'complexity_penalty': 2.0}
03:07:29  DEBUG    id=157  fitness=     -inf limbs= 1 depth=1 metrics={'invalid': 'no_actuators'}
03:07:29  DEBUG    id=158  fitness=     -inf limbs= 1 depth=1 metrics={'invalid': 'no_actuators'}
03:07:29  DEBUG    id=159  fitness=     -inf limbs= 1 depth=1 metrics={'invalid': 'no_actuators'}
03:07:29  DEBUG    id=160  fitness=     -inf limbs= 1 depth=1 metrics={'invalid': 'no_actuators'}
03:07:29  DEBUG    id=161  fitness=   -0.110 limbs= 2 depth=2 metrics={'auc': 0.3901558699444981, 'final': -9.674542438063467, 'steps_to_threshold': 10000.0, 'reached_threshold': 1.0, 'num_actuators': 1, 'complexity_penalty': 0.5}
03:07:29  DEBUG    id=162  fitness=    1.062 limbs= 2 depth=2 metrics={'auc': 1.561602855656141, 'final': -8.67549712413384, 'steps_to_threshold': 5000.0, 'reached_threshold': 1.0, 'num_actuators': 1, 'complexity_penalty': 0.5}
03:07:29  DEBUG    id=163  fitness=    1.006 limbs= 2 depth=2 metrics={'auc': 1.5062526376290577, 'final': -8.497540992287272, 'steps_to_threshold': 5000.0, 'reached_threshold': 1.0, 'num_actuators': 1, 'complexity_penalty': 0.5}
03:07:29  DEBUG    id=164  fitness=    2.807 limbs= 5 depth=3 metrics={'auc': 4.8065031965684915, 'final': -6.103215280716827, 'steps_to_threshold': 5000.0, 'reached_threshold': 1.0, 'num_actuators': 4, 'complexity_penalty': 2.0}
03:07:29  DEBUG    id=165  fitness=   -0.028 limbs= 5 depth=3 metrics={'auc': 1.971850447170133, 'final': -8.7786521062788, 'steps_to_threshold': 6666.666666666667, 'reached_threshold': 1.0, 'num_actuators': 4, 'complexity_penalty': 2.0}
03:07:29  DEBUG    id=166  fitness=   -0.957 limbs= 3 depth=2 metrics={'auc': 0.042530184876744, 'final': -10.096370192931403, 'steps_to_threshold': 15000.0, 'reached_threshold': 1.0, 'num_actuators': 2, 'complexity_penalty': 1.0}
03:07:29  DEBUG    id=167  fitness=   -0.999 limbs= 3 depth=2 metrics={'auc': 0.0007872199629284804, 'final': -10.875580751449002, 'steps_to_threshold': 65000.0, 'reached_threshold': 1.0, 'num_actuators': 2, 'complexity_penalty': 1.0}
03:07:29  DEBUG    id=168  fitness=    3.575 limbs= 2 depth=2 metrics={'auc': 4.074817347006134, 'final': -5.920209237900771, 'steps_to_threshold': 5000.0, 'reached_threshold': 1.0, 'num_actuators': 1, 'complexity_penalty': 0.5}
03:07:29  DEBUG    id=169  fitness=    5.509 limbs= 5 depth=3 metrics={'auc': 7.5085464054537825, 'final': -2.9098602740192856, 'steps_to_threshold': 10000.0, 'reached_threshold': 1.0, 'num_actuators': 4, 'complexity_penalty': 2.0}
03:07:29  DEBUG    id=170  fitness=    2.517 limbs= 5 depth=3 metrics={'auc': 4.516512229630469, 'final': -6.240515458834193, 'steps_to_threshold': 8333.333333333334, 'reached_threshold': 1.0, 'num_actuators': 4, 'complexity_penalty': 2.0}
03:07:29  DEBUG    id=171  fitness=    2.356 limbs= 2 depth=2 metrics={'auc': 2.85569642751277, 'final': -7.189344688663805, 'steps_to_threshold': 5000.0, 'reached_threshold': 1.0, 'num_actuators': 1, 'complexity_penalty': 0.5}
03:07:29  DEBUG    id=172  fitness=    3.033 limbs= 5 depth=3 metrics={'auc': 5.033053485126512, 'final': -5.853482102517411, 'steps_to_threshold': 6666.666666666667, 'reached_threshold': 1.0, 'num_actuators': 4, 'complexity_penalty': 2.0}
03:07:29  DEBUG    id=173  fitness=     -inf limbs= 1 depth=1 metrics={'invalid': 'no_actuators'}
03:07:29  DEBUG    id=174  fitness=   -0.714 limbs= 3 depth=2 metrics={'auc': 0.2857879918781574, 'final': -10.585537880066195, 'steps_to_threshold': 8333.333333333334, 'reached_threshold': 1.0, 'num_actuators': 2, 'complexity_penalty': 1.0}
03:07:29  DEBUG    id=175  fitness=     -inf limbs= 1 depth=1 metrics={'invalid': 'no_actuators'}
03:07:29  DEBUG    id=176  fitness=    1.658 limbs= 2 depth=2 metrics={'auc': 2.1581015808681188, 'final': -7.936870097746033, 'steps_to_threshold': 5000.0, 'reached_threshold': 1.0, 'num_actuators': 1, 'complexity_penalty': 0.5}
03:07:29  DEBUG    id=177  fitness=    3.486 limbs= 5 depth=3 metrics={'auc': 5.485515144767014, 'final': -5.079223262189045, 'steps_to_threshold': 10000.0, 'reached_threshold': 1.0, 'num_actuators': 4, 'complexity_penalty': 2.0}
03:07:29  INFO   gen 7 done | best 5.509 (id=169, 5 limbs) | mean 2.061 | worst -0.999 | invalid 6 | 752.3s
03:07:29  INFO     ~18.5 min/gen, est. 37.0 min remaining
03:07:29  INFO   gen 8: evaluating 22/24 individuals (8 workers)
03:25:47  DEBUG    id=178  fitness=    3.401 limbs= 5 depth=3 metrics={'auc': 5.400854189044551, 'final': -5.220453466512705, 'steps_to_threshold': 8333.333333333334, 'reached_threshold': 1.0, 'num_actuators': 4, 'complexity_penalty': 2.0}
03:25:47  DEBUG    id=179  fitness=    3.259 limbs= 5 depth=3 metrics={'auc': 5.259435126020905, 'final': -5.696053284692881, 'steps_to_threshold': 6666.666666666667, 'reached_threshold': 1.0, 'num_actuators': 4, 'complexity_penalty': 2.0}
03:25:47  DEBUG    id=180  fitness=     -inf limbs= 1 depth=1 metrics={'invalid': 'no_actuators'}
03:25:47  DEBUG    id=181  fitness=    2.258 limbs= 2 depth=2 metrics={'auc': 2.7575068072965467, 'final': -7.322203117520462, 'steps_to_threshold': 5000.0, 'reached_threshold': 1.0, 'num_actuators': 1, 'complexity_penalty': 0.5}
03:25:47  DEBUG    id=182  fitness=    2.336 limbs= 5 depth=3 metrics={'auc': 4.33618975233058, 'final': -6.301140011799355, 'steps_to_threshold': 10000.0, 'reached_threshold': 1.0, 'num_actuators': 4, 'complexity_penalty': 2.0}
03:25:47  DEBUG    id=183  fitness=    4.110 limbs= 3 depth=2 metrics={'auc': 5.11025441795424, 'final': -4.83132296870249, 'steps_to_threshold': 5000.0, 'reached_threshold': 1.0, 'num_actuators': 2, 'complexity_penalty': 1.0}
03:25:47  DEBUG    id=184  fitness=    3.135 limbs= 4 depth=3 metrics={'auc': 4.63463227996465, 'final': -6.013424229802836, 'steps_to_threshold': 5000.0, 'reached_threshold': 1.0, 'num_actuators': 3, 'complexity_penalty': 1.5}
03:25:47  DEBUG    id=185  fitness=    3.648 limbs= 2 depth=2 metrics={'auc': 4.147708712372963, 'final': -5.78516051715335, 'steps_to_threshold': 5000.0, 'reached_threshold': 1.0, 'num_actuators': 1, 'complexity_penalty': 0.5}
03:25:47  DEBUG    id=186  fitness=    2.764 limbs= 4 depth=3 metrics={'auc': 4.263987332169002, 'final': -6.423302444714292, 'steps_to_threshold': 5000.0, 'reached_threshold': 1.0, 'num_actuators': 3, 'complexity_penalty': 1.5}
03:25:47  DEBUG    id=187  fitness=    6.318 limbs= 5 depth=3 metrics={'auc': 8.318199830210203, 'final': -2.3619950619609944, 'steps_to_threshold': 8333.333333333334, 'reached_threshold': 1.0, 'num_actuators': 4, 'complexity_penalty': 2.0}
03:25:47  DEBUG    id=188  fitness=     -inf limbs= 1 depth=1 metrics={'invalid': 'no_actuators'}
03:25:47  DEBUG    id=189  fitness=    3.549 limbs= 4 depth=3 metrics={'auc': 5.049490197022655, 'final': -5.880787934583307, 'steps_to_threshold': 6666.666666666667, 'reached_threshold': 1.0, 'num_actuators': 3, 'complexity_penalty': 1.5}
03:25:47  DEBUG    id=190  fitness=    2.549 limbs= 2 depth=2 metrics={'auc': 3.048762816412097, 'final': -7.0408263324093765, 'steps_to_threshold': 5000.0, 'reached_threshold': 1.0, 'num_actuators': 1, 'complexity_penalty': 0.5}
03:25:47  DEBUG    id=191  fitness=    3.118 limbs= 2 depth=2 metrics={'auc': 3.6179125892713224, 'final': -6.457090064813077, 'steps_to_threshold': 5000.0, 'reached_threshold': 1.0, 'num_actuators': 1, 'complexity_penalty': 0.5}
03:25:47  DEBUG    id=192  fitness=    2.822 limbs= 5 depth=3 metrics={'auc': 4.821787896484703, 'final': -5.90583177694407, 'steps_to_threshold': 10000.0, 'reached_threshold': 1.0, 'num_actuators': 4, 'complexity_penalty': 2.0}
03:25:47  DEBUG    id=193  fitness=   -0.770 limbs= 3 depth=2 metrics={'auc': 0.2301867844744602, 'final': -10.937930074290941, 'steps_to_threshold': 6666.666666666667, 'reached_threshold': 1.0, 'num_actuators': 2, 'complexity_penalty': 1.0}
03:25:47  DEBUG    id=194  fitness=    3.482 limbs= 5 depth=3 metrics={'auc': 5.482394934583947, 'final': -5.513022718563015, 'steps_to_threshold': 5000.0, 'reached_threshold': 1.0, 'num_actuators': 4, 'complexity_penalty': 2.0}
03:25:47  DEBUG    id=195  fitness=    3.957 limbs= 3 depth=2 metrics={'auc': 4.95688693100461, 'final': -4.950334597746302, 'steps_to_threshold': 5000.0, 'reached_threshold': 1.0, 'num_actuators': 2, 'complexity_penalty': 1.0}
03:25:47  DEBUG    id=196  fitness=   -0.029 limbs= 5 depth=3 metrics={'auc': 1.9707593551709106, 'final': -8.7710750695648, 'steps_to_threshold': 5000.0, 'reached_threshold': 1.0, 'num_actuators': 4, 'complexity_penalty': 2.0}
03:25:47  DEBUG    id=197  fitness=    3.858 limbs= 2 depth=2 metrics={'auc': 4.358229030379355, 'final': -5.778138924355638, 'steps_to_threshold': 5000.0, 'reached_threshold': 1.0, 'num_actuators': 1, 'complexity_penalty': 0.5}
03:25:47  DEBUG    id=198  fitness=    1.537 limbs= 2 depth=2 metrics={'auc': 2.0367068424238606, 'final': -8.05937680407488, 'steps_to_threshold': 5000.0, 'reached_threshold': 1.0, 'num_actuators': 1, 'complexity_penalty': 0.5}
03:25:47  DEBUG    id=199  fitness=     -inf limbs= 1 depth=1 metrics={'invalid': 'no_actuators'}
03:25:47  INFO   gen 8 done | best 6.318 (id=187, 5 limbs) | mean 3.136 | worst -0.770 | invalid 3 | 1098.2s
03:25:47  INFO     ~18.5 min/gen, est. 18.5 min remaining
03:25:47  INFO   gen 9: evaluating 22/24 individuals (8 workers)
03:44:07  DEBUG    id=200  fitness=    3.876 limbs= 2 depth=2 metrics={'auc': 4.375526457760141, 'final': -5.685398384337976, 'steps_to_threshold': 5000.0, 'reached_threshold': 1.0, 'num_actuators': 1, 'complexity_penalty': 0.5}
03:44:07  DEBUG    id=201  fitness=    3.369 limbs= 5 depth=3 metrics={'auc': 5.368660810440024, 'final': -5.236603879757386, 'steps_to_threshold': 8333.333333333334, 'reached_threshold': 1.0, 'num_actuators': 4, 'complexity_penalty': 2.0}
03:44:07  DEBUG    id=202  fitness=    2.863 limbs= 3 depth=2 metrics={'auc': 3.862938412207876, 'final': -6.470150447795046, 'steps_to_threshold': 5000.0, 'reached_threshold': 1.0, 'num_actuators': 2, 'complexity_penalty': 1.0}
03:44:07  DEBUG    id=203  fitness=    2.872 limbs= 5 depth=3 metrics={'auc': 4.871731762498018, 'final': -6.108905439443302, 'steps_to_threshold': 5000.0, 'reached_threshold': 1.0, 'num_actuators': 4, 'complexity_penalty': 2.0}
03:44:07  DEBUG    id=204  fitness=    1.802 limbs= 5 depth=3 metrics={'auc': 3.8018350670939944, 'final': -7.208279870489352, 'steps_to_threshold': 6666.666666666667, 'reached_threshold': 1.0, 'num_actuators': 4, 'complexity_penalty': 2.0}
03:44:07  DEBUG    id=205  fitness=    4.301 limbs= 3 depth=2 metrics={'auc': 5.300925431995292, 'final': -4.88062835391666, 'steps_to_threshold': 5000.0, 'reached_threshold': 1.0, 'num_actuators': 2, 'complexity_penalty': 1.0}
03:44:07  DEBUG    id=206  fitness=    4.032 limbs= 4 depth=3 metrics={'auc': 5.532233750089198, 'final': -5.33406303668932, 'steps_to_threshold': 6666.666666666667, 'reached_threshold': 1.0, 'num_actuators': 3, 'complexity_penalty': 1.5}
03:44:07  DEBUG    id=207  fitness=    2.913 limbs= 2 depth=2 metrics={'auc': 3.4129749944380925, 'final': -6.476697545231116, 'steps_to_threshold': 5000.0, 'reached_threshold': 1.0, 'num_actuators': 1, 'complexity_penalty': 0.5}
03:44:07  DEBUG    id=208  fitness=    3.581 limbs= 5 depth=3 metrics={'auc': 5.5807997692274265, 'final': -5.036744901860121, 'steps_to_threshold': 5000.0, 'reached_threshold': 1.0, 'num_actuators': 4, 'complexity_penalty': 2.0}
03:44:07  DEBUG    id=209  fitness=   -0.475 limbs= 2 depth=2 metrics={'auc': 0.02458282930974214, 'final': -10.137680126118319, 'steps_to_threshold': 31666.666666666668, 'reached_threshold': 1.0, 'num_actuators': 1, 'complexity_penalty': 0.5}
03:44:07  DEBUG    id=210  fitness=   -1.163 limbs= 4 depth=2 metrics={'auc': 0.33739569665337665, 'final': -10.37678645443566, 'steps_to_threshold': 5000.0, 'reached_threshold': 1.0, 'num_actuators': 3, 'complexity_penalty': 1.5}
03:44:07  DEBUG    id=211  fitness=    3.247 limbs= 5 depth=3 metrics={'auc': 5.2472158748591005, 'final': -5.38154262136958, 'steps_to_threshold': 6666.666666666667, 'reached_threshold': 1.0, 'num_actuators': 4, 'complexity_penalty': 2.0}
03:44:07  DEBUG    id=212  fitness=   -0.709 limbs= 3 depth=2 metrics={'auc': 0.291295873079322, 'final': -10.899268671626347, 'steps_to_threshold': 8333.333333333334, 'reached_threshold': 1.0, 'num_actuators': 2, 'complexity_penalty': 1.0}
03:44:07  DEBUG    id=213  fitness=    3.373 limbs= 5 depth=3 metrics={'auc': 5.3731320630868495, 'final': -5.534352837445766, 'steps_to_threshold': 8333.333333333334, 'reached_threshold': 1.0, 'num_actuators': 4, 'complexity_penalty': 2.0}
03:44:07  DEBUG    id=214  fitness=    2.817 limbs= 3 depth=2 metrics={'auc': 3.8167276270867396, 'final': -6.267733141385491, 'steps_to_threshold': 5000.0, 'reached_threshold': 1.0, 'num_actuators': 2, 'complexity_penalty': 1.0}
03:44:07  DEBUG    id=215  fitness=    3.442 limbs= 3 depth=2 metrics={'auc': 4.441781102812901, 'final': -5.625282292948097, 'steps_to_threshold': 5000.0, 'reached_threshold': 1.0, 'num_actuators': 2, 'complexity_penalty': 1.0}
03:44:07  DEBUG    id=216  fitness=    5.338 limbs= 4 depth=3 metrics={'auc': 6.838495211099524, 'final': -4.0966725966064415, 'steps_to_threshold': 6666.666666666667, 'reached_threshold': 1.0, 'num_actuators': 3, 'complexity_penalty': 1.5}
03:44:07  DEBUG    id=217  fitness=    5.119 limbs= 5 depth=3 metrics={'auc': 7.1189519480514365, 'final': -3.5654950534405856, 'steps_to_threshold': 10000.0, 'reached_threshold': 1.0, 'num_actuators': 4, 'complexity_penalty': 2.0}
03:44:07  DEBUG    id=218  fitness=    6.181 limbs= 5 depth=3 metrics={'auc': 8.180793107805334, 'final': -2.476059267237712, 'steps_to_threshold': 10000.0, 'reached_threshold': 1.0, 'num_actuators': 4, 'complexity_penalty': 2.0}
03:44:07  DEBUG    id=219  fitness=    3.556 limbs= 4 depth=3 metrics={'auc': 5.0562422489020244, 'final': -5.645611822463279, 'steps_to_threshold': 5000.0, 'reached_threshold': 1.0, 'num_actuators': 3, 'complexity_penalty': 1.5}
03:44:07  DEBUG    id=220  fitness=    2.804 limbs= 4 depth=3 metrics={'auc': 4.304233423061007, 'final': -6.405036627001586, 'steps_to_threshold': 5000.0, 'reached_threshold': 1.0, 'num_actuators': 3, 'complexity_penalty': 1.5}
03:44:07  DEBUG    id=221  fitness=    1.227 limbs= 4 depth=3 metrics={'auc': 2.726608353346295, 'final': -7.952875034991803, 'steps_to_threshold': 5000.0, 'reached_threshold': 1.0, 'num_actuators': 3, 'complexity_penalty': 1.5}
03:44:07  INFO   gen 9 done | best 6.318 (id=187, 5 limbs) | mean 3.116 | worst -1.163 | invalid 0 | 1100.0s
03:44:08  INFO   ================================================================
03:44:08  INFO   Finished 10 generations in 184.8 min. Best fitness 6.318 (5 limbs).
03:44:08  INFO   Artifacts: run.log, generation_stats.csv, history.json, and per generation gen*_best.xml + gen*_best_genome.pkl + gen*_best_policy.zip in experiments/run16
